 game_shader_generic_deferred

 Timestamp is 5956383e (Fri Jun 30 12:38:38 2017)

 Preferred load address is 10000000

 Start         Length     Name                   Class
 0001:00000000 00001935H .text                   CODE
 0001:00001940 00000c75H .text$di                CODE
 0001:000025c0 0001b7aaH .text$mn                CODE
 0001:0001dd70 000001b3H .text$yc                CODE
 0001:0001df30 0000091aH .text$yd                CODE
 0002:00000000 00000120H .idata$5                DATA
 0002:00000120 00000004H .CRT$XCA                DATA
 0002:00000124 000001b4H .CRT$XCU                DATA
 0002:000002d8 00000004H .CRT$XCZ                DATA
 0002:000002dc 00000004H .CRT$XIA                DATA
 0002:000002e0 00000014H .CRT$XIC                DATA
 0002:000002f4 00000004H .CRT$XIZ                DATA
 0002:000002f8 00000004H .CRT$XPA                DATA
 0002:000002fc 00000008H .CRT$XPX                DATA
 0002:00000304 00000004H .CRT$XPXA               DATA
 0002:00000308 00000004H .CRT$XPZ                DATA
 0002:0000030c 00000004H .CRT$XTA                DATA
 0002:00000310 00000004H .CRT$XTZ                DATA
 0002:00000320 0001b068H .rdata                  DATA
 0002:0001b388 00000094H .rdata$debug            DATA
 0002:0001b41c 00000d44H .rdata$r                DATA
 0002:0001c160 0000000cH .rdata$sxdata           DATA
 0002:0001c16c 00000004H .rtc$IAA                DATA
 0002:0001c170 00000004H .rtc$IZZ                DATA
 0002:0001c174 00000004H .rtc$TAA                DATA
 0002:0001c178 00000004H .rtc$TZZ                DATA
 0002:0001c180 000003c4H .xdata$x                DATA
 0002:0001c550 00000063H .edata                  DATA
 0002:0001c5b4 00000028H .idata$2                DATA
 0002:0001c5dc 00000014H .idata$3                DATA
 0002:0001c5f0 00000120H .idata$4                DATA
 0002:0001c710 00000514H .idata$6                DATA
 0003:00000000 00002940H .data                   DATA
 0003:00002940 000004f8H .data$r                 DATA
 0003:00002e40 000137a4H .bss                    DATA

  Address         Publics by Value              Rva+Base       Lib:Object

 0000:00000000       ___guard_fids_table        00000000     <absolute>
 0000:00000000       __except_list              00000000     <absolute>
 0000:00000000       ___guard_fids_count        00000000     <absolute>
 0000:00000000       ___guard_flags             00000000     <absolute>
 0000:00000003       ___safe_se_handler_count   00000003     <absolute>
 0000:00000000       ___ImageBase               10000000     <linker-defined>
 0001:00000000       ?ConVar_Register@@YAXHPAVIConCommandBaseAccessor@@@Z 10001000 f   tier1:convar.obj
 0001:000000b0       ?ConVar_Unregister@@YAXXZ  100010b0 f   tier1:convar.obj
 0001:00000100       ?IsCommand@ConCommandBase@@UBE_NXZ 10001100 f   tier1:convar.obj
 0001:00000110       ?GetDLLIdentifier@ConCommandBase@@UBEHXZ 10001110 f   tier1:convar.obj
 0001:00000120       ?Create@ConCommandBase@@MAEXPBD0H@Z 10001120 f   tier1:convar.obj
 0001:00000170       ?Init@ConCommandBase@@MAEXXZ 10001170 f   tier1:convar.obj
 0001:00000170       ?Init@ConVar@@EAEXXZ       10001170 f   tier1:convar.obj
 0001:00000190       ?GetName@ConCommandBase@@UBEPBDXZ 10001190 f   tier1:convar.obj
 0001:000001a0       ?IsFlagSet@ConCommandBase@@UBE_NH@Z 100011a0 f   tier1:convar.obj
 0001:000001b0       ?AddFlags@ConCommandBase@@UAEXH@Z 100011b0 f   tier1:convar.obj
 0001:000001c0       ?RemoveFlags@ConCommandBase@@UAEXH@Z 100011c0 f   tier1:convar.obj
 0001:000001d0       ?GetFlags@ConCommandBase@@UBEHXZ 100011d0 f   tier1:convar.obj
 0001:000001d0       ?ShaderCount@CShaderDLL@@UBEHXZ 100011d0 f   shaderlib:ShaderDLL.obj
 0001:000001e0       ?GetHelpText@ConCommandBase@@UBEPBDXZ 100011e0 f   tier1:convar.obj
 0001:000001f0       ?IsRegistered@ConCommandBase@@UBE_NXZ 100011f0 f   tier1:convar.obj
 0001:00000200       ?IsFlagSet@ConVar@@UBE_NH@Z 10001200 f   tier1:convar.obj
 0001:00000210       ?GetFlags@ConVar@@UBEHXZ   10001210 f   tier1:convar.obj
 0001:00000220       ?GetHelpText@ConVar@@UBEPBDXZ 10001220 f   tier1:convar.obj
 0001:00000230       ?AddFlags@ConVar@@UAEXH@Z  10001230 f   tier1:convar.obj
 0001:00000240       ?IsRegistered@ConVar@@UBE_NXZ 10001240 f   tier1:convar.obj
 0001:00000250       ?GetName@ConVar@@UBEPBDXZ  10001250 f   tier1:convar.obj
 0001:00000260       ?GetBaseName@ConVar@@UBEPBDXZ 10001260 f   tier1:convar.obj
 0001:00000270       ?GetSplitScreenPlayerSlot@ConVar@@UBEHXZ 10001270 f   tier1:convar.obj
 0001:00000270       __matherr                  10001270 f   LIBCMT:matherr.obj
 0001:00000280       ?IsCommand@ConVar@@UBE_NXZ 10001280 f   tier1:convar.obj
 0001:00000290       ?InternalSetColorFromString@ConVar@@AAE_NPBD@Z 10001290 f   tier1:convar.obj
 0001:00000340       ?InternalSetValue@ConVar@@EAEXPBD@Z 10001340 f   tier1:convar.obj
 0001:00000470       ?ClampValue@ConVar@@EAE_NAAM@Z 10001470 f   tier1:convar.obj
 0001:000004b0       ?InternalSetFloatValue@ConVar@@EAEXM@Z 100014b0 f   tier1:convar.obj
 0001:00000590       ?InternalSetIntValue@ConVar@@EAEXH@Z 10001590 f   tier1:convar.obj
 0001:00000660       ?InternalSetColorValue@ConVar@@EAEXVColor@@@Z 10001660 f   tier1:convar.obj
 0001:00000690       ?SetValue@ConVar@@UAEXPBD@Z 10001690 f   tier1:convar.obj
 0001:000006a0       ?SetValue@ConVar@@UAEXM@Z  100016a0 f   tier1:convar.obj
 0001:000006c0       ?SetValue@ConVar@@UAEXH@Z  100016c0 f   tier1:convar.obj
 0001:000006d0       ?SetValue@ConVar@@UAEXVColor@@@Z 100016d0 f   tier1:convar.obj
 0001:000006e0       ?RegisterConCommandBase@CDefaultAccessor@@UAE_NPAVConCommandBase@@@Z 100016e0 f i tier1:convar.obj
 0001:00000700       ??_GConCommandBase@@UAEPAXI@Z 10001700 f i tier1:convar.obj
 0001:00000700       ??_EConCommandBase@@UAEPAXI@Z 10001700 f i tier1:convar.obj
 0001:00000720       ?Init@ConVarRef@@QAEXPBD_N@Z 10001720 f   tier1:convar.obj
 0001:000007a0       ?Grow@?$CUtlMemory@P6AXPAVIConVar@@PBDM@ZH@@QAEXH@Z 100017a0 f i tier1:convar.obj
 0001:00000830       ?ChangeStringValue@ConVar@@EAEXPBDM@Z 10001830 f   tier1:convar.obj
 0001:000008f0       ??0ConVarRef@@QAE@PBD@Z    100018f0 f   tier1:convar.obj
 0001:00000910       ??1?$CUtlVector@P6AXPAVIConVar@@PBDM@ZV?$CUtlMemory@P6AXPAVIConVar@@PBDM@ZH@@@@QAE@XZ 10001910 f i tier1:convar.obj
 0001:00000980       ?InsertBefore@?$CUtlVector@P6AXPAVIConVar@@PBDM@ZV?$CUtlMemory@P6AXPAVIConVar@@PBDM@ZH@@@@QAEHHABQ6AXPAVIConVar@@PBDM@Z@Z 10001980 f i tier1:convar.obj
 0001:000009f0       ??1ConVar@@UAE@XZ          100019f0 f   tier1:convar.obj
 0001:00000a30       ?GetName@ConVar@@WBI@BEPBDXZ 10001a30 f i tier1:convar.obj
 0001:00000a40       ?IsFlagSet@ConVar@@WBI@BE_NH@Z 10001a40 f i tier1:convar.obj
 0001:00000a50       ?Create@ConVar@@EAEXPBD0H0_NM1MP6AXPAVIConVar@@0M@Z@Z 10001a50 f   tier1:convar.obj
 0001:00000b90       ??0ConVar@@QAE@PBD0H@Z     10001b90 f   tier1:convar.obj
 0001:00000c00       ?SetValue@CEmptyConVar@@UAEXPBD@Z 10001c00 f i tier1:convar.obj
 0001:00000c00       ?SetValue@CEmptyConVar@@UAEXM@Z 10001c00 f i tier1:convar.obj
 0001:00000c00       ?SetValue@CEmptyConVar@@UAEXH@Z 10001c00 f i tier1:convar.obj
 0001:00000c10       ?GetName@CEmptyConVar@@UBEPBDXZ 10001c10 f i tier1:convar.obj
 0001:00000c20       ?IsFlagSet@CEmptyConVar@@UBE_NH@Z 10001c20 f i tier1:convar.obj
 0001:00000c30       ?GetName@CEmptyConVar@@WBI@BEPBDXZ 10001c30 f i tier1:convar.obj
 0001:00000c40       ?IsFlagSet@CEmptyConVar@@WBI@BE_NH@Z 10001c40 f i tier1:convar.obj
 0001:00000c50       ??_ECEmptyConVar@@UAEPAXI@Z 10001c50 f i tier1:convar.obj
 0001:00000c50       ??_GConVar@@UAEPAXI@Z      10001c50 f i tier1:convar.obj
 0001:00000c50       ??_EConVar@@UAEPAXI@Z      10001c50 f i tier1:convar.obj
 0001:00000c50       ??_GCEmptyConVar@@UAEPAXI@Z 10001c50 f i tier1:convar.obj
 0001:00000ca0       ?_V_strlen@@YAHPBD@Z       10001ca0 f   tier1:strtools.obj
 0001:00000cd0       ?_V_strcmp@@YAHPBD0@Z      10001cd0 f   tier1:strtools.obj
 0001:00000d30       ?_V_memset@@YAXPAXHH@Z     10001d30 f   tier1:strtools.obj
 0001:00000d60       ?_V_memcpy@@YAXPAXPBXH@Z   10001d60 f   tier1:strtools.obj
 0001:00000d90       ?_V_memmove@@YAXPAXPBXH@Z  10001d90 f   tier1:strtools.obj
 0001:00000dc0       ?V_snprintf@@YAHPADHPBDZZ  10001dc0 f   tier1:strtools.obj
 0001:00000e10       ??0InterfaceReg@@QAE@P6APAXXZPBD@Z 10001e10 f   tier1:interface.obj
 0001:00000e30       ?CreateInterfaceInternal@@YAPAXPBDPAH@Z 10001e30 f   tier1:interface.obj
 0001:00000ea0       _CreateInterface           10001ea0 f   tier1:interface.obj
 0001:00000eb0       ?FindConversion@CUtlCStringConversion@@UAEDPBDPAH@Z 10001eb0 f   tier1:utlbuffer.obj
 0001:00000ed0       ??0CUtlCharConversion@@QAE@DPBDHPAUConversionArray_t@0@@Z 10001ed0 f   tier1:utlbuffer.obj
 0001:00000f60       ?FindConversion@CUtlCharConversion@@UAEDPBDPAH@Z 10001f60 f   tier1:utlbuffer.obj
 0001:00000fc0       ?FindConversion@CUtlNoEscConversion@@UAEDPBDPAH@Z 10001fc0 f i tier1:utlbuffer.obj
 0001:00000fe0       ?ReconnectInterface@@YAXP6APAXPBDPAH@Z0PAPAX@Z 10001fe0 f   interfaces:interfaces.obj
 0001:00001050       ?ConnectInterfaces@@YAXPAP6APAXPBDPAH@ZH@Z 10002050 f   interfaces:interfaces.obj
 0001:00001150       ?DisconnectInterfaces@@YAXXZ 10002150 f   interfaces:interfaces.obj
 0001:00001190       ?BuildGammaTable@@YAXMMMH@Z 10002190 f   mathlib:color_conversion.obj
 0001:000014f0       ??4VMatrix@@QAEAAV0@ABV0@@Z 100024f0 f   mathlib:vmatrix.obj
 0001:00001560       ?MatrixSetIdentity@@YAXAAVVMatrix@@@Z 10002560 f   mathlib:vmatrix.obj
 0001:000015c0       ?MatrixTranspose@@YAXABVVMatrix@@AAV1@@Z 100025c0 f   mathlib:vmatrix.obj
 0001:00001690       ?Transpose@VMatrix@@QBE?AV1@XZ 10002690 f   mathlib:vmatrix.obj
 0001:00001700       ?_VectorNormalizeFast@@YIXAAVVector@@@Z 10002700 f   mathlib:mathlib_base.obj
 0001:00001760       ?MathLib_Init@@YAXMMMH_N000@Z 10002760 f   mathlib:mathlib_base.obj
 0001:00001800       ?Seed@SIMDRandStreamContext@@QAEXI@Z 10002800 f i mathlib:randsse.obj
 0001:000018f0       ?SeedRandSIMD@@YAXI@Z      100028f0 f   mathlib:randsse.obj
 0001:00001920       ?ConnectTier1Libraries@@YAXPAP6APAXPBDPAH@ZH@Z 10002920 f   tier1:tier1.obj
 0001:00001930       ?DisconnectTier1Libraries@@YAXXZ 10002930 f   tier1:tier1.obj
 0001:000025c0       ?LoadViewMatrixIntoVertexShaderConstant@CBaseVSShader@@QAEXH@Z 100035c0 f   BaseVSShader.obj
 0001:00002610       ?SetHWMorphVertexShaderState@CBaseVSShader@@QAEXHHW4VertexTextureSampler_t@@@Z 10003610 f   BaseVSShader.obj
 0001:00002740       ??0CShaderParam@GAUSSIAN_BLUR_6@@QAE@PBDW4ShaderParamType_t@@00H@Z 10003740 f i blur.obj
 0001:000027e0       ?GetFlags@CShader@GAUSSIAN_BLUR_6@@UBEHXZ 100037e0 f i blur.obj
 0001:000027f0       ?GetName@CShader@GAUSSIAN_BLUR_6@@UBEPBDXZ 100037f0 f i blur.obj
 0001:00002800       ?GetParamCount@CShader@GAUSSIAN_BLUR_6@@UBEHXZ 10003800 f i blur.obj
 0001:00002810       ?GetParamInfo@CShader@GAUSSIAN_BLUR_6@@UBEABUShaderParamInfo_t@@H@Z 10003810 f i blur.obj
 0001:00002840       ?OnDrawElements@CShader@GAUSSIAN_BLUR_6@@UAEXPAPAVIMaterialVar@@PAVIShaderShadow@@PAVIShaderDynamicAPI@@W4VertexCompressionType_t@@PAPAVCBasePerMaterialContextData@@@Z 10003840 f i blur.obj
 0001:00002970       ?OnInitShaderInstance@CShader@VOLUME_BLEND@@UAEXPAPAVIMaterialVar@@PAVIShaderInit@@PBD@Z 10003970 f i volume_blend.obj
 0001:00002970       ?OnInitShaderInstance@CShader@GAUSSIAN_BLUR_6@@UAEXPAPAVIMaterialVar@@PAVIShaderInit@@PBD@Z 10003970 f i blur.obj
 0001:000029a0       ?GetFlags@CShader@DEBUG_LIGHTING_CTRL@@UBEHXZ 100039a0 f i debug_lightingctrl.obj
 0001:000029b0       ?GetName@CShader@DEBUG_LIGHTING_CTRL@@UBEPBDXZ 100039b0 f i debug_lightingctrl.obj
 0001:000029c0       ?GetParamCount@CShader@DEBUG_LIGHTING_CTRL@@UBEHXZ 100039c0 f i debug_lightingctrl.obj
 0001:000029d0       ?GetParamInfo@CShader@DEBUG_LIGHTING_CTRL@@UBEABUShaderParamInfo_t@@H@Z 100039d0 f i debug_lightingctrl.obj
 0001:00002a00       ?OnDrawElements@CShader@DEBUG_LIGHTING_CTRL@@UAEXPAPAVIMaterialVar@@PAVIShaderShadow@@PAVIShaderDynamicAPI@@W4VertexCompressionType_t@@PAPAVCBasePerMaterialContextData@@@Z 10003a00 f i debug_lightingctrl.obj
 0001:00002b30       ?GetFlags@CShader@DEBUG_RADIOSITY_GRID@@UBEHXZ 10003b30 f i debug_radiosity_grid.obj
 0001:00002b40       ?GetName@CShader@DEBUG_RADIOSITY_GRID@@UBEPBDXZ 10003b40 f i debug_radiosity_grid.obj
 0001:00002b50       ?GetParamCount@CShader@DEBUG_RADIOSITY_GRID@@UBEHXZ 10003b50 f i debug_radiosity_grid.obj
 0001:00002b60       ?GetParamInfo@CShader@DEBUG_RADIOSITY_GRID@@UBEABUShaderParamInfo_t@@H@Z 10003b60 f i debug_radiosity_grid.obj
 0001:00002b90       ?OnDrawElements@CShader@DEBUG_RADIOSITY_GRID@@UAEXPAPAVIMaterialVar@@PAVIShaderShadow@@PAVIShaderDynamicAPI@@W4VertexCompressionType_t@@PAPAVCBasePerMaterialContextData@@@Z 10003b90 f i debug_radiosity_grid.obj
 0001:00002c30       ?GetFlags@CShader@DEBUG_SHADOW@@UBEHXZ 10003c30 f i debug_shadow.obj
 0001:00002c40       ?GetName@CShader@DEBUG_SHADOW@@UBEPBDXZ 10003c40 f i debug_shadow.obj
 0001:00002c50       ?GetParamCount@CShader@DEBUG_SHADOW@@UBEHXZ 10003c50 f i debug_shadow.obj
 0001:00002c60       ?GetParamInfo@CShader@DEBUG_SHADOW@@UBEABUShaderParamInfo_t@@H@Z 10003c60 f i debug_shadow.obj
 0001:00002c90       ?OnDrawElements@CShader@DEBUG_SHADOW@@UAEXPAPAVIMaterialVar@@PAVIShaderShadow@@PAVIShaderDynamicAPI@@W4VertexCompressionType_t@@PAPAVCBasePerMaterialContextData@@@Z 10003c90 f i debug_shadow.obj
 0001:00002f00       ??0CShaderParam@DEFERRED_BRUSH@@QAE@PBDW4ShaderParamType_t@@00H@Z 10003f00 f i deferred_brush.obj
 0001:00002fa0       ??1CDeferredPerMaterialContextData@@UAE@XZ 10003fa0 f i deferred_brush.obj
 0001:00002ff0       ??_GCBasePerMaterialContextData@@UAEPAXI@Z 10003ff0 f i deferred_brush.obj
 0001:00002ff0       ??_ECBasePerMaterialContextData@@UAEPAXI@Z 10003ff0 f i deferred_brush.obj
 0001:00003020       ??_ECDeferredPerMaterialContextData@@UAEPAXI@Z 10004020 f i deferred_brush.obj
 0001:00003020       ??_GCDeferredPerMaterialContextData@@UAEPAXI@Z 10004020 f i deferred_brush.obj
 0001:00003050       ?GetFallbackShader@CShader@DEFERRED_BRUSH@@UBEPBDPAPAVIMaterialVar@@@Z 10004050 f i deferred_brush.obj
 0001:000030d0       ?GetFlags@CShader@DEFERRED_BRUSH@@UBEHXZ 100040d0 f i deferred_brush.obj
 0001:000030e0       ?GetName@CShader@DEFERRED_BRUSH@@UBEPBDXZ 100040e0 f i deferred_brush.obj
 0001:000030f0       ?GetParamCount@CShader@DEFERRED_BRUSH@@UBEHXZ 100040f0 f i deferred_brush.obj
 0001:00003100       ?GetParamInfo@CShader@DEFERRED_BRUSH@@UBEABUShaderParamInfo_t@@H@Z 10004100 f i deferred_brush.obj
 0001:00003130       ?OnDrawElements@CShader@DEFERRED_BRUSH@@UAEXPAPAVIMaterialVar@@PAVIShaderShadow@@PAVIShaderDynamicAPI@@W4VertexCompressionType_t@@PAPAVCBasePerMaterialContextData@@@Z 10004130 f i deferred_brush.obj
 0001:00003300       ?OnInitShaderInstance@CShader@DEFERRED_BRUSH@@UAEXPAPAVIMaterialVar@@PAVIShaderInit@@PBD@Z 10004300 f i deferred_brush.obj
 0001:000033f0       ?OnInitShaderParams@CShader@DEFERRED_BRUSH@@UAEXPAPAVIMaterialVar@@PBD@Z 100043f0 f i deferred_brush.obj
 0001:00003520       ?SetupParmsComposite@CShader@DEFERRED_BRUSH@@QAEXAAUdefParms_composite@@@Z 10004520 f i deferred_brush.obj
 0001:00003600       ?SetupParmsGBuffer@CShader@DEFERRED_BRUSH@@QAEXAAUdefParms_gBuffer@@@Z 10004600 f i deferred_brush.obj
 0001:000036a0       ??0CShaderParam@DEFERRED_DECALMODULATE@@QAE@PBDW4ShaderParamType_t@@00H@Z 100046a0 f i deferred_decalModulate.obj
 0001:00003740       ??0decalmodulate_vs30_Dynamic_Index@@QAE@PAVIShaderDynamicAPI@@@Z 10004740 f i deferred_decalModulate.obj
 0001:00003790       ?GetFlags@CShader@DEFERRED_DECALMODULATE@@UBEHXZ 10004790 f i deferred_decalModulate.obj
 0001:000037a0       ?GetName@CShader@DEFERRED_DECALMODULATE@@UBEPBDXZ 100047a0 f i deferred_decalModulate.obj
 0001:000037b0       ?GetParamCount@CShader@DEFERRED_DECALMODULATE@@UBEHXZ 100047b0 f i deferred_decalModulate.obj
 0001:000037c0       ?GetParamInfo@CShader@DEFERRED_DECALMODULATE@@UBEABUShaderParamInfo_t@@H@Z 100047c0 f i deferred_decalModulate.obj
 0001:000037f0       ?OnDrawElements@CShader@DEFERRED_DECALMODULATE@@UAEXPAPAVIMaterialVar@@PAVIShaderShadow@@PAVIShaderDynamicAPI@@W4VertexCompressionType_t@@PAPAVCBasePerMaterialContextData@@@Z 100047f0 f i deferred_decalModulate.obj
 0001:00003de0       ?OnInitShaderInstance@CShader@DEFERRED_DECALMODULATE@@UAEXPAPAVIMaterialVar@@PAVIShaderInit@@PBD@Z 10004de0 f i deferred_decalModulate.obj
 0001:00003df0       ?OnInitShaderParams@CShader@DEFERRED_DECALMODULATE@@UAEXPAPAVIMaterialVar@@PBD@Z 10004df0 f i deferred_decalModulate.obj
 0001:00003e90       ??0CShaderParam@DEFERRED_MODEL@@QAE@PBDW4ShaderParamType_t@@00H@Z 10004e90 f i deferred_model.obj
 0001:00003f30       ?GetFallbackShader@CShader@DEFERRED_MODEL@@UBEPBDPAPAVIMaterialVar@@@Z 10004f30 f i deferred_model.obj
 0001:00003f70       ?GetFlags@CShader@DEFERRED_MODEL@@UBEHXZ 10004f70 f i deferred_model.obj
 0001:00003f80       ?GetName@CShader@DEFERRED_MODEL@@UBEPBDXZ 10004f80 f i deferred_model.obj
 0001:00003f90       ?GetParamCount@CShader@DEFERRED_MODEL@@UBEHXZ 10004f90 f i deferred_model.obj
 0001:00003fa0       ?GetParamInfo@CShader@DEFERRED_MODEL@@UBEABUShaderParamInfo_t@@H@Z 10004fa0 f i deferred_model.obj
 0001:00003fd0       ?OnDrawElements@CShader@DEFERRED_MODEL@@UAEXPAPAVIMaterialVar@@PAVIShaderShadow@@PAVIShaderDynamicAPI@@W4VertexCompressionType_t@@PAPAVCBasePerMaterialContextData@@@Z 10004fd0 f i deferred_model.obj
 0001:000041a0       ?OnInitShaderInstance@CShader@DEFERRED_MODEL@@UAEXPAPAVIMaterialVar@@PAVIShaderInit@@PBD@Z 100051a0 f i deferred_model.obj
 0001:00004290       ?OnInitShaderParams@CShader@DEFERRED_MODEL@@UAEXPAPAVIMaterialVar@@PBD@Z 10005290 f i deferred_model.obj
 0001:000043c0       ?SetupParmsComposite@CShader@DEFERRED_MODEL@@QAEXAAUdefParms_composite@@@Z 100053c0 f i deferred_model.obj
 0001:00004470       ?GetTexcoordSettings@@YAX_N0AAHPAPAH@Z 10005470 f   deferred_utility.obj
 0001:000044b0       ??0composite_ps30_Static_Index@@QAE@PAVIShaderShadow@@PAPAVIMaterialVar@@@Z 100054b0 f i defpass_composite.obj
 0001:00004530       ?DrawPassComposite@@YAXABUdefParms_composite@@PAVCBaseVSShader@@PAPAVIMaterialVar@@PAVIShaderShadow@@PAVIShaderDynamicAPI@@W4VertexCompressionType_t@@PAVCDeferredPerMaterialContextData@@@Z 10005530 f   defpass_composite.obj
 0001:00005d70       ?GetIndex@composite_ps30_Static_Index@@QAEHXZ 10006d70 f i defpass_composite.obj
 0001:00005de0       ?InitParmsComposite@@YAXABUdefParms_composite@@PAVCBaseVSShader@@PAPAVIMaterialVar@@@Z 10006de0 f   defpass_composite.obj
 0001:00006090       ?InitPassComposite@@YAXABUdefParms_composite@@PAVCBaseVSShader@@PAPAVIMaterialVar@@@Z 10007090 f   defpass_composite.obj
 0001:000061f0       ?SetCommands@CDeferredPerMaterialContextData@@QAEXW4DefStage_t@1@PAE@Z 100071f0 f i defpass_composite.obj
 0001:00006280       ?SetVertexShaderTextureTransform@?$CCommandBufferBuilder@V?$CFixedCommandStorageBuffer@$0CAA@@@@@QAEXHH@Z 10007280 f i defpass_composite.obj
 0001:00006340       ?DrawPassGBuffer@@YAXABUdefParms_gBuffer@@PAVCBaseVSShader@@PAPAVIMaterialVar@@PAVIShaderShadow@@PAVIShaderDynamicAPI@@W4VertexCompressionType_t@@PAVCDeferredPerMaterialContextData@@@Z 10007340 f   defpass_gbuffer.obj
 0001:000074d0       ?InitParmsGBuffer@@YAXABUdefParms_gBuffer@@PAVCBaseVSShader@@PAPAVIMaterialVar@@@Z 100084d0 f   defpass_gbuffer.obj
 0001:00007580       ?InitPassGBuffer@@YAXABUdefParms_gBuffer@@PAVCBaseVSShader@@PAPAVIMaterialVar@@@Z 10008580 f   defpass_gbuffer.obj
 0001:000076c0       ?DrawPassShadowPass@@YAXABUdefParms_shadow@@PAVCBaseVSShader@@PAPAVIMaterialVar@@PAVIShaderShadow@@PAVIShaderDynamicAPI@@W4VertexCompressionType_t@@PAVCDeferredPerMaterialContextData@@@Z 100086c0 f   defpass_shadow.obj
 0001:00008050       ?InitParmsShadowPass@@YAXABUdefParms_shadow@@PAVCBaseVSShader@@PAPAVIMaterialVar@@@Z 10009050 f   defpass_shadow.obj
 0001:000080b0       ?InitPassShadowPass@@YAXABUdefParms_shadow@@PAVCBaseVSShader@@PAPAVIMaterialVar@@@Z 100090b0 f   defpass_shadow.obj
 0001:00008150       ??0CDeferredExtension@@QAE@XZ 10009150 f   IDeferredExt.obj
 0001:000082c0       ??0lightData_Global_t@@QAE@XZ 100092c0 f i IDeferredExt.obj
 0001:00008340       ??4shadowData_ortho_t@@QAEAAU0@ABU0@@Z 10009340 f i IDeferredExt.obj
 0001:000083b0       ??_GIBaseInterface@@UAEPAXI@Z 100093b0 f i IDeferredExt.obj
 0001:000083b0       ??_GCDeferredExtension@@UAEPAXI@Z 100093b0 f i IDeferredExt.obj
 0001:000083b0       ??_ECDeferredExtension@@UAEPAXI@Z 100093b0 f i IDeferredExt.obj
 0001:000083b0       ??_EIBaseInterface@@UAEPAXI@Z 100093b0 f i IDeferredExt.obj
 0001:000083e0       ?CommitFrustumDeltas@CDeferredExtension@@UAEXABVVMatrix@@@Z 100093e0 f   IDeferredExt.obj
 0001:000083f0       ?CommitLightData_Common@CDeferredExtension@@UAEPAMPAMHHHHH@Z 100093f0 f   IDeferredExt.obj
 0001:00008440       ?CommitLightData_Global@CDeferredExtension@@UAEXABUlightData_Global_t@@@Z 10009440 f   IDeferredExt.obj
 0001:00008450       ?CommitOrigin@CDeferredExtension@@UAEXABVVector@@@Z 10009450 f   IDeferredExt.obj
 0001:00008470       ?CommitRadiosityData@CDeferredExtension@@UAEXABUradiosityData_t@@@Z 10009470 f   IDeferredExt.obj
 0001:000084b0       ?CommitShadowData_General@CDeferredExtension@@UAEXABUshadowData_general_t@@@Z 100094b0 f   IDeferredExt.obj
 0001:000084d0       ?CommitShadowData_Ortho@CDeferredExtension@@UAEXABHABUshadowData_ortho_t@@@Z 100094d0 f   IDeferredExt.obj
 0001:00008500       ?CommitShadowData_Proj@CDeferredExtension@@UAEXABHABUshadowData_proj_t@@@Z 10009500 f   IDeferredExt.obj
 0001:00008590       ?CommitTexture_CascadedDepth@CDeferredExtension@@UAEXABHPAVITexture@@@Z 10009590 f   IDeferredExt.obj
 0001:000085b0       ?CommitTexture_Cookie@CDeferredExtension@@UAEXABHPAVITexture@@@Z 100095b0 f   IDeferredExt.obj
 0001:000085d0       ?CommitTexture_DualParaboloidDepth@CDeferredExtension@@UAEXABHPAVITexture@@@Z 100095d0 f   IDeferredExt.obj
 0001:000085f0       ?CommitTexture_General@CDeferredExtension@@UAEXPAVITexture@@00@Z 100095f0 f   IDeferredExt.obj
 0001:00008620       ?CommitTexture_ProjectedDepth@CDeferredExtension@@UAEXABHPAVITexture@@@Z 10009620 f   IDeferredExt.obj
 0001:00008640       ?CommitTexture_Radiosity@CDeferredExtension@@UAEXPAVITexture@@000@Z 10009640 f   IDeferredExt.obj
 0001:00008670       ?CommitTexture_ShadowRadOutput_Ortho@CDeferredExtension@@UAEXPAVITexture@@0@Z 10009670 f   IDeferredExt.obj
 0001:00008690       ?CommitTexture_VolumePrePass@CDeferredExtension@@UAEXPAVITexture@@@Z 10009690 f   IDeferredExt.obj
 0001:000086a0       ?CommitViewForward@CDeferredExtension@@UAEXABVVector@@@Z 100096a0 f   IDeferredExt.obj
 0001:000086c0       ?CommitVolumeData@CDeferredExtension@@UAEXABUvolumeData_t@@@Z 100096c0 f   IDeferredExt.obj
 0001:000086e0       ?CommitZDists@CDeferredExtension@@UAEXABM0@Z 100096e0 f   IDeferredExt.obj
 0001:00008700       ?CommitZScale@CDeferredExtension@@UAEXABM@Z 10009700 f   IDeferredExt.obj
 0001:00008710       ?EnableDeferredLighting@CDeferredExtension@@UAEXXZ 10009710 f   IDeferredExt.obj
 0001:00008720       ?IsDeferredLightingEnabled@CDeferredExtension@@QAE_NXZ 10009720 f   IDeferredExt.obj
 0001:00008730       ?IsRadiosityEnabled@CDeferredExtension@@QAE_NXZ 10009730 f   IDeferredExt.obj
 0001:00008770       ??0lightData_Global_t@@QAE@ABU0@@Z 10009770 f i lighting_global.obj
 0001:00008770       ??4lightData_Global_t@@QAEAAU0@ABU0@@Z 10009770 f i IDeferredExt.obj
 0001:00008800       ?GetFallbackShader@CShader@SCREENSPACE_COMBINE@@UBEPBDPAPAVIMaterialVar@@@Z 10009800 f i screenspace_combine.obj
 0001:00008800       ?GetFallbackShader@CShader@RADIOSITY_PROPAGATE@@UBEPBDPAPAVIMaterialVar@@@Z 10009800 f i radiosity_propagate.obj
 0001:00008800       ?GetFallbackShader@CShader@VOLUME_BLEND@@UBEPBDPAPAVIMaterialVar@@@Z 10009800 f i volume_blend.obj
 0001:00008800       ?GetFallbackShader@CShader@LIGHTING_WORLD@@UBEPBDPAPAVIMaterialVar@@@Z 10009800 f i lighting_world.obj
 0001:00008800       ?GetFallbackShader@CShader@SCREENSPACE_SHADING@@UBEPBDPAPAVIMaterialVar@@@Z 10009800 f i screenspace_shading.obj
 0001:00008800       ?GetFallbackShader@CShader@LIGHTING_VOLUME@@UBEPBDPAPAVIMaterialVar@@@Z 10009800 f i lighting_volume.obj
 0001:00008800       ?GetFallbackShader@CShader@VOLUME_PREPASS@@UBEPBDPAPAVIMaterialVar@@@Z 10009800 f i volume_prepass.obj
 0001:00008800       ?GetFallbackShader@CShader@DEFERRED_DECALMODULATE@@UBEPBDPAPAVIMaterialVar@@@Z 10009800 f i deferred_decalModulate.obj
 0001:00008800       ?GetFallbackShader@CShader@DEBUG_RADIOSITY_GRID@@UBEPBDPAPAVIMaterialVar@@@Z 10009800 f i debug_radiosity_grid.obj
 0001:00008800       ?GetFallbackShader@CShader@DEBUG_SHADOW@@UBEPBDPAPAVIMaterialVar@@@Z 10009800 f i debug_shadow.obj
 0001:00008800       ?GetFallbackShader@CShader@DEBUG_LIGHTING_CTRL@@UBEPBDPAPAVIMaterialVar@@@Z 10009800 f i debug_lightingctrl.obj
 0001:00008800       ?GetFallbackShader@CShader@LIGHTING_GLOBAL@@UBEPBDPAPAVIMaterialVar@@@Z 10009800 f i lighting_global.obj
 0001:00008800       ?GetFallbackShader@CBaseShader@@UBEPBDPAPAVIMaterialVar@@@Z 10009800 f i blur.obj
 0001:00008800       ?GetFallbackShader@CShader@RADIOSITY_GLOBAL@@UBEPBDPAPAVIMaterialVar@@@Z 10009800 f i radiosity_global.obj
 0001:00008800       ?GetFallbackShader@CShader@RADIOSITY_BLEND@@UBEPBDPAPAVIMaterialVar@@@Z 10009800 f i radiosity_blend.obj
 0001:00008800       ?GetFallbackShader@CShader@GAUSSIAN_BLUR_6@@UBEPBDPAPAVIMaterialVar@@@Z 10009800 f i blur.obj
 0001:00008810       ?GetFlags@CShader@LIGHTING_GLOBAL@@UBEHXZ 10009810 f i lighting_global.obj
 0001:00008820       ?GetName@CShader@LIGHTING_GLOBAL@@UBEPBDXZ 10009820 f i lighting_global.obj
 0001:00008830       ?GetParamCount@CShader@LIGHTING_GLOBAL@@UBEHXZ 10009830 f i lighting_global.obj
 0001:00008840       ?GetParamInfo@CShader@LIGHTING_GLOBAL@@UBEABUShaderParamInfo_t@@H@Z 10009840 f i lighting_global.obj
 0001:00008870       ?OnDrawElements@CShader@LIGHTING_GLOBAL@@UAEXPAPAVIMaterialVar@@PAVIShaderShadow@@PAVIShaderDynamicAPI@@W4VertexCompressionType_t@@PAPAVCBasePerMaterialContextData@@@Z 10009870 f i lighting_global.obj
 0001:00008bf0       ?OnInitShaderParams@CShader@DEBUG_LIGHTING_CTRL@@UAEXPAPAVIMaterialVar@@PBD@Z 10009bf0 f i debug_lightingctrl.obj
 0001:00008bf0       ?OnInitShaderParams@CShader@SCREENSPACE_COMBINE@@UAEXPAPAVIMaterialVar@@PBD@Z 10009bf0 f i screenspace_combine.obj
 0001:00008bf0       ?OnInitShaderParams@CShader@DEBUG_SHADOW@@UAEXPAPAVIMaterialVar@@PBD@Z 10009bf0 f i debug_shadow.obj
 0001:00008bf0       ?OnInitShaderParams@CShader@RADIOSITY_BLEND@@UAEXPAPAVIMaterialVar@@PBD@Z 10009bf0 f i radiosity_blend.obj
 0001:00008bf0       ?OnInitShaderParams@CShader@LIGHTING_GLOBAL@@UAEXPAPAVIMaterialVar@@PBD@Z 10009bf0 f i lighting_global.obj
 0001:00008bf0       ?OnInitShaderParams@CShader@VOLUME_BLEND@@UAEXPAPAVIMaterialVar@@PBD@Z 10009bf0 f i volume_blend.obj
 0001:00008bf0       ?OnInitShaderParams@CShader@DEBUG_RADIOSITY_GRID@@UAEXPAPAVIMaterialVar@@PBD@Z 10009bf0 f i debug_radiosity_grid.obj
 0001:00008bf0       ?OnInitShaderParams@CShader@RADIOSITY_PROPAGATE@@UAEXPAPAVIMaterialVar@@PBD@Z 10009bf0 f i radiosity_propagate.obj
 0001:00008bf0       ?OnInitShaderParams@CShader@RADIOSITY_GLOBAL@@UAEXPAPAVIMaterialVar@@PBD@Z 10009bf0 f i radiosity_global.obj
 0001:00008bf0       ?OnInitShaderParams@CShader@VOLUME_PREPASS@@UAEXPAPAVIMaterialVar@@PBD@Z 10009bf0 f i volume_prepass.obj
 0001:00008bf0       ?OnInitShaderParams@CBaseShader@@UAEXPAPAVIMaterialVar@@PBD@Z 10009bf0 f i blur.obj
 0001:00008bf0       ?OnInitShaderParams@CShader@GAUSSIAN_BLUR_6@@UAEXPAPAVIMaterialVar@@PBD@Z 10009bf0 f i blur.obj
 0001:00008bf0       ?OnInitShaderParams@CShader@SCREENSPACE_SHADING@@UAEXPAPAVIMaterialVar@@PBD@Z 10009bf0 f i screenspace_shading.obj
 0001:00008c00       ?DrawPassLightPass@@YAXABUlightPassParms@@PAVCBaseVSShader@@PAPAVIMaterialVar@@PAVIShaderShadow@@PAVIShaderDynamicAPI@@W4VertexCompressionType_t@@@Z 10009c00 f   lighting_pass_basic.obj
 0001:00009160       ?DrawPassLightPassVolum@@YAXABUlightPassParms@@PAVCBaseVSShader@@PAPAVIMaterialVar@@PAVIShaderShadow@@PAVIShaderDynamicAPI@@W4VertexCompressionType_t@@@Z 1000a160 f   lighting_pass_volum.obj
 0001:00009570       ?InitParmsLightPassVolum@@YAXABUlightPassParms@@PAVCBaseVSShader@@PAPAVIMaterialVar@@@Z 1000a570 f   lighting_pass_volum.obj
 0001:00009570       ?InitParmsLightPass@@YAXABUlightPassParms@@PAVCBaseVSShader@@PAPAVIMaterialVar@@@Z 1000a570 f   lighting_pass_basic.obj
 0001:000095a0       ?InitPassLightPass@@YAXABUlightPassParms@@PAVCBaseVSShader@@PAPAVIMaterialVar@@@Z 1000a5a0 f   lighting_pass_basic.obj
 0001:000095a0       ?InitPassLightPassVolum@@YAXABUlightPassParms@@PAVCBaseVSShader@@PAPAVIMaterialVar@@@Z 1000a5a0 f   lighting_pass_volum.obj
 0001:000095b0       ??0CShaderParam@LIGHTING_WORLD@@QAE@PBDW4ShaderParamType_t@@00H@Z 1000a5b0 f i lighting_world.obj
 0001:00009650       ?GetFlags@CShader@LIGHTING_WORLD@@UBEHXZ 1000a650 f i lighting_world.obj
 0001:00009660       ?GetName@CShader@LIGHTING_WORLD@@UBEPBDXZ 1000a660 f i lighting_world.obj
 0001:00009670       ?GetParamCount@CShader@LIGHTING_WORLD@@UBEHXZ 1000a670 f i lighting_world.obj
 0001:00009680       ?GetParamInfo@CShader@LIGHTING_WORLD@@UBEABUShaderParamInfo_t@@H@Z 1000a680 f i lighting_world.obj
 0001:000096b0       ?OnDrawElements@CShader@LIGHTING_WORLD@@UAEXPAPAVIMaterialVar@@PAVIShaderShadow@@PAVIShaderDynamicAPI@@W4VertexCompressionType_t@@PAPAVCBasePerMaterialContextData@@@Z 1000a6b0 f i lighting_world.obj
 0001:00009700       ?OnInitShaderInstance@CShader@LIGHTING_WORLD@@UAEXPAPAVIMaterialVar@@PAVIShaderInit@@PBD@Z 1000a700 f i lighting_world.obj
 0001:00009740       ?OnInitShaderParams@CShader@LIGHTING_WORLD@@UAEXPAPAVIMaterialVar@@PBD@Z 1000a740 f i lighting_world.obj
 0001:00009780       ??0CShaderParam@LIGHTING_VOLUME@@QAE@PBDW4ShaderParamType_t@@00H@Z 1000a780 f i lighting_volume.obj
 0001:00009820       ?GetFlags@CShader@LIGHTING_VOLUME@@UBEHXZ 1000a820 f i lighting_volume.obj
 0001:00009830       ?GetName@CShader@LIGHTING_VOLUME@@UBEPBDXZ 1000a830 f i lighting_volume.obj
 0001:00009840       ?GetParamCount@CShader@LIGHTING_VOLUME@@UBEHXZ 1000a840 f i lighting_volume.obj
 0001:00009850       ?GetParamInfo@CShader@LIGHTING_VOLUME@@UBEABUShaderParamInfo_t@@H@Z 1000a850 f i lighting_volume.obj
 0001:00009880       ?OnDrawElements@CShader@LIGHTING_VOLUME@@UAEXPAPAVIMaterialVar@@PAVIShaderShadow@@PAVIShaderDynamicAPI@@W4VertexCompressionType_t@@PAPAVCBasePerMaterialContextData@@@Z 1000a880 f i lighting_volume.obj
 0001:000098d0       ?OnInitShaderInstance@CShader@LIGHTING_VOLUME@@UAEXPAPAVIMaterialVar@@PAVIShaderInit@@PBD@Z 1000a8d0 f i lighting_volume.obj
 0001:00009910       ?OnInitShaderParams@CShader@LIGHTING_VOLUME@@UAEXPAPAVIMaterialVar@@PBD@Z 1000a910 f i lighting_volume.obj
 0001:00009950       ?GetFlags@CShader@RADIOSITY_BLEND@@UBEHXZ 1000a950 f i radiosity_blend.obj
 0001:00009960       ?GetName@CShader@RADIOSITY_BLEND@@UBEPBDXZ 1000a960 f i radiosity_blend.obj
 0001:00009970       ?GetParamCount@CShader@RADIOSITY_BLEND@@UBEHXZ 1000a970 f i radiosity_blend.obj
 0001:00009980       ?GetParamInfo@CShader@RADIOSITY_BLEND@@UBEABUShaderParamInfo_t@@H@Z 1000a980 f i radiosity_blend.obj
 0001:000099b0       ?OnDrawElements@CShader@RADIOSITY_BLEND@@UAEXPAPAVIMaterialVar@@PAVIShaderShadow@@PAVIShaderDynamicAPI@@W4VertexCompressionType_t@@PAPAVCBasePerMaterialContextData@@@Z 1000a9b0 f i radiosity_blend.obj
 0001:00009ba0       ?OnInitShaderInstance@CShader@VOLUME_PREPASS@@UAEXPAPAVIMaterialVar@@PAVIShaderInit@@PBD@Z 1000aba0 f i volume_prepass.obj
 0001:00009ba0       ?OnInitShaderInstance@CShader@DEBUG_RADIOSITY_GRID@@UAEXPAPAVIMaterialVar@@PAVIShaderInit@@PBD@Z 1000aba0 f i debug_radiosity_grid.obj
 0001:00009ba0       ?OnInitShaderInstance@CShader@DEBUG_SHADOW@@UAEXPAPAVIMaterialVar@@PAVIShaderInit@@PBD@Z 1000aba0 f i debug_shadow.obj
 0001:00009ba0       ?OnInitShaderInstance@CShader@LIGHTING_GLOBAL@@UAEXPAPAVIMaterialVar@@PAVIShaderInit@@PBD@Z 1000aba0 f i lighting_global.obj
 0001:00009ba0       ?OnInitShaderInstance@CShader@RADIOSITY_GLOBAL@@UAEXPAPAVIMaterialVar@@PAVIShaderInit@@PBD@Z 1000aba0 f i radiosity_global.obj
 0001:00009ba0       ?OnInitShaderInstance@CShader@DEBUG_LIGHTING_CTRL@@UAEXPAPAVIMaterialVar@@PAVIShaderInit@@PBD@Z 1000aba0 f i debug_lightingctrl.obj
 0001:00009ba0       ?OnInitShaderInstance@CShader@RADIOSITY_BLEND@@UAEXPAPAVIMaterialVar@@PAVIShaderInit@@PBD@Z 1000aba0 f i radiosity_blend.obj
 0001:00009ba0       ?OnInitShaderInstance@CShader@SCREENSPACE_SHADING@@UAEXPAPAVIMaterialVar@@PAVIShaderInit@@PBD@Z 1000aba0 f i screenspace_shading.obj
 0001:00009ba0       ?OnInitShaderInstance@CShader@SCREENSPACE_COMBINE@@UAEXPAPAVIMaterialVar@@PAVIShaderInit@@PBD@Z 1000aba0 f i screenspace_combine.obj
 0001:00009bb0       ?GetFlags@CShader@RADIOSITY_GLOBAL@@UBEHXZ 1000abb0 f i radiosity_global.obj
 0001:00009bc0       ?GetName@CShader@RADIOSITY_GLOBAL@@UBEPBDXZ 1000abc0 f i radiosity_global.obj
 0001:00009bd0       ?GetParamCount@CShader@RADIOSITY_GLOBAL@@UBEHXZ 1000abd0 f i radiosity_global.obj
 0001:00009be0       ?GetParamInfo@CShader@RADIOSITY_GLOBAL@@UBEABUShaderParamInfo_t@@H@Z 1000abe0 f i radiosity_global.obj
 0001:00009c10       ?OnDrawElements@CShader@RADIOSITY_GLOBAL@@UAEXPAPAVIMaterialVar@@PAVIShaderShadow@@PAVIShaderDynamicAPI@@W4VertexCompressionType_t@@PAPAVCBasePerMaterialContextData@@@Z 1000ac10 f i radiosity_global.obj
 0001:00009df0       ??0CShaderParam@RADIOSITY_PROPAGATE@@QAE@PBDW4ShaderParamType_t@@00H@Z 1000adf0 f i radiosity_propagate.obj
 0001:00009e90       ?GetFlags@CShader@RADIOSITY_PROPAGATE@@UBEHXZ 1000ae90 f i radiosity_propagate.obj
 0001:00009ea0       ?GetName@CShader@RADIOSITY_PROPAGATE@@UBEPBDXZ 1000aea0 f i radiosity_propagate.obj
 0001:00009eb0       ?GetParamCount@CShader@RADIOSITY_PROPAGATE@@UBEHXZ 1000aeb0 f i radiosity_propagate.obj
 0001:00009ec0       ?GetParamInfo@CShader@RADIOSITY_PROPAGATE@@UBEABUShaderParamInfo_t@@H@Z 1000aec0 f i radiosity_propagate.obj
 0001:00009ef0       ?OnDrawElements@CShader@RADIOSITY_PROPAGATE@@UAEXPAPAVIMaterialVar@@PAVIShaderShadow@@PAVIShaderDynamicAPI@@W4VertexCompressionType_t@@PAPAVCBasePerMaterialContextData@@@Z 1000aef0 f i radiosity_propagate.obj
 0001:0000a000       ?OnInitShaderInstance@CShader@RADIOSITY_PROPAGATE@@UAEXPAPAVIMaterialVar@@PAVIShaderInit@@PBD@Z 1000b000 f i radiosity_propagate.obj
 0001:0000a050       ?GetFlags@CShader@SCREENSPACE_COMBINE@@UBEHXZ 1000b050 f i screenspace_combine.obj
 0001:0000a060       ?GetName@CShader@SCREENSPACE_COMBINE@@UBEPBDXZ 1000b060 f i screenspace_combine.obj
 0001:0000a070       ?GetParamCount@CShader@SCREENSPACE_COMBINE@@UBEHXZ 1000b070 f i screenspace_combine.obj
 0001:0000a080       ?GetParamInfo@CShader@SCREENSPACE_COMBINE@@UBEABUShaderParamInfo_t@@H@Z 1000b080 f i screenspace_combine.obj
 0001:0000a0b0       ?OnDrawElements@CShader@SCREENSPACE_COMBINE@@UAEXPAPAVIMaterialVar@@PAVIShaderShadow@@PAVIShaderDynamicAPI@@W4VertexCompressionType_t@@PAPAVCBasePerMaterialContextData@@@Z 1000b0b0 f i screenspace_combine.obj
 0001:0000a150       ?GetFlags@CShader@SCREENSPACE_SHADING@@UBEHXZ 1000b150 f i screenspace_shading.obj
 0001:0000a160       ?GetName@CShader@SCREENSPACE_SHADING@@UBEPBDXZ 1000b160 f i screenspace_shading.obj
 0001:0000a170       ?GetParamCount@CShader@SCREENSPACE_SHADING@@UBEHXZ 1000b170 f i screenspace_shading.obj
 0001:0000a180       ?GetParamInfo@CShader@SCREENSPACE_SHADING@@UBEABUShaderParamInfo_t@@H@Z 1000b180 f i screenspace_shading.obj
 0001:0000a1b0       ?OnDrawElements@CShader@SCREENSPACE_SHADING@@UAEXPAPAVIMaterialVar@@PAVIShaderShadow@@PAVIShaderDynamicAPI@@W4VertexCompressionType_t@@PAPAVCBasePerMaterialContextData@@@Z 1000b1b0 f i screenspace_shading.obj
 0001:0000a460       ?GetFlags@CShader@VOLUME_BLEND@@UBEHXZ 1000b460 f i volume_blend.obj
 0001:0000a470       ?GetName@CShader@VOLUME_BLEND@@UBEPBDXZ 1000b470 f i volume_blend.obj
 0001:0000a480       ?GetParamCount@CShader@VOLUME_BLEND@@UBEHXZ 1000b480 f i volume_blend.obj
 0001:0000a490       ?GetParamInfo@CShader@VOLUME_BLEND@@UBEABUShaderParamInfo_t@@H@Z 1000b490 f i volume_blend.obj
 0001:0000a4c0       ?OnDrawElements@CShader@VOLUME_BLEND@@UAEXPAPAVIMaterialVar@@PAVIShaderShadow@@PAVIShaderDynamicAPI@@W4VertexCompressionType_t@@PAPAVCBasePerMaterialContextData@@@Z 1000b4c0 f i volume_blend.obj
 0001:0000a570       ?GetFlags@CShader@VOLUME_PREPASS@@UBEHXZ 1000b570 f i volume_prepass.obj
 0001:0000a580       ?GetName@CShader@VOLUME_PREPASS@@UBEPBDXZ 1000b580 f i volume_prepass.obj
 0001:0000a590       ?GetParamCount@CShader@VOLUME_PREPASS@@UBEHXZ 1000b590 f i volume_prepass.obj
 0001:0000a5a0       ?GetParamInfo@CShader@VOLUME_PREPASS@@UBEABUShaderParamInfo_t@@H@Z 1000b5a0 f i volume_prepass.obj
 0001:0000a5d0       ?OnDrawElements@CShader@VOLUME_PREPASS@@UAEXPAPAVIMaterialVar@@PAVIShaderShadow@@PAVIShaderDynamicAPI@@W4VertexCompressionType_t@@PAPAVCBasePerMaterialContextData@@@Z 1000b5d0 f i volume_prepass.obj
 0001:0000a6e0       ??0CBaseShader@@QAE@XZ     1000b6e0 f   shaderlib:BaseShader.obj
 0001:0000a700       ??_GCBasePerInstanceContextData@@UAEPAXI@Z 1000b700 f i shaderlib:BaseShader.obj
 0001:0000a700       ??_ECBasePerInstanceContextData@@UAEPAXI@Z 1000b700 f i shaderlib:BaseShader.obj
 0001:0000a730       ??_GCPerInstanceContextData@@UAEPAXI@Z 1000b730 f i shaderlib:BaseShader.obj
 0001:0000a730       ??_ECPerInstanceContextData@@UAEPAXI@Z 1000b730 f i shaderlib:BaseShader.obj
 0001:0000a770       ?BindTexture@CBaseShader@@QAEXW4Sampler_t@@HH@Z 1000b770 f   shaderlib:BaseShader.obj
 0001:0000a7c0       ?BindTexture@CBaseShader@@QAEXW4Sampler_t@@PAVITexture@@H@Z 1000b7c0 f   shaderlib:BaseShader.obj
 0001:0000a7d0       ?ComputeModulationFlags@CBaseShader@@UAEHPAPAVIMaterialVar@@PAVIShaderDynamicAPI@@@Z 1000b7d0 f   shaderlib:BaseShader.obj
 0001:0000a8a0       ?DefaultFog@CBaseShader@@QAEXXZ 1000b8a0 f   shaderlib:BaseShader.obj
 0001:0000a900       ?Draw@CBaseShader@@QAEX_N@Z 1000b900 f   shaderlib:BaseShader.obj
 0001:0000a9e0       ?DrawElements@CBaseShader@@UAEXPAPAVIMaterialVar@@HPAVIShaderShadow@@PAVIShaderDynamicAPI@@W4VertexCompressionType_t@@PAPAVCBasePerMaterialContextData@@PAPAVCBasePerInstanceContextData@@@Z 1000b9e0 f   shaderlib:BaseShader.obj
 0001:0000aa80       ?EnableAlphaBlending@CBaseShader@@QAEXW4ShaderBlendFactor_t@@0@Z 1000ba80 f   shaderlib:BaseShader.obj
 0001:0000aac0       ?FogToGrey@CBaseShader@@QAEXXZ 1000bac0 f   shaderlib:BaseShader.obj
 0001:0000ab00       ?GetParamCount@CBaseShader@@UBEHXZ 1000bb00 f   shaderlib:BaseShader.obj
 0001:0000ab10       ?GetParamInfo@CBaseShader@@UBEABUShaderParamInfo_t@@H@Z 1000bb10 f   shaderlib:BaseShader.obj
 0001:0000ab30       ?GetShaderAPITextureBindHandle@CBaseShader@@QAEHHHH@Z 1000bb30 f   shaderlib:BaseShader.obj
 0001:0000ab80       ?InitShaderInstance@CBaseShader@@UAEXPAPAVIMaterialVar@@PAVIShaderInit@@PBD2@Z 1000bb80 f   shaderlib:BaseShader.obj
 0001:0000abd0       ?InitShaderParams@CBaseShader@@UAEXPAPAVIMaterialVar@@PBD@Z 1000bbd0 f   shaderlib:BaseShader.obj
 0001:0000ac00       ?IsTranslucent@CBaseShader@@UBE_NPAPAVIMaterialVar@@@Z 1000bc00 f   shaderlib:BaseShader.obj
 0001:0000ac20       ?LoadBumpMap@CBaseShader@@QAEXH@Z 1000bc20 f   shaderlib:BaseShader.obj
 0001:0000ac70       ?LoadCubeMap@CBaseShader@@QAEXH@Z 1000bc70 f   shaderlib:BaseShader.obj
 0001:0000acc0       ?LoadTexture@CBaseShader@@QAEXH@Z 1000bcc0 f   shaderlib:BaseShader.obj
 0001:0000ad00       ?NeedsFullFrameBufferTexture@CBaseShader@@UBE_NPAPAVIMaterialVar@@_N@Z 1000bd00 f   shaderlib:BaseShader.obj
 0001:0000ad20       ?NeedsPowerOfTwoFrameBufferTexture@CBaseShader@@UBE_NPAPAVIMaterialVar@@_N@Z 1000bd20 f   shaderlib:BaseShader.obj
 0001:0000ad40       ?PI_EndCommandBuffer@CBaseShader@@QAEXXZ 1000bd40 f   shaderlib:BaseShader.obj
 0001:0000ae50       ?SetInitialShadowState@CBaseShader@@QAEXXZ 1000be50 f   shaderlib:BaseShader.obj
 0001:0000af10       ??0CShaderDLL@@QAE@XZ      1000bf10 f   shaderlib:ShaderDLL.obj
 0001:0000af80       ?Connect@CShaderDLL@@UAE_NP6APAXPBDPAH@Z@Z 1000bf80 f   shaderlib:ShaderDLL.obj
 0001:0000afc0       ?Connect@CShaderDLL@@UAE_NP6APAXPBDPAH@Z_N@Z 1000bfc0 f   shaderlib:ShaderDLL.obj
 0001:0000b040       ?Disconnect@CShaderDLL@@UAEXXZ 1000c040 f   shaderlib:ShaderDLL.obj
 0001:0000b050       ?Disconnect@CShaderDLL@@UAEX_N@Z 1000c050 f   shaderlib:ShaderDLL.obj
 0001:0000b090       ?GetShader@CShaderDLL@@UAEPAVIShader@@H@Z 1000c090 f   shaderlib:ShaderDLL.obj
 0001:0000b0b0       ?GetShaderDLL@@YAPAVIShaderDLL@@XZ 1000c0b0 f   shaderlib:ShaderDLL.obj
 0001:0000b0f0       ?GetShaderDLLInternal@@YAPAVIShaderDLLInternal@@XZ 1000c0f0 f   shaderlib:ShaderDLL.obj
 0001:0000b130       ?Grow@?$CUtlMemory@PAVIShader@@H@@QAEXH@Z 1000c130 f i shaderlib:ShaderDLL.obj
 0001:0000b130       ?Grow@?$CUtlMemory@PAVCShaderParam@DEFERRED_MODEL@@H@@QAEXH@Z 1000c130 f i deferred_model.obj
 0001:0000b130       ?Grow@?$CUtlMemory@PAVCShaderParam@RADIOSITY_PROPAGATE@@H@@QAEXH@Z 1000c130 f i radiosity_propagate.obj
 0001:0000b130       ?Grow@?$CUtlMemory@PAVCShaderParam@LIGHTING_VOLUME@@H@@QAEXH@Z 1000c130 f i lighting_volume.obj
 0001:0000b130       ?Grow@?$CUtlMemory@PAVCShaderParam@LIGHTING_WORLD@@H@@QAEXH@Z 1000c130 f i lighting_world.obj
 0001:0000b130       ?Grow@?$CUtlMemory@PAVCShaderParam@DEFERRED_BRUSH@@H@@QAEXH@Z 1000c130 f i deferred_brush.obj
 0001:0000b130       ?Grow@?$CUtlMemory@PAVCShaderParam@DEFERRED_DECALMODULATE@@H@@QAEXH@Z 1000c130 f i deferred_decalModulate.obj
 0001:0000b130       ?Grow@?$CUtlMemory@PAVCShaderParam@GAUSSIAN_BLUR_6@@H@@QAEXH@Z 1000c130 f i blur.obj
 0001:0000b1d0       ?InsertShader@CShaderDLL@@UAEXPAVIShader@@@Z 1000c1d0 f   shaderlib:ShaderDLL.obj
 0001:0000b230       ?InitShaderLibCVars@@YAXP6APAXPBDPAH@Z@Z 1000c230 f   shaderlib:shaderlib_cvar.obj
 0001:0000b250       ?RegisterConCommandBase@CShaderLibConVarAccessor@@UAE_NPAVConCommandBase@@@Z 1000c250 f i shaderlib:shaderlib_cvar.obj
 0001:0000b2a1       ___onexitinit              1000c2a1 f   LIBCMT:onexit.obj
 0001:0000b2d0       __onexit                   1000c2d0 f   LIBCMT:onexit.obj
 0001:0000b3cc       _atexit                    1000c3cc f   LIBCMT:onexit.obj
 0001:0000b3f0       _fmod                      1000c3f0 f   LIBCMT:87fmod.obj
 0001:0000b3fa       __CIfmod                   1000c3fa f   LIBCMT:87fmod.obj
 0001:0000b412       __fpmath                   1000c412 f   LIBCMT:fpinit.obj
 0001:0000b429       __cfltcvt_init             1000c429 f   LIBCMT:fpinit.obj
 0001:0000b489       __purecall                 1000c489 f   LIBCMT:purevirt.obj
 0001:0000b4ab       ??1type_info@@UAE@XZ       1000c4ab f   LIBCMT:typinfo.obj
 0001:0000b4b9       ??_Etype_info@@UAEPAXI@Z   1000c4b9 f i LIBCMT:typinfo.obj
 0001:0000b4b9       ??_Gtype_info@@UAEPAXI@Z   1000c4b9 f i LIBCMT:typinfo.obj
 0001:0000b4d8       __get_printf_count_output  1000c4d8 f   LIBCMT:printf.obj
 0001:0000b4ed       _printf                    1000c4ed f   LIBCMT:printf.obj
 0001:0000b59c       ??0bad_alloc@std@@QAE@ABV01@@Z 1000c59c f i LIBCMT:new.obj
 0001:0000b5b7       ??1bad_alloc@std@@UAE@XZ   1000c5b7 f i LIBCMT:new.obj
 0001:0000b5c2       ??2@YAPAXI@Z               1000c5c2 f   LIBCMT:new.obj
 0001:0000b613       ??_Gbad_alloc@std@@UAEPAXI@Z 1000c613 f i LIBCMT:new.obj
 0001:0000b613       ??_Ebad_alloc@std@@UAEPAXI@Z 1000c613 f i LIBCMT:new.obj
 0001:0000b638       ??3@YAXPAX@Z               1000c638 f   LIBCMT:delete.obj
 0001:0000b640       _memcpy                    1000c640 f   LIBCMT:memcpy.obj
 0001:0000bc84       __CRT_INIT@12              1000cc84 f   LIBCMT:dllcrt0.obj
 0001:0000bdf6       __DllMainCRTStartup@12     1000cdf6 f   LIBCMT:dllcrt0.obj
 0001:0000bf27       ___DllXcptFilter           1000cf27 f   LIBCMT:dllcrt0.obj
 0001:0000bf4c       _sscanf                    1000cf4c f   LIBCMT:sscanf.obj
 0001:0000bfdd       ??0_LocaleUpdate@@QAE@PAUlocaleinfo_struct@@@Z 1000cfdd f i LIBCMT:atof.obj
 0001:0000c065       __atof_l                   1000d065 f   LIBCMT:atof.obj
 0001:0000c103       _atof                      1000d103 f   LIBCMT:atof.obj
 0001:0000c114       __vsnprintf                1000d114 f   LIBCMT:vsnprint.obj
 0001:0000c12f       __vsnprintf_l              1000d12f f   LIBCMT:vsnprint.obj
 0001:0000c1e0       __chkstk                   1000d1e0 f   LIBCMT:chkstk.obj
 0001:0000c1e0       __alloca_probe             1000d1e0 f   LIBCMT:chkstk.obj
 0001:0000c210       _strchr                    1000d210 f   LIBCMT:strchr.obj
 0001:0000c27e       ___from_strstr_to_strchr   1000d27e     LIBCMT:strchr.obj
 0001:0000c340       __alloca_probe_16          1000d340 f   LIBCMT:alloca16.obj
 0001:0000c356       __alloca_probe_8           1000d356     LIBCMT:alloca16.obj
 0001:0000c370       _strstr                    1000d370 f   LIBCMT:strstr.obj
 0001:0000c5d3       __tolower_l                1000d5d3 f   LIBCMT:tolower.obj
 0001:0000c716       _tolower                   1000d716 f   LIBCMT:tolower.obj
 0001:0000c750       __allmul                   1000d750 f   LIBCMT:llmul.obj
 0001:0000c790       _strncat                   1000d790 f   LIBCMT:strncat.obj
 0001:0000c8d0       _memset                    1000d8d0 f   LIBCMT:memset.obj
 0001:0000c960       _memmove                   1000d960 f   LIBCMT:memmove.obj
 0001:0000cfb0       _strncpy                   1000dfb0 f   LIBCMT:strncpy.obj
 0001:0000d0e0       __allrem                   1000e0e0 f   LIBCMT:llrem.obj
 0001:0000d1a0       __alldiv                   1000e1a0 f   LIBCMT:lldiv.obj
 0001:0000d250       _floor                     1000e250 f   LIBCMT:floor_pentium4.obj
 0001:0000d290       __floor_pentium4           1000e290 f   LIBCMT:floor_pentium4.obj
 0001:0000d380       _pow                       1000e380 f   LIBCMT:pow.obj
 0001:0000d3c0       __CIpow                    1000e3c0 f   LIBCMT:pow.obj
 0001:0000d3fb       __CIpow_default            1000e3fb f   LIBCMT:pow.obj
 0001:0000d414       __pow_default              1000e414     LIBCMT:pow.obj
 0001:0000d60a       ___libm_sse2_pow           1000e60a f   LIBCMT:pow_sse2.obj
 0001:0000e090       _acos                      1000f090 f   LIBCMT:acos.obj
 0001:0000e0d0       __CIacos                   1000f0d0 f   LIBCMT:acos.obj
 0001:0000e10b       __CIacos_default           1000f10b f   LIBCMT:acos.obj
 0001:0000e11f       __acos_default             1000f11f     LIBCMT:acos.obj
 0001:0000e1d6       ___libm_sse2_sin           1000f1d6 f   LIBCMT:sin_sse2.obj
 0001:0000e390       _asin                      1000f390 f   LIBCMT:asin.obj
 0001:0000e3d0       __CIasin                   1000f3d0 f   LIBCMT:asin.obj
 0001:0000e40b       __CIasin_default           1000f40b f   LIBCMT:asin.obj
 0001:0000e41f       __asin_default             1000f41f     LIBCMT:asin.obj
 0001:0000e4d6       ___crtCorExitProcess       1000f4d6 f   LIBCMT:crt0dat.obj
 0001:0000e50a       ___crtExitProcess          1000f50a f   LIBCMT:crt0dat.obj
 0001:0000e520       ___freeCrtMemory           1000f520 f   LIBCMT:crt0dat.obj
 0001:0000e62d       __amsg_exit                1000f62d f   LIBCMT:crt0dat.obj
 0001:0000e649       __cexit                    1000f649 f   LIBCMT:crt0dat.obj
 0001:0000e658       __cinit                    1000f658 f   LIBCMT:crt0dat.obj
 0001:0000e6dc       __exit                     1000f6dc f   LIBCMT:crt0dat.obj
 0001:0000e6f0       __init_pointers            1000f6f0 f   LIBCMT:crt0dat.obj
 0001:0000e75e       __initterm_e               1000f75e f   LIBCMT:crt0dat.obj
 0001:0000e780       __lockexit                 1000f780 f   LIBCMT:crt0dat.obj
 0001:0000e789       __unlockexit               1000f789 f   LIBCMT:crt0dat.obj
 0001:0000e8c1       __msize                    1000f8c1 f   LIBCMT:msize.obj
 0001:0000e8f2       __calloc_crt               1000f8f2 f   LIBCMT:crtheap.obj
 0001:0000e93a       __malloc_crt               1000f93a f   LIBCMT:crtheap.obj
 0001:0000e981       __realloc_crt              1000f981 f   LIBCMT:crtheap.obj
 0001:0000e9cb       __recalloc_crt             1000f9cb f   LIBCMT:crtheap.obj
 0001:0000ea20       __SEH_prolog4              1000fa20 f   LIBCMT:sehprolg4.obj
 0001:0000ea65       __SEH_epilog4              1000fa65 f   LIBCMT:sehprolg4.obj
 0001:0000ea80       __except_handler4          1000fa80 f   LIBCMT:chandler4.obj
 0001:0000ec20       __CIsqrt                   1000fc20 f   LIBCMT:sqrt.obj
 0001:0000ec34       _sqrt                      1000fc34     LIBCMT:sqrt.obj
 0001:0000ecda       __decomp                   1000fcda f   LIBCMT:util.obj
 0001:0000edac       __set_exp                  1000fdac f   LIBCMT:util.obj
 0001:0000eddb       __sptype                   1000fddb f   LIBCMT:util.obj
 0001:0000ee36       __errcode                  1000fe36 f   LIBCMT:fpexcept.obj
 0001:0000ee68       __except1                  1000fe68 f   LIBCMT:fpexcept.obj
 0001:0000ef30       __handle_exc               1000ff30 f   LIBCMT:fpexcept.obj
 0001:0000f10e       __handle_qnan1             1001010e f   LIBCMT:fpexcept.obj
 0001:0000f15e       __raise_exc                1001015e f   LIBCMT:fpexcept.obj
 0001:0000f17f       __raise_exc_ex             1001017f f   LIBCMT:fpexcept.obj
 0001:0000f464       __set_errno_from_matherr   10010464 f   LIBCMT:fpexcept.obj
 0001:0000f491       __umatherr                 10010491 f   LIBCMT:fpexcept.obj
 0001:0000f531       ___set_fpsr_sse2           10010531 f   LIBCMT:fpctrl.obj
 0001:0000f5a7       __clrfp                    100105a7 f   LIBCMT:fpctrl.obj
 0001:0000f5b8       __ctrlfp                   100105b8 f   LIBCMT:fpctrl.obj
 0001:0000f5e3       __set_statfp               100105e3 f   LIBCMT:fpctrl.obj
 0001:0000f63b       __statfp                   1001063b f   LIBCMT:fpctrl.obj
 0001:0000f650       __cintrindisp2             10010650 f   LIBCMT:87cdisp.obj
 0001:0000f68e       __cintrindisp1             1001068e f   LIBCMT:87cdisp.obj
 0001:0000f6cb       __ctrandisp2               100106cb f   LIBCMT:87cdisp.obj
 0001:0000f85a       __ctrandisp1               1001085a f   LIBCMT:87cdisp.obj
 0001:0000f88d       __fload                    1001088d f   LIBCMT:87cdisp.obj
 0001:0000f8d0       __trandisp1                100108d0 f   LIBCMT:87disp.obj
 0001:0000f937       __trandisp2                10010937 f   LIBCMT:87disp.obj
 0001:0000f9c3       __rttospopde               100109c3     LIBCMT:87disp.obj
 0001:0000f9c8       __rttospop                 100109c8     LIBCMT:87disp.obj
 0001:0000f9ca       __rtnospop                 100109ca     LIBCMT:87disp.obj
 0001:0000f9cc       __rttosnpop                100109cc     LIBCMT:87disp.obj
 0001:0000f9cd       __rtnospopde               100109cd     LIBCMT:87disp.obj
 0001:0000f9d4       __rtzeropop                100109d4     LIBCMT:87disp.obj
 0001:0000f9d6       __rtzeronpop               100109d6     LIBCMT:87disp.obj
 0001:0000f9db       __rtonepop                 100109db     LIBCMT:87disp.obj
 0001:0000f9dd       __rtonenpop                100109dd     LIBCMT:87disp.obj
 0001:0000f9e2       __tosnan1                  100109e2     LIBCMT:87disp.obj
 0001:0000fa0d       __nosnan2                  10010a0d     LIBCMT:87disp.obj
 0001:0000fa0f       __tosnan2                  10010a0f     LIBCMT:87disp.obj
 0001:0000fa37       __nan2                     10010a37     LIBCMT:87disp.obj
 0001:0000fa76       __rtindfpop                10010a76     LIBCMT:87disp.obj
 0001:0000fa78       __rtindfnpop               10010a78     LIBCMT:87disp.obj
 0001:0000fa89       __rttosnpopde              10010a89     LIBCMT:87disp.obj
 0001:0000fa93       __rtchsifneg               10010a93     LIBCMT:87disp.obj
 0001:0000fa9a       __cfltcvt                  10010a9a f   LIBCMT:cvt.obj
 0001:0000fabb       __cfltcvt_l                10010abb f   LIBCMT:cvt.obj
 0001:0000fb41       __cftoa_l                  10010b41 f   LIBCMT:cvt.obj
 0001:0000fe9d       __cftoe                    10010e9d f   LIBCMT:cvt.obj
 0001:0001000c       __cftoe_l                  1001100c f   LIBCMT:cvt.obj
 0001:000101c6       __cftof_l                  100111c6 f   LIBCMT:cvt.obj
 0001:00010287       __cftog_l                  10011287 f   LIBCMT:cvt.obj
 0001:00010386       __cropzeros                10011386 f   LIBCMT:cvt.obj
 0001:00010397       __cropzeros_l              10011397 f   LIBCMT:cvt.obj
 0001:00010417       __fassign                  10011417 f   LIBCMT:cvt.obj
 0001:0001042f       __fassign_l                1001142f f   LIBCMT:cvt.obj
 0001:00010471       __forcdecpt                10011471 f   LIBCMT:cvt.obj
 0001:00010482       __forcdecpt_l              10011482 f   LIBCMT:cvt.obj
 0001:000104f6       __positive                 100114f6 f   LIBCMT:cvt.obj
 0001:00010538       __setdefaultprecision      10011538 f   LIBCMT:fp8.obj
 0001:0001055f       __initp_misc_cfltcvt_tab   1001155f f   LIBCMT:cmiscdat.obj
 0001:0001057e       __set_abort_behavior       1001157e f   LIBCMT:abort.obj
 0001:0001059d       _abort                     1001159d f   LIBCMT:abort.obj
 0001:000105e0       __initp_misc_purevirt      100115e0 f   LIBCMT:inithelp.obj
 0001:000105f0       _strcmp                    100115f0 f   LIBCMT:strcmp.obj
 0001:0001067c       ?_Type_info_dtor@type_info@@CAXPAV1@@Z 1001167c f   LIBCMT:typname.obj
 0001:000106ed       __call_reportfault         100116ed f   LIBCMT:invarg.obj
 0001:00010812       __initp_misc_invarg        10011812 f   LIBCMT:invarg.obj
 0001:0001081f       __invalid_parameter        1001181f f   LIBCMT:invarg.obj
 0001:0001084a       __invalid_parameter_noinfo 1001184a f   LIBCMT:invarg.obj
 0001:0001085a       __invoke_watson            1001185a f   LIBCMT:invarg.obj
 0001:00010885       ___initstdio               10011885 f   LIBCMT:_file.obj
 0001:000108f8       ___endstdio                100118f8 f   LIBCMT:_file.obj
 0001:0001091f       ___iob_func                1001191f f   LIBCMT:_file.obj
 0001:00010925       __lock_file                10011925 f   LIBCMT:_file.obj
 0001:00010964       __lock_file2               10011964 f   LIBCMT:_file.obj
 0001:00010994       __unlock_file              10011994 f   LIBCMT:_file.obj
 0001:000109ce       __unlock_file2             100119ce f   LIBCMT:_file.obj
 0001:000109fb       __ftbuf                    100119fb f   LIBCMT:_sftbuf.obj
 0001:00010a2c       __stbuf                    10011a2c f   LIBCMT:_sftbuf.obj
 0001:00010ad2       __output_l                 10011ad2 f   LIBCMT:output.obj
 0001:0001173e       ___doserrno                1001273e f   LIBCMT:dosmap.obj
 0001:00011751       __dosmaperr                10012751 f   LIBCMT:dosmap.obj
 0001:00011772       __errno                    10012772 f   LIBCMT:dosmap.obj
 0001:00011785       __get_errno_from_oserr     10012785 f   LIBCMT:dosmap.obj
 0001:000117c6       _malloc                    100127c6 f   LIBCMT:malloc.obj
 0001:00011858       ??0exception@std@@QAE@ABQBDH@Z 10012858 f   LIBCMT:stdexcpt.obj
 0001:00011873       ??0exception@std@@QAE@ABV01@@Z 10012873 f   LIBCMT:stdexcpt.obj
 0001:00011896       ??1exception@std@@UAE@XZ   10012896 f   LIBCMT:stdexcpt.obj
 0001:000118a1       ??4exception@std@@QAEAAV01@ABV01@@Z 100128a1 f   LIBCMT:stdexcpt.obj
 0001:000118d4       ??_Eexception@std@@UAEPAXI@Z 100128d4 f i LIBCMT:stdexcpt.obj
 0001:000118d4       ??_Gexception@std@@UAEPAXI@Z 100128d4 f i LIBCMT:stdexcpt.obj
 0001:000118f9       ?_Copy_str@exception@std@@AAEXPBD@Z 100128f9 f   LIBCMT:stdexcpt.obj
 0001:00011937       ?_Tidy@exception@std@@AAEXXZ 10012937 f   LIBCMT:stdexcpt.obj
 0001:00011953       ?what@exception@std@@UBEPBDXZ 10012953 f   LIBCMT:stdexcpt.obj
 0001:00011960       __callnewh                 10012960 f   LIBCMT:handler.obj
 0001:00011986       __initp_heap_handler       10012986 f   LIBCMT:handler.obj
 0001:00011993       __CxxThrowException@8      10012993 f   LIBCMT:throw.obj
 0001:000119f6       _free                      100129f6 f   LIBCMT:free.obj
 0001:00011a2e       ___isa_available_init      10012a2e f   LIBCMT:cpu_disp.obj
 0001:00011ba7       __XcptFilter               10012ba7 f   LIBCMT:winxfltr.obj
 0001:00011d02       ___CppXcptFilter           10012d02 f   LIBCMT:winxfltr.obj
 0001:00011d20       __freefls@4                10012d20 f   LIBCMT:tidtable.obj
 0001:00011e55       __freeptd                  10012e55 f   LIBCMT:tidtable.obj
 0001:00011e8b       __getptd                   10012e8b f   LIBCMT:tidtable.obj
 0001:00011ea3       __getptd_noexit            10012ea3 f   LIBCMT:tidtable.obj
 0001:00011f12       __initptd                  10012f12 f   LIBCMT:tidtable.obj
 0001:00011fc5       __mtinit                   10012fc5 f   LIBCMT:tidtable.obj
 0001:0001203b       __mtterm                   1001303b f   LIBCMT:tidtable.obj
 0001:00012058       __heap_init                10013058 f   LIBCMT:heapinit.obj
 0001:0001206d       __heap_term                1001306d f   LIBCMT:heapinit.obj
 0001:00012075       __ioinit                   10013075 f   LIBCMT:ioinit.obj
 0001:00012329       __ioterm                   10013329 f   LIBCMT:ioinit.obj
 0001:0001237b       __setargv                  1001337b f   LIBCMT:stdargv.obj
 0001:000125aa       __setenvp                  100135aa f   LIBCMT:stdenvp.obj
 0001:0001268b       ___security_init_cookie    1001368b f   LIBCMT:gs_support.obj
 0001:00012727       _DllMain@12                10013727 f   LIBCMT:dllmain.obj
 0001:0001272d       ___crtGetEnvironmentStringsA 1001372d f   LIBCMT:a_env.obj
 0001:000127ba       ___crtFlsAlloc             100137ba f   LIBCMT:winapisupp.obj
 0001:000127d8       ___crtFlsFree              100137d8 f   LIBCMT:winapisupp.obj
 0001:000127f7       ___crtFlsGetValue          100137f7 f   LIBCMT:winapisupp.obj
 0001:00012816       ___crtFlsSetValue          10013816 f   LIBCMT:winapisupp.obj
 0001:00012838       ___crtInitializeCriticalSectionEx 10013838 f   LIBCMT:winapisupp.obj
 0001:00012866       ___crtIsPackagedApp        10013866 f   LIBCMT:winapisupp.obj
 0001:000128a6       ___crtLoadWinApiPointers   100138a6 f   LIBCMT:winapisupp.obj
 0001:00012b31       ___crtSleep                10013b31 f   LIBCMT:winapisupp.obj
 0001:00012b3f       ___crtTerminateProcess     10013b3f f   LIBCMT:winapisupp.obj
 0001:00012b54       ___crtUnhandledException   10013b54 f   LIBCMT:winapisupp.obj
 0001:00012b6a       __RTC_Initialize           10013b6a f   LIBCMT:initsect.obj
 0001:00012b8a       __RTC_Terminate            10013b8a f   LIBCMT:initsect.obj
 0001:00012bb0       _strlen                    10013bb0 f   LIBCMT:strlen.obj
 0001:00012cdd       __input_l                  10013cdd f   LIBCMT:input.obj
 0001:00013e5a       __fltin2                   10014e5a f   LIBCMT:cfin.obj
 0001:00013f01       ___strgtold12_l            10014f01 f   LIBCMT:strgtold.obj
 0001:000146a9       ___addlocaleref            100156a9 f   LIBCMT:localref.obj
 0001:0001473e       ___freetlocinfo            1001573e f   LIBCMT:localref.obj
 0001:00014898       ___removelocaleref         10015898 f   LIBCMT:localref.obj
 0001:00014938       ___updatetlocinfo          10015938 f   LIBCMT:localref.obj
 0001:000149b8       __updatetlocinfoEx_nolock  100159b8 f   LIBCMT:localref.obj
 0001:00014a03       ___initmbctable            10015a03 f   LIBCMT:mbctype.obj
 0001:00014cba       ___updatetmbcinfo          10015cba f   LIBCMT:mbctype.obj
 0001:00014d60       __setmbcp                  10015d60 f   LIBCMT:mbctype.obj
 0001:00014f08       __setmbcp_nolock           10015f08 f   LIBCMT:mbctype.obj
 0001:000150f3       __isctype_l                100160f3 f   LIBCMT:isctype.obj
 0001:000151a4       @__security_check_cookie@4 100161a4 f   LIBCMT:secchk.obj
 0001:000151b3       __flsbuf                   100161b3 f   LIBCMT:_flsbuf.obj
 0001:00015302       __isleadbyte_l             10016302 f i LIBCMT:_wctype.obj
 0001:0001533c       _isleadbyte                1001633c f i LIBCMT:_wctype.obj
 0001:00015551       ___crtLCMapStringA         10016551 f   LIBCMT:a_map.obj
 0001:00015597       __freea                    10016597 f i LIBCMT:a_map.obj
 0001:000155b5       __locterm                  100165b5 f   LIBCMT:wsetloca.obj
 0001:00015607       __VEC_memset               10016607 f   LIBCMT:p4_memset.obj
 0001:000156cf       ___crt_atoflt_l            100166cf f   LIBCMT:atodbl.obj
 0001:00015773       __atodbl_l                 10016773 f   LIBCMT:atodbl.obj
 0001:00015801       __atoflt_l                 10016801 f   LIBCMT:atodbl.obj
 0001:00015820       __aulldvrm                 10016820 f   LIBCMT:ulldvrm.obj
 0001:000158c0       ___libm_error_support      100168c0 f   LIBCMT:libm_error.obj
 0001:00015ba8       __sse2_mathfcns_init       10016ba8 f   LIBCMT:mathfcns.obj
 0001:00015bb7       __floor_default            10016bb7 f   LIBCMT:floor.obj
 0001:00015c90       __CIpow_pentium4           10016c90 f   LIBCMT:pow_pentium4.obj
 0001:00015ca9       __pow_pentium4             10016ca9     LIBCMT:pow_pentium4.obj
 0001:00016801       __fFEXP                    10017801     LIBCMT:87tran.obj
 0001:00016858       __rtinfpopse               10017858     LIBCMT:87tran.obj
 0001:0001685a       __rtinfnpopse              1001785a     LIBCMT:87tran.obj
 0001:0001686a       __fFLN                     1001786a     LIBCMT:87tran.obj
 0001:0001691f       __rtinfpop                 1001791f     LIBCMT:87tran.obj
 0001:00016921       __rtinfnpop                10017921     LIBCMT:87tran.obj
 0001:0001693e       __ffexpm1                  1001793e     LIBCMT:87tran.obj
 0001:000169f0       __startTwoArgErrorHandling 100179f0 f   LIBCMT:genexcep.obj
 0001:00016a07       __startOneArgErrorHandling 10017a07 f   LIBCMT:genexcep.obj
 0001:00016a50       __twoToTOS                 10017a50 f   LIBCMT:common.obj
 0001:00016a65       __load_CW                  10017a65 f   LIBCMT:common.obj
 0001:00016a7c       __convertTOStoQNaN         10017a7c f   LIBCMT:common.obj
 0001:00016a95       __fload_withFB             10017a95 f   LIBCMT:common.obj
 0001:00016ad8       __checkTOS_withFB          10017ad8 f   LIBCMT:common.obj
 0001:00016aee       __fast_exit                10017aee f   LIBCMT:common.obj
 0001:00016afb       __math_exit                10017afb f   LIBCMT:common.obj
 0001:00016b25       __check_overflow_exit      10017b25 f   LIBCMT:common.obj
 0001:00016b39       __check_range_exit         10017b39 f   LIBCMT:common.obj
 0001:00016bdc       __d_inttype                10017bdc f   LIBCMT:powhlp.obj
 0001:00016c44       __powhlp                   10017c44 f   LIBCMT:powhlp.obj
 0001:00016d80       __CIacos_pentium4          10017d80 f   LIBCMT:acos_pentium4.obj
 0001:00016d98       __acos_pentium4            10017d98     LIBCMT:acos_pentium4.obj
 0001:000172e0       _cos                       100182e0 f   LIBCMT:cos.obj
 0001:00017320       __CIcos                    10018320 f   LIBCMT:cos.obj
 0001:0001735b       __CIcos_default            1001835b f   LIBCMT:cos.obj
 0001:0001736f       __cos_default              1001836f     LIBCMT:cos.obj
 0001:00017410       _sin                       10018410 f   LIBCMT:sin.obj
 0001:00017450       __CIsin                    10018450 f   LIBCMT:sin.obj
 0001:0001748b       __CIsin_default            1001848b f   LIBCMT:sin.obj
 0001:0001749f       __sin_default              1001849f     LIBCMT:sin.obj
 0001:00017540       _tan                       10018540 f   LIBCMT:tan.obj
 0001:00017580       __CItan                    10018580 f   LIBCMT:tan.obj
 0001:000175bb       __CItan_default            100185bb f   LIBCMT:tan.obj
 0001:000175cf       __tan_default              100185cf     LIBCMT:tan.obj
 0001:00017670       __CIasin_pentium4          10018670 f   LIBCMT:asin_pentium4.obj
 0001:00017688       __asin_pentium4            10018688     LIBCMT:asin_pentium4.obj
 0001:00017bf0       __lock                     10018bf0 f   LIBCMT:mlock.obj
 0001:00017c24       __mtdeletelocks            10018c24 f   LIBCMT:mlock.obj
 0001:00017c78       __mtinitlocknum            10018c78 f   LIBCMT:mlock.obj
 0001:00017d21       __mtinitlocks              10018d21 f   LIBCMT:mlock.obj
 0001:00017d5a       __unlock                   10018d5a f   LIBCMT:mlock.obj
 0001:00017d6f       __FF_MSGBANNER             10018d6f f   LIBCMT:crt0msg.obj
 0001:00017da8       __GET_RTERRMSG             10018da8 f   LIBCMT:crt0msg.obj
 0001:00017dcc       __NMSG_WRITE               10018dcc f   LIBCMT:crt0msg.obj
 0001:00017f90       __FindPESection            10018f90 f   LIBCMT:pesect.obj
 0001:00017ff0       __IsNonwritableInCurrentImage 10018ff0 f   LIBCMT:pesect.obj
 0001:000180b0       __ValidateImageBase        100190b0 f   LIBCMT:pesect.obj
 0001:000180e1       ?terminate@@YAXXZ          100190e1 f   LIBCMT:hooks.obj
 0001:00018115       __initp_eh_hooks           10019115 f   LIBCMT:hooks.obj
 0001:00018126       ___get_sigabrt             10019126 f   LIBCMT:winsig.obj
 0001:00018133       __initp_misc_winsig        10019133 f   LIBCMT:winsig.obj
 0001:0001814f       _raise                     1001914f f   LIBCMT:winsig.obj
 0001:00018344       __initp_misc_rand_s        10019344 f   LIBCMT:rand_s.obj
 0001:00018351       _realloc                   10019351 f   LIBCMT:realloc.obj
 0001:000183fc       __recalloc                 100193fc f   LIBCMT:recalloc.obj
 0001:00018465       __calloc_impl              10019465 f   LIBCMT:calloc_impl.obj
 0001:000184e0       __local_unwind4            100194e0 f   LIBCMT:exsup4.obj
 0001:000185b6       __seh_longjmp_unwind4@4    100195b6 f   LIBCMT:exsup4.obj
 0001:000185d2       @_EH4_CallFilterFunc@8     100195d2 f   LIBCMT:exsup4.obj
 0001:000185e9       @_EH4_TransferToHandler@8  100195e9 f   LIBCMT:exsup4.obj
 0001:00018602       @_EH4_GlobalUnwind2@8      10019602 f   LIBCMT:exsup4.obj
 0001:0001861b       @_EH4_LocalUnwind@16       1001961b f   LIBCMT:exsup4.obj
 0001:00018632       __87except                 10019632 f   LIBCMT:87except.obj
 0001:0001873b       __isdigit_l                1001973b f i LIBCMT:_ctype.obj
 0001:0001878d       __isspace_l                1001978d f i LIBCMT:_ctype.obj
 0001:000187df       __isxdigit_l               100197df f i LIBCMT:_ctype.obj
 0001:00018837       _isdigit                   10019837 f i LIBCMT:_ctype.obj
 0001:00018862       _isspace                   10019862 f i LIBCMT:_ctype.obj
 0001:0001888d       _isxdigit                  1001988d f i LIBCMT:_ctype.obj
 0001:000188ba       _strcpy_s                  100198ba f   LIBCMT:strcpy_s.obj
 0001:00018910       _strrchr                   10019910 f   LIBCMT:strrchr.obj
 0001:00018a47       __fptostr                  10019a47 f   LIBCMT:_fptostr.obj
 0001:00018af7       ___dtold                   10019af7 f   LIBCMT:cfout.obj
 0001:00018bbf       __fltout2                  10019bbf f   LIBCMT:cfout.obj
 0001:00018c50       __alldvrm                  10019c50 f   LIBCMT:lldvrm.obj
 0001:00018d30       __aullshr                  10019d30 f   LIBCMT:ullshr.obj
 0001:00018d4f       __controlfp_s              10019d4f f   LIBCMT:contrlfp.obj
 0001:00018dac       __fptrap                   10019dac f   LIBCMT:crt0fp.obj
 0001:00018db5       _GetTableIndexFromLocaleName 10019db5 f   LIBCMT:winapinls.obj
 0001:00018e03       ___crtDownlevelLocaleNameToLCID 10019e03 f   LIBCMT:winapinls.obj
 0001:00018e2d       ___crtLCMapStringEx        10019e2d f   LIBCMT:winapinls.obj
 0001:00018e79       ___wcsnicmp_ascii          10019e79 f   LIBCMT:winapinls.obj
 0001:00018ee7       __crt_debugger_hook        10019ee7 f   LIBCMT:dbghook.obj
 0001:00018eef       __fcloseall                10019eef f   LIBCMT:closeall.obj
 0001:00018f8c       __fflush_nolock            10019f8c f   LIBCMT:fflush.obj
 0001:00018fd2       __flush                    10019fd2 f   LIBCMT:fflush.obj
 0001:00019036       __flushall                 1001a036 f   LIBCMT:fflush.obj
 0001:00019123       __fileno                   1001a123 f   LIBCMT:fileno.obj
 0001:00019147       __isatty                   1001a147 f   LIBCMT:isatty.obj
 0001:0001919b       __wctomb_s_l               1001a19b f   LIBCMT:wctomb.obj
 0001:000192bf       _wctomb_s                  1001a2bf f   LIBCMT:wctomb.obj
 0001:00019334       __ismbblead                1001a334 f   LIBCMT:ismbbyte.obj
 0001:0001934a       __filbuf                   1001a34a f   LIBCMT:_filbuf.obj
 0001:0001946b       __ungetc_nolock            1001a46b f   LIBCMT:ungetc.obj
 0001:0001954b       __mbtowc_l                 1001a54b f   LIBCMT:mbtowc.obj
 0001:00019640       _mbtowc                    1001a640 f   LIBCMT:mbtowc.obj
 0001:00019658       __ld12tod                  1001a658 f   LIBCMT:intrncvt.obj
 0001:00019bca       __ld12tof                  1001abca f   LIBCMT:intrncvt.obj
 0001:0001a13c       ___mtold12                 1001b13c f   LIBCMT:mantold.obj
 0001:0001a31c       ___free_lconv_mon          1001b31c f   LIBCMT:initmon.obj
 0001:0001a418       ___free_lconv_num          1001b418 f   LIBCMT:initnum.obj
 0001:0001a47f       ___free_lc_time            1001b47f f   LIBCMT:inittime.obj
 0001:0001a8f7       ___crtGetStringTypeA       1001b8f7 f   LIBCMT:a_str.obj
 0001:0001a937       ___raise_securityfailure   1001b937 f   LIBCMT:gs_report.obj
 0001:0001a974       ___report_gsfailure        1001b974 f   LIBCMT:gs_report.obj
 0001:0001aa6f       __write                    1001ba6f f   LIBCMT:write.obj
 0001:0001ab5e       __write_nolock             1001bb5e f   LIBCMT:write.obj
 0001:0001b3c3       __lseeki64                 1001c3c3 f   LIBCMT:lseeki64.obj
 0001:0001b4bf       __lseeki64_nolock          1001c4bf f   LIBCMT:lseeki64.obj
 0001:0001b532       __getbuf                   1001c532 f   LIBCMT:_getbuf.obj
 0001:0001b578       _wcscat_s                  1001c578 f   LIBCMT:wcscat_s.obj
 0001:0001b5e4       _wcscpy_s                  1001c5e4 f   LIBCMT:wcscpy_s.obj
 0001:0001b640       _wcslen                    1001c640 f   LIBCMT:wcslen.obj
 0001:0001b659       _wcsncpy_s                 1001c659 f   LIBCMT:wcsncpy_s.obj
 0001:0001b717       __frnd                     1001c717 f   LIBCMT:frnd.obj
 0001:0001b72b       __fpclass                  1001c72b f   LIBCMT:ieeemisc.obj
 0001:0001b7d0       __CIcos_pentium4           1001c7d0 f   LIBCMT:cos_pentium4.obj
 0001:0001b7e8       __cos_pentium4             1001c7e8     LIBCMT:cos_pentium4.obj
 0001:0001b980       __CIsin_pentium4           1001c980 f   LIBCMT:sin_pentium4.obj
 0001:0001b998       __sin_pentium4             1001c998     LIBCMT:sin_pentium4.obj
 0001:0001bb50       __CItan_pentium4           1001cb50 f   LIBCMT:tan_pentium4.obj
 0001:0001bb68       __tan_pentium4             1001cb68     LIBCMT:tan_pentium4.obj
 0001:0001bdb0       __set_error_mode           1001cdb0 f   LIBCMT:errmode.obj
 0001:0001bdf0       ___crtMessageBoxW          1001cdf0 f   LIBCMT:crtmboxw.obj
 0001:0001bfe0       __global_unwind2           1001cfe0 f   LIBCMT:exsup.obj
 0001:0001c045       __local_unwind2            1001d045 f   LIBCMT:exsup.obj
 0001:0001c0c9       __abnormal_termination     1001d0c9 f   LIBCMT:exsup.obj
 0001:0001c0ec       __NLG_Notify1              1001d0ec f   LIBCMT:exsup.obj
 0001:0001c0f5       __NLG_Notify               1001d0f5 f   LIBCMT:exsup.obj
 0001:0001c10c       __NLG_Dispatch             1001d10c     LIBCMT:exsup.obj
 0001:0001c10c       __NLG_Dispatch2            1001d10c     LIBCMT:exsup.obj
 0001:0001c114       __NLG_Call                 1001d114 f   LIBCMT:exsup.obj
 0001:0001c116       __NLG_Return2              1001d116     LIBCMT:exsup.obj
 0001:0001c117       _$I10_OUTPUT               1001d117 f   LIBCMT:x10fout.obj
 0001:0001cb94       __control87                1001db94 f i LIBCMT:ieee87.obj
 0001:0001cf2d       __fclose_nolock            1001df2d f   LIBCMT:fclose.obj
 0001:0001cf99       _fclose                    1001df99 f   LIBCMT:fclose.obj
 0001:0001d010       __commit                   1001e010 f   LIBCMT:commit.obj
 0001:0001d0f9       __read                     1001e0f9 f   LIBCMT:read.obj
 0001:0001d20d       __read_nolock              1001e20d f   LIBCMT:read.obj
 0001:0001d99e       ___lock_fhandle            1001e99e f   LIBCMT:osfinfo.obj
 0001:0001da2c       __free_osfhnd              1001ea2c f   LIBCMT:osfinfo.obj
 0001:0001dab2       __get_osfhandle            1001eab2 f   LIBCMT:osfinfo.obj
 0001:0001db19       __unlock_fhandle           1001eb19 f   LIBCMT:osfinfo.obj
 0001:0001db3f       __putwch_nolock            1001eb3f f   LIBCMT:putwch.obj
 0001:0001db82       __close                    1001eb82 f   LIBCMT:close.obj
 0001:0001dc5d       __close_nolock             1001ec5d f   LIBCMT:close.obj
 0001:0001dcf7       __freebuf                  1001ecf7 f   LIBCMT:_freebuf.obj
 0001:0001dd27       ___termconout              1001ed27 f   LIBCMT:initcon.obj
 0001:0001dd3e       ___initconout              1001ed3e f   LIBCMT:initcon.obj
 0001:0001dd5e       _IsProcessorFeaturePresent@4 1001ed5e f   kernel32:KERNEL32.dll
 0001:0001dd64       _RtlUnwind@16              1001ed64 f   kernel32:KERNEL32.dll
 0002:00000000       __imp__MultiByteToWideChar@24 10020000     kernel32:KERNEL32.dll
 0002:00000004       __imp__WideCharToMultiByte@32 10020004     kernel32:KERNEL32.dll
 0002:00000008       __imp__GetProcAddress@8    10020008     kernel32:KERNEL32.dll
 0002:0000000c       __imp__GetCurrentProcessId@0 1002000c     kernel32:KERNEL32.dll
 0002:00000010       __imp__CloseHandle@4       10020010     kernel32:KERNEL32.dll
 0002:00000014       __imp__WriteConsoleW@20    10020014     kernel32:KERNEL32.dll
 0002:00000018       __imp__SetStdHandle@8      10020018     kernel32:KERNEL32.dll
 0002:0000001c       __imp__ReadConsoleW@20     1002001c     kernel32:KERNEL32.dll
 0002:00000020       __imp__ReadFile@20         10020020     kernel32:KERNEL32.dll
 0002:00000024       __imp__FlushFileBuffers@4  10020024     kernel32:KERNEL32.dll
 0002:00000028       __imp__OutputDebugStringW@4 10020028     kernel32:KERNEL32.dll
 0002:0000002c       __imp__SetFilePointerEx@20 1002002c     kernel32:KERNEL32.dll
 0002:00000030       __imp__GetConsoleMode@8    10020030     kernel32:KERNEL32.dll
 0002:00000034       __imp__GetConsoleCP@0      10020034     kernel32:KERNEL32.dll
 0002:00000038       __imp__GetStringTypeW@16   10020038     kernel32:KERNEL32.dll
 0002:0000003c       __imp__LCMapStringW@24     1002003c     kernel32:KERNEL32.dll
 0002:00000040       __imp__EncodePointer@4     10020040     kernel32:KERNEL32.dll
 0002:00000044       __imp__DecodePointer@4     10020044     kernel32:KERNEL32.dll
 0002:00000048       __imp__GetCommandLineA@0   10020048     kernel32:KERNEL32.dll
 0002:0000004c       __imp__GetCurrentThreadId@0 1002004c     kernel32:KERNEL32.dll
 0002:00000050       __imp__GetLastError@0      10020050     kernel32:KERNEL32.dll
 0002:00000054       __imp__ExitProcess@4       10020054     kernel32:KERNEL32.dll
 0002:00000058       __imp__GetModuleHandleExW@12 10020058     kernel32:KERNEL32.dll
 0002:0000005c       __imp__HeapSize@12         1002005c     kernel32:KERNEL32.dll
 0002:00000060       __imp__RaiseException@16   10020060     kernel32:KERNEL32.dll
 0002:00000064       __imp__IsProcessorFeaturePresent@4 10020064     kernel32:KERNEL32.dll
 0002:00000068       __imp__IsDebuggerPresent@0 10020068     kernel32:KERNEL32.dll
 0002:0000006c       __imp__EnterCriticalSection@4 1002006c     kernel32:KERNEL32.dll
 0002:00000070       __imp__LeaveCriticalSection@4 10020070     kernel32:KERNEL32.dll
 0002:00000074       __imp__HeapAlloc@12        10020074     kernel32:KERNEL32.dll
 0002:00000078       __imp__HeapFree@12         10020078     kernel32:KERNEL32.dll
 0002:0000007c       __imp__SetLastError@4      1002007c     kernel32:KERNEL32.dll
 0002:00000080       __imp__GetProcessHeap@0    10020080     kernel32:KERNEL32.dll
 0002:00000084       __imp__GetStdHandle@4      10020084     kernel32:KERNEL32.dll
 0002:00000088       __imp__GetFileType@4       10020088     kernel32:KERNEL32.dll
 0002:0000008c       __imp__DeleteCriticalSection@4 1002008c     kernel32:KERNEL32.dll
 0002:00000090       __imp__GetStartupInfoW@4   10020090     kernel32:KERNEL32.dll
 0002:00000094       __imp__GetModuleFileNameA@12 10020094     kernel32:KERNEL32.dll
 0002:00000098       __imp__QueryPerformanceCounter@4 10020098     kernel32:KERNEL32.dll
 0002:0000009c       __imp__GetSystemTimeAsFileTime@4 1002009c     kernel32:KERNEL32.dll
 0002:000000a0       __imp__GetEnvironmentStringsW@0 100200a0     kernel32:KERNEL32.dll
 0002:000000a4       __imp__FreeEnvironmentStringsW@4 100200a4     kernel32:KERNEL32.dll
 0002:000000a8       __imp__UnhandledExceptionFilter@4 100200a8     kernel32:KERNEL32.dll
 0002:000000ac       __imp__SetUnhandledExceptionFilter@4 100200ac     kernel32:KERNEL32.dll
 0002:000000b0       __imp__InitializeCriticalSectionAndSpinCount@8 100200b0     kernel32:KERNEL32.dll
 0002:000000b4       __imp__Sleep@4             100200b4     kernel32:KERNEL32.dll
 0002:000000b8       __imp__GetCurrentProcess@0 100200b8     kernel32:KERNEL32.dll
 0002:000000bc       __imp__TerminateProcess@8  100200bc     kernel32:KERNEL32.dll
 0002:000000c0       __imp__TlsAlloc@0          100200c0     kernel32:KERNEL32.dll
 0002:000000c4       __imp__TlsGetValue@4       100200c4     kernel32:KERNEL32.dll
 0002:000000c8       __imp__TlsSetValue@8       100200c8     kernel32:KERNEL32.dll
 0002:000000cc       __imp__TlsFree@4           100200cc     kernel32:KERNEL32.dll
 0002:000000d0       __imp__GetModuleHandleW@4  100200d0     kernel32:KERNEL32.dll
 0002:000000d4       __imp__IsValidCodePage@4   100200d4     kernel32:KERNEL32.dll
 0002:000000d8       __imp__GetACP@0            100200d8     kernel32:KERNEL32.dll
 0002:000000dc       __imp__GetOEMCP@0          100200dc     kernel32:KERNEL32.dll
 0002:000000e0       __imp__GetCPInfo@8         100200e0     kernel32:KERNEL32.dll
 0002:000000e4       __imp__WriteFile@20        100200e4     kernel32:KERNEL32.dll
 0002:000000e8       __imp__GetModuleFileNameW@12 100200e8     kernel32:KERNEL32.dll
 0002:000000ec       __imp__LoadLibraryExW@12   100200ec     kernel32:KERNEL32.dll
 0002:000000f0       __imp__HeapReAlloc@16      100200f0     kernel32:KERNEL32.dll
 0002:000000f4       __imp__RtlUnwind@16        100200f4     kernel32:KERNEL32.dll
 0002:000000f8       __imp__CreateFileW@28      100200f8     kernel32:KERNEL32.dll
 0002:000000fc       \177KERNEL32_NULL_THUNK_DATA 100200fc     kernel32:KERNEL32.dll
 0002:00000100       __imp__GetCPUInformation   10020100     tier0:tier0.dll
 0002:00000104       __imp___AssertValidReadPtr 10020104     tier0:tier0.dll
 0002:00000108       __imp___AssertValidWritePtr 10020108     tier0:tier0.dll
 0002:0000010c       __imp__Error               1002010c     tier0:tier0.dll
 0002:00000110       __imp__AssertValidStringPtr 10020110     tier0:tier0.dll
 0002:00000114       __imp__Warning             10020114     tier0:tier0.dll
 0002:00000118       __imp__g_pMemAlloc         10020118     tier0:tier0.dll
 0002:0000011c       \177tier0_NULL_THUNK_DATA  1002011c     tier0:tier0.dll
 0002:00000120       ___xc_a                    10020120     LIBCMT:crt0init.obj
 0002:000002d8       ___xc_z                    100202d8     LIBCMT:crt0init.obj
 0002:000002dc       ___xi_a                    100202dc     LIBCMT:crt0init.obj
 0002:000002f4       ___xi_z                    100202f4     LIBCMT:crt0init.obj
 0002:000002f8       ___xp_a                    100202f8     LIBCMT:crt0init.obj
 0002:00000308       ___xp_z                    10020308     LIBCMT:crt0init.obj
 0002:0000030c       ___xt_a                    1002030c     LIBCMT:crt0init.obj
 0002:00000310       ___xt_z                    10020310     LIBCMT:crt0init.obj
 0002:00000380       ??_C@_01GBGANLPD@0?$AA@    10020380     BaseVSShader.obj
 0002:00000384       ??_C@_0P@EDPJKOMO@mat_fullbright?$AA@ 10020384     BaseVSShader.obj
 0002:00000394       __real@3f000000            10020394     BaseVSShader.obj
[...]
 0003:00002f7c       _UNSPECIFIED_LOGGING_COLOR 1003ff7c     debug_shadow.obj
 0003:00002f80       _s_ShaderInstance          1003ff80     debug_shadow.obj
 0003:00002f84       _s_ShaderParams            1003ff84     debug_shadow.obj
 0003:00002f98       _vec2_origin               1003ff98     debug_shadow.obj
 0003:00002fa0       _vec4_origin               1003ffa0     debug_shadow.obj
 0003:00002fb0       _s_nFlags                  1003ffb0     deferred_brush.obj
 0003:00002fb4       _BUMPMAP3                  1003ffb4     deferred_brush.obj
 0003:00002fcc       _BASETEXTURE4              1003ffcc     deferred_brush.obj
 0003:00002fe4       _BUMPMAP2                  1003ffe4     deferred_brush.obj
 0003:00002ffc       _ALPHATESTREFERENCE        1003fffc     deferred_brush.obj
 0003:00003014       _ENVMAPCONTRAST            10040014     deferred_brush.obj
 0003:0000302c       _SELFILLUMTINT             1004002c     deferred_brush.obj
 0003:00003044       _PHONG_EXP                 10040044     deferred_brush.obj
 0003:0000305c       _PHONG_EXP2                1004005c     deferred_brush.obj
 0003:00003074       _PHONG_MAP                 10040074     deferred_brush.obj
 0003:0000308c       _SELFILLUMMASK             1004008c     deferred_brush.obj
 0003:000030a4       _BLENDMODULATETEXTURE3     100400a4     deferred_brush.obj
 0003:000030bc       _ENVMAP                    100400bc     deferred_brush.obj
 0003:000030d4       _UNSPECIFIED_LOGGING_COLOR 100400d4     deferred_brush.obj
 0003:000030d8       _ENVMAPMASK2               100400d8     deferred_brush.obj
 0003:000030f0       _BASETEXTURE3              100400f0     deferred_brush.obj
 0003:00003108       _MULTIBLEND                10040108     deferred_brush.obj
 0003:00003120       _SELFILLUM_ENVMAPMASK_ALPHA 10040120     deferred_brush.obj
 0003:00003138       _BLENDMODULATETEXTURE2     10040138     deferred_brush.obj
 0003:00003150       _ENVMAPMASK                10040150     deferred_brush.obj
 0003:00003168       _s_ShaderInstance          10040168     deferred_brush.obj
 0003:0000316c       _s_ShaderParams            1004016c     deferred_brush.obj
 0003:00003180       _BLENDMASKTRANSFORM2       10040180     deferred_brush.obj
 0003:00003198       _LITFACE                   10040198     deferred_brush.obj
 0003:000031b0       _BLENDMASKTRANSFORM        100401b0     deferred_brush.obj
 0003:000031c8       _FRESNELRANGES             100401c8     deferred_brush.obj
 0003:000031e0       _SSBUMP                    100401e0     deferred_brush.obj
 0003:000031f8       _BUMPMAP                   100401f8     deferred_brush.obj
 0003:00003210       _ENVMAPTINT                10040210     deferred_brush.obj
 0003:00003228       _BLENDMASKTRANSFORM3       10040228     deferred_brush.obj
 0003:00003240       _BLENDMODULATETEXTURE      10040240     deferred_brush.obj
 0003:00003258       _BASETEXTURE2              10040258     deferred_brush.obj
 0003:00003270       _ENVMAPSATURATION          10040270     deferred_brush.obj
 0003:00003288       _BUMPMAP4                  10040288     deferred_brush.obj
 0003:000032a0       _SELFILLUMFRESNEL          100402a0     deferred_brush.obj
 0003:000032b8       _PHONG_FRESNEL             100402b8     deferred_brush.obj
 0003:000032d0       _PHONG_SCALE               100402d0     deferred_brush.obj
 0003:000032e8       _vec2_origin               100402e8     deferred_brush.obj
 0003:000032f0       _vec4_origin               100402f0     deferred_brush.obj
 0003:00003300       _s_nFlags                  10040300     deferred_decalModulate.obj
 0003:00003304       _UNSPECIFIED_LOGGING_COLOR 10040304     deferred_decalModulate.obj
 0003:00003308       _FOGEXPONENT               10040308     deferred_decalModulate.obj
 0003:00003320       _FOGSCALE                  10040320     deferred_decalModulate.obj
 0003:00003338       _s_ShaderInstance          10040338     deferred_decalModulate.obj
 0003:0000333c       _s_ShaderParams            1004033c     deferred_decalModulate.obj
 0003:00003350       _vec2_origin               10040350     deferred_decalModulate.obj
 0003:00003358       _vec4_origin               10040358     deferred_decalModulate.obj
 0003:00003368       _s_nFlags                  10040368     deferred_model.obj
 0003:0000336c       _ALPHATESTREFERENCE        1004036c     deferred_model.obj
 0003:00003384       _RIMLIGHT_MODULATE_BY_LIGHT 10040384     deferred_model.obj
 0003:0000339c       _ENVMAPCONTRAST            1004039c     deferred_model.obj
 0003:000033b4       _SELFILLUMTINT             100403b4     deferred_model.obj
 0003:000033cc       _PHONG_EXP                 100403cc     deferred_model.obj
 0003:000033e4       _PHONG_MAP                 100403e4     deferred_model.obj
 0003:000033fc       _SELFILLUMMASK             100403fc     deferred_model.obj
 0003:00003414       _RIMLIGHTTINT              10040414     deferred_model.obj
 0003:0000342c       _ENVMAP                    1004042c     deferred_model.obj
 0003:00003444       _RIMLIGHT                  10040444     deferred_model.obj
 0003:0000345c       _UNSPECIFIED_LOGGING_COLOR 1004045c     deferred_model.obj
 0003:00003460       _SELFILLUM_ENVMAPMASK_ALPHA 10040460     deferred_model.obj
 0003:00003478       _ENVMAPMASK                10040478     deferred_model.obj
 0003:00003490       _s_ShaderInstance          10040490     deferred_model.obj
 0003:00003494       _RIMLIGHTALBEDOSCALE       10040494     deferred_model.obj
 0003:000034ac       _s_ShaderParams            100404ac     deferred_model.obj
 0003:000034c0       _LITFACE                   100404c0     deferred_model.obj
 0003:000034d8       _FRESNELRANGES             100404d8     deferred_model.obj
 0003:000034f0       _BUMPMAP                   100404f0     deferred_model.obj
 0003:00003508       _ENVMAPTINT                10040508     deferred_model.obj
 0003:00003520       _ENVMAPFRESNEL             10040520     deferred_model.obj
 0003:00003538       _ENVMAPSATURATION          10040538     deferred_model.obj
 0003:00003550       _RIMLIGHTEXPONENT          10040550     deferred_model.obj
 0003:00003568       _SELFILLUMFRESNEL          10040568     deferred_model.obj
 0003:00003580       _PHONG_FRESNEL             10040580     deferred_model.obj
 0003:00003598       _PHONG_SCALE               10040598     deferred_model.obj
 0003:000035b0       _vec2_origin               100405b0     deferred_model.obj
 0003:000035b8       _vec4_origin               100405b8     deferred_model.obj
 0003:00003620       _UNSPECIFIED_LOGGING_COLOR 10040620     deferred_utility.obj
 0003:00003624       _vec2_origin               10040624     deferred_utility.obj
 0003:0000362c       _vec4_origin               1004062c     deferred_utility.obj
 0003:00003640       _UNSPECIFIED_LOGGING_COLOR 10040640     defpass_composite.obj
 0003:000036a0       _vec2_origin               100406a0     defpass_composite.obj
 0003:000036a8       _vec4_origin               100406a8     defpass_composite.obj
 0003:000036b8       _UNSPECIFIED_LOGGING_COLOR 100406b8     defpass_gbuffer.obj
 0003:000036bc       _vec2_origin               100406bc     defpass_gbuffer.obj
 0003:000036c4       _vec4_origin               100406c4     defpass_gbuffer.obj
 0003:000036d4       _UNSPECIFIED_LOGGING_COLOR 100406d4     defpass_shadow.obj
 0003:000036d8       _vec2_origin               100406d8     defpass_shadow.obj
 0003:000036e0       _vec4_origin               100406e0     defpass_shadow.obj
 0003:00003a48       ___g_CreateCDeferredExtensionIDeferredExtension_reg 10040a48     IDeferredExt.obj
 0003:00003a54       _UNSPECIFIED_LOGGING_COLOR 10040a54     IDeferredExt.obj
 0003:00003a58       _vec2_origin               10040a58     IDeferredExt.obj
 0003:00003a60       _vec4_origin               10040a60     IDeferredExt.obj
 0003:00003a70       ?refRadiosity@?1??IsRadiosityEnabled@CDeferredExtension@@QAE_NXZ@4VConVarRef@@A 10040a70     IDeferredExt.obj
 0003:00003a78       ?$S1@?1??IsRadiosityEnabled@CDeferredExtension@@QAE_NXZ@4IA 10040a78     IDeferredExt.obj
 0003:00003a7c       _s_nFlags                  10040a7c     lighting_global.obj
 0003:00003a80       _UNSPECIFIED_LOGGING_COLOR 10040a80     lighting_global.obj
 0003:00003a84       _s_ShaderInstance          10040a84     lighting_global.obj
 0003:00003a88       _s_ShaderParams            10040a88     lighting_global.obj
 0003:00003a9c       _vec2_origin               10040a9c     lighting_global.obj
 0003:00003aa4       _vec4_origin               10040aa4     lighting_global.obj
 0003:00003ab4       _UNSPECIFIED_LOGGING_COLOR 10040ab4     lighting_pass_basic.obj
 0003:00003ab8       _vec2_origin               10040ab8     lighting_pass_basic.obj
 0003:00003ac0       _vec4_origin               10040ac0     lighting_pass_basic.obj
 0003:00003ad0       _UNSPECIFIED_LOGGING_COLOR 10040ad0     lighting_pass_volum.obj
 0003:00003ad4       _vec2_origin               10040ad4     lighting_pass_volum.obj
 0003:00003adc       _vec4_origin               10040adc     lighting_pass_volum.obj
 0003:00003aec       _s_nFlags                  10040aec     lighting_world.obj
 0003:00003af0       _UNSPECIFIED_LOGGING_COLOR 10040af0     lighting_world.obj
 0003:00003af4       _s_ShaderInstance          10040af4     lighting_world.obj
 0003:00003af8       _LIGHTTYPE                 10040af8     lighting_world.obj
 0003:00003b10       _s_ShaderParams            10040b10     lighting_world.obj
 0003:00003b24       _WORLDPROJECTION           10040b24     lighting_world.obj
 0003:00003b3c       _vec2_origin               10040b3c     lighting_world.obj
 0003:00003b44       _vec4_origin               10040b44     lighting_world.obj
 0003:00003b54       _s_nFlags                  10040b54     lighting_volume.obj
 0003:00003b58       _UNSPECIFIED_LOGGING_COLOR 10040b58     lighting_volume.obj
 0003:00003b5c       _s_ShaderInstance          10040b5c     lighting_volume.obj
 0003:00003b60       _LIGHTTYPE                 10040b60     lighting_volume.obj
 0003:00003b78       _s_ShaderParams            10040b78     lighting_volume.obj
 0003:00003b8c       _WORLDPROJECTION           10040b8c     lighting_volume.obj
 0003:00003ba4       _vec2_origin               10040ba4     lighting_volume.obj
 0003:00003bac       _vec4_origin               10040bac     lighting_volume.obj
 0003:00003bbc       _s_nFlags                  10040bbc     radiosity_blend.obj
 0003:00003bc0       _UNSPECIFIED_LOGGING_COLOR 10040bc0     radiosity_blend.obj
 0003:00003bc4       _s_ShaderInstance          10040bc4     radiosity_blend.obj
 0003:00003bc8       _s_ShaderParams            10040bc8     radiosity_blend.obj
 0003:00003bdc       _vec2_origin               10040bdc     radiosity_blend.obj
 0003:00003be4       _vec4_origin               10040be4     radiosity_blend.obj
 0003:00003bf4       _s_nFlags                  10040bf4     radiosity_global.obj
 0003:00003bf8       _UNSPECIFIED_LOGGING_COLOR 10040bf8     radiosity_global.obj
 0003:00003bfc       _s_ShaderInstance          10040bfc     radiosity_global.obj
 0003:00003c00       _s_ShaderParams            10040c00     radiosity_global.obj
 0003:00003c14       _vec2_origin               10040c14     radiosity_global.obj
 0003:00003c1c       _vec4_origin               10040c1c     radiosity_global.obj
 0003:00003c2c       _s_nFlags                  10040c2c     radiosity_propagate.obj
 0003:00003c30       _UNSPECIFIED_LOGGING_COLOR 10040c30     radiosity_propagate.obj
 0003:00003c34       _NORMALMAP                 10040c34     radiosity_propagate.obj
 0003:00003c4c       _s_ShaderInstance          10040c4c     radiosity_propagate.obj
 0003:00003c50       _s_ShaderParams            10040c50     radiosity_propagate.obj
 0003:00003c64       _BLUR                      10040c64     radiosity_propagate.obj
 0003:00003c7c       _vec2_origin               10040c7c     radiosity_propagate.obj
 0003:00003c84       _vec4_origin               10040c84     radiosity_propagate.obj
 0003:00003c94       _s_nFlags                  10040c94     screenspace_combine.obj
 0003:00003c98       _UNSPECIFIED_LOGGING_COLOR 10040c98     screenspace_combine.obj
 0003:00003c9c       _s_ShaderInstance          10040c9c     screenspace_combine.obj
 0003:00003ca0       _s_ShaderParams            10040ca0     screenspace_combine.obj
 0003:00003cb4       _vec2_origin               10040cb4     screenspace_combine.obj
 0003:00003cbc       _vec4_origin               10040cbc     screenspace_combine.obj
 0003:00003ccc       _s_nFlags                  10040ccc     screenspace_shading.obj
 0003:00003cd0       _UNSPECIFIED_LOGGING_COLOR 10040cd0     screenspace_shading.obj
 0003:00003cd4       _s_ShaderInstance          10040cd4     screenspace_shading.obj
 0003:00003cd8       _s_ShaderParams            10040cd8     screenspace_shading.obj
 0003:00003cec       _vec2_origin               10040cec     screenspace_shading.obj
 0003:00003cf4       _vec4_origin               10040cf4     screenspace_shading.obj
 0003:00003d04       _s_nFlags                  10040d04     volume_blend.obj
 0003:00003d08       _UNSPECIFIED_LOGGING_COLOR 10040d08     volume_blend.obj
 0003:00003d0c       _s_ShaderInstance          10040d0c     volume_blend.obj
 0003:00003d10       _s_ShaderParams            10040d10     volume_blend.obj
 0003:00003d24       _vec2_origin               10040d24     volume_blend.obj
 0003:00003d2c       _vec4_origin               10040d2c     volume_blend.obj
 0003:00003d3c       _s_nFlags                  10040d3c     volume_prepass.obj
 0003:00003d40       _UNSPECIFIED_LOGGING_COLOR 10040d40     volume_prepass.obj
 0003:00003d44       _s_ShaderInstance          10040d44     volume_prepass.obj
 0003:00003d48       _s_ShaderParams            10040d48     volume_prepass.obj
 0003:00003d5c       _vec2_origin               10040d5c     volume_prepass.obj
 0003:00003d64       _vec4_origin               10040d64     volume_prepass.obj
 0003:00003d78       _s_BreakSet                10040d78     tier1:convar.obj
 0003:00003e80       _s_nCVarFlag               10040e80     tier1:convar.obj
 0003:00003e84       _s_bRegistered             10040e84     tier1:convar.obj
 0003:00003e85       _s_bBuiltBreakSet          10040e85     tier1:convar.obj
 0003:00003e88       _vec2_origin               10040e88     tier1:convar.obj
 0003:00003e90       _UNSPECIFIED_LOGGING_COLOR 10040e90     tier1:convar.obj
 0003:00003e94       _vec2_origin               10040e94     tier1:strtools.obj
 0003:00003e9c       _UNSPECIFIED_LOGGING_COLOR 10040e9c     tier1:strtools.obj
 0003:00003ea4       _g_nLoadLibraryError       10040ea4     tier1:interface.obj
 0003:00003ea8       _s_bRunningWithDebugModules 10040ea8     tier1:interface.obj
 0003:00003eac       _UNSPECIFIED_LOGGING_COLOR 10040eac     tier1:interface.obj
 0003:00003eb0       _UNSPECIFIED_LOGGING_COLOR 10040eb0     tier1:utlstring.obj
 0003:00003eb8       _vec2_origin               10040eb8     tier1:utlbuffer.obj
 0003:000048d0       _UNSPECIFIED_LOGGING_COLOR 100418d0     tier1:utlbuffer.obj
 0003:000051e8       _s_pConnectionRegistration 100421e8     interfaces:interfaces.obj
 0003:000053ac       _s_bConnected              100423ac     interfaces:interfaces.obj
 0003:0000547c       _s_nConnectionCount        1004247c     interfaces:interfaces.obj
 0003:00005480       _s_nRegistrationCount      10042480     interfaces:interfaces.obj
 0003:00005484       _UNSPECIFIED_LOGGING_COLOR 10042484     interfaces:interfaces.obj
 0003:00005488       _texturetolinear           10042488     mathlib:color_conversion.obj
 0003:00006888       _g_Mathlib_LinearToGamma   10043888     mathlib:color_conversion.obj
 0003:00006c88       _lineartotexture           10043c88     mathlib:color_conversion.obj
 0003:00007c88       _lineartoscreen            10044c88     mathlib:color_conversion.obj
 0003:00008c88       _g_Mathlib_GammaToLinear   10045c88     mathlib:color_conversion.obj
 0003:0000d088       _texgammatable             1004a088     mathlib:color_conversion.obj
 0003:0000d188       _vec2_origin               1004a188     mathlib:color_conversion.obj
 0003:0000d190       _UNSPECIFIED_LOGGING_COLOR 1004a190     mathlib:color_conversion.obj
 0003:0000d194       _vec2_origin               1004a194     mathlib:vmatrix.obj
 0003:0000d19c       _vec4_origin               1004a19c     mathlib:vmatrix.obj
 0003:0000d1ac       _UNSPECIFIED_LOGGING_COLOR 1004a1ac     mathlib:vmatrix.obj
 0003:0000d5b4       _vec2_origin               1004a5b4     mathlib:mathlib_base.obj
 0003:0000d5d4       _UNSPECIFIED_LOGGING_COLOR 1004a5d4     mathlib:mathlib_base.obj
 0003:0000d5d8       _vec2_origin               1004a5d8     mathlib:sseconst.obj
 0003:0000d5e0       _UNSPECIFIED_LOGGING_COLOR 1004a5e0     mathlib:sseconst.obj
 0003:0000d5f0       _s_SIMDRandContexts        1004a5f0     mathlib:randsse.obj
 0003:000145f0       _s_nRandContextsInUse      100515f0     mathlib:randsse.obj
 0003:00014670       _vec2_origin               10051670     mathlib:randsse.obj
 0003:00014678       _UNSPECIFIED_LOGGING_COLOR 10051678     mathlib:randsse.obj
 0003:00014694       _UNSPECIFIED_LOGGING_COLOR 10051694     shaderlib:BaseShader.obj
 0003:00014698       _mat_fullbright            10051698     shaderlib:BaseShader.obj
 0003:000146fc       _s_bBuildingInstanceCommandBuffer 100516fc     shaderlib:BaseShader.obj
 0003:0001470c       _UNSPECIFIED_LOGGING_COLOR 1005170c     shaderlib:ShaderDLL.obj
 0003:00014710       ___g_CreateIShaderDLLInternal_reg 10051710     shaderlib:ShaderDLL.obj
 0003:0001471c       _s_pShaderDLL              1005171c     shaderlib:ShaderDLL.obj
 0003:00014720       _UNSPECIFIED_LOGGING_COLOR 10051720     shaderlib:shaderlib_cvar.obj
 0003:00014728       ___enable_percent_n        10051728     LIBCMT:printf.obj
 0003:0001472c       ___proc_attached           1005172c     LIBCMT:dllcrt0.obj
 0003:00014774       ___type_info_root_node     10051774     LIBCMT:typname.obj
 0003:000148a0       ?_pgmname@?1??_setargv@@9@9 100518a0     LIBCMT:stdargv.obj
 0003:000149c0       _fSystemSet                100519c0     LIBCMT:mbctype.obj
 0003:000149c8       __pmatherr_set             100519c8     LIBCMT:libm_error.obj
 0003:000149d0       _lclcritsects              100519d0     LIBCMT:mlock.obj
 0003:00014b28       ?outmsg@?9??_NMSG_WRITE@@9@9 10051b28     LIBCMT:crt0msg.obj
 0003:00015154       _ctrlc_action              10052154     LIBCMT:winsig.obj
 0003:00015158       _ctrlbreak_action          10052158     LIBCMT:winsig.obj
 0003:0001515c       _abort_action              1005215c     LIBCMT:winsig.obj
 0003:00015160       _term_action               10052160     LIBCMT:winsig.obj
 0003:00015164       _ConsoleCtrlHandler_Installed 10052164     LIBCMT:winsig.obj
 0003:00015168       _g_pfnRtlGenRandom         10052168     LIBCMT:rand_s.obj
 0003:00015170       ___crtCallProc             10052170     LIBCMT:winapinls.obj
 0003:0001519c       _heap                      1005219c     LIBCMT:undname.obj
 0003:000151c0       _GS_ExceptionRecord        100521c0     LIBCMT:gs_report.obj
 0003:00015210       _GS_ContextRecord          10052210     LIBCMT:gs_report.obj
 0003:000154dc       _DebuggerWasPresent        100524dc     LIBCMT:gs_report.obj
 0003:000154e4       ?pfnMessageBox@?1??__crtMessageBoxW@@9@9 100524e4     LIBCMT:crtmboxw.obj
 0003:000154e8       ?pfnGetActiveWindow@?1??__crtMessageBoxW@@9@9 100524e8     LIBCMT:crtmboxw.obj
 0003:000154ec       ?pfnGetLastActivePopup@?1??__crtMessageBoxW@@9@9 100524ec     LIBCMT:crtmboxw.obj
 0003:000154f0       ?pfnGetProcessWindowStation@?1??__crtMessageBoxW@@9@9 100524f0     LIBCMT:crtmboxw.obj
 0003:000154f4       ?pfnGetUserObjectInformation@?1??__crtMessageBoxW@@9@9 100524f4     LIBCMT:crtmboxw.obj
 0003:000154f8       _vec2_origin               100524f8     tier1:tier1.obj
 0003:00015500       _UNSPECIFIED_LOGGING_COLOR 10052500     tier1:tier1.obj
