 game_shader_dx9

 Timestamp is 6665c8bc (Sun Jun 09 11:22:36 2024)

 Preferred load address is 10000000

 Start         Length     Name                   Class
 0001:00000000 0004a9c2H .textbss                DATA
 0002:00000000 0009997dH .text                   CODE
 0002:00099980 0000112dH .text$x                 CODE
 0002:0009aab0 000024c9H .text$yc                CODE
 0002:0009cf80 000012d3H .text$yd                CODE
 0003:00000000 00000104H .CRT$XCA                DATA
 0003:00000104 000001e7H .CRT$XCU                DATA
 0003:000002ec 00000104H .CRT$XCZ                DATA
 0003:000003f0 00000104H .CRT$XIA                DATA
 0003:000004f4 00000118H .CRT$XIC                DATA
 0003:0000060c 00000104H .CRT$XIZ                DATA
 0003:00000710 00000104H .CRT$XPA                DATA
 0003:00000814 00000109H .CRT$XPX                DATA
 0003:00000920 00000104H .CRT$XPXA               DATA
 0003:00000a24 00000104H .CRT$XPZ                DATA
 0003:00000b28 00000104H .CRT$XTA                DATA
 0003:00000c2c 00000104H .CRT$XTZ                DATA
 0003:00000d30 0002a373H .rdata                  DATA
 0003:0002b0a4 00000184H .rdata$debug            DATA
 0003:0002b228 00000c28H .rdata$r                DATA
 0003:0002be50 00000104H .rtc$IAA                DATA
 0003:0002bf54 0000010eH .rtc$IMZ                DATA
 0003:0002c064 00000104H .rtc$IZZ                DATA
 0003:0002c168 00000104H .rtc$TAA                DATA
 0003:0002c26c 0000010eH .rtc$TMZ                DATA
 0003:0002c37c 00000104H .rtc$TZZ                DATA
 0003:0002c480 0000105aH .xdata$x                DATA
 0003:0002d4e0 0000017bH .edata                  DATA
 0004:00000000 000028bdH .data                   DATA
 0004:000028c0 00016e1cH .bss                    DATA
 0005:00000000 00000028H .idata$2                DATA
 0005:00000028 00000014H .idata$3                DATA
 0005:0000003c 00000278H .idata$4                DATA
 0005:000002b4 00000278H .idata$5                DATA
 0005:0000052c 00000a87H .idata$6                DATA

  Address         Publics by Value              Rva+Base       Lib:Object

 0000:00000000       ___safe_se_handler_count   00000000     <absolute>
 0000:00000000       __except_list              00000000     <absolute>
 0000:00000000       ___safe_se_handler_table   00000000     <absolute>
 0000:00000000       ___ImageBase               10000000     <linker-defined>
 0001:00000000       __enc$textbss$begin        10001000     <linker-defined>
 0001:0004a9c2       __enc$textbss$end          1004b9c2     <linker-defined>
 0002:00005b60       _DllMain@12                10051b60 f   shader_dll_verify.obj
 0002:00005bb0       __ftol3                    10051bb0 f   shader_dll_verify.obj
 0002:00005c60       ?Function1@CShaderDLLVerification@@UAEKPAE@Z 10051c60 f   shader_dll_verify.obj
 0002:00005d90       ?Function2@CShaderDLLVerification@@UAEXHHH@Z 10051d90 f   shader_dll_verify.obj
 0002:00005e70       ?Function3@CShaderDLLVerification@@UAEXHHH@Z 10051e70 f   shader_dll_verify.obj
 0002:00005ec0       ?Function4@CShaderDLLVerification@@UAEXHHH@Z 10051ec0 f   shader_dll_verify.obj
 0002:00005f10       ?Function5@CShaderDLLVerification@@UAEKXZ 10051f10 f   shader_dll_verify.obj
 0002:00005f50       ??0CShaderDLLVerification@@QAE@XZ 10051f50 f i shader_dll_verify.obj
 0002:00005fb0       ??0IShaderDLLVerification@@QAE@XZ 10051fb0 f i shader_dll_verify.obj
 0002:00006000       ??_H@YGXPAXIHP6EPAX0@Z@Z   10052000 f i pbr_dx9.obj
 0002:00006070       ??0Color@@QAE@HHHH@Z       10052070 f i pbr_dx9.obj
 0002:000060e0       ?SetColor@Color@@QAEXHHHH@Z 100520e0 f i pbr_dx9.obj
 0002:00006150       ??0Vector2D@@QAE@MM@Z      10052150 f i pbr_dx9.obj
 0002:000062a0       ?IsValid@Vector2D@@QBE_NXZ 100522a0 f i pbr_dx9.obj
 0002:00006340       ?IsFinite@@YA_NABM@Z       10052340 f i pbr_dx9.obj
 0002:000063b0       ?FloatBits@@YA?BIABM@Z     100523b0 f i pbr_dx9.obj
 0002:00006430       ??0Vector4D@@QAE@MMMM@Z    10052430 f i pbr_dx9.obj
 0002:000065a0       ?IsValid@Vector4D@@QBE_NXZ 100525a0 f i pbr_dx9.obj
 0002:00006680       ??0?$CUtlVector@PAVCShaderParam@PBR@@V?$CUtlMemory@PAVCShaderParam@PBR@@H@@@@QAE@HH@Z 10052680 f i pbr_dx9.obj
 0002:00006700       ?ResetDbgInfo@?$CUtlVector@PAVCShaderParam@PBR@@V?$CUtlMemory@PAVCShaderParam@PBR@@H@@@@IAEXXZ 10052700 f i pbr_dx9.obj
 0002:00006760       ?Base@?$CUtlVector@PAVCShaderParam@PBR@@V?$CUtlMemory@PAVCShaderParam@PBR@@H@@@@QAEPAPAVCShaderParam@PBR@@XZ 10052760 f i pbr_dx9.obj
 0002:000067b0       ??0?$CUtlMemory@PAVCShaderParam@PBR@@H@@QAE@HH@Z 100527b0 f i pbr_dx9.obj
 0002:000069a0       ?MemAlloc_Alloc@@YAPAXIPBDH@Z 100529a0 f i pbr_dx9.obj
 0002:00006a00       ?IndirectAlloc@IMemAlloc@@QAEPAXIPBDH@Z 10052a00 f i pbr_dx9.obj
 0002:00006a70       ??0CMemAllocAttributeAlloction@@QAE@PBDH@Z 10052a70 f i pbr_dx9.obj
 0002:00006af0       ??1CMemAllocAttributeAlloction@@QAE@XZ 10052af0 f i pbr_dx9.obj
 0002:00006b60       ?Base@?$CUtlMemory@PAVCShaderParam@PBR@@H@@QAEPAPAVCShaderParam@PBR@@XZ 10052b60 f i pbr_dx9.obj
 0002:00006c80       ?ValidateGrowSize@?$CUtlMemory@PAVCShaderParam@PBR@@H@@IAEXXZ 10052c80 f i pbr_dx9.obj
 0002:00006cc0       ?IsReadOnly@?$CUtlMemory@PAVCShaderParam@PBR@@H@@QBE_NXZ 10052cc0 f i pbr_dx9.obj
 0002:00006d10       ??$MemAllocClassName@V?$CUtlMemory@PAVCShaderParam@PBR@@H@@@@YAPBDPAV?$CUtlMemory@PAVCShaderParam@PBR@@H@@@Z 10052d10 f i pbr_dx9.obj
 0002:00006d90       ??0CShaderParam@PBR@@QAE@PBDW4ShaderParamType_t@@00H@Z 10052d90 f i pbr_dx9.obj
 0002:00006e50       ?Count@?$CUtlVector@PAVCShaderParam@PBR@@V?$CUtlMemory@PAVCShaderParam@PBR@@H@@@@QBEHXZ 10052e50 f i pbr_dx9.obj
 0002:00006e90       ?AddToTail@?$CUtlVector@PAVCShaderParam@PBR@@V?$CUtlMemory@PAVCShaderParam@PBR@@H@@@@QAEHABQAVCShaderParam@PBR@@@Z 10052e90 f i pbr_dx9.obj
 0002:00007000       ?InsertBefore@?$CUtlVector@PAVCShaderParam@PBR@@V?$CUtlMemory@PAVCShaderParam@PBR@@H@@@@QAEHHABQAVCShaderParam@PBR@@@Z 10053000 f i pbr_dx9.obj
 0002:00007280       ?Element@?$CUtlVector@PAVCShaderParam@PBR@@V?$CUtlMemory@PAVCShaderParam@PBR@@H@@@@QAEAAPAVCShaderParam@PBR@@H@Z 10053280 f i pbr_dx9.obj
 0002:000073b0       ??A?$CUtlMemory@PAVCShaderParam@PBR@@H@@QAEAAPAVCShaderParam@PBR@@H@Z 100533b0 f i pbr_dx9.obj
 0002:000075b0       ?IsValidIndex@?$CUtlVector@PAVCShaderParam@PBR@@V?$CUtlMemory@PAVCShaderParam@PBR@@H@@@@QBE_NH@Z 100535b0 f i pbr_dx9.obj
 0002:00007620       ?GrowVector@?$CUtlVector@PAVCShaderParam@PBR@@V?$CUtlMemory@PAVCShaderParam@PBR@@H@@@@IAEXH@Z 10053620 f i pbr_dx9.obj
 0002:00007740       ?ShiftElementsRight@?$CUtlVector@PAVCShaderParam@PBR@@V?$CUtlMemory@PAVCShaderParam@PBR@@H@@@@IAEXHH@Z 10053740 f i pbr_dx9.obj
 0002:000078e0       ??$CopyConstruct@PAVCShaderParam@PBR@@@@YAPAPAVCShaderParam@PBR@@PAPAV01@ABQAV01@@Z 100538e0 f i pbr_dx9.obj
 0002:00007980       ??2@YAPAXIPAX@Z            10053980 f i pbr_dx9.obj
 0002:000079c0       ?IsIdxValid@?$CUtlMemory@PAVCShaderParam@PBR@@H@@QBE_NH@Z 100539c0 f i pbr_dx9.obj
 0002:00007a40       ?NumAllocated@?$CUtlMemory@PAVCShaderParam@PBR@@H@@QBEHXZ 10053a40 f i pbr_dx9.obj
 0002:00007a80       ?Grow@?$CUtlMemory@PAVCShaderParam@PBR@@H@@QAEXH@Z 10053a80 f i pbr_dx9.obj
 0002:000080f0       ?UtlMemory_CalcNewAllocationCount@@YAHHHHH@Z 100540f0 f i pbr_dx9.obj
 0002:00008180       ?IsExternallyAllocated@?$CUtlMemory@PAVCShaderParam@PBR@@H@@QBE_NXZ 10054180 f i pbr_dx9.obj
 0002:000081d0       ??$MemAllocClassName@V?$CUtlVector@PAVCShaderParam@PBR@@V?$CUtlMemory@PAVCShaderParam@PBR@@H@@@@@@YAPBDPAV?$CUtlVector@PAVCShaderParam@PBR@@V?$CUtlMemory@PAVCShaderParam@PBR@@H@@@@@Z 100541d0 f i pbr_dx9.obj
 0002:00008250       ??0CShader@PBR@@QAE@XZ     10054250 f i pbr_dx9.obj
 0002:000082b0       ?OnInitShaderParams@CShader@PBR@@UAEXPAPAVIMaterialVar@@PBD@Z 100542b0 f i pbr_dx9.obj
 0002:000085f0       ??BCShaderParam@PBR@@QAEHXZ 100545f0 f i pbr_dx9.obj
 0002:00008630       ?GetFallbackShader@CShader@PBR@@UBEPBDPAPAVIMaterialVar@@@Z 10054630 f i pbr_dx9.obj
 0002:00008670       ?GetName@CShader@PBR@@UBEPBDXZ 10054670 f i pbr_dx9.obj
 0002:000086b0       ?GetFlags@CShader@PBR@@UBEHXZ 100546b0 f i pbr_dx9.obj
 0002:000086f0       ?GetParamCount@CShader@PBR@@UBEHXZ 100546f0 f i pbr_dx9.obj
 0002:00008750       ?GetParamInfo@CShader@PBR@@UBEABUShaderParamInfo_t@@H@Z 10054750 f i pbr_dx9.obj
 0002:000087f0       ?GetInfo@CShaderParam@PBR@@QBEABUShaderParamInfo_t@@XZ 100547f0 f i pbr_dx9.obj
 0002:00008830       ?OnInitShaderInstance@CShader@PBR@@UAEXPAPAVIMaterialVar@@PAVIShaderInit@@PBD@Z 10054830 f i pbr_dx9.obj
 0002:00008e60       ?CShader_IsFlagSet@@YA_NPAPAVIMaterialVar@@W4MaterialVarFlags_t@@@Z 10054e60 f i pbr_dx9.obj
 0002:00008ec0       ?GetIntValue@IMaterialVar@@QBEHXZ 10054ec0 f i pbr_dx9.obj
 0002:00008f10       ?GetIntValueFast@IMaterialVar@@QBEHXZ 10054f10 f i pbr_dx9.obj
 0002:00008f50       ?CShader_SetFlags2@@YAXPAPAVIMaterialVar@@W4MaterialVarFlags2_t@@@Z 10054f50 f i pbr_dx9.obj
 0002:00008fd0       ??0PBR_Vars_t@@QAE@XZ      10054fd0 f i pbr_dx9.obj
 0002:00009030       ?SetupVars@CShader@PBR@@QAEXAAUPBR_Vars_t@@@Z 10055030 f i pbr_dx9.obj
 0002:000091a0       ?OnDrawElements@CShader@PBR@@UAEXPAPAVIMaterialVar@@PAVIShaderShadow@@PAVIShaderDynamicAPI@@W4VertexCompressionType_t@@PAPAVCBasePerMaterialContextData@@@Z 100551a0 f i pbr_dx9.obj
 0002:0000c110       ??0Vector@@QAE@XZ          10058110 f i pbr_dx9.obj
 0002:0000c150       ??0Vector@@QAE@MMM@Z       10058150 f i pbr_dx9.obj
 0002:0000c1c0       ??4Vector@@QAEAAV0@ABV0@@Z 100581c0 f i pbr_dx9.obj
 0002:0000c230       ??AVector@@QBEMH@Z         10058230 f i pbr_dx9.obj
 0002:0000c370       ?Base@Vector@@QAEPAMXZ     10058370 f i pbr_dx9.obj
 0002:0000c3b0       ?Base@VMatrix@@QAEPAMXZ    100583b0 f i pbr_dx9.obj
 0002:0000c3f0       ??0VMatrix@@QAE@XZ         100583f0 f i pbr_dx9.obj
 0002:0000c430       ?GetBool@ConVar@@QBE_NXZ   10058430 f i pbr_dx9.obj
 0002:0000c490       ?GetInt@ConVar@@QBEHXZ     10058490 f i pbr_dx9.obj
 0002:0000c4d0       ?IsTexture@IMaterialVar@@QBE_NXZ 100584d0 f i pbr_dx9.obj
 0002:0000c520       ?GetFloatValue@IMaterialVar@@QBEMXZ 10058520 f i pbr_dx9.obj
 0002:0000c570       ?GetFloatValueFast@IMaterialVar@@QBEMXZ 10058570 f i pbr_dx9.obj
 0002:0000c5d0       ??AVector4D@@QBEMH@Z       100585d0 f i pbr_dx9.obj
 0002:0000c710       ?GetVecValue@IMaterialVar@@QBEXPAMH@Z 10058710 f i pbr_dx9.obj
 0002:0000c770       ?GetVecValueFast@IMaterialVar@@QBEXPAMH@Z 10058770 f i pbr_dx9.obj
 0002:0000c8d0       ?IsSnapshotting@CBaseShader@@QBE_NXZ 100588d0 f i pbr_dx9.obj
 0002:0000c920       ?ShadowDepthTexture@MaterialSystem_Config_t@@QBE_NXZ 10058920 f i pbr_dx9.obj
 0002:0000c960       ?SetFlashLightColorFromState@@YAXABUFlashlightState_t@@PAVIShaderDynamicAPI@@_NH2@Z 10058960 f i pbr_dx9.obj
 0002:0000cb90       ?GetFloat@ConVarRef@@QBEMXZ 10058b90 f i pbr_dx9.obj
 0002:0000cbd0       ?ShadowAttenFromState@@YAMABUFlashlightState_t@@@Z 10058bd0 f i pbr_dx9.obj
 0002:0000cc60       ?ShadowFilterFromState@@YAMABUFlashlightState_t@@@Z 10058c60 f i pbr_dx9.obj
 0002:0000cca0       ?GetFloatParam@@YAMHPAPAVIMaterialVar@@M@Z 10058ca0 f i pbr_dx9.obj
 0002:0000cd20       ??0pbr_vs30_Static_Index@@QAE@PAVIShaderShadow@@PAPAVIMaterialVar@@@Z 10058d20 f i pbr_dx9.obj
 0002:0000cd60       ?GetIndex@pbr_vs30_Static_Index@@QBEHXZ 10058d60 f i pbr_dx9.obj
 0002:0000cda0       ?SetCOMPRESSED_VERTS@pbr_vs30_Dynamic_Index@@QAEXH@Z 10058da0 f i pbr_dx9.obj
 0002:0000cee0       ?SetDOWATERFOG@pbr_vs30_Dynamic_Index@@QAEXH@Z 10058ee0 f i pbr_dx9.obj
 0002:0000d020       ?SetSKINNING@pbr_vs30_Dynamic_Index@@QAEXH@Z 10059020 f i pbr_dx9.obj
 0002:0000d160       ?SetLIGHTING_PREVIEW@pbr_vs30_Dynamic_Index@@QAEXH@Z 10059160 f i pbr_dx9.obj
 0002:0000d2a0       ?SetNUM_LIGHTS@pbr_vs30_Dynamic_Index@@QAEXH@Z 100592a0 f i pbr_dx9.obj
 0002:0000d3e0       ??0pbr_vs30_Dynamic_Index@@QAE@PAVIShaderDynamicAPI@@@Z 100593e0 f i pbr_dx9.obj
 0002:0000d4e0       ?GetIndex@pbr_vs30_Dynamic_Index@@QBEHXZ 100594e0 f i pbr_dx9.obj
 0002:0000d6a0       ?SetFLASHLIGHT@pbr_ps30_Static_Index@@QAEXH@Z 100596a0 f i pbr_dx9.obj
 0002:0000d7e0       ?SetFLASHLIGHTDEPTHFILTERMODE@pbr_ps30_Static_Index@@QAEXH@Z 100597e0 f i pbr_dx9.obj
 0002:0000d920       ?SetLIGHTMAPPED@pbr_ps30_Static_Index@@QAEXH@Z 10059920 f i pbr_dx9.obj
 0002:0000da60       ?SetUSEENVAMBIENT@pbr_ps30_Static_Index@@QAEXH@Z 10059a60 f i pbr_dx9.obj
 0002:0000dba0       ?SetEMISSIVE@pbr_ps30_Static_Index@@QAEXH@Z 10059ba0 f i pbr_dx9.obj
 0002:0000dce0       ?SetSPECULAR@pbr_ps30_Static_Index@@QAEXH@Z 10059ce0 f i pbr_dx9.obj
 0002:0000de20       ?SetPARALLAXOCCLUSION@pbr_ps30_Static_Index@@QAEXH@Z 10059e20 f i pbr_dx9.obj
 0002:0000df60       ??0pbr_ps30_Static_Index@@QAE@PAVIShaderShadow@@PAPAVIMaterialVar@@@Z 10059f60 f i pbr_dx9.obj
 0002:0000e0a0       ?GetIndex@pbr_ps30_Static_Index@@QBEHXZ 1005a0a0 f i pbr_dx9.obj
 0002:0000e3c0       ?SetWRITEWATERFOGTODESTALPHA@pbr_ps30_Dynamic_Index@@QAEXH@Z 1005a3c0 f i pbr_dx9.obj
 0002:0000e510       ?SetPIXELFOGTYPE@pbr_ps30_Dynamic_Index@@QAEXH@Z 1005a510 f i pbr_dx9.obj
 0002:0000e660       ?SetNUM_LIGHTS@pbr_ps30_Dynamic_Index@@QAEXH@Z 1005a660 f i pbr_dx9.obj
 0002:0000e7b0       ?SetWRITE_DEPTH_TO_DESTALPHA@pbr_ps30_Dynamic_Index@@QAEXH@Z 1005a7b0 f i pbr_dx9.obj
 0002:0000e900       ?SetFLASHLIGHTSHADOWS@pbr_ps30_Dynamic_Index@@QAEXH@Z 1005a900 f i pbr_dx9.obj
 0002:0000ea50       ??0pbr_ps30_Dynamic_Index@@QAE@PAVIShaderDynamicAPI@@@Z 1005aa50 f i pbr_dx9.obj
 0002:0000eb50       ?GetIndex@pbr_ps30_Dynamic_Index@@QBEHXZ 1005ab50 f i pbr_dx9.obj
 0002:0000f120       ??0pbr_vs20_Static_Index@@QAE@PAVIShaderShadow@@PAPAVIMaterialVar@@@Z 1005b120 f i pbr_dx9.obj
 0002:0000f160       ?GetIndex@pbr_vs20_Static_Index@@QBEHXZ 1005b160 f i pbr_dx9.obj
 0002:0000f1a0       ?SetCOMPRESSED_VERTS@pbr_vs20_Dynamic_Index@@QAEXH@Z 1005b1a0 f i pbr_dx9.obj
 0002:0000f2e0       ?SetDOWATERFOG@pbr_vs20_Dynamic_Index@@QAEXH@Z 1005b2e0 f i pbr_dx9.obj
 0002:0000f420       ?SetSKINNING@pbr_vs20_Dynamic_Index@@QAEXH@Z 1005b420 f i pbr_dx9.obj
 0002:0000f560       ?SetLIGHTING_PREVIEW@pbr_vs20_Dynamic_Index@@QAEXH@Z 1005b560 f i pbr_dx9.obj
 0002:0000f6a0       ?SetNUM_LIGHTS@pbr_vs20_Dynamic_Index@@QAEXH@Z 1005b6a0 f i pbr_dx9.obj
 0002:0000f7e0       ??0pbr_vs20_Dynamic_Index@@QAE@PAVIShaderDynamicAPI@@@Z 1005b7e0 f i pbr_dx9.obj
 0002:0000f8e0       ?GetIndex@pbr_vs20_Dynamic_Index@@QBEHXZ 1005b8e0 f i pbr_dx9.obj
 0002:0000faa0       ?SetFLASHLIGHT@pbr_ps20b_Static_Index@@QAEXH@Z 1005baa0 f i pbr_dx9.obj
 0002:0000fbe0       ?SetFLASHLIGHTDEPTHFILTERMODE@pbr_ps20b_Static_Index@@QAEXH@Z 1005bbe0 f i pbr_dx9.obj
 0002:0000fd20       ?SetLIGHTMAPPED@pbr_ps20b_Static_Index@@QAEXH@Z 1005bd20 f i pbr_dx9.obj
 0002:0000fe60       ?SetEMISSIVE@pbr_ps20b_Static_Index@@QAEXH@Z 1005be60 f i pbr_dx9.obj
 0002:0000ffa0       ?SetSPECULAR@pbr_ps20b_Static_Index@@QAEXH@Z 1005bfa0 f i pbr_dx9.obj
 0002:000100e0       ??0pbr_ps20b_Static_Index@@QAE@PAVIShaderShadow@@PAPAVIMaterialVar@@@Z 1005c0e0 f i pbr_dx9.obj
 0002:000101e0       ?GetIndex@pbr_ps20b_Static_Index@@QBEHXZ 1005c1e0 f i pbr_dx9.obj
 0002:00010490       ?SetWRITEWATERFOGTODESTALPHA@pbr_ps20b_Dynamic_Index@@QAEXH@Z 1005c490 f i pbr_dx9.obj
 0002:000105d0       ?SetPIXELFOGTYPE@pbr_ps20b_Dynamic_Index@@QAEXH@Z 1005c5d0 f i pbr_dx9.obj
 0002:00010720       ?SetNUM_LIGHTS@pbr_ps20b_Dynamic_Index@@QAEXH@Z 1005c720 f i pbr_dx9.obj
 0002:00010870       ?SetWRITE_DEPTH_TO_DESTALPHA@pbr_ps20b_Dynamic_Index@@QAEXH@Z 1005c870 f i pbr_dx9.obj
 0002:000109c0       ?SetFLASHLIGHTSHADOWS@pbr_ps20b_Dynamic_Index@@QAEXH@Z 1005c9c0 f i pbr_dx9.obj
 0002:00010b10       ??0pbr_ps20b_Dynamic_Index@@QAE@PAVIShaderDynamicAPI@@@Z 1005cb10 f i pbr_dx9.obj
 0002:00010c10       ?GetIndex@pbr_ps20b_Dynamic_Index@@QBEHXZ 1005cc10 f i pbr_dx9.obj
 0002:000111e0       ??A?$CUtlVector@PAVCShaderParam@PBR@@V?$CUtlMemory@PAVCShaderParam@PBR@@H@@@@QAEAAPAVCShaderParam@PBR@@H@Z 1005d1e0 f i pbr_dx9.obj
 0002:00011310       ??1?$CUtlVector@PAVCShaderParam@PBR@@V?$CUtlMemory@PAVCShaderParam@PBR@@H@@@@QAE@XZ 1005d310 f i pbr_dx9.obj
 0002:00011370       ?Purge@?$CUtlVector@PAVCShaderParam@PBR@@V?$CUtlMemory@PAVCShaderParam@PBR@@H@@@@QAEXXZ 1005d370 f i pbr_dx9.obj
 0002:000113e0       ??1?$CUtlMemory@PAVCShaderParam@PBR@@H@@QAE@XZ 1005d3e0 f i pbr_dx9.obj
 0002:00011430       ?RemoveAll@?$CUtlVector@PAVCShaderParam@PBR@@V?$CUtlMemory@PAVCShaderParam@PBR@@H@@@@QAEXXZ 1005d430 f i pbr_dx9.obj
 0002:000114c0       ?Purge@?$CUtlMemory@PAVCShaderParam@PBR@@H@@QAEXXZ 1005d4c0 f i pbr_dx9.obj
 0002:00011570       ??$Destruct@PAVCShaderParam@PBR@@@@YAXPAPAVCShaderParam@PBR@@@Z 1005d570 f i pbr_dx9.obj
 0002:000115d0       ??0CBaseShader@@QAE@XZ     1005d5d0 f   shaderlib:BaseShader.obj
 0002:00011670       ?GetFallbackShader@CBaseShader@@UBEPBDPAPAVIMaterialVar@@@Z 1005d670 f i shaderlib:BaseShader.obj
 0002:000116b0       ?OnInitShaderParams@CBaseShader@@UAEXPAPAVIMaterialVar@@PBD@Z 1005d6b0 f i shaderlib:BaseShader.obj
 0002:000116f0       ??0IShader@@QAE@XZ         1005d6f0 f i shaderlib:BaseShader.obj
 0002:00011740       ?GetParamCount@CBaseShader@@UBEHXZ 1005d740 f   shaderlib:BaseShader.obj
 0002:00011780       ?GetParamInfo@CBaseShader@@UBEABUShaderParamInfo_t@@H@Z 1005d780 f   shaderlib:BaseShader.obj
 0002:000117d0       ?InitShaderParams@CBaseShader@@UAEXPAPAVIMaterialVar@@PBD@Z 1005d7d0 f   shaderlib:BaseShader.obj
 0002:00011860       ?InitShaderInstance@CBaseShader@@UAEXPAPAVIMaterialVar@@PAVIShaderInit@@PBD2@Z 1005d860 f   shaderlib:BaseShader.obj
 0002:00011920       ?DrawElements@CBaseShader@@UAEXPAPAVIMaterialVar@@HPAVIShaderShadow@@PAVIShaderDynamicAPI@@W4VertexCompressionType_t@@PAPAVCBasePerMaterialContextData@@PAPAVCBasePerInstanceContextData@@@Z 1005d920 f   shaderlib:BaseShader.obj
 0002:00011a50       ?SetInitialShadowState@CBaseShader@@QAEXXZ 1005da50 f   shaderlib:BaseShader.obj
 0002:00011c40       ?Draw@CBaseShader@@QAEX_N@Z 1005dc40 f   shaderlib:BaseShader.obj
 0002:00011e50       ?GetShaderSystem@@YAPAVIShaderSystem@@XZ 1005de50 f i shaderlib:BaseShader.obj
 0002:00011e90       ?CShader_IsFlag2Set@@YA_NPAPAVIMaterialVar@@W4MaterialVarFlags2_t@@@Z 1005de90 f i shaderlib:BaseShader.obj
 0002:00011ef0       ?PI_BeginCommandBuffer@CBaseShader@@QAEXXZ 1005def0 f   shaderlib:BaseShader.obj
 0002:00011f50       ?PI_EndCommandBuffer@CBaseShader@@QAEXXZ 1005df50 f   shaderlib:BaseShader.obj
 0002:00012160       ??0CPerInstanceContextData@@QAE@XZ 1005e160 f i shaderlib:BaseShader.obj
 0002:000121e0       ??_GCPerInstanceContextData@@UAEPAXI@Z 1005e1e0 f i shaderlib:BaseShader.obj
 0002:000121e0       ??_ECPerInstanceContextData@@UAEPAXI@Z 1005e1e0 f i shaderlib:BaseShader.obj
 0002:00012250       ??1CPerInstanceContextData@@UAE@XZ 1005e250 f i shaderlib:BaseShader.obj
 0002:000122e0       ??1CBasePerInstanceContextData@@UAE@XZ 1005e2e0 f i shaderlib:BaseShader.obj
 0002:00012320       ??_ECBasePerInstanceContextData@@UAEPAXI@Z 1005e320 f i shaderlib:BaseShader.obj
 0002:00012320       ??_GCBasePerInstanceContextData@@UAEPAXI@Z 1005e320 f i shaderlib:BaseShader.obj
 0002:00012390       ??0CBasePerInstanceContextData@@QAE@XZ 1005e390 f i shaderlib:BaseShader.obj
 0002:000123e0       ?PI_SetPixelShaderAmbientLightCube@CBaseShader@@QAEXH@Z 1005e3e0 f   shaderlib:BaseShader.obj
 0002:00012440       ?PI_SetPixelShaderLocalLighting@CBaseShader@@QAEXH@Z 1005e440 f   shaderlib:BaseShader.obj
 0002:000124a0       ?PI_SetVertexShaderAmbientLightCube@CBaseShader@@QAEXXZ 1005e4a0 f   shaderlib:BaseShader.obj
 0002:00012500       ?PI_SetVertexShaderLocalLighting@CBaseShader@@AAEXXZ 1005e500 f   shaderlib:BaseShader.obj
 0002:00012560       ?PI_SetSkinningMatrices@CBaseShader@@AAEXXZ 1005e560 f   shaderlib:BaseShader.obj
 0002:000125c0       ?PI_SetPixelShaderAmbientLightCubeLuminance@CBaseShader@@QAEXH@Z 1005e5c0 f   shaderlib:BaseShader.obj
 0002:00012620       ?PI_SetPixelShaderGlintDamping@CBaseShader@@QAEXH@Z 1005e620 f   shaderlib:BaseShader.obj
 0002:00012680       ?PI_SetModulationPixelShaderDynamicState_LinearColorSpace_LinearScale@CBaseShader@@QAEXHM@Z 1005e680 f   shaderlib:BaseShader.obj
 0002:00012780       ?PI_SetModulationPixelShaderDynamicState_LinearScale@CBaseShader@@QAEXHM@Z 1005e780 f   shaderlib:BaseShader.obj
 0002:00012880       ?PI_SetModulationPixelShaderDynamicState_LinearScale_ScaleInW@CBaseShader@@QAEXHM@Z 1005e880 f   shaderlib:BaseShader.obj
 0002:00012980       ?PI_SetModulationPixelShaderDynamicState_LinearColorSpace@CBaseShader@@QAEXH@Z 1005e980 f   shaderlib:BaseShader.obj
 0002:00012a70       ?PI_SetModulationPixelShaderDynamicState@CBaseShader@@QAEXH@Z 1005ea70 f   shaderlib:BaseShader.obj
 0002:00012b60       ?PI_SetModulationVertexShaderDynamicState@CBaseShader@@QAEXXZ 1005eb60 f   shaderlib:BaseShader.obj
 0002:00012c50       ?PI_SetModulationVertexShaderDynamicState_LinearScale@CBaseShader@@QAEXM@Z 1005ec50 f   shaderlib:BaseShader.obj
 0002:00012d50       ?PI_SetModulationPixelShaderDynamicState_Identity@CBaseShader@@QAEXH@Z 1005ed50 f   shaderlib:BaseShader.obj
 0002:00012db0       ?FindParamIndex@CBaseShader@@QBEHPBD@Z 1005edb0 f   shaderlib:BaseShader.obj
 0002:00012e80       ?IsUsingGraphics@CBaseShader@@QAE_NXZ 1005ee80 f   shaderlib:BaseShader.obj
 0002:00012f00       ?CanUseEditorMaterials@CBaseShader@@QBE_NXZ 1005ef00 f   shaderlib:BaseShader.obj
 0002:00012f80       ?LoadTexture@CBaseShader@@QAEXH@Z 1005ef80 f   shaderlib:BaseShader.obj
 0002:00013050       ?LoadBumpMap@CBaseShader@@QAEXH@Z 1005f050 f   shaderlib:BaseShader.obj
 0002:00013120       ?LoadCubeMap@CBaseShader@@QAEXH@Z 1005f120 f   shaderlib:BaseShader.obj
 0002:000131f0       ?GetShaderAPITextureBindHandle@CBaseShader@@QAEHHHH@Z 1005f1f0 f   shaderlib:BaseShader.obj
 0002:00013310       ?BindVertexTexture@CBaseShader@@QAEXW4VertexTextureSampler_t@@HH@Z 1005f310 f   shaderlib:BaseShader.obj
 0002:000133d0       ?GetShaderAPITextureBindHandle@CBaseShader@@QAEHPAVITexture@@HH@Z 1005f3d0 f   shaderlib:BaseShader.obj
 0002:00013460       ?BindTexture@CBaseShader@@QAEXW4Sampler_t@@HH@Z 1005f460 f   shaderlib:BaseShader.obj
 0002:000134d0       ?BindTexture@CBaseShader@@QAEXW4Sampler_t@@0HH@Z 1005f4d0 f   shaderlib:BaseShader.obj
 0002:00013660       ?BindTexture@CBaseShader@@QAEXW4Sampler_t@@PAVITexture@@H@Z 1005f660 f   shaderlib:BaseShader.obj
 0002:000136d0       ?BindTexture@CBaseShader@@QAEXW4Sampler_t@@0PAVITexture@@H@Z 1005f6d0 f   shaderlib:BaseShader.obj
 0002:000137b0       ?TextureIsTranslucent@CBaseShader@@QAE_NH_N@Z 1005f7b0 f   shaderlib:BaseShader.obj
 0002:000139e0       ?GetType@IMaterialVar@@QBE?AW4MaterialVarType_t@@XZ 1005f9e0 f i shaderlib:BaseShader.obj
 0002:00013a30       ?CurrentMaterialVarFlags@CBaseShader@@QBEHXZ 1005fa30 f i shaderlib:BaseShader.obj
 0002:00013a90       ?CurrentMaterialVarFlags2@CBaseShader@@QBEHXZ 1005fa90 f i shaderlib:BaseShader.obj
 0002:00013af0       ?IsAlphaModulating@CBaseShader@@QAE_NXZ 1005faf0 f   shaderlib:BaseShader.obj
 0002:00013b40       ?ComputeModulationColor@CBaseShader@@QAEXPAM@Z 1005fb40 f   shaderlib:BaseShader.obj
 0002:00013ce0       ?ComputeModulationFlags@CBaseShader@@UAEHPAPAVIMaterialVar@@PAVIShaderDynamicAPI@@@Z 1005fce0 f   shaderlib:BaseShader.obj
 0002:00013e90       ?NeedsPowerOfTwoFrameBufferTexture@CBaseShader@@UBE_NPAPAVIMaterialVar@@_N@Z 1005fe90 f   shaderlib:BaseShader.obj
 0002:00013ef0       ?NeedsFullFrameBufferTexture@CBaseShader@@UBE_NPAPAVIMaterialVar@@_N@Z 1005fef0 f   shaderlib:BaseShader.obj
 0002:00013f50       ?IsTranslucent@CBaseShader@@UBE_NPAPAVIMaterialVar@@@Z 1005ff50 f   shaderlib:BaseShader.obj
 0002:00013fb0       ?ApplyColor2Factor@CBaseShader@@QBEXPAM@Z 1005ffb0 f   shaderlib:BaseShader.obj
 0002:000141d0       ?EnableAlphaBlending@CBaseShader@@QAEXW4ShaderBlendFactor_t@@0@Z 100601d0 f   shaderlib:BaseShader.obj
 0002:00014290       ?DisableAlphaBlending@CBaseShader@@QAEXXZ 10060290 f   shaderlib:BaseShader.obj
 0002:00014300       ?SetNormalBlendingShadowState@CBaseShader@@QAEXH_N@Z 10060300 f   shaderlib:BaseShader.obj
 0002:00014420       ?SetAdditiveBlendingShadowState@CBaseShader@@QAEXH_N@Z 10060420 f   shaderlib:BaseShader.obj
 0002:00014550       ?SetDefaultBlendingShadowState@CBaseShader@@QAEXH_N@Z 10060550 f   shaderlib:BaseShader.obj
 0002:000145e0       ?SetBlendingShadowState@CBaseShader@@QAEXW4BlendType_t@@@Z 100605e0 f   shaderlib:BaseShader.obj
 0002:000146b0       ?SingleTextureLightmapBlendMode@CBaseShader@@QAEXXZ 100606b0 f   shaderlib:BaseShader.obj
 0002:00014740       ?FogToOOOverbright@CBaseShader@@QAEXXZ 10060740 f   shaderlib:BaseShader.obj
 0002:000147a0       ?SetFogMode@CBaseShader@@AAEXW4ShaderFogMode_t@@@Z 100607a0 f i shaderlib:BaseShader.obj
 0002:00014870       ?FogToWhite@CBaseShader@@QAEXXZ 10060870 f   shaderlib:BaseShader.obj
 0002:000148d0       ?FogToBlack@CBaseShader@@QAEXXZ 100608d0 f   shaderlib:BaseShader.obj
 0002:00014930       ?FogToGrey@CBaseShader@@QAEXXZ 10060930 f   shaderlib:BaseShader.obj
 0002:00014990       ?FogToFogColor@CBaseShader@@QAEXXZ 10060990 f   shaderlib:BaseShader.obj
 0002:000149f0       ?DisableFog@CBaseShader@@QAEXXZ 100609f0 f   shaderlib:BaseShader.obj
 0002:00014a60       ?DefaultFog@CBaseShader@@QAEXXZ 10060a60 f   shaderlib:BaseShader.obj
 0002:00014ad0       ?UsingFlashlight@CBaseShader@@QBE_NPAPAVIMaterialVar@@@Z 10060ad0 f   shaderlib:BaseShader.obj
 0002:00014b70       ?UsingEditor@CBaseShader@@QBE_NPAPAVIMaterialVar@@@Z 10060b70 f   shaderlib:BaseShader.obj
 0002:00014c10       ?IsHDREnabled@CBaseShader@@QAE_NXZ 10060c10 f   shaderlib:BaseShader.obj
 0002:00014cb0       ?HashShadow2DJitter@CBaseShader@@QAEXMPAM0@Z 10060cb0 f   shaderlib:BaseShader.obj
 0002:00014db0       ?fmod@@YAMMM@Z             10060db0 f i shaderlib:BaseShader.obj
 0002:00014e20       _fmodf                     10060e20 f i shaderlib:BaseShader.obj
 0002:00014ea0       ?EvaluateBlendRequirements@CBaseShader@@QAE?AW4BlendType_t@@H_NH@Z 10060ea0 f   shaderlib:BaseShader.obj
 0002:00015000       ?SetVertexShaderTextureTransform@CBaseShader@@QAEXHH@Z 10061000 f   shaderlib:BaseShader.obj
 0002:000152c0       ??0Vector4D@@QAE@XZ        100612c0 f i shaderlib:BaseShader.obj
 0002:00015370       ?BitsToFloat@@YAMI@Z       10061370 f i shaderlib:BaseShader.obj
 0002:000153e0       ?Init@Vector4D@@QAEXMMMM@Z 100613e0 f i shaderlib:BaseShader.obj
 0002:00015460       ?Base@Vector4D@@QAEPAMXZ   10061460 f i shaderlib:BaseShader.obj
 0002:000154a0       ??AVMatrix@@QBEPBMH@Z      100614a0 f i shaderlib:BaseShader.obj
 0002:000154f0       ?End@?$CInstanceCommandBufferBuilder@V?$CFixedCommandStorageBuffer@$0CAA@@@@@QAEXXZ 100614f0 f i shaderlib:BaseShader.obj
 0002:00015550       ?SetPixelShaderLocalLighting@?$CInstanceCommandBufferBuilder@V?$CFixedCommandStorageBuffer@$0CAA@@@@@QAEXH@Z 10061550 f i shaderlib:BaseShader.obj
 0002:000155c0       ?SetPixelShaderAmbientLightCube@?$CInstanceCommandBufferBuilder@V?$CFixedCommandStorageBuffer@$0CAA@@@@@QAEXH@Z 100615c0 f i shaderlib:BaseShader.obj
 0002:00015630       ?SetVertexShaderLocalLighting@?$CInstanceCommandBufferBuilder@V?$CFixedCommandStorageBuffer@$0CAA@@@@@QAEXXZ 10061630 f i shaderlib:BaseShader.obj
 0002:00015690       ?SetVertexShaderAmbientLightCube@?$CInstanceCommandBufferBuilder@V?$CFixedCommandStorageBuffer@$0CAA@@@@@QAEXXZ 10061690 f i shaderlib:BaseShader.obj
 0002:000156f0       ?SetSkinningMatrices@?$CInstanceCommandBufferBuilder@V?$CFixedCommandStorageBuffer@$0CAA@@@@@QAEXXZ 100616f0 f i shaderlib:BaseShader.obj
 0002:00015750       ?SetPixelShaderAmbientLightCubeLuminance@?$CInstanceCommandBufferBuilder@V?$CFixedCommandStorageBuffer@$0CAA@@@@@QAEXH@Z 10061750 f i shaderlib:BaseShader.obj
 0002:000157c0       ?SetPixelShaderGlintDamping@?$CInstanceCommandBufferBuilder@V?$CFixedCommandStorageBuffer@$0CAA@@@@@QAEXH@Z 100617c0 f i shaderlib:BaseShader.obj
 0002:00015830       ?SetModulationPixelShaderDynamicState_LinearColorSpace_LinearScale@?$CInstanceCommandBufferBuilder@V?$CFixedCommandStorageBuffer@$0CAA@@@@@QAEXHABVVector@@M@Z 10061830 f i shaderlib:BaseShader.obj
 0002:000158c0       ?SetModulationPixelShaderDynamicState_LinearScale@?$CInstanceCommandBufferBuilder@V?$CFixedCommandStorageBuffer@$0CAA@@@@@QAEXHABVVector@@M@Z 100618c0 f i shaderlib:BaseShader.obj
 0002:00015950       ?SetModulationPixelShaderDynamicState_LinearScale_ScaleInW@?$CInstanceCommandBufferBuilder@V?$CFixedCommandStorageBuffer@$0CAA@@@@@QAEXHABVVector@@M@Z 10061950 f i shaderlib:BaseShader.obj
 0002:000159e0       ?SetModulationPixelShaderDynamicState_LinearColorSpace@?$CInstanceCommandBufferBuilder@V?$CFixedCommandStorageBuffer@$0CAA@@@@@QAEXHABVVector@@@Z 100619e0 f i shaderlib:BaseShader.obj
 0002:00015a60       ?SetModulationPixelShaderDynamicState@?$CInstanceCommandBufferBuilder@V?$CFixedCommandStorageBuffer@$0CAA@@@@@QAEXHABVVector@@@Z 10061a60 f i shaderlib:BaseShader.obj
 0002:00015ae0       ?SetModulationPixelShaderDynamicState_Identity@?$CInstanceCommandBufferBuilder@V?$CFixedCommandStorageBuffer@$0CAA@@@@@QAEXH@Z 10061ae0 f i shaderlib:BaseShader.obj
 0002:00015b50       ?SetModulationVertexShaderDynamicState@?$CInstanceCommandBufferBuilder@V?$CFixedCommandStorageBuffer@$0CAA@@@@@QAEXHABVVector@@@Z 10061b50 f i shaderlib:BaseShader.obj
 0002:00015bd0       ?SetModulationVertexShaderDynamicState_LinearScale@?$CInstanceCommandBufferBuilder@V?$CFixedCommandStorageBuffer@$0CAA@@@@@QAEXHABVVector@@M@Z 10061bd0 f i shaderlib:BaseShader.obj
 0002:00015c60       ?Reset@?$CBaseCommandBufferBuilder@V?$CFixedCommandStorageBuffer@$0CAA@@@@@QAEXXZ 10061c60 f i shaderlib:BaseShader.obj
 0002:00015cb0       ?Size@?$CBaseCommandBufferBuilder@V?$CFixedCommandStorageBuffer@$0CAA@@@@@QBEIXZ 10061cb0 f i shaderlib:BaseShader.obj
 0002:00015d00       ?Base@?$CBaseCommandBufferBuilder@V?$CFixedCommandStorageBuffer@$0CAA@@@@@QAEPAEXZ 10061d00 f i shaderlib:BaseShader.obj
 0002:00015d50       ?PutInt@?$CFixedCommandStorageBuffer@$0CAA@@@QAEXH@Z 10061d50 f i shaderlib:BaseShader.obj
 0002:00015db0       ?PutFloat@?$CFixedCommandStorageBuffer@$0CAA@@@QAEXM@Z 10061db0 f i shaderlib:BaseShader.obj
 0002:00015e10       ?Base@?$CFixedCommandStorageBuffer@$0CAA@@@QAEPAEXZ 10061e10 f i shaderlib:BaseShader.obj
 0002:00015e50       ?Reset@?$CFixedCommandStorageBuffer@$0CAA@@@QAEXXZ 10061e50 f i shaderlib:BaseShader.obj
 0002:00015ea0       ?Size@?$CFixedCommandStorageBuffer@$0CAA@@@QBEIXZ 10061ea0 f i shaderlib:BaseShader.obj
 0002:00015ef0       ??$Put@VVector@@@?$CFixedCommandStorageBuffer@$0CAA@@@QAEXABVVector@@@Z 10061ef0 f i shaderlib:BaseShader.obj
 0002:00015f80       ??$Put@H@?$CFixedCommandStorageBuffer@$0CAA@@@QAEXABH@Z 10061f80 f i shaderlib:BaseShader.obj
 0002:00016010       ??$Put@M@?$CFixedCommandStorageBuffer@$0CAA@@@QAEXABM@Z 10062010 f i shaderlib:BaseShader.obj
 0002:000160a0       ?EnsureCapacity@?$CFixedCommandStorageBuffer@$0CAA@@@QAEXI@Z 100620a0 f i shaderlib:BaseShader.obj
 0002:000160e0       ??0?$CInstanceCommandBufferBuilder@V?$CFixedCommandStorageBuffer@$0CAA@@@@@QAE@XZ 100620e0 f i shaderlib:BaseShader.obj
 0002:00016140       ??0?$CBaseCommandBufferBuilder@V?$CFixedCommandStorageBuffer@$0CAA@@@@@QAE@XZ 10062140 f i shaderlib:BaseShader.obj
 0002:000161a0       ??0?$CFixedCommandStorageBuffer@$0CAA@@@QAE@XZ 100621a0 f i shaderlib:BaseShader.obj
 0002:000161f0       ?GetShaderDLL@@YAPAVIShaderDLL@@XZ 100621f0 f   shaderlib:ShaderDLL.obj
 0002:000162e0       ?GetShaderDLLInternal@@YAPAVIShaderDLLInternal@@XZ 100622e0 f   shaderlib:ShaderDLL.obj
 0002:000163a0       ??0CShaderDLL@@QAE@XZ      100623a0 f   shaderlib:ShaderDLL.obj
 0002:00016480       ?AddShaderComboInformation@CShaderDLL@@UAEXPBUShaderComboSemantics_t@@@Z 10062480 f i shaderlib:ShaderDLL.obj
 0002:000164e0       ??0IShaderDLLInternal@@QAE@XZ 100624e0 f i shaderlib:ShaderDLL.obj
 0002:00016530       ??0IShaderDLL@@QAE@XZ      10062530 f i shaderlib:ShaderDLL.obj
 0002:00016580       ?Connect@CShaderDLL@@UAE_NP6APAXPBDPAH@Z_N@Z 10062580 f   shaderlib:ShaderDLL.obj
 0002:00016680       ?Disconnect@CShaderDLL@@UAEX_N@Z 10062680 f   shaderlib:ShaderDLL.obj
 0002:00016710       ?Connect@CShaderDLL@@UAE_NP6APAXPBDPAH@Z@Z 10062710 f   shaderlib:ShaderDLL.obj
 0002:00016750       ?Disconnect@CShaderDLL@@UAEXXZ 10062750 f   shaderlib:ShaderDLL.obj
 0002:000167c0       ?ShaderCount@CShaderDLL@@UBEHXZ 100627c0 f   shaderlib:ShaderDLL.obj
 0002:00016820       ?GetShader@CShaderDLL@@UAEPAVIShader@@H@Z 10062820 f   shaderlib:ShaderDLL.obj
 0002:000168a0       ?InsertShader@CShaderDLL@@UAEXPAVIShader@@@Z 100628a0 f   shaderlib:ShaderDLL.obj
 0002:00016900       ?AddToTail@?$CUtlVector@PBUShaderComboSemantics_t@@V?$CUtlMemory@PBUShaderComboSemantics_t@@H@@@@QAEHABQBUShaderComboSemantics_t@@@Z 10062900 f i shaderlib:ShaderDLL.obj
 0002:00016960       ??0?$CUtlVector@PAVIShader@@V?$CUtlMemory@PAVIShader@@H@@@@QAE@HH@Z 10062960 f i shaderlib:ShaderDLL.obj
 0002:000169e0       ??A?$CUtlVector@PAVIShader@@V?$CUtlMemory@PAVIShader@@H@@@@QAEAAPAVIShader@@H@Z 100629e0 f i shaderlib:ShaderDLL.obj
 0002:00016a40       ?Count@?$CUtlVector@PAVIShader@@V?$CUtlMemory@PAVIShader@@H@@@@QBEHXZ 10062a40 f i shaderlib:ShaderDLL.obj
 0002:00016a80       ?AddToTail@?$CUtlVector@PAVIShader@@V?$CUtlMemory@PAVIShader@@H@@@@QAEHABQAVIShader@@@Z 10062a80 f i shaderlib:ShaderDLL.obj
 0002:00016ae0       ?ResetDbgInfo@?$CUtlVector@PAVIShader@@V?$CUtlMemory@PAVIShader@@H@@@@IAEXXZ 10062ae0 f i shaderlib:ShaderDLL.obj
 0002:00016b40       ?Base@?$CUtlVector@PAVIShader@@V?$CUtlMemory@PAVIShader@@H@@@@QAEPAPAVIShader@@XZ 10062b40 f i shaderlib:ShaderDLL.obj
 0002:00016b90       ?InsertBefore@?$CUtlVector@PBUShaderComboSemantics_t@@V?$CUtlMemory@PBUShaderComboSemantics_t@@H@@@@QAEHHABQBUShaderComboSemantics_t@@@Z 10062b90 f i shaderlib:ShaderDLL.obj
 0002:00016c20       ?InsertBefore@?$CUtlVector@PAVIShader@@V?$CUtlMemory@PAVIShader@@H@@@@QAEHHABQAVIShader@@@Z 10062c20 f i shaderlib:ShaderDLL.obj
 0002:00016cb0       ??0?$CUtlMemory@PAVIShader@@H@@QAE@HH@Z 10062cb0 f i shaderlib:ShaderDLL.obj
 0002:00016de0       ??A?$CUtlMemory@PAVIShader@@H@@QAEAAPAVIShader@@H@Z 10062de0 f i shaderlib:ShaderDLL.obj
 0002:00016e30       ?Base@?$CUtlMemory@PAVIShader@@H@@QAEPAPAVIShader@@XZ 10062e30 f i shaderlib:ShaderDLL.obj
 0002:00016e70       ?ValidateGrowSize@?$CUtlMemory@PAVIShader@@H@@IAEXXZ 10062e70 f i shaderlib:ShaderDLL.obj
 0002:00016eb0       ?Element@?$CUtlVector@PBUShaderComboSemantics_t@@V?$CUtlMemory@PBUShaderComboSemantics_t@@H@@@@QAEAAPBUShaderComboSemantics_t@@H@Z 10062eb0 f i shaderlib:ShaderDLL.obj
 0002:00016f10       ??A?$CUtlMemory@PBUShaderComboSemantics_t@@H@@QAEAAPBUShaderComboSemantics_t@@H@Z 10062f10 f i shaderlib:ShaderDLL.obj
 0002:00016f60       ?GrowVector@?$CUtlVector@PBUShaderComboSemantics_t@@V?$CUtlMemory@PBUShaderComboSemantics_t@@H@@@@IAEXH@Z 10062f60 f i shaderlib:ShaderDLL.obj
 0002:00017080       ?ResetDbgInfo@?$CUtlVector@PBUShaderComboSemantics_t@@V?$CUtlMemory@PBUShaderComboSemantics_t@@H@@@@IAEXXZ 10063080 f i shaderlib:ShaderDLL.obj
 0002:000170e0       ?Base@?$CUtlVector@PBUShaderComboSemantics_t@@V?$CUtlMemory@PBUShaderComboSemantics_t@@H@@@@QAEPAPBUShaderComboSemantics_t@@XZ 100630e0 f i shaderlib:ShaderDLL.obj
 0002:00017130       ?Base@?$CUtlMemory@PBUShaderComboSemantics_t@@H@@QAEPAPBUShaderComboSemantics_t@@XZ 10063130 f i shaderlib:ShaderDLL.obj
 0002:00017170       ?ShiftElementsRight@?$CUtlVector@PBUShaderComboSemantics_t@@V?$CUtlMemory@PBUShaderComboSemantics_t@@H@@@@IAEXHH@Z 10063170 f i shaderlib:ShaderDLL.obj
 0002:00017210       ??$CopyConstruct@PBUShaderComboSemantics_t@@@@YAPAPBUShaderComboSemantics_t@@PAPBU0@ABQBU0@@Z 10063210 f i shaderlib:ShaderDLL.obj
 0002:000172b0       ?Element@?$CUtlVector@PAVIShader@@V?$CUtlMemory@PAVIShader@@H@@@@QAEAAPAVIShader@@H@Z 100632b0 f i shaderlib:ShaderDLL.obj
 0002:00017310       ?GrowVector@?$CUtlVector@PAVIShader@@V?$CUtlMemory@PAVIShader@@H@@@@IAEXH@Z 10063310 f i shaderlib:ShaderDLL.obj
 0002:00017430       ?ShiftElementsRight@?$CUtlVector@PAVIShader@@V?$CUtlMemory@PAVIShader@@H@@@@IAEXHH@Z 10063430 f i shaderlib:ShaderDLL.obj
 0002:000174d0       ??$CopyConstruct@PAVIShader@@@@YAPAPAVIShader@@PAPAV0@ABQAV0@@Z 100634d0 f i shaderlib:ShaderDLL.obj
 0002:00017570       ??$MemAllocClassName@V?$CUtlMemory@PAVIShader@@H@@@@YAPBDPAV?$CUtlMemory@PAVIShader@@H@@@Z 10063570 f i shaderlib:ShaderDLL.obj
 0002:000175f0       ?NumAllocated@?$CUtlMemory@PBUShaderComboSemantics_t@@H@@QBEHXZ 100635f0 f i shaderlib:ShaderDLL.obj
 0002:00017630       ?Grow@?$CUtlMemory@PBUShaderComboSemantics_t@@H@@QAEXH@Z 10063630 f i shaderlib:ShaderDLL.obj
 0002:00017890       ??$MemAllocClassName@V?$CUtlMemory@PBUShaderComboSemantics_t@@H@@@@YAPBDPAV?$CUtlMemory@PBUShaderComboSemantics_t@@H@@@Z 10063890 f i shaderlib:ShaderDLL.obj
 0002:00017910       ?IsExternallyAllocated@?$CUtlMemory@PBUShaderComboSemantics_t@@H@@QBE_NXZ 10063910 f i shaderlib:ShaderDLL.obj
 0002:00017960       ??$MemAllocClassName@V?$CUtlVector@PBUShaderComboSemantics_t@@V?$CUtlMemory@PBUShaderComboSemantics_t@@H@@@@@@YAPBDPAV?$CUtlVector@PBUShaderComboSemantics_t@@V?$CUtlMemory@PBUShaderComboSemantics_t@@H@@@@@Z 10063960 f i shaderlib:ShaderDLL.obj
 0002:000179e0       ?NumAllocated@?$CUtlMemory@PAVIShader@@H@@QBEHXZ 100639e0 f i shaderlib:ShaderDLL.obj
 0002:00017a20       ?Grow@?$CUtlMemory@PAVIShader@@H@@QAEXH@Z 10063a20 f i shaderlib:ShaderDLL.obj
 0002:00017c80       ?IsExternallyAllocated@?$CUtlMemory@PAVIShader@@H@@QBE_NXZ 10063c80 f i shaderlib:ShaderDLL.obj
 0002:00017cd0       ??$MemAllocClassName@V?$CUtlVector@PAVIShader@@V?$CUtlMemory@PAVIShader@@H@@@@@@YAPBDPAV?$CUtlVector@PAVIShader@@V?$CUtlMemory@PAVIShader@@H@@@@@Z 10063cd0 f i shaderlib:ShaderDLL.obj
 0002:00017d50       ??0?$CUtlVector@PBUShaderComboSemantics_t@@V?$CUtlMemory@PBUShaderComboSemantics_t@@H@@@@QAE@HH@Z 10063d50 f i shaderlib:ShaderDLL.obj
 0002:00017dd0       ??0?$CUtlMemory@PBUShaderComboSemantics_t@@H@@QAE@HH@Z 10063dd0 f i shaderlib:ShaderDLL.obj
 0002:00017f00       ?ValidateGrowSize@?$CUtlMemory@PBUShaderComboSemantics_t@@H@@IAEXXZ 10063f00 f i shaderlib:ShaderDLL.obj
 0002:00017f40       ??1?$CUtlVector@PBUShaderComboSemantics_t@@V?$CUtlMemory@PBUShaderComboSemantics_t@@H@@@@QAE@XZ 10063f40 f i shaderlib:ShaderDLL.obj
 0002:00017fa0       ?Purge@?$CUtlVector@PBUShaderComboSemantics_t@@V?$CUtlMemory@PBUShaderComboSemantics_t@@H@@@@QAEXXZ 10063fa0 f i shaderlib:ShaderDLL.obj
 0002:00018010       ??1?$CUtlMemory@PBUShaderComboSemantics_t@@H@@QAE@XZ 10064010 f i shaderlib:ShaderDLL.obj
 0002:00018060       ?RemoveAll@?$CUtlVector@PBUShaderComboSemantics_t@@V?$CUtlMemory@PBUShaderComboSemantics_t@@H@@@@QAEXXZ 10064060 f i shaderlib:ShaderDLL.obj
 0002:000180f0       ?Purge@?$CUtlMemory@PBUShaderComboSemantics_t@@H@@QAEXXZ 100640f0 f i shaderlib:ShaderDLL.obj
 0002:000181a0       ??$Destruct@PBUShaderComboSemantics_t@@@@YAXPAPBUShaderComboSemantics_t@@@Z 100641a0 f i shaderlib:ShaderDLL.obj
 0002:00018200       ?InitShaderLibCVars@@YAXP6APAXPBDPAH@Z@Z 10064200 f   shaderlib:shaderlib_cvar.obj
 0002:00018260       ??0CShaderLibConVarAccessor@@QAE@XZ 10064260 f i shaderlib:shaderlib_cvar.obj
 0002:000182c0       ?RegisterConCommandBase@CShaderLibConVarAccessor@@UAE_NPAVConCommandBase@@@Z 100642c0 f i shaderlib:shaderlib_cvar.obj
 0002:000183d0       ??0IConCommandBaseAccessor@@QAE@XZ 100643d0 f i shaderlib:shaderlib_cvar.obj
 0002:00018414       __ExitOnFatalAssert        10064414 f   tier0:tier0.dll
 0002:0001841a       _DoNewAssertDialog         1006441a f   tier0:tier0.dll
 0002:00018420       _ShouldUseNewAssertDialog  10064420 f   tier0:tier0.dll
 0002:00018426       _LoggingSystem_LogAssert   10064426 f   tier0:tier0.dll
 0002:0001842c       _g_pMemAlloc               1006442c f   tier0:tier0.dll
 0002:00018440       ?CRC32_Init@@YAXPAK@Z      10064440 f   tier1:checksum_crc.obj
 0002:00018450       ?CRC32_Final@@YAXPAK@Z     10064450 f   tier1:checksum_crc.obj
 0002:00018460       ?CRC32_GetTableEntry@@YAKI@Z 10064460 f   tier1:checksum_crc.obj
 0002:00018470       ?CRC32_ProcessBuffer@@YAXPAKPBXH@Z 10064470 f   tier1:checksum_crc.obj
 0002:00018ef0       ?MD5Init@@YAXPAUMD5Context_t@@@Z 10064ef0 f   tier1:checksum_md5.obj
 0002:00018f30       ?MD5Update@@YAXPAUMD5Context_t@@PBEI@Z 10064f30 f   tier1:checksum_md5.obj
 0002:00019020       ?MD5Final@@YAXQAEPAUMD5Context_t@@@Z 10065020 f   tier1:checksum_md5.obj
 0002:000190e0       ?MD5_Print@@YAPADPAEH@Z    100650e0 f   tier1:checksum_md5.obj
 0002:00019110       ?MD5_PseudoRandom@@YAII@Z  10065110 f   tier1:checksum_md5.obj
 0002:000191a0       ??0Color@@QAE@XZ           100651a0 f i tier1:convar.obj
 0002:000191b0       ??AColor@@QAEAAEH@Z        100651b0 f i tier1:convar.obj
 0002:000191c0       _fabsf                     100651c0 f i tier1:convar.obj
 0002:000191d0       ?fabs@@YAMM@Z              100651d0 f i tier1:convar.obj
 0002:000191e0       ?IndirectAlloc@IMemAlloc@@QAEPAXI@Z 100651e0 f i tier1:convar.obj
 0002:000191f0       ?MemAlloc_Alloc@@YAPAXI@Z  100651f0 f i tier1:convar.obj
 0002:00019210       ?ArgC@CCommand@@QBEHXZ     10065210 f i tier1:convar.obj
 0002:00019220       ?Arg@CCommand@@QBEPBDH@Z   10065220 f i tier1:convar.obj
 0002:00019250       ?GetFloat@ConVar@@QBEMXZ   10065250 f i tier1:convar.obj
 0002:00019260       ?GetString@ConVar@@QBEPBDXZ 10065260 f i tier1:convar.obj
 0002:00019290       ?TellGet@CUtlBuffer@@QBEHXZ 10065290 f i tier1:convar.obj
 0002:000192a0       ?IsValid@CUtlBuffer@@QBE_NXZ 100652a0 f i tier1:convar.obj
 0002:000192b0       ?ConVar_Register@@YAXHPAVIConCommandBaseAccessor@@@Z 100652b0 f   tier1:convar.obj
 0002:00019390       ?ConVar_Unregister@@YAXXZ  10065390 f   tier1:convar.obj
 0002:000193f0       ??0ConCommandBase@@QAE@XZ  100653f0 f   tier1:convar.obj
 0002:00019410       ??1ConCommandBase@@UAE@XZ  10065410 f   tier1:convar.obj
 0002:00019420       ?IsCommand@ConCommandBase@@UBE_NXZ 10065420 f   tier1:convar.obj
 0002:00019430       ?GetDLLIdentifier@ConCommandBase@@UBEHXZ 10065430 f   tier1:convar.obj
 0002:00019440       ?Create@ConCommandBase@@MAEXPBD0H@Z 10065440 f   tier1:convar.obj
 0002:000194a0       ?Init@ConCommandBase@@MAEXXZ 100654a0 f   tier1:convar.obj
 0002:000194c0       ?Shutdown@ConCommandBase@@IAEXXZ 100654c0 f   tier1:convar.obj
 0002:000194e0       ?GetName@ConCommandBase@@UBEPBDXZ 100654e0 f   tier1:convar.obj
 0002:000194f0       ?IsFlagSet@ConCommandBase@@UBE_NH@Z 100654f0 f   tier1:convar.obj
 0002:00019500       ?AddFlags@ConCommandBase@@UAEXH@Z 10065500 f   tier1:convar.obj
 0002:00019510       ?RemoveFlags@ConCommandBase@@UAEXH@Z 10065510 f   tier1:convar.obj
 0002:00019520       ?GetFlags@ConCommandBase@@UBEHXZ 10065520 f   tier1:convar.obj
 0002:00019530       ?GetNext@ConCommandBase@@QBEPBV1@XZ 10065530 f   tier1:convar.obj
 0002:00019540       ?GetNext@ConCommandBase@@QAEPAV1@XZ 10065540 f   tier1:convar.obj
 0002:00019550       ?CopyString@ConCommandBase@@IAEPADPBD@Z 10065550 f   tier1:convar.obj
 0002:000195c0       ?GetHelpText@ConCommandBase@@UBEPBDXZ 100655c0 f   tier1:convar.obj
 0002:000195d0       ?IsRegistered@ConCommandBase@@UBE_NXZ 100655d0 f   tier1:convar.obj
 0002:000195e0       ?Reset@CCommand@@QAEXXZ    100655e0 f   tier1:convar.obj
 0002:000195f0       ?DefaultBreakSet@CCommand@@SAPAUcharacterset_t@@XZ 100655f0 f   tier1:convar.obj
 0002:00019600       ?FindArg@CCommand@@QBEPBDPBD@Z 10065600 f   tier1:convar.obj
 0002:000196a0       ?FindArgInt@CCommand@@QBEHPBDH@Z 100656a0 f   tier1:convar.obj
 0002:000196d0       ?DefaultCompletionFunc@@YAHPBDQAY0EA@D@Z 100656d0 f   tier1:convar.obj
 0002:000196e0       ??0ConCommand@@QAE@PBDP6AXXZ0HP6AH0QAY0EA@D@Z@Z 100656e0 f   tier1:convar.obj
 0002:000197a0       ??0ConCommand@@QAE@PBDP6AXABVCCommand@@@Z0HP6AH0QAY0EA@D@Z@Z 100657a0 f   tier1:convar.obj
 0002:00019860       ??0ConCommand@@QAE@PBDPAVICommandCallback@@0HPAVICommandCompletionCallback@@@Z 10065860 f   tier1:convar.obj
 0002:00019910       ??1ConCommand@@UAE@XZ      10065910 f   tier1:convar.obj
 0002:00019920       ?IsCommand@ConCommand@@UBE_NXZ 10065920 f   tier1:convar.obj
 0002:00019930       ?Dispatch@ConCommand@@UAEXABVCCommand@@@Z 10065930 f   tier1:convar.obj
 0002:00019980       ?CanAutoComplete@ConCommand@@UAE_NXZ 10065980 f   tier1:convar.obj
 0002:00019990       ??0IConVar@@QAE@XZ         10065990 f i tier1:convar.obj
 0002:000199a0       ?IsFlagSet@ConVar@@UBE_NH@Z 100659a0 f   tier1:convar.obj
 0002:000199c0       ?GetFlags@ConVar@@UBEHXZ   100659c0 f   tier1:convar.obj
 0002:000199d0       ?GetHelpText@ConVar@@UBEPBDXZ 100659d0 f   tier1:convar.obj
 0002:000199e0       ?AddFlags@ConVar@@UAEXH@Z  100659e0 f   tier1:convar.obj
 0002:000199f0       ?IsRegistered@ConVar@@UBE_NXZ 100659f0 f   tier1:convar.obj
 0002:00019a00       ?GetName@ConVar@@UBEPBDXZ  10065a00 f   tier1:convar.obj
 0002:00019a10       ?GetBaseName@ConVar@@UBEPBDXZ 10065a10 f   tier1:convar.obj
 0002:00019a20       ?GetSplitScreenPlayerSlot@ConVar@@UBEHXZ 10065a20 f   tier1:convar.obj
 0002:00019a30       ?IsCommand@ConVar@@UBE_NXZ 10065a30 f   tier1:convar.obj
 0002:00019a40       ?Init@ConVar@@EAEXXZ       10065a40 f   tier1:convar.obj
 0002:00019a60       ?InternalSetColorFromString@ConVar@@AAE_NPBD@Z 10065a60 f   tier1:convar.obj
 0002:00019b30       ?InternalSetValue@ConVar@@EAEXPBD@Z 10065b30 f   tier1:convar.obj
 0002:00019ca0       ?ClampValue@ConVar@@EAE_NAAM@Z 10065ca0 f   tier1:convar.obj
 0002:00019cf0       ?InternalSetFloatValue@ConVar@@EAEXM@Z 10065cf0 f   tier1:convar.obj
 0002:00019e00       ?InternalSetIntValue@ConVar@@EAEXH@Z 10065e00 f   tier1:convar.obj
 0002:00019f00       ?InternalSetColorValue@ConVar@@EAEXVColor@@@Z 10065f00 f   tier1:convar.obj
 0002:00019f40       ?SetValue@ConVar@@UAEXPBD@Z 10065f40 f   tier1:convar.obj
 0002:00019f50       ?SetValue@ConVar@@UAEXM@Z  10065f50 f   tier1:convar.obj
 0002:00019f70       ?SetValue@ConVar@@UAEXH@Z  10065f70 f   tier1:convar.obj
 0002:00019f80       ?SetValue@ConVar@@UAEXVColor@@@Z 10065f80 f   tier1:convar.obj
 0002:00019f90       ?Revert@ConVar@@QAEXXZ     10065f90 f   tier1:convar.obj
 0002:00019fb0       ?GetMin@ConVar@@QBE_NAAM@Z 10065fb0 f   tier1:convar.obj
 0002:00019fd0       ?GetMax@ConVar@@QBE_NAAM@Z 10065fd0 f   tier1:convar.obj
 0002:00019ff0       ?GetMinValue@ConVar@@QBEMXZ 10065ff0 f   tier1:convar.obj
 0002:0001a000       ?GetMaxValue@ConVar@@QBEMXZ 10066000 f   tier1:convar.obj
 0002:0001a010       ?HasMin@ConVar@@QBE_NXZ    10066010 f   tier1:convar.obj
 0002:0001a020       ?HasMax@ConVar@@QBE_NXZ    10066020 f   tier1:convar.obj
 0002:0001a030       ?GetDefault@ConVar@@QBEPBDXZ 10066030 f   tier1:convar.obj
 0002:0001a040       ??0ConVarRef@@QAE@PAVIConVar@@@Z 10066040 f   tier1:convar.obj
 0002:0001a070       ?IsValid@ConVarRef@@QBE_NXZ 10066070 f   tier1:convar.obj
 0002:0001a080       ??0SplitScreenConVarRef@@QAE@PAVIConVar@@@Z 10066080 f   tier1:convar.obj
 0002:0001a1a0       ?IsValid@SplitScreenConVarRef@@QBE_NXZ 100661a0 f   tier1:convar.obj
 0002:0001a1b0       ?ConVar_AppendFlags@@YAXPBVConCommandBase@@PADI@Z 100661b0 f   tier1:convar.obj
 0002:0001a2c0       ?ConVar_PrintDescription@@YAXPBVConCommandBase@@@Z 100662c0 f   tier1:convar.obj
 0002:0001a660       ?IsExternallyAllocated@?$CUtlMemory@EH@@QBE_NXZ 10066660 f i tier1:convar.obj
 0002:0001a670       ?Count@?$CUtlVector@P6AXPAVIConVar@@PBDM@ZV?$CUtlMemory@P6AXPAVIConVar@@PBDM@ZH@@@@QBEHXZ 10066670 f i tier1:convar.obj
 0002:0001a680       ?InvalidIndex@?$CUtlVector@P6AXPAVIConVar@@PBDM@ZV?$CUtlMemory@P6AXPAVIConVar@@PBDM@ZH@@@@SAHXZ 10066680 f i tier1:convar.obj
 0002:0001a690       ??A?$CUtlMemory@P6AXPAVIConVar@@PBDM@ZH@@QAEAAP6AXPAVIConVar@@PBDM@ZH@Z 10066690 f i tier1:convar.obj
 0002:0001a6a0       ?Base@?$CUtlMemory@P6AXPAVIConVar@@PBDM@ZH@@QAEPAP6AXPAVIConVar@@PBDM@ZXZ 100666a0 f i tier1:convar.obj
 0002:0001a6b0       ?ValidateGrowSize@?$CUtlMemory@P6AXPAVIConVar@@PBDM@ZH@@IAEXXZ 100666b0 f i tier1:convar.obj
 0002:0001a6c0       ?Element@?$CUtlVector@P6AXPAVIConVar@@PBDM@ZV?$CUtlMemory@P6AXPAVIConVar@@PBDM@ZH@@@@QAEAAP6AXPAVIConVar@@PBDM@ZH@Z 100666c0 f i tier1:convar.obj
 0002:0001a6d0       ?ShiftElementsRight@?$CUtlVector@P6AXPAVIConVar@@PBDM@ZV?$CUtlMemory@P6AXPAVIConVar@@PBDM@ZH@@@@IAEXHH@Z 100666d0 f i tier1:convar.obj
 0002:0001a720       ?ShiftElementsLeft@?$CUtlVector@P6AXPAVIConVar@@PBDM@ZV?$CUtlMemory@P6AXPAVIConVar@@PBDM@ZH@@@@IAEXHH@Z 10066720 f i tier1:convar.obj
 0002:0001a770       ??A?$CUtlMemory@P6AXPAVIConVar@@PBDM@ZH@@QBEABQ6AXPAVIConVar@@PBDM@ZH@Z 10066770 f i tier1:convar.obj
 0002:0001a780       ??$CopyConstruct@P6AXPAVIConVar@@PBDM@Z@@YAPAP6AXPAVIConVar@@PBDM@ZPAP6AX01M@ZABQ6AX01M@Z@Z 10066780 f i tier1:convar.obj
 0002:0001a7a0       ??$Destruct@P6AXPAVIConVar@@PBDM@Z@@YAXPAP6AXPAVIConVar@@PBDM@Z@Z 100667a0 f i tier1:convar.obj
 0002:0001a7b0       ??$CopyConstruct@VCUtlString@@@@YAPAVCUtlString@@PAV0@ABV0@@Z 100667b0 f i tier1:convar.obj
 0002:0001a7d0       ?NumAllocated@?$CUtlMemory@P6AXPAVIConVar@@PBDM@ZH@@QBEHXZ 100667d0 f i tier1:convar.obj
 0002:0001a7e0       ?IsExternallyAllocated@?$CUtlMemory@P6AXPAVIConVar@@PBDM@ZH@@QBE_NXZ 100667e0 f i tier1:convar.obj
 0002:0001a7f0       ??A?$CUtlMemory@VCUtlString@@H@@QAEAAVCUtlString@@H@Z 100667f0 f i tier1:convar.obj
 0002:0001a800       ?Base@?$CUtlMemory@VCUtlString@@H@@QAEPAVCUtlString@@XZ 10066800 f i tier1:convar.obj
 0002:0001a810       ?NumAllocated@?$CUtlMemory@VCUtlString@@H@@QBEHXZ 10066810 f i tier1:convar.obj
 0002:0001a820       ?IsExternallyAllocated@?$CUtlMemory@VCUtlString@@H@@QBE_NXZ 10066820 f i tier1:convar.obj
 0002:0001a830       ??0CDefaultAccessor@@QAE@XZ 10066830 f i tier1:convar.obj
 0002:0001a840       ?RegisterConCommandBase@CDefaultAccessor@@UAE_NPAVConCommandBase@@@Z 10066840 f i tier1:convar.obj
 0002:0001a860       ??_GConCommandBase@@UAEPAXI@Z 10066860 f i tier1:convar.obj
 0002:0001a860       ??_EConCommandBase@@UAEPAXI@Z 10066860 f i tier1:convar.obj
 0002:0001a890       ??0ConCommandBase@@QAE@PBD0H@Z 10066890 f   tier1:convar.obj
 0002:0001a910       ??0CCommand@@QAE@XZ        10066910 f   tier1:convar.obj
 0002:0001a960       ??0CCommand@@QAE@HPAPBD@Z  10066960 f   tier1:convar.obj
 0002:0001aad0       ??_EConCommand@@UAEPAXI@Z  10066ad0 f i tier1:convar.obj
 0002:0001aad0       ??_GConCommand@@UAEPAXI@Z  10066ad0 f i tier1:convar.obj
 0002:0001ab00       ?Init@ConVarRef@@QAEXPBD_N@Z 10066b00 f   tier1:convar.obj
 0002:0001aba0       ?Init@SplitScreenConVarRef@@QAEXPBD_N@Z 10066ba0 f   tier1:convar.obj
 0002:0001acd0       ?Purge@?$CUtlMemory@EH@@QAEXXZ 10066cd0 f i tier1:convar.obj
 0002:0001ad10       ??A?$CUtlVector@P6AXPAVIConVar@@PBDM@ZV?$CUtlMemory@P6AXPAVIConVar@@PBDM@ZH@@@@QAEAAP6AXPAVIConVar@@PBDM@ZH@Z 10066d10 f i tier1:convar.obj
 0002:0001ad20       ?Base@?$CUtlVector@P6AXPAVIConVar@@PBDM@ZV?$CUtlMemory@P6AXPAVIConVar@@PBDM@ZH@@@@QAEPAP6AXPAVIConVar@@PBDM@ZXZ 10066d20 f i tier1:convar.obj
 0002:0001ad30       ?Element@?$CUtlVector@P6AXPAVIConVar@@PBDM@ZV?$CUtlMemory@P6AXPAVIConVar@@PBDM@ZH@@@@QBEABQ6AXPAVIConVar@@PBDM@ZH@Z 10066d30 f i tier1:convar.obj
 0002:0001ad40       ?Remove@?$CUtlVector@P6AXPAVIConVar@@PBDM@ZV?$CUtlMemory@P6AXPAVIConVar@@PBDM@ZH@@@@QAEXH@Z 10066d40 f i tier1:convar.obj
 0002:0001ad80       ??0?$CUtlMemory@P6AXPAVIConVar@@PBDM@ZH@@QAE@HH@Z 10066d80 f i tier1:convar.obj
 0002:0001add0       ?RemoveAll@?$CUtlVector@P6AXPAVIConVar@@PBDM@ZV?$CUtlMemory@P6AXPAVIConVar@@PBDM@ZH@@@@QAEXXZ 10066dd0 f i tier1:convar.obj
 0002:0001ade0       ?Purge@?$CUtlMemory@P6AXPAVIConVar@@PBDM@ZH@@QAEXXZ 10066de0 f i tier1:convar.obj
 0002:0001ae20       ?Element@?$CUtlVector@VCUtlString@@V?$CUtlMemory@VCUtlString@@H@@@@QAEAAVCUtlString@@H@Z 10066e20 f i tier1:convar.obj
 0002:0001ae30       ?ShiftElementsRight@?$CUtlVector@VCUtlString@@V?$CUtlMemory@VCUtlString@@H@@@@IAEXHH@Z 10066e30 f i tier1:convar.obj
 0002:0001ae80       ?Base@?$CUtlVector@VCUtlString@@V?$CUtlMemory@VCUtlString@@H@@@@QAEPAVCUtlString@@XZ 10066e80 f i tier1:convar.obj
 0002:0001ae90       ?Grow@?$CUtlMemory@P6AXPAVIConVar@@PBDM@ZH@@QAEXH@Z 10066e90 f i tier1:convar.obj
 0002:0001af50       ?Grow@?$CUtlMemory@VCUtlString@@H@@QAEXH@Z 10066f50 f i tier1:convar.obj
 0002:0001b000       ?ChangeStringValue@ConVar@@EAEXPBDM@Z 10067000 f   tier1:convar.obj
 0002:0001b0e0       ??0ConVarRef@@QAE@PBD@Z    100670e0 f   tier1:convar.obj
 0002:0001b100       ??0ConVarRef@@QAE@PBD_N@Z  10067100 f   tier1:convar.obj
 0002:0001b120       ??0SplitScreenConVarRef@@QAE@PBD@Z 10067120 f   tier1:convar.obj
 0002:0001b140       ??0SplitScreenConVarRef@@QAE@PBD_N@Z 10067140 f   tier1:convar.obj
 0002:0001b160       ??1?$CUtlMemory@EH@@QAE@XZ 10067160 f i tier1:convar.obj
 0002:0001b1a0       ?Find@?$CUtlVector@P6AXPAVIConVar@@PBDM@ZV?$CUtlMemory@P6AXPAVIConVar@@PBDM@ZH@@@@QBEHABQ6AXPAVIConVar@@PBDM@Z@Z 100671a0 f i tier1:convar.obj
 0002:0001b1d0       ?FindAndRemove@?$CUtlVector@P6AXPAVIConVar@@PBDM@ZV?$CUtlMemory@P6AXPAVIConVar@@PBDM@ZH@@@@QAE_NABQ6AXPAVIConVar@@PBDM@Z@Z 100671d0 f i tier1:convar.obj
 0002:0001b250       ?ResetDbgInfo@?$CUtlVector@P6AXPAVIConVar@@PBDM@ZV?$CUtlMemory@P6AXPAVIConVar@@PBDM@ZH@@@@IAEXXZ 10067250 f i tier1:convar.obj
 0002:0001b260       ?Purge@?$CUtlVector@P6AXPAVIConVar@@PBDM@ZV?$CUtlMemory@P6AXPAVIConVar@@PBDM@ZH@@@@QAEXXZ 10067260 f i tier1:convar.obj
 0002:0001b2c0       ??1?$CUtlMemory@P6AXPAVIConVar@@PBDM@ZH@@QAE@XZ 100672c0 f i tier1:convar.obj
 0002:0001b300       ?GrowVector@?$CUtlVector@P6AXPAVIConVar@@PBDM@ZV?$CUtlMemory@P6AXPAVIConVar@@PBDM@ZH@@@@IAEXH@Z 10067300 f i tier1:convar.obj
 0002:0001b340       ?ResetDbgInfo@?$CUtlVector@VCUtlString@@V?$CUtlMemory@VCUtlString@@H@@@@IAEXXZ 10067340 f i tier1:convar.obj
 0002:0001b350       ??1CUtlBuffer@@QAE@XZ      10067350 f i tier1:convar.obj
 0002:0001b390       ??1CUtlBinaryBlock@@QAE@XZ 10067390 f i tier1:convar.obj
 0002:0001b3d0       ?RemoveChangeCallback@ConVar@@QAEXP6AXPAVIConVar@@PBDM@Z@Z 100673d0 f   tier1:convar.obj
 0002:0001b3f0       ??0?$CUtlVector@P6AXPAVIConVar@@PBDM@ZV?$CUtlMemory@P6AXPAVIConVar@@PBDM@ZH@@@@QAE@HH@Z 100673f0 f i tier1:convar.obj
 0002:0001b450       ??1?$CUtlVector@P6AXPAVIConVar@@PBDM@ZV?$CUtlMemory@P6AXPAVIConVar@@PBDM@ZH@@@@QAE@XZ 10067450 f i tier1:convar.obj
 0002:0001b4d0       ?InsertBefore@?$CUtlVector@P6AXPAVIConVar@@PBDM@ZV?$CUtlMemory@P6AXPAVIConVar@@PBDM@ZH@@@@QAEHHABQ6AXPAVIConVar@@PBDM@Z@Z 100674d0 f i tier1:convar.obj
 0002:0001b550       ?GrowVector@?$CUtlVector@VCUtlString@@V?$CUtlMemory@VCUtlString@@H@@@@IAEXH@Z 10067550 f i tier1:convar.obj
 0002:0001b590       ?Tokenize@CCommand@@QAE_NPBDPAUcharacterset_t@@@Z 10067590 f   tier1:convar.obj
 0002:0001b790       ??1CUtlString@@QAE@XZ      10067790 f i tier1:convar.obj
 0002:0001b7d0       ??1ConVar@@UAE@XZ          100677d0 f   tier1:convar.obj
 0002:0001b820       ?GetName@ConVar@@WBI@BEPBDXZ 10067820 f i tier1:convar.obj
 0002:0001b830       ?IsFlagSet@ConVar@@WBI@BE_NH@Z 10067830 f i tier1:convar.obj
 0002:0001b840       ??1CEmptyConVar@@UAE@XZ    10067840 f i tier1:convar.obj
 0002:0001b890       ?AddToTail@?$CUtlVector@P6AXPAVIConVar@@PBDM@ZV?$CUtlMemory@P6AXPAVIConVar@@PBDM@ZH@@@@QAEHABQ6AXPAVIConVar@@PBDM@Z@Z 10067890 f i tier1:convar.obj
 0002:0001b8b0       ?InsertBefore@?$CUtlVector@VCUtlString@@V?$CUtlMemory@VCUtlString@@H@@@@QAEHHABVCUtlString@@@Z 100678b0 f i tier1:convar.obj
 0002:0001b940       ??_EConVar@@UAEPAXI@Z      10067940 f i tier1:convar.obj
 0002:0001b940       ??_GConVar@@UAEPAXI@Z      10067940 f i tier1:convar.obj
 0002:0001b9a0       ?InstallChangeCallback@ConVar@@QAEXP6AXPAVIConVar@@PBDM@Z_N@Z 100679a0 f   tier1:convar.obj
 0002:0001ba50       ?Create@ConVar@@EAEXPBD0H0_NM1MP6AXPAVIConVar@@0M@Z@Z 10067a50 f   tier1:convar.obj
 0002:0001bbe0       ?AddToTail@?$CUtlVector@VCUtlString@@V?$CUtlMemory@VCUtlString@@H@@@@QAEHABVCUtlString@@@Z 10067be0 f i tier1:convar.obj
 0002:0001bc00       ?AutoCompleteSuggest@ConCommand@@UAEHPBDAAV?$CUtlVector@VCUtlString@@V?$CUtlMemory@VCUtlString@@H@@@@@Z 10067c00 f   tier1:convar.obj
 0002:0001bd10       ??0ConVar@@QAE@PBD0H@Z     10067d10 f   tier1:convar.obj
 0002:0001bd90       ??0ConVar@@QAE@PBD0H0@Z    10067d90 f   tier1:convar.obj
 0002:0001be10       ??0ConVar@@QAE@PBD0H0_NM1M@Z 10067e10 f   tier1:convar.obj
 0002:0001bea0       ??0ConVar@@QAE@PBD0H0P6AXPAVIConVar@@0M@Z@Z 10067ea0 f   tier1:convar.obj
 0002:0001bf30       ??0ConVar@@QAE@PBD0H0_NM1MP6AXPAVIConVar@@0M@Z@Z 10067f30 f   tier1:convar.obj
 0002:0001bfd0       ??0CEmptyConVar@@QAE@XZ    10067fd0 f i tier1:convar.obj
 0002:0001c000       ?SetValue@CEmptyConVar@@UAEXPBD@Z 10068000 f i tier1:convar.obj
 0002:0001c010       ?SetValue@CEmptyConVar@@UAEXM@Z 10068010 f i tier1:convar.obj
 0002:0001c020       ?SetValue@CEmptyConVar@@UAEXH@Z 10068020 f i tier1:convar.obj
 0002:0001c030       ?GetName@CEmptyConVar@@UBEPBDXZ 10068030 f i tier1:convar.obj
 0002:0001c040       ?IsFlagSet@CEmptyConVar@@UBE_NH@Z 10068040 f i tier1:convar.obj
 0002:0001c050       ?GetName@CEmptyConVar@@WBI@BEPBDXZ 10068050 f i tier1:convar.obj
 0002:0001c060       ?IsFlagSet@CEmptyConVar@@WBI@BE_NH@Z 10068060 f i tier1:convar.obj
 0002:0001c070       ??_GCEmptyConVar@@UAEPAXI@Z 10068070 f i tier1:convar.obj
 0002:0001c070       ??_ECEmptyConVar@@UAEPAXI@Z 10068070 f i tier1:convar.obj
 0002:0001c0d0       ?strchr@@YAPADPADH@Z       100680d0 f i tier1:strtools.obj
 0002:0001c0e0       ?strstr@@YAPADPADPBD@Z     100680e0 f i tier1:strtools.obj
 0002:0001c0f0       ?FloatMakePositive@@YAMM@Z 100680f0 f i tier1:strtools.obj
 0002:0001c100       ?_V_strlen@@YAHPBD@Z       10068100 f   tier1:strtools.obj
 0002:0001c140       ?_V_wcslen@@YAHPB_W@Z      10068140 f   tier1:strtools.obj
 0002:0001c160       ?_V_strrchr@@YAPADPBDD@Z   10068160 f   tier1:strtools.obj
 0002:0001c1d0       ?_V_strcmp@@YAHPBD0@Z      100681d0 f   tier1:strtools.obj
 0002:0001c240       ?_V_wcscmp@@YAHPB_W0@Z     10068240 f   tier1:strtools.obj
 0002:0001c280       ?_V_stricmp@@YAHPBD0@Z     10068280 f   tier1:strtools.obj
 0002:0001c320       ?_V_stricmp_NegativeForUnequal@@YAHPBD0@Z 10068320 f   tier1:strtools.obj
 0002:0001c3e0       ?_V_strstr@@YAPADPBD0@Z    100683e0 f   tier1:strtools.obj
 0002:0001c420       ?_V_strupr@@YAPADPAD@Z     10068420 f   tier1:strtools.obj
 0002:0001c450       ?_V_strlower@@YAPADPAD@Z   10068450 f   tier1:strtools.obj
 0002:0001c480       ?V_strncmp@@YAHPBD0H@Z     10068480 f   tier1:strtools.obj
 0002:0001c4f0       ?V_strnlwr@@YAPADPADI@Z    100684f0 f   tier1:strtools.obj
 0002:0001c550       ?V_strncasecmp@@YAHPBD0H@Z 10068550 f   tier1:strtools.obj
 0002:0001c5f0       ?V_strcasecmp@@YAHPBD0@Z   100685f0 f   tier1:strtools.obj
 0002:0001c630       ?V_strnicmp@@YAHPBD0H@Z    10068630 f   tier1:strtools.obj
 0002:0001c680       ?StringAfterPrefix@@YAPBDPBD0@Z 10068680 f   tier1:strtools.obj
 0002:0001c6f0       ?StringAfterPrefixCaseSensitive@@YAPBDPBD0@Z 100686f0 f   tier1:strtools.obj
 0002:0001c750       ?V_atoi64@@YA_JPBD@Z       10068750 f   tier1:strtools.obj
 0002:0001c960       ?V_atoui64@@YA_KPBD@Z      10068960 f   tier1:strtools.obj
 0002:0001cb00       ?V_atoi@@YAHPBD@Z          10068b00 f   tier1:strtools.obj
 0002:0001cb10       ?V_normalizeFloatString@@YAXPAD@Z 10068b10 f   tier1:strtools.obj
 0002:0001cba0       ?tolower_fast@@YAEE@Z      10068ba0 f i tier1:strtools.obj
 0002:0001cbc0       ?V_stristr@@YAPBDPBD0@Z    10068bc0 f   tier1:strtools.obj
 0002:0001ccd0       ?V_stristr@@YAPADPADPBD@Z  10068cd0 f   tier1:strtools.obj
 0002:0001cd10       ?V_strnistr@@YAPBDPBD0H@Z  10068d10 f   tier1:strtools.obj
 0002:0001ce40       ?V_strnchr@@YAPBDPBDDH@Z   10068e40 f   tier1:strtools.obj
 0002:0001ce80       ?V_strncat@@YAPADPADPBDIH@Z 10068e80 f   tier1:strtools.obj
 0002:0001cf70       ?V_hextobinary@@YAXPBDHPAEH@Z 10068f70 f   tier1:strtools.obj
 0002:0001d0a0       ?V_StripTrailingSlash@@YAXPAD@Z 100690a0 f   tier1:strtools.obj
 0002:0001d100       ?V_StripFilename@@YAXPAD@Z 10069100 f   tier1:strtools.obj
 0002:0001d160       ?V_FixSlashes@@YAXPADD@Z   10069160 f   tier1:strtools.obj
 0002:0001d190       ?V_UnqualifiedFileName@@YAPBDPBD@Z 10069190 f   tier1:strtools.obj
 0002:0001d1e0       ?V_ExtractFilePath@@YA_NPBDPADH@Z 100691e0 f   tier1:strtools.obj
 0002:0001d280       ?V_GetFileExtension@@YAPBDPBD@Z 10069280 f   tier1:strtools.obj
 0002:0001d2e0       ?V_RemoveDotSlashes@@YA_NPADD@Z 100692e0 f   tier1:strtools.obj
 0002:0001d490       ?V_AppendSlash@@YAXPADH@Z  10069490 f   tier1:strtools.obj
 0002:0001d510       ?V_MakeRelativePath@@YA_NPBD0PADH@Z 10069510 f   tier1:strtools.obj
 0002:0001d6a0       ?V_IsAbsolutePath@@YA_NPBD@Z 100696a0 f   tier1:strtools.obj
 0002:0001d740       ?V_GetCurrentDirectory@@YA_NPADH@Z 10069740 f   tier1:strtools.obj
 0002:0001d770       ?V_SetCurrentDirectory@@YA_NPBD@Z 10069770 f   tier1:strtools.obj
 0002:0001d790       ?V_StrSlice@@YAXPBDHHPADH@Z 10069790 f   tier1:strtools.obj
 0002:0001d870       ?V_StrLeft@@YAXPBDHPADH@Z  10069870 f   tier1:strtools.obj
 0002:0001d8b0       ?V_strtowcs@@YAXPBDHPA_WH@Z 100698b0 f   tier1:strtools.obj
 0002:0001d8f0       ?V_wcstostr@@YAXPB_WHPADH@Z 100698f0 f   tier1:strtools.obj
 0002:0001d930       ?V_AddBackSlashesToSpecialChars@@YAPADPBD@Z 10069930 f   tier1:strtools.obj
 0002:0001da00       ?CopyMemory3D@@YAXPAXPBXHHHHHHH@Z 10069a00 f   tier1:strtools.obj
 0002:0001db30       ?V_TranslateLineFeedsToUnix@@YAXPAD@Z 10069b30 f   tier1:strtools.obj
 0002:0001db70       ?HexToValue@@YAHD@Z        10069b70 f   tier1:strtools.obj
 0002:0001dbc0       ?V_StringToBin@@YA_NPBDPAXI@Z 10069bc0 f   tier1:strtools.obj
 0002:0001dcf0       ?V_BinToString@@YA_NPADPAXI@Z 10069cf0 f   tier1:strtools.obj
 0002:0001dd70       ??$_Pow_int@N@@YANNH@Z     10069d70 f i tier1:strtools.obj
 0002:0001ddf0       ??$AssertValidWritePtr@X@@YAXPAXH@Z 10069df0 f i tier1:strtools.obj
 0002:0001de00       ??$AssertValidReadPtr@$$CBX@@YAXPBXH@Z 10069e00 f i tier1:strtools.obj
 0002:0001de10       ??$AssertValidWritePtr@D@@YAXPADH@Z 10069e10 f i tier1:strtools.obj
 0002:0001de20       ??$AssertValidWritePtr@_W@@YAXPA_WH@Z 10069e20 f i tier1:strtools.obj
 0002:0001de30       ??$AssertValidReadPtr@$$CB_W@@YAXPB_WH@Z 10069e30 f i tier1:strtools.obj
 0002:0001de40       ??A?$CUtlMemory@PADH@@QAEAAPADH@Z 10069e40 f i tier1:strtools.obj
 0002:0001de50       ?Base@?$CUtlMemory@PADH@@QAEPAPADXZ 10069e50 f i tier1:strtools.obj
 0002:0001de60       ?Element@?$CUtlVector@PADV?$CUtlMemory@PADH@@@@QAEAAPADH@Z 10069e60 f i tier1:strtools.obj
 0002:0001de70       ??$CopyConstruct@PAD@@YAPAPADPAPADABQAD@Z 10069e70 f i tier1:strtools.obj
 0002:0001de90       ??$Destruct@PAD@@YAXPAPAD@Z 10069e90 f i tier1:strtools.obj
 0002:0001dea0       ?IsExternallyAllocated@?$CUtlMemory@PADH@@QBE_NXZ 10069ea0 f i tier1:strtools.obj
 0002:0001deb0       ?NumAllocated@?$CUtlMemory@PADH@@QBEHXZ 10069eb0 f i tier1:strtools.obj
 0002:0001dec0       ?Grow@?$CUtlMemory@PADH@@QAEXH@Z 10069ec0 f i tier1:strtools.obj
 0002:0001df80       ?pow@@YANNH@Z              10069f80 f i tier1:strtools.obj
 0002:0001dfa0       ?_V_memset@@YAXPAXHH@Z     10069fa0 f   tier1:strtools.obj
 0002:0001dfd0       ?_V_memcpy@@YAXPAXPBXH@Z   10069fd0 f   tier1:strtools.obj
 0002:0001e010       ?_V_memmove@@YAXPAXPBXH@Z  1006a010 f   tier1:strtools.obj
 0002:0001e050       ?_V_memcmp@@YAHPBX0H@Z     1006a050 f   tier1:strtools.obj
 0002:0001e130       ?_V_strcpy@@YAXPADPBD@Z    1006a130 f   tier1:strtools.obj
 0002:0001e180       ?V_atof@@YAMPBD@Z          1006a180 f   tier1:strtools.obj
 0002:0001e3f0       ?V_strncpy@@YAXPADPBDH@Z   1006a3f0 f   tier1:strtools.obj
 0002:0001e440       ?V_wcsncpy@@YAXPA_WPB_WH@Z 1006a440 f   tier1:strtools.obj
 0002:0001e490       ?V_snwprintf@@YAHPA_WHPB_WZZ 1006a490 f   tier1:strtools.obj
 0002:0001e4f0       ?V_snprintf@@YAHPADHPBDZZ  1006a4f0 f   tier1:strtools.obj
 0002:0001e550       ?V_vsnprintf@@YAHPADHPBD0@Z 1006a550 f   tier1:strtools.obj
 0002:0001e5b0       ?V_pretifymem@@YAPADMH_N@Z 1006a5b0 f   tier1:strtools.obj
 0002:0001e7d0       ?V_pretifynum@@YAPAD_J@Z   1006a7d0 f   tier1:strtools.obj
 0002:0001eb80       ?V_UTF8ToUnicode@@YAHPBDPA_WH@Z 1006ab80 f   tier1:strtools.obj
 0002:0001ebf0       ?V_UnicodeToUTF8@@YAHPB_WPADH@Z 1006abf0 f   tier1:strtools.obj
 0002:0001ec50       ?V_UCS2ToUnicode@@YAHPB_WPA_WH@Z 1006ac50 f   tier1:strtools.obj
 0002:0001ece0       ?V_UCS2ToUTF8@@YAHPB_WPADH@Z 1006ace0 f   tier1:strtools.obj
 0002:0001ed40       ?V_binarytohex@@YAXPBEHPADH@Z 1006ad40 f   tier1:strtools.obj
 0002:0001ee20       ?V_FileBase@@YAXPBDPADH@Z  1006ae20 f   tier1:strtools.obj
 0002:0001ef20       ?V_StripExtension@@YAXPBDPADH@Z 1006af20 f   tier1:strtools.obj
 0002:0001f010       ?V_DefaultExtension@@YAXPADPBDH@Z 1006b010 f   tier1:strtools.obj
 0002:0001f170       ?V_SetExtension@@YAXPADPBDH@Z 1006b170 f   tier1:strtools.obj
 0002:0001f1a0       ?V_FixDoubleSlashes@@YAXPAD@Z 1006b1a0 f   tier1:strtools.obj
 0002:0001f280       ?V_StripLastDir@@YA_NPADH@Z 1006b280 f   tier1:strtools.obj
 0002:0001f350       ?V_ComposeFileName@@YAXPBD0PADH@Z 1006b350 f   tier1:strtools.obj
 0002:0001f470       ?V_ExtractFileExtension@@YAXPBDPADH@Z 1006b470 f   tier1:strtools.obj
 0002:0001f4d0       ?V_MakeAbsolutePath@@YAXPADHPBD1@Z 1006b4d0 f   tier1:strtools.obj
 0002:0001f630       ?V_FixupPathName@@YAXPADIPBD@Z 1006b630 f   tier1:strtools.obj
 0002:0001f6d0       ?V_StrSubst@@YA_NPBD00PADH_N@Z 1006b6d0 f   tier1:strtools.obj
 0002:0001f810       ?AllocString@@YAPADPBDH@Z  1006b810 f   tier1:strtools.obj
 0002:0001f8b0       ?V_StrRight@@YAXPBDHPADH@Z 1006b8b0 f   tier1:strtools.obj
 0002:0001f960       ?V_StringToIntArray@@YAXPAHHPBD@Z 1006b960 f   tier1:strtools.obj
 0002:0001fa40       ?V_StringToColor32@@YAXPAUcolor32_s@@PBD@Z 1006ba40 f   tier1:strtools.obj
 0002:0001fa90       ?Base@?$CUtlVector@PADV?$CUtlMemory@PADH@@@@QAEPAPADXZ 1006ba90 f i tier1:strtools.obj
 0002:0001faa0       ?RemoveAll@?$CUtlVector@PADV?$CUtlMemory@PADH@@@@QAEXXZ 1006baa0 f i tier1:strtools.obj
 0002:0001fab0       ?Purge@?$CUtlMemory@PADH@@QAEXXZ 1006bab0 f i tier1:strtools.obj
 0002:0001faf0       ?ShiftElementsRight@?$CUtlVector@PADV?$CUtlMemory@PADH@@@@IAEXHH@Z 1006baf0 f i tier1:strtools.obj
 0002:0001fb50       ?ResetDbgInfo@?$CUtlVector@PADV?$CUtlMemory@PADH@@@@IAEXXZ 1006bb50 f i tier1:strtools.obj
 0002:0001fb60       ?GrowVector@?$CUtlVector@PADV?$CUtlMemory@PADH@@@@IAEXH@Z 1006bb60 f i tier1:strtools.obj
 0002:0001fba0       ?Purge@?$CUtlVector@PADV?$CUtlMemory@PADH@@@@QAEXXZ 1006bba0 f i tier1:strtools.obj
 0002:0001fc00       ?InsertBefore@?$CUtlVector@PADV?$CUtlMemory@PADH@@@@QAEHHABQAD@Z 1006bc00 f i tier1:strtools.obj
 0002:0001fcb0       ?AddToTail@?$CUtlVector@PADV?$CUtlMemory@PADH@@@@QAEHABQAD@Z 1006bcb0 f i tier1:strtools.obj
 0002:0001fcd0       ?V_SplitString2@@YAXPBDPAPBDHAAV?$CUtlVector@PADV?$CUtlMemory@PADH@@@@@Z 1006bcd0 f   tier1:strtools.obj
 0002:0001fe50       ?V_SplitString@@YAXPBD0AAV?$CUtlVector@PADV?$CUtlMemory@PADH@@@@@Z 1006be50 f   tier1:strtools.obj
 0002:0001fe70       ?ConnectTier1Libraries@@YAXPAP6APAXPBDPAH@ZH@Z 1006be70 f   tier1:tier1.obj
 0002:0001fe80       ?DisconnectTier1Libraries@@YAXXZ 1006be80 f   tier1:tier1.obj
 0002:0001fe90       ??0InterfaceReg@@QAE@P6APAXXZPBD@Z 1006be90 f   tier1:interface.obj
 0002:0001fec0       ?CreateInterfaceInternal@@YAPAXPBDPAH@Z 1006bec0 f   tier1:interface.obj
 0002:0001ff50       _CreateInterface           1006bf50 f   tier1:interface.obj
 0002:0001ff90       ?Sys_IsDebuggerPresent@@YA_NXZ 1006bf90 f   tier1:interface.obj
 0002:0001ffa0       ??0ThreadedLoadLibaryContext_t@@QAE@XZ 1006bfa0 f i tier1:interface.obj
 0002:0001ffc0       ?ThreadedLoadLibraryFunc@@YAIPAX@Z 1006bfc0 f   tier1:interface.obj
 0002:00020260       ?Sys_LoadModule@@YAPAVCSysModule@@PBD@Z 1006c260 f   tier1:interface.obj
 0002:000204a0       ?Sys_RunningWithDebugModules@@YA_NXZ 1006c4a0 f   tier1:interface.obj
 0002:00020520       ?Sys_UnloadModule@@YAXPAVCSysModule@@@Z 1006c520 f   tier1:interface.obj
 0002:00020540       ?Sys_GetFactory@@YAP6APAXPBDPAH@ZPAVCSysModule@@@Z 1006c540 f   tier1:interface.obj
 0002:00020560       ?Sys_GetFactoryThis@@YAP6APAXPBDPAH@ZXZ 1006c560 f   tier1:interface.obj
 0002:00020570       ?Sys_GetFactory@@YAP6APAXPBDPAH@Z0@Z 1006c570 f   tier1:interface.obj
 0002:00020590       ?Sys_LoadInterface@@YA_NPBD0PAPAVCSysModule@@PAPAX@Z 1006c590 f   tier1:interface.obj
 0002:00020600       ??0CDllDemandLoader@@QAE@PBD@Z 1006c600 f   tier1:interface.obj
 0002:00020620       ?GetFactory@CDllDemandLoader@@QAEP6APAXPBDPAH@ZXZ 1006c620 f   tier1:interface.obj
 0002:00020670       ?Unload@CDllDemandLoader@@QAEXXZ 1006c670 f   tier1:interface.obj
 0002:00020690       ??1CDllDemandLoader@@UAE@XZ 1006c690 f   tier1:interface.obj
 0002:000206c0       ??_ECDllDemandLoader@@UAEPAXI@Z 1006c6c0 f i tier1:interface.obj
 0002:000206c0       ??_GCDllDemandLoader@@UAEPAXI@Z 1006c6c0 f i tier1:interface.obj
 0002:00020710       ?Length@CUtlBinaryBlock@@QBEHXZ 1006c710 f i tier1:utlstring.obj
 0002:00020720       ?Length@CUtlString@@QBEHXZ 1006c720 f   tier1:utlstring.obj
 0002:00020740       ??0?$CUtlMemory@EH@@QAE@PBEH@Z 1006c740 f i tier1:utlstring.obj
 0002:00020760       ??0?$CUtlMemory@EH@@QAE@PAEH@Z 1006c760 f i tier1:utlstring.obj
 0002:00020780       ??A?$CUtlMemory@EH@@QAEAAEH@Z 1006c780 f i tier1:utlstring.obj
 0002:00020790       ?Base@?$CUtlMemory@EH@@QBEPBEXZ 1006c790 f i tier1:utlstring.obj
 0002:000207a0       ?Base@?$CUtlMemory@EH@@QAEPAEXZ 1006c7a0 f i tier1:utlstring.obj
 0002:000207b0       ?NumAllocated@?$CUtlMemory@EH@@QBEHXZ 1006c7b0 f i tier1:utlstring.obj
 0002:000207c0       ?ValidateGrowSize@?$CUtlMemory@EH@@IAEXXZ 1006c7c0 f i tier1:utlstring.obj
 0002:000207d0       ?Get@CUtlBinaryBlock@@QBEPBXXZ 1006c7d0 f i tier1:utlstring.obj
 0002:000207e0       ?Get@CUtlBinaryBlock@@QAEPAXXZ 1006c7e0 f i tier1:utlstring.obj
 0002:000207f0       ??ACUtlBinaryBlock@@QAEAAEH@Z 1006c7f0 f i tier1:utlstring.obj
 0002:00020800       ?IsEmpty@CUtlString@@QBE_NXZ 1006c800 f i tier1:utlstring.obj
 0002:00020830       ?Get@CUtlBinaryBlock@@QBEXPAXH@Z 1006c830 f   tier1:utlstring.obj
 0002:00020860       ??8CUtlBinaryBlock@@QBE_NABV0@@Z 1006c860 f   tier1:utlstring.obj
 0002:00020940       ?Get@CUtlString@@QBEPBDXZ  1006c940 f   tier1:utlstring.obj
 0002:00020960       ??BCUtlString@@QBEPBDXZ    1006c960 f   tier1:utlstring.obj
 0002:00020980       ??8CUtlString@@QBE_NABV0@@Z 1006c980 f   tier1:utlstring.obj
 0002:00020990       ??8CUtlString@@QBE_NPBD@Z  1006c990 f   tier1:utlstring.obj
 0002:000209f0       ??0?$CUtlMemory@EH@@QAE@HH@Z 1006c9f0 f i tier1:utlstring.obj
 0002:00020a30       ?Grow@?$CUtlMemory@EH@@QAEXH@Z 1006ca30 f i tier1:utlstring.obj
 0002:00020ae0       ?String@CUtlString@@QBEPBDXZ 1006cae0 f i tier1:utlstring.obj
 0002:00020b00       ?SetLength@CUtlBinaryBlock@@QAEXH@Z 1006cb00 f   tier1:utlstring.obj
 0002:00020b40       ?Set@CUtlBinaryBlock@@QAEXPBXH@Z 1006cb40 f   tier1:utlstring.obj
 0002:00020bd0       ??4CUtlBinaryBlock@@QAEAAV0@ABV0@@Z 1006cbd0 f   tier1:utlstring.obj
 0002:00020c00       ?SetDirect@CUtlString@@QAEXPBDH@Z 1006cc00 f   tier1:utlstring.obj
 0002:00020c90       ?Set@CUtlString@@QAEXPBD@Z 1006cc90 f   tier1:utlstring.obj
 0002:00020ce0       ?SetLength@CUtlString@@QAEXH@Z 1006cce0 f   tier1:utlstring.obj
 0002:00020d30       ?Get@CUtlString@@QAEPADXZ  1006cd30 f   tier1:utlstring.obj
 0002:00020d80       ??4CUtlString@@QAEAAV0@ABV0@@Z 1006cd80 f   tier1:utlstring.obj
 0002:00020db0       ??4CUtlString@@QAEAAV0@PBD@Z 1006cdb0 f   tier1:utlstring.obj
 0002:00020e00       ??YCUtlString@@QAEAAV0@ABV0@@Z 1006ce00 f   tier1:utlstring.obj
 0002:00020f10       ??YCUtlString@@QAEAAV0@PBD@Z 1006cf10 f   tier1:utlstring.obj
 0002:00021000       ??YCUtlString@@QAEAAV0@D@Z 1006d000 f   tier1:utlstring.obj
 0002:00021070       ??YCUtlString@@QAEAAV0@H@Z 1006d070 f   tier1:utlstring.obj
 0002:000210c0       ??YCUtlString@@QAEAAV0@N@Z 1006d0c0 f   tier1:utlstring.obj
 0002:00021120       ?Format@CUtlString@@QAAHPBDZZ 1006d120 f   tier1:utlstring.obj
 0002:000211b0       ?StripTrailingSlash@CUtlString@@QAEXXZ 1006d1b0 f   tier1:utlstring.obj
 0002:00021220       ?Clear@CUtlBinaryBlock@@QAEXXZ 1006d220 f i tier1:utlstring.obj
 0002:00021250       ?Purge@CUtlBinaryBlock@@QAEXXZ 1006d250 f i tier1:utlstring.obj
 0002:000212c0       ??0CUtlBinaryBlock@@QAE@HH@Z 1006d2c0 f   tier1:utlstring.obj
 0002:00021310       ??0CUtlBinaryBlock@@QAE@PAXHH@Z 1006d310 f   tier1:utlstring.obj
 0002:00021340       ??0CUtlBinaryBlock@@QAE@PBXH@Z 1006d340 f   tier1:utlstring.obj
 0002:00021370       ??0CUtlBinaryBlock@@QAE@ABV0@@Z 1006d370 f   tier1:utlstring.obj
 0002:000213a0       ??0CUtlString@@QAE@PBD@Z   1006d3a0 f   tier1:utlstring.obj
 0002:000213f0       ??0CUtlString@@QAE@ABV0@@Z 1006d3f0 f   tier1:utlstring.obj
 0002:00021450       ??0CUtlString@@QAE@PAXHH@Z 1006d450 f   tier1:utlstring.obj
 0002:00021480       ??0CUtlString@@QAE@PBXH@Z  1006d480 f   tier1:utlstring.obj
 0002:000214b0       ?Clear@CUtlString@@QAEXXZ  1006d4b0 f   tier1:utlstring.obj
 0002:000214e0       ?Purge@CUtlString@@QAEXXZ  1006d4e0 f   tier1:utlstring.obj
 0002:000214f0       ?Replace@CUtlString@@QAE?AV1@DD@Z 1006d4f0 f   tier1:utlstring.obj
 0002:000215b0       ?AbsPath@CUtlString@@QAE?AV1@PBD@Z 1006d5b0 f   tier1:utlstring.obj
 0002:00021650       ?UnqualifiedFilename@CUtlString@@QAE?AV1@XZ 1006d650 f   tier1:utlstring.obj
 0002:000216e0       ?DirName@CUtlString@@QAE?AV1@XZ 1006d6e0 f   tier1:utlstring.obj
 0002:00021750       ?PathJoin@CUtlString@@SA?AV1@PBD0@Z 1006d750 f   tier1:utlstring.obj
 0002:000217d0       ??HCUtlString@@QAE?AV0@PBD@Z 1006d7d0 f   tier1:utlstring.obj
 0002:00021830       ??0CUtlString@@QAE@XZ      1006d830 f   tier1:utlstring.obj
 0002:00021850       ??HCUtlString@@QAE?AV0@H@Z 1006d850 f   tier1:utlstring.obj
 0002:00021900       ?Slice@CUtlString@@QAE?AV1@HH@Z 1006d900 f   tier1:utlstring.obj
 0002:00021b70       ?Left@CUtlString@@QAE?AV1@H@Z 1006db70 f   tier1:utlstring.obj
 0002:00021b90       ?Right@CUtlString@@QAE?AV1@H@Z 1006db90 f   tier1:utlstring.obj
 0002:00021bc0       ?CharacterSetBuild@@YAXPAUcharacterset_t@@PBD@Z 1006dbc0 f   tier1:characterset.obj
 0002:00021c20       ?V_isspace@@YA_NH@Z        1006dc20 f i tier1:utlbuffer.obj
 0002:00021c40       ?IsMachineBigEndian@CByteswap@@SA_NXZ 1006dc40 f i tier1:utlbuffer.obj
 0002:00021c50       ?SetTargetBigEndian@CByteswap@@QAEX_N@Z 1006dc50 f i tier1:utlbuffer.obj
 0002:00021c80       ?ActivateByteSwapping@CByteswap@@QAEX_N@Z 1006dc80 f i tier1:utlbuffer.obj
 0002:00021cb0       ?IsSwappingBytes@CByteswap@@QAE_NXZ 1006dcb0 f i tier1:utlbuffer.obj
 0002:00021cc0       ?IsTargetBigEndian@CByteswap@@QAE_NXZ 1006dcc0 f i tier1:utlbuffer.obj
 0002:00021cd0       ??$StringToNumber@F@@YAFPADPAPADH@Z 1006dcd0 f i tier1:utlbuffer.obj
 0002:00021ce0       ??$StringToNumber@G@@YAGPADPAPADH@Z 1006dce0 f i tier1:utlbuffer.obj
 0002:00021cf0       ??$StringToNumber@H@@YAHPADPAPADH@Z 1006dcf0 f i tier1:utlbuffer.obj
 0002:00021d00       ??$StringToNumber@I@@YAIPADPAPADH@Z 1006dd00 f i tier1:utlbuffer.obj
 0002:00021d10       ??$StringToNumber@_J@@YA_JPADPAPADH@Z 1006dd10 f i tier1:utlbuffer.obj
 0002:00021d20       ??$StringToNumber@M@@YAMPADPAPADH@Z 1006dd20 f i tier1:utlbuffer.obj
 0002:00021d40       ??$StringToNumber@N@@YANPADPAPADH@Z 1006dd40 f i tier1:utlbuffer.obj
 0002:00021d60       ?TellPut@CUtlBuffer@@QBEHXZ 1006dd60 f i tier1:utlbuffer.obj
 0002:00021d70       ?TellMaxPut@CUtlBuffer@@QBEHXZ 1006dd70 f i tier1:utlbuffer.obj
 0002:00021d80       ?IsText@CUtlBuffer@@QBE_NXZ 1006dd80 f i tier1:utlbuffer.obj
 0002:00021d90       ?IsGrowable@CUtlBuffer@@QBE_NXZ 1006dd90 f i tier1:utlbuffer.obj
 0002:00021da0       ?ContainsCRLF@CUtlBuffer@@QBE_NXZ 1006dda0 f i tier1:utlbuffer.obj
 0002:00021dc0       ?IsReadOnly@CUtlBuffer@@QBE_NXZ 1006ddc0 f i tier1:utlbuffer.obj
 0002:00021dd0       ?GetCStringCharConversion@@YAPAVCUtlCharConversion@@XZ 1006ddd0 f   tier1:utlbuffer.obj
 0002:00021de0       ?GetNoEscCharConversion@@YAPAVCUtlCharConversion@@XZ 1006dde0 f   tier1:utlbuffer.obj
 0002:00021df0       ?FindConversion@CUtlCStringConversion@@UAEDPBDPAH@Z 1006ddf0 f   tier1:utlbuffer.obj
 0002:00021e20       ??0CUtlCharConversion@@QAE@DPBDHPAUConversionArray_t@0@@Z 1006de20 f   tier1:utlbuffer.obj
 0002:00021ee0       ?GetEscapeChar@CUtlCharConversion@@QBEDXZ 1006dee0 f   tier1:utlbuffer.obj
 0002:00021ef0       ?GetDelimiter@CUtlCharConversion@@QBEPBDXZ 1006def0 f   tier1:utlbuffer.obj
 0002:00021f00       ?GetDelimiterLength@CUtlCharConversion@@QBEHXZ 1006df00 f   tier1:utlbuffer.obj
 0002:00021f10       ?GetConversionString@CUtlCharConversion@@QBEPBDD@Z 1006df10 f   tier1:utlbuffer.obj
 0002:00021f30       ?GetConversionLength@CUtlCharConversion@@QBEHD@Z 1006df30 f   tier1:utlbuffer.obj
 0002:00021f50       ?MaxConversionLength@CUtlCharConversion@@QBEHXZ 1006df50 f   tier1:utlbuffer.obj
 0002:00021f60       ?FindConversion@CUtlCharConversion@@UAEDPBDPAH@Z 1006df60 f   tier1:utlbuffer.obj
 0002:00021fe0       ?SetBufferType@CUtlBuffer@@QAEX_N0@Z 1006dfe0 f   tier1:utlbuffer.obj
 0002:00022010       ?SetOverflowFuncs@CUtlBuffer@@IAEXP81@AE_NH@Z0@Z 1006e010 f   tier1:utlbuffer.obj
 0002:00022030       ?OnPutOverflow@CUtlBuffer@@IAE_NH@Z 1006e030 f   tier1:utlbuffer.obj
 0002:00022040       ?OnGetOverflow@CUtlBuffer@@IAE_NH@Z 1006e040 f   tier1:utlbuffer.obj
 0002:00022050       ?GetOverflow@CUtlBuffer@@IAE_NH@Z 1006e050 f   tier1:utlbuffer.obj
 0002:00022060       ?ActivateByteSwapping@CUtlBuffer@@QAEX_N@Z 1006e060 f   tier1:utlbuffer.obj
 0002:00022090       ?SetBigEndian@CUtlBuffer@@QAEX_N@Z 1006e090 f   tier1:utlbuffer.obj
 0002:000220c0       ?IsBigEndian@CUtlBuffer@@QAE_NXZ 1006e0c0 f   tier1:utlbuffer.obj
 0002:000220d0       ??A?$CUtlMemory@EH@@QBEABEH@Z 1006e0d0 f i tier1:utlbuffer.obj
 0002:000220e0       ??$LowLevelByteSwap@D@CByteswap@@CAXPAD0@Z 1006e0e0 f i tier1:utlbuffer.obj
 0002:00022110       ??0CByteswap@@QAE@XZ       1006e110 f i tier1:utlbuffer.obj
 0002:00022120       ?PeekGet@CUtlBuffer@@QBEPBXH@Z 1006e120 f i tier1:utlbuffer.obj
 0002:00022140       ?PeekPut@CUtlBuffer@@QAEPAXH@Z 1006e140 f i tier1:utlbuffer.obj
 0002:00022160       ?WasLastCharacterCR@CUtlBuffer@@IAE_NXZ 1006e160 f i tier1:utlbuffer.obj
 0002:00022190       ?Base@CUtlBuffer@@QAEPAXXZ 1006e190 f i tier1:utlbuffer.obj
 0002:000221a0       ?Size@CUtlBuffer@@QBEHXZ   1006e1a0 f i tier1:utlbuffer.obj
 0002:000221b0       ??0CUtlNoEscConversion@@QAE@DPBDHPAUConversionArray_t@CUtlCharConversion@@@Z 1006e1b0 f i tier1:utlbuffer.obj
 0002:000221f0       ?FindConversion@CUtlNoEscConversion@@UAEDPBDPAH@Z 1006e1f0 f i tier1:utlbuffer.obj
 0002:00022210       ??0CUtlCStringConversion@@QAE@DPBDHPAUConversionArray_t@CUtlCharConversion@@@Z 1006e210 f   tier1:utlbuffer.obj
 0002:00022290       ?CheckGet@CUtlBuffer@@IAE_NH@Z 1006e290 f   tier1:utlbuffer.obj
 0002:00022300       ?CheckPeekGet@CUtlBuffer@@IAE_NHH@Z 1006e300 f   tier1:utlbuffer.obj
 0002:00022340       ?CheckArbitraryPeekGet@CUtlBuffer@@IAE_NHAAH@Z 1006e340 f   tier1:utlbuffer.obj
 0002:000223d0       ?PeekGet@CUtlBuffer@@QAEPBXHH@Z 1006e3d0 f   tier1:utlbuffer.obj
 0002:00022420       ?SeekGet@CUtlBuffer@@QAEXW4SeekType_t@1@H@Z 1006e420 f   tier1:utlbuffer.obj
 0002:000224a0       ?GetToken@CUtlBuffer@@QAE_NPBD@Z 1006e4a0 f   tier1:utlbuffer.obj
 0002:000226a0       ?CheckPut@CUtlBuffer@@IAE_NH@Z 1006e6a0 f   tier1:utlbuffer.obj
 0002:00022700       ?AddNullTermination@CUtlBuffer@@IAEXXZ 1006e700 f   tier1:utlbuffer.obj
 0002:00022760       ?DetachMemory@?$CUtlMemory@EH@@QAEPAXXZ 1006e760 f i tier1:utlbuffer.obj
 0002:00022780       ?ConvertToGrowableMemory@?$CUtlMemory@EH@@QAEXH@Z 1006e780 f i tier1:utlbuffer.obj
 0002:000227e0       ?EnsureCapacity@?$CUtlMemory@EH@@QAEXH@Z 1006e7e0 f i tier1:utlbuffer.obj
 0002:00022840       ??$GetTypeText@I@CUtlBuffer@@IAE_NAAIH@Z 1006e840 f i tier1:utlbuffer.obj
 0002:000228d0       ??$GetTypeText@F@CUtlBuffer@@IAE_NAAFH@Z 1006e8d0 f i tier1:utlbuffer.obj
[...]
 0004:00005410       ___pInvalidArgHandler      1011e410     LIBCMTD:invarg.obj
 0004:00005414       _gpFlsAlloc                1011e414     LIBCMTD:tidtable.obj
 0004:00005418       _gpFlsGetValue             1011e418     LIBCMTD:tidtable.obj
 0004:0000541c       _gpFlsSetValue             1011e41c     LIBCMTD:tidtable.obj
 0004:00005420       _gpFlsFree                 1011e420     LIBCMTD:tidtable.obj
 0004:00005564       __crtheap                  1011e564     LIBCMTD:heapinit.obj
 0004:00005718       ?_pnhHeap@@3P6AHI@ZA       1011e718     LIBCMTD:handler.obj
 0004:00005720       ___mbulinfo                1011e720     LIBCMTD:mbctype.obj
 0004:0000572c       ___mbcodepage              1011e72c     LIBCMTD:mbctype.obj
 0004:00005730       ___ismbcodepage            1011e730     LIBCMTD:mbctype.obj
 0004:00005734       ___mblcid                  1011e734     LIBCMTD:mbctype.obj
 0004:00005740       ___locale_changed          1011e740     LIBCMTD:setlocal.obj
 0004:00005760       ?pArgList@UnDecorator@@0PAVReplicator@@A 1011e760     LIBCMTD:undname.obj
 0004:00005764       ?pZNameList@UnDecorator@@0PAVReplicator@@A 1011e764     LIBCMTD:undname.obj
 0004:00005768       ?pTemplateArgList@UnDecorator@@0PAVReplicator@@A 1011e768     LIBCMTD:undname.obj
 0004:0000576c       ?gName@UnDecorator@@0PBDB  1011e76c     LIBCMTD:undname.obj
 0004:00005770       ?name@UnDecorator@@0PBDB   1011e770     LIBCMTD:undname.obj
 0004:00005774       ?outputString@UnDecorator@@0PADA 1011e774     LIBCMTD:undname.obj
 0004:00005778       ?maxStringLength@UnDecorator@@0HA 1011e778     LIBCMTD:undname.obj
 0004:0000577c       ?disableFlags@UnDecorator@@0KA 1011e77c     LIBCMTD:undname.obj
 0004:00005780       ?m_pGetParameter@UnDecorator@@0P6APADJ@ZA 1011e780     LIBCMTD:undname.obj
 0004:00005784       ?fExplicitTemplateParams@UnDecorator@@0_NA 1011e784     LIBCMTD:undname.obj
 0004:00005785       ?fGetTemplateArgumentList@UnDecorator@@0_NA 1011e785     LIBCMTD:undname.obj
 0004:000057f8       ?nodes@?1??make@DNameStatusNode@@SAPAV2@W4DNameStatus@@@Z@4PAV2@A 1011e7f8     LIBCMTD:undname.obj
 0004:00005834       ??_B?1??make@DNameStatusNode@@SAPAV1@W4DNameStatus@@@Z@51 1011e834     LIBCMTD:undname.obj
 0004:00005868       __outputformat             1011e868     LIBCMTD:outputformat.obj
 0004:0000586c       ?__pInconsistency@@3P6AXXZA 1011e86c     LIBCMTD:hooks.obj
 0004:00005874       __newmode                  1011e874     LIBCMTD:_newmode.obj
 0004:00005c3c       ___lconv_static_null       1011ec3c     LIBCMTD:lconv.obj
 0004:00005c40       ___lconv_static_W_null     1011ec40     LIBCMTD:lconv.obj
 0004:00005c60       ?g_pVGuiLocalize@@3PAVILocalize@vgui@@A 1011ec60     interfaces:interfaces.obj
 0004:00005c64       ?g_pSceneSystem@@3PAVISceneSystem@@A 1011ec64     interfaces:interfaces.obj
 0004:00005c68       ?g_pAsyncFileSystem@@3PAVIAsyncFileSystem@@A 1011ec68     interfaces:interfaces.obj
 0004:00005c6c       ?g_pStudioRender@@3PAVIStudioRender@@A 1011ec6c     interfaces:interfaces.obj
 0004:00005c70       ?g_pMatSystemSurface@@3PAVIMatSystemSurface@@A 1011ec70     interfaces:interfaces.obj
 0004:00005c74       ?g_pQueuedLoader@@3PAVIQueuedLoader@@A 1011ec74     interfaces:interfaces.obj
 0004:00005c78       ?g_pDataCache@@3PAVIDataCache@@A 1011ec78     interfaces:interfaces.obj
 0004:00005c7c       ?g_pBIK@@3PAVIBik@@A       1011ec7c     interfaces:interfaces.obj
 0004:00005e38       ?g_pPhysics2ActorManager@@3PAVIPhysics2ActorManager@@A 1011ee38     interfaces:interfaces.obj
 0004:00005e40       ?g_pVGuiInput@@3PAVIInput@vgui@@A 1011ee40     interfaces:interfaces.obj
 0004:00005e44       ?g_pSoundSystem@@3PAVISoundSystem@@A 1011ee44     interfaces:interfaces.obj
 0004:00005e48       ?g_pMaterialSystemHardwareConfig@@3PAVIMaterialSystemHardwareConfig@@A 1011ee48     interfaces:interfaces.obj
 0004:00005e4c       ?g_pVGuiSurface@@3PAVISurface@vgui@@A 1011ee4c     interfaces:interfaces.obj
 0004:00005e50       ?g_pInputStackSystem@@3PAVIInputStackSystem@@A 1011ee50     interfaces:interfaces.obj
 0004:00005e54       ?g_pGameUISystemMgr@@3PAVIGameUISystemMgr@@A 1011ee54     interfaces:interfaces.obj
 0004:00005e58       ?g_pWorldRendererMgr@@3PAVIWorldRendererMgr@@A 1011ee58     interfaces:interfaces.obj
 0004:00005e5c       ?g_pInputSystem@@3PAVIInputSystem@@A 1011ee5c     interfaces:interfaces.obj
 0004:00005e60       ?g_pMaterialSystem@@3PAVIMaterialSystem@@A 1011ee60     interfaces:interfaces.obj
 0004:00005e64       ?materials@@3PAVIMaterialSystem@@A 1011ee64     interfaces:interfaces.obj
 0004:00005e68       ?g_pSoundEmitterSystem@@3PAVISoundEmitterSystemBase@@A 1011ee68     interfaces:interfaces.obj
 0004:00005e6c       ?g_pVGuiRenderSurface@@3PAVIVGuiRenderSurface@@A 1011ee6c     interfaces:interfaces.obj
 0004:00005e70       ?mdlcache@@3PAVIMDLCache@@A 1011ee70     interfaces:interfaces.obj
 0004:00005e74       ?colorcorrection@@3PAVIColorCorrectionSystem@@A 1011ee74     interfaces:interfaces.obj
 0004:00005e7c       ?g_VBAllocTracker@@3PAVIVBAllocTracker@@A 1011ee7c     interfaces:interfaces.obj
 0004:00005e80       ?g_pAVI@@3PAVIAvi@@A       1011ee80     interfaces:interfaces.obj
 0004:00005e84       ?g_pCVar@@3PAVICvar@@A     1011ee84     interfaces:interfaces.obj
 0004:00005e88       ?g_pMaterialSystem2@@3PAVIMaterialSystem2@@A 1011ee88     interfaces:interfaces.obj
 0004:00005e8c       ?cvar@@3PAVICvar@@A        1011ee8c     interfaces:interfaces.obj
 0004:00005e90       ?g_pPhysicsCollision@@3PAVIPhysicsCollision@@A 1011ee90     interfaces:interfaces.obj
 0004:00005e94       ?g_pProcessUtils@@3PAVIProcessUtils@@A 1011ee94     interfaces:interfaces.obj
 0004:00005e98       ?g_pNetworkSystem@@3PAVINetworkSystem@@A 1011ee98     interfaces:interfaces.obj
 0004:00005e9c       ?g_pVGuiSystem@@3PAVISystem@vgui@@A 1011ee9c     interfaces:interfaces.obj
 0004:00005ea0       ?g_pPrecacheSystem@@3PAVIPrecacheSystem@@A 1011eea0     interfaces:interfaces.obj
 0004:00005ea4       ?g_pVGui@@3PAVIVGui@vgui@@A 1011eea4     interfaces:interfaces.obj
 0004:00005ea8       ?g_pVGuiPanel@@3PAVIPanel@vgui@@A 1011eea8     interfaces:interfaces.obj
 0004:00005eac       ?g_pResourceSystem@@3PAVIResourceSystem@@A 1011eeac     interfaces:interfaces.obj
 0004:00005eb0       ?g_pFullFileSystem@@3PAVIFileSystem@@A 1011eeb0     interfaces:interfaces.obj
 0004:00005eb4       ?g_pResourceAccessControl@@3PAVIResourceAccessControl@@A 1011eeb4     interfaces:interfaces.obj
 0004:00005eb8       ?studiorender@@3PAVIStudioRender@@A 1011eeb8     interfaces:interfaces.obj
 0004:00005ebc       ?g_pMaterialSystemDebugTextureInfo@@3PAVIDebugTextureInfo@@A 1011eebc     interfaces:interfaces.obj
 0004:00005ec0       ?g_pEventSystem@@3PAVIEventSystem@@A 1011eec0     interfaces:interfaces.obj
 0004:00005ec4       ?g_pDmeMakefileUtils@@3PAVIDmeMakefileUtils@@A 1011eec4     interfaces:interfaces.obj
 0004:00005ec8       ?g_pRenderDevice@@3PAVIRenderDevice@@A 1011eec8     interfaces:interfaces.obj
 0004:00005ecc       ?g_pRenderDeviceMgr@@3PAVIRenderDeviceMgr@@A 1011eecc     interfaces:interfaces.obj
 0004:00005ed0       ?g_pMeshSystem@@3PAVIMeshSystem@@A 1011eed0     interfaces:interfaces.obj
 0004:00005ed4       ?g_pPhysics2ResourceManager@@3PAVIPhysics2ResourceManager@@A 1011eed4     interfaces:interfaces.obj
 0004:00005ed8       ?g_pPhysics2@@3PAVIPhysics2@@A 1011eed8     interfaces:interfaces.obj
 0004:00005edc       ?g_pVGuiSchemeManager@@3PAVISchemeManager@vgui@@A 1011eedc     interfaces:interfaces.obj
 0004:00005ee0       ?g_pRenderHardwareConfig@@3PAVIRenderHardwareConfig@@A 1011eee0     interfaces:interfaces.obj
 0004:00005ee4       ?g_pMatchFramework@@3PAVIMatchFramework@@A 1011eee4     interfaces:interfaces.obj
 0004:00005ee8       ?mdllib@@3PAVIMdlLib@@A    1011eee8     interfaces:interfaces.obj
 0004:00005eec       ?g_pLocalize@@3PAVILocalize@@A 1011eeec     interfaces:interfaces.obj
 0004:00005ef0       ?p4@@3PAVIP4@@A            1011eef0     interfaces:interfaces.obj
 0004:00005ef4       ?g_pMDLCache@@3PAVIMDLCache@@A 1011eef4     interfaces:interfaces.obj
 0004:00005f88       ?SinCosTable@@3PAMA        1011ef88     mathlib:mathlib_base.obj
 0004:00006388       ?s_bMathlibInitialized@@3_NA 1011f388     mathlib:mathlib_base.obj
 0004:00006394       ?vec3_origin@@3VVector@@B  1011f394     mathlib:mathlib_base.obj
 0004:000063a0       ?vec3_angle@@3VQAngle@@B   1011f3a0     mathlib:mathlib_base.obj
 0004:0000efb0       ?lineartolightmap@@3PAEA   10127fb0     mathlib:color_conversion.obj
 0004:000127b0       ?lineartovertex@@3PAMA     1012b7b0     mathlib:color_conversion.obj
 0004:000181c4       __pmatherr                 101311c4     <common>
 0004:000181d0       ___use_sse2_mathfcns       101311d0     <common>
 0004:000181dc       __pfnReportHook            101311dc     <common>
 0004:000181ec       __pReportHookListW         101311ec     <common>
 0004:000181f0       __pReportHookList          101311f0     <common>
 0004:000181f4       __debugger_hook_dummy      101311f4     <common>
 0004:00018200       ___setlc_active            10131200     <common>
 0004:00018210       ___unguarded_readlc_active 10131210     <common>
 0004:00018214       __nhandle                  10131214     <common>
 0004:00018260       ___pioinfo                 10131260     <common>
 0004:00018360       ___piob                    10131360     <common>
 0004:000186a0       __bufin                    101316a0     <common>
 0004:000196a0       __nstream                  101326a0     <common>
 0004:000196a4       ___env_initialized         101326a4     <common>
 0004:000196b4       ___onexitend               101326b4     <common>
 0004:000196b8       ___onexitbegin             101326b8     <common>
 0004:000196bc       ___mbctype_initialized     101326bc     <common>
 0004:000196c0       ___dyn_tls_init_callback   101326c0     <common>
 0004:000196c4       ___sse2_available          101326c4     <common>
 0004:000196d0       __acmdln                   101326d0     <common>
 0005:00000000       __IMPORT_DESCRIPTOR_tier0  10133000     tier0:tier0.dll
 0005:00000014       __IMPORT_DESCRIPTOR_KERNEL32 10133014     kernel32:KERNEL32.dll
 0005:00000028       __NULL_IMPORT_DESCRIPTOR   10133028     tier0:tier0.dll
 0005:000002b4       __imp__DeleteCriticalSection@4 101332b4     kernel32:KERNEL32.dll
 0005:000002b8       __imp__CreateFileW@28      101332b8     kernel32:KERNEL32.dll
 0005:000002bc       __imp__SetStdHandle@8      101332bc     kernel32:KERNEL32.dll
 0005:000002c0       __imp__ReadFile@20         101332c0     kernel32:KERNEL32.dll
 0005:000002c4       __imp__FlushFileBuffers@4  101332c4     kernel32:KERNEL32.dll
 0005:000002c8       __imp__GetUserDefaultLCID@0 101332c8     kernel32:KERNEL32.dll
 0005:000002cc       __imp__MultiByteToWideChar@24 101332cc     kernel32:KERNEL32.dll
 0005:000002d0       __imp__WideCharToMultiByte@32 101332d0     kernel32:KERNEL32.dll
 0005:000002d4       __imp__GetProcAddress@8    101332d4     kernel32:KERNEL32.dll
 0005:000002d8       __imp__GetModuleHandleA@4  101332d8     kernel32:KERNEL32.dll
 0005:000002dc       __imp__LoadLibraryExA@12   101332dc     kernel32:KERNEL32.dll
 0005:000002e0       __imp__WaitForSingleObject@8 101332e0     kernel32:KERNEL32.dll
 0005:000002e4       __imp__GetCurrentProcessId@0 101332e4     kernel32:KERNEL32.dll
 0005:000002e8       __imp__CreateFileMappingA@24 101332e8     kernel32:KERNEL32.dll
 0005:000002ec       __imp__CloseHandle@4       101332ec     kernel32:KERNEL32.dll
 0005:000002f0       __imp__OpenFileMappingA@12 101332f0     kernel32:KERNEL32.dll
 0005:000002f4       __imp__FreeLibrary@4       101332f4     kernel32:KERNEL32.dll
 0005:000002f8       __imp__DecodePointer@4     101332f8     kernel32:KERNEL32.dll
 0005:000002fc       __imp__EncodePointer@4     101332fc     kernel32:KERNEL32.dll
 0005:00000300       __imp__GetCurrentThreadId@0 10133300     kernel32:KERNEL32.dll
 0005:00000304       __imp__GetCommandLineA@0   10133304     kernel32:KERNEL32.dll
 0005:00000308       __imp__GetLastError@0      10133308     kernel32:KERNEL32.dll
 0005:0000030c       __imp__GetFullPathNameA@16 1013330c     kernel32:KERNEL32.dll
 0005:00000310       __imp__GetDriveTypeW@4     10133310     kernel32:KERNEL32.dll
 0005:00000314       __imp__SetEnvironmentVariableA@8 10133314     kernel32:KERNEL32.dll
 0005:00000318       __imp__GetCurrentDirectoryA@8 10133318     kernel32:KERNEL32.dll
 0005:0000031c       __imp__SetCurrentDirectoryA@4 1013331c     kernel32:KERNEL32.dll
 0005:00000320       __imp__IsProcessorFeaturePresent@4 10133320     kernel32:KERNEL32.dll
 0005:00000324       __imp__IsDebuggerPresent@0 10133324     kernel32:KERNEL32.dll
 0005:00000328       __imp__RaiseException@16   10133328     kernel32:KERNEL32.dll
 0005:0000032c       __imp__lstrlenA@4          1013332c     kernel32:KERNEL32.dll
 0005:00000330       __imp__LoadLibraryW@4      10133330     kernel32:KERNEL32.dll
 0005:00000334       __imp__GetModuleFileNameW@12 10133334     kernel32:KERNEL32.dll
 0005:00000338       __imp__WriteFile@20        10133338     kernel32:KERNEL32.dll
 0005:0000033c       __imp__GetStdHandle@4      1013333c     kernel32:KERNEL32.dll
 0005:00000340       __imp__GetLocaleInfoW@16   10133340     kernel32:KERNEL32.dll
 0005:00000344       __imp__InterlockedIncrement@4 10133344     kernel32:KERNEL32.dll
 0005:00000348       __imp__InterlockedDecrement@4 10133348     kernel32:KERNEL32.dll
 0005:0000034c       __imp__GetModuleHandleW@4  1013334c     kernel32:KERNEL32.dll
 0005:00000350       __imp__ExitProcess@4       10133350     kernel32:KERNEL32.dll
 0005:00000354       __imp__HeapValidate@12     10133354     kernel32:KERNEL32.dll
 0005:00000358       __imp__IsBadReadPtr@8      10133358     kernel32:KERNEL32.dll
 0005:0000035c       __imp__EnterCriticalSection@4 1013335c     kernel32:KERNEL32.dll
 0005:00000360       __imp__LeaveCriticalSection@4 10133360     kernel32:KERNEL32.dll
 0005:00000364       __imp__TerminateProcess@8  10133364     kernel32:KERNEL32.dll
 0005:00000368       __imp__GetCurrentProcess@0 10133368     kernel32:KERNEL32.dll
 0005:0000036c       __imp__UnhandledExceptionFilter@4 1013336c     kernel32:KERNEL32.dll
 0005:00000370       __imp__SetUnhandledExceptionFilter@4 10133370     kernel32:KERNEL32.dll
 0005:00000374       __imp__TlsAlloc@0          10133374     kernel32:KERNEL32.dll
 0005:00000378       __imp__TlsGetValue@4       10133378     kernel32:KERNEL32.dll
 0005:0000037c       __imp__TlsSetValue@8       1013337c     kernel32:KERNEL32.dll
 0005:00000380       __imp__TlsFree@4           10133380     kernel32:KERNEL32.dll
 0005:00000384       __imp__SetLastError@4      10133384     kernel32:KERNEL32.dll
 0005:00000388       __imp__GetCurrentThread@0  10133388     kernel32:KERNEL32.dll
 0005:0000038c       __imp__SetHandleCount@4    1013338c     kernel32:KERNEL32.dll
 0005:00000390       __imp__InitializeCriticalSectionAndSpinCount@8 10133390     kernel32:KERNEL32.dll
 0005:00000394       __imp__GetFileType@4       10133394     kernel32:KERNEL32.dll
 0005:00000398       __imp__GetStartupInfoW@4   10133398     kernel32:KERNEL32.dll
 0005:0000039c       __imp__EnumSystemLocalesA@8 1013339c     kernel32:KERNEL32.dll
 0005:000003a0       __imp__GetModuleFileNameA@12 101333a0     kernel32:KERNEL32.dll
 0005:000003a4       __imp__FreeEnvironmentStringsW@4 101333a4     kernel32:KERNEL32.dll
 0005:000003a8       __imp__GetEnvironmentStringsW@0 101333a8     kernel32:KERNEL32.dll
 0005:000003ac       __imp__HeapCreate@12       101333ac     kernel32:KERNEL32.dll
 0005:000003b0       __imp__HeapDestroy@4       101333b0     kernel32:KERNEL32.dll
 0005:000003b4       __imp__QueryPerformanceCounter@4 101333b4     kernel32:KERNEL32.dll
 0005:000003b8       __imp__GetTickCount@0      101333b8     kernel32:KERNEL32.dll
 0005:000003bc       __imp__GetSystemTimeAsFileTime@4 101333bc     kernel32:KERNEL32.dll
 0005:000003c0       __imp__FatalAppExitA@8     101333c0     kernel32:KERNEL32.dll
 0005:000003c4       __imp__GetACP@0            101333c4     kernel32:KERNEL32.dll
 0005:000003c8       __imp__GetOEMCP@0          101333c8     kernel32:KERNEL32.dll
 0005:000003cc       __imp__GetCPInfo@8         101333cc     kernel32:KERNEL32.dll
 0005:000003d0       __imp__IsValidCodePage@4   101333d0     kernel32:KERNEL32.dll
 0005:000003d4       __imp__LCMapStringW@24     101333d4     kernel32:KERNEL32.dll
 0005:000003d8       __imp__GetCurrentDirectoryW@8 101333d8     kernel32:KERNEL32.dll
 0005:000003dc       __imp__SetCurrentDirectoryW@4 101333dc     kernel32:KERNEL32.dll
 0005:000003e0       __imp__RtlUnwind@16        101333e0     kernel32:KERNEL32.dll
 0005:000003e4       __imp__HeapFree@12         101333e4     kernel32:KERNEL32.dll
 0005:000003e8       __imp__HeapAlloc@12        101333e8     kernel32:KERNEL32.dll
 0005:000003ec       __imp__GetProcessHeap@0    101333ec     kernel32:KERNEL32.dll
 0005:000003f0       __imp__VirtualQuery@12     101333f0     kernel32:KERNEL32.dll
 0005:000003f4       __imp__SetConsoleCtrlHandler@8 101333f4     kernel32:KERNEL32.dll
 0005:000003f8       __imp__InterlockedExchange@8 101333f8     kernel32:KERNEL32.dll
 0005:000003fc       __imp__HeapReAlloc@16      101333fc     kernel32:KERNEL32.dll
 0005:00000400       __imp__HeapSize@12         10133400     kernel32:KERNEL32.dll
 0005:00000404       __imp__HeapQueryInformation@20 10133404     kernel32:KERNEL32.dll
 0005:00000408       __imp__OutputDebugStringA@4 10133408     kernel32:KERNEL32.dll
 0005:0000040c       __imp__WriteConsoleW@20    1013340c     kernel32:KERNEL32.dll
 0005:00000410       __imp__OutputDebugStringW@4 10133410     kernel32:KERNEL32.dll
 0005:00000414       __imp__GetStringTypeW@16   10133414     kernel32:KERNEL32.dll
 0005:00000418       __imp__SetFilePointer@16   10133418     kernel32:KERNEL32.dll
 0005:0000041c       __imp__GetConsoleCP@0      1013341c     kernel32:KERNEL32.dll
 0005:00000420       __imp__GetConsoleMode@8    10133420     kernel32:KERNEL32.dll
 0005:00000424       __imp__GetLocaleInfoA@16   10133424     kernel32:KERNEL32.dll
 0005:00000428       __imp__IsValidLocale@8     10133428     kernel32:KERNEL32.dll
 0005:0000042c       \177KERNEL32_NULL_THUNK_DATA 1013342c     kernel32:KERNEL32.dll
 0005:000004a0       __imp__g_pMemAlloc         101334a0     tier0:tier0.dll
 0005:000004a4       __imp__LoggingSystem_LogAssert 101334a4     tier0:tier0.dll
 0005:000004a8       __imp__ShouldUseNewAssertDialog 101334a8     tier0:tier0.dll
 0005:000004ac       __imp__DoNewAssertDialog   101334ac     tier0:tier0.dll
 0005:000004b0       __imp___ExitOnFatalAssert  101334b0     tier0:tier0.dll
 0005:000004b4       __imp__Warning             101334b4     tier0:tier0.dll
 0005:000004b8       __imp_?ConMsg@@YAXPBDZZ    101334b8     tier0:tier0.dll
 0005:000004bc       __imp___AssertValidStringPtr 101334bc     tier0:tier0.dll
 0005:000004c0       __imp__Error               101334c0     tier0:tier0.dll
 0005:000004c4       __imp___AssertValidWritePtr 101334c4     tier0:tier0.dll
 0005:000004c8       __imp___AssertValidReadPtr 101334c8     tier0:tier0.dll
 0005:000004cc       __imp__Plat_IsInDebugSession 101334cc     tier0:tier0.dll
 0005:000004d0       __imp__ReleaseThreadHandle 101334d0     tier0:tier0.dll
 0005:000004d4       __imp__CreateSimpleThread  101334d4     tier0:tier0.dll
 0005:000004d8       __imp__StackToolsNotify_LoadedLibrary 101334d8     tier0:tier0.dll
 0005:000004dc       __imp__GetThreadedLoadLibraryFunc 101334dc     tier0:tier0.dll
 0005:000004e0       __imp__CommandLine         101334e0     tier0:tier0.dll
 0005:000004e4       __imp_?DevWarning@@YAXPBDZZ 101334e4     tier0:tier0.dll
 0005:000004e8       __imp__GetCPUInformation   101334e8     tier0:tier0.dll
 0005:000004ec       __imp__ThreadSleep         101334ec     tier0:tier0.dll
 0005:000004f0       \177tier0_NULL_THUNK_DATA  101334f0     tier0:tier0.dll

 entry point at        0002:0000108b

