 game_shader_dx9

 Timestamp is 6664f8f1 (Sat Jun 08 20:36:01 2024)

 Preferred load address is 10000000

 Start         Length     Name                   Class
 0001:00000000 0004a1a2H .textbss                DATA
 0002:00000000 00098921H .text                   CODE
 0002:00098930 0000112dH .text$x                 CODE
 0002:00099a60 00002478H .text$yc                CODE
 0002:0009bee0 000012d3H .text$yd                CODE
 0003:00000000 00000104H .CRT$XCA                DATA
 0003:00000104 000001e2H .CRT$XCU                DATA
 0003:000002e8 00000104H .CRT$XCZ                DATA
 0003:000003ec 00000104H .CRT$XIA                DATA
 0003:000004f0 00000118H .CRT$XIC                DATA
 0003:00000608 00000104H .CRT$XIZ                DATA
 0003:0000070c 00000104H .CRT$XPA                DATA
 0003:00000810 00000109H .CRT$XPX                DATA
 0003:0000091c 00000104H .CRT$XPXA               DATA
 0003:00000a20 00000104H .CRT$XPZ                DATA
 0003:00000b24 00000104H .CRT$XTA                DATA
 0003:00000c28 00000104H .CRT$XTZ                DATA
 0003:00000d30 00029e93H .rdata                  DATA
 0003:0002abc4 00000181H .rdata$debug            DATA
 0003:0002ad48 00000b6fH .rdata$r                DATA
 0003:0002b8b8 00000104H .rtc$IAA                DATA
 0003:0002b9bc 00000109H .rtc$IMZ                DATA
 0003:0002bac8 00000104H .rtc$IZZ                DATA
 0003:0002bbcc 00000104H .rtc$TAA                DATA
 0003:0002bcd0 00000109H .rtc$TMZ                DATA
 0003:0002bddc 00000104H .rtc$TZZ                DATA
 0003:0002bee0 0000105aH .xdata$x                DATA
 0003:0002cf40 00000167H .edata                  DATA
 0004:00000000 000028ceH .data                   DATA
 0004:000028e0 00016dbcH .bss                    DATA
 0005:00000000 00000028H .idata$2                DATA
 0005:00000028 00000014H .idata$3                DATA
 0005:0000003c 00000278H .idata$4                DATA
 0005:000002b4 00000278H .idata$5                DATA
 0005:0000052c 00000a87H .idata$6                DATA

  Address         Publics by Value              Rva+Base       Lib:Object

 0000:00000000       ___safe_se_handler_count   00000000     <absolute>
 0000:00000000       ___safe_se_handler_table   00000000     <absolute>
 0000:00000000       __except_list              00000000     <absolute>
 0000:00000000       ___ImageBase               10000000     <linker-defined>
 0001:00000000       __enc$textbss$begin        10001000     <linker-defined>
 0001:0004a1a2       __enc$textbss$end          1004b1a2     <linker-defined>
 0002:00005ae0       ??_H@YGXPAXIHP6EPAX0@Z@Z   10051ae0 f i pbr_dx9.obj
 0002:00005b50       ??0Color@@QAE@HHHH@Z       10051b50 f i pbr_dx9.obj
 0002:00005bc0       ?SetColor@Color@@QAEXHHHH@Z 10051bc0 f i pbr_dx9.obj
 0002:00005c30       ??0Vector2D@@QAE@MM@Z      10051c30 f i pbr_dx9.obj
 0002:00005d80       ?IsValid@Vector2D@@QBE_NXZ 10051d80 f i pbr_dx9.obj
 0002:00005e20       ?IsFinite@@YA_NABM@Z       10051e20 f i pbr_dx9.obj
 0002:00005e90       ?FloatBits@@YA?BIABM@Z     10051e90 f i pbr_dx9.obj
 0002:00005f10       ??0Vector4D@@QAE@MMMM@Z    10051f10 f i pbr_dx9.obj
 0002:00006080       ?IsValid@Vector4D@@QBE_NXZ 10052080 f i pbr_dx9.obj
 0002:00006160       ??0?$CUtlVector@PAVCShaderParam@PBR@@V?$CUtlMemory@PAVCShaderParam@PBR@@H@@@@QAE@HH@Z 10052160 f i pbr_dx9.obj
 0002:000061e0       ?ResetDbgInfo@?$CUtlVector@PAVCShaderParam@PBR@@V?$CUtlMemory@PAVCShaderParam@PBR@@H@@@@IAEXXZ 100521e0 f i pbr_dx9.obj
 0002:00006240       ?Base@?$CUtlVector@PAVCShaderParam@PBR@@V?$CUtlMemory@PAVCShaderParam@PBR@@H@@@@QAEPAPAVCShaderParam@PBR@@XZ 10052240 f i pbr_dx9.obj
 0002:00006290       ??0?$CUtlMemory@PAVCShaderParam@PBR@@H@@QAE@HH@Z 10052290 f i pbr_dx9.obj
 0002:00006480       ?MemAlloc_Alloc@@YAPAXIPBDH@Z 10052480 f i pbr_dx9.obj
 0002:000064e0       ?IndirectAlloc@IMemAlloc@@QAEPAXIPBDH@Z 100524e0 f i pbr_dx9.obj
 0002:00006550       ??0CMemAllocAttributeAlloction@@QAE@PBDH@Z 10052550 f i pbr_dx9.obj
 0002:000065d0       ??1CMemAllocAttributeAlloction@@QAE@XZ 100525d0 f i pbr_dx9.obj
 0002:00006640       ?Base@?$CUtlMemory@PAVCShaderParam@PBR@@H@@QAEPAPAVCShaderParam@PBR@@XZ 10052640 f i pbr_dx9.obj
 0002:00006760       ?ValidateGrowSize@?$CUtlMemory@PAVCShaderParam@PBR@@H@@IAEXXZ 10052760 f i pbr_dx9.obj
 0002:000067a0       ?IsReadOnly@?$CUtlMemory@PAVCShaderParam@PBR@@H@@QBE_NXZ 100527a0 f i pbr_dx9.obj
 0002:000067f0       ??$MemAllocClassName@V?$CUtlMemory@PAVCShaderParam@PBR@@H@@@@YAPBDPAV?$CUtlMemory@PAVCShaderParam@PBR@@H@@@Z 100527f0 f i pbr_dx9.obj
 0002:00006870       ??0CShaderParam@PBR@@QAE@PBDW4ShaderParamType_t@@00H@Z 10052870 f i pbr_dx9.obj
 0002:00006930       ?Count@?$CUtlVector@PAVCShaderParam@PBR@@V?$CUtlMemory@PAVCShaderParam@PBR@@H@@@@QBEHXZ 10052930 f i pbr_dx9.obj
 0002:00006970       ?AddToTail@?$CUtlVector@PAVCShaderParam@PBR@@V?$CUtlMemory@PAVCShaderParam@PBR@@H@@@@QAEHABQAVCShaderParam@PBR@@@Z 10052970 f i pbr_dx9.obj
 0002:00006ae0       ?InsertBefore@?$CUtlVector@PAVCShaderParam@PBR@@V?$CUtlMemory@PAVCShaderParam@PBR@@H@@@@QAEHHABQAVCShaderParam@PBR@@@Z 10052ae0 f i pbr_dx9.obj
 0002:00006d60       ?Element@?$CUtlVector@PAVCShaderParam@PBR@@V?$CUtlMemory@PAVCShaderParam@PBR@@H@@@@QAEAAPAVCShaderParam@PBR@@H@Z 10052d60 f i pbr_dx9.obj
 0002:00006e90       ??A?$CUtlMemory@PAVCShaderParam@PBR@@H@@QAEAAPAVCShaderParam@PBR@@H@Z 10052e90 f i pbr_dx9.obj
 0002:00007090       ?IsValidIndex@?$CUtlVector@PAVCShaderParam@PBR@@V?$CUtlMemory@PAVCShaderParam@PBR@@H@@@@QBE_NH@Z 10053090 f i pbr_dx9.obj
 0002:00007100       ?GrowVector@?$CUtlVector@PAVCShaderParam@PBR@@V?$CUtlMemory@PAVCShaderParam@PBR@@H@@@@IAEXH@Z 10053100 f i pbr_dx9.obj
 0002:00007220       ?ShiftElementsRight@?$CUtlVector@PAVCShaderParam@PBR@@V?$CUtlMemory@PAVCShaderParam@PBR@@H@@@@IAEXHH@Z 10053220 f i pbr_dx9.obj
 0002:000073c0       ??$CopyConstruct@PAVCShaderParam@PBR@@@@YAPAPAVCShaderParam@PBR@@PAPAV01@ABQAV01@@Z 100533c0 f i pbr_dx9.obj
 0002:00007460       ??2@YAPAXIPAX@Z            10053460 f i pbr_dx9.obj
 0002:000074a0       ?IsIdxValid@?$CUtlMemory@PAVCShaderParam@PBR@@H@@QBE_NH@Z 100534a0 f i pbr_dx9.obj
 0002:00007520       ?NumAllocated@?$CUtlMemory@PAVCShaderParam@PBR@@H@@QBEHXZ 10053520 f i pbr_dx9.obj
 0002:00007560       ?Grow@?$CUtlMemory@PAVCShaderParam@PBR@@H@@QAEXH@Z 10053560 f i pbr_dx9.obj
 0002:00007bd0       ?UtlMemory_CalcNewAllocationCount@@YAHHHHH@Z 10053bd0 f i pbr_dx9.obj
 0002:00007c60       ?IsExternallyAllocated@?$CUtlMemory@PAVCShaderParam@PBR@@H@@QBE_NXZ 10053c60 f i pbr_dx9.obj
 0002:00007cb0       ??$MemAllocClassName@V?$CUtlVector@PAVCShaderParam@PBR@@V?$CUtlMemory@PAVCShaderParam@PBR@@H@@@@@@YAPBDPAV?$CUtlVector@PAVCShaderParam@PBR@@V?$CUtlMemory@PAVCShaderParam@PBR@@H@@@@@Z 10053cb0 f i pbr_dx9.obj
 0002:00007d30       ??0CShader@PBR@@QAE@XZ     10053d30 f i pbr_dx9.obj
 0002:00007d90       ?OnInitShaderParams@CShader@PBR@@UAEXPAPAVIMaterialVar@@PBD@Z 10053d90 f i pbr_dx9.obj
 0002:000080d0       ??BCShaderParam@PBR@@QAEHXZ 100540d0 f i pbr_dx9.obj
 0002:00008110       ?GetFallbackShader@CShader@PBR@@UBEPBDPAPAVIMaterialVar@@@Z 10054110 f i pbr_dx9.obj
 0002:00008150       ?GetName@CShader@PBR@@UBEPBDXZ 10054150 f i pbr_dx9.obj
 0002:00008190       ?GetFlags@CShader@PBR@@UBEHXZ 10054190 f i pbr_dx9.obj
 0002:000081d0       ?GetParamCount@CShader@PBR@@UBEHXZ 100541d0 f i pbr_dx9.obj
 0002:00008230       ?GetParamInfo@CShader@PBR@@UBEABUShaderParamInfo_t@@H@Z 10054230 f i pbr_dx9.obj
 0002:000082d0       ?GetInfo@CShaderParam@PBR@@QBEABUShaderParamInfo_t@@XZ 100542d0 f i pbr_dx9.obj
 0002:00008310       ?OnInitShaderInstance@CShader@PBR@@UAEXPAPAVIMaterialVar@@PAVIShaderInit@@PBD@Z 10054310 f i pbr_dx9.obj
 0002:00008940       ?CShader_IsFlagSet@@YA_NPAPAVIMaterialVar@@W4MaterialVarFlags_t@@@Z 10054940 f i pbr_dx9.obj
 0002:000089a0       ?GetIntValue@IMaterialVar@@QBEHXZ 100549a0 f i pbr_dx9.obj
 0002:000089f0       ?GetIntValueFast@IMaterialVar@@QBEHXZ 100549f0 f i pbr_dx9.obj
 0002:00008a30       ?CShader_SetFlags2@@YAXPAPAVIMaterialVar@@W4MaterialVarFlags2_t@@@Z 10054a30 f i pbr_dx9.obj
 0002:00008ab0       ??0PBR_Vars_t@@QAE@XZ      10054ab0 f i pbr_dx9.obj
 0002:00008b10       ?SetupVars@CShader@PBR@@QAEXAAUPBR_Vars_t@@@Z 10054b10 f i pbr_dx9.obj
 0002:00008c80       ?OnDrawElements@CShader@PBR@@UAEXPAPAVIMaterialVar@@PAVIShaderShadow@@PAVIShaderDynamicAPI@@W4VertexCompressionType_t@@PAPAVCBasePerMaterialContextData@@@Z 10054c80 f i pbr_dx9.obj
 0002:0000bc00       ??0Vector@@QAE@XZ          10057c00 f i pbr_dx9.obj
 0002:0000bc40       ??0Vector@@QAE@MMM@Z       10057c40 f i pbr_dx9.obj
 0002:0000bcb0       ??4Vector@@QAEAAV0@ABV0@@Z 10057cb0 f i pbr_dx9.obj
 0002:0000bd20       ??AVector@@QBEMH@Z         10057d20 f i pbr_dx9.obj
 0002:0000be60       ?Base@Vector@@QAEPAMXZ     10057e60 f i pbr_dx9.obj
 0002:0000bea0       ?Base@VMatrix@@QAEPAMXZ    10057ea0 f i pbr_dx9.obj
 0002:0000bee0       ??0VMatrix@@QAE@XZ         10057ee0 f i pbr_dx9.obj
 0002:0000bf20       ?GetBool@ConVar@@QBE_NXZ   10057f20 f i pbr_dx9.obj
 0002:0000bf80       ?GetInt@ConVar@@QBEHXZ     10057f80 f i pbr_dx9.obj
 0002:0000bfc0       ?IsTexture@IMaterialVar@@QBE_NXZ 10057fc0 f i pbr_dx9.obj
 0002:0000c010       ?GetFloatValue@IMaterialVar@@QBEMXZ 10058010 f i pbr_dx9.obj
 0002:0000c060       ?GetFloatValueFast@IMaterialVar@@QBEMXZ 10058060 f i pbr_dx9.obj
 0002:0000c0c0       ??AVector4D@@QBEMH@Z       100580c0 f i pbr_dx9.obj
 0002:0000c200       ?GetVecValue@IMaterialVar@@QBEXPAMH@Z 10058200 f i pbr_dx9.obj
 0002:0000c260       ?GetVecValueFast@IMaterialVar@@QBEXPAMH@Z 10058260 f i pbr_dx9.obj
 0002:0000c3c0       ?IsSnapshotting@CBaseShader@@QBE_NXZ 100583c0 f i pbr_dx9.obj
 0002:0000c410       ?ShadowDepthTexture@MaterialSystem_Config_t@@QBE_NXZ 10058410 f i pbr_dx9.obj
 0002:0000c450       ?SetFlashLightColorFromState@@YAXABUFlashlightState_t@@PAVIShaderDynamicAPI@@_NH2@Z 10058450 f i pbr_dx9.obj
 0002:0000c680       ?GetFloat@ConVarRef@@QBEMXZ 10058680 f i pbr_dx9.obj
 0002:0000c6c0       ?ShadowAttenFromState@@YAMABUFlashlightState_t@@@Z 100586c0 f i pbr_dx9.obj
 0002:0000c750       ?ShadowFilterFromState@@YAMABUFlashlightState_t@@@Z 10058750 f i pbr_dx9.obj
 0002:0000c790       ?GetFloatParam@@YAMHPAPAVIMaterialVar@@M@Z 10058790 f i pbr_dx9.obj
 0002:0000c810       ??0pbr_vs30_Static_Index@@QAE@PAVIShaderShadow@@PAPAVIMaterialVar@@@Z 10058810 f i pbr_dx9.obj
 0002:0000c850       ?GetIndex@pbr_vs30_Static_Index@@QBEHXZ 10058850 f i pbr_dx9.obj
 0002:0000c890       ?SetCOMPRESSED_VERTS@pbr_vs30_Dynamic_Index@@QAEXH@Z 10058890 f i pbr_dx9.obj
 0002:0000c9d0       ?SetDOWATERFOG@pbr_vs30_Dynamic_Index@@QAEXH@Z 100589d0 f i pbr_dx9.obj
 0002:0000cb10       ?SetSKINNING@pbr_vs30_Dynamic_Index@@QAEXH@Z 10058b10 f i pbr_dx9.obj
 0002:0000cc50       ?SetLIGHTING_PREVIEW@pbr_vs30_Dynamic_Index@@QAEXH@Z 10058c50 f i pbr_dx9.obj
 0002:0000cd90       ?SetNUM_LIGHTS@pbr_vs30_Dynamic_Index@@QAEXH@Z 10058d90 f i pbr_dx9.obj
 0002:0000ced0       ??0pbr_vs30_Dynamic_Index@@QAE@PAVIShaderDynamicAPI@@@Z 10058ed0 f i pbr_dx9.obj
 0002:0000cfd0       ?GetIndex@pbr_vs30_Dynamic_Index@@QBEHXZ 10058fd0 f i pbr_dx9.obj
 0002:0000d190       ?SetFLASHLIGHT@pbr_ps30_Static_Index@@QAEXH@Z 10059190 f i pbr_dx9.obj
 0002:0000d2d0       ?SetFLASHLIGHTDEPTHFILTERMODE@pbr_ps30_Static_Index@@QAEXH@Z 100592d0 f i pbr_dx9.obj
 0002:0000d410       ?SetLIGHTMAPPED@pbr_ps30_Static_Index@@QAEXH@Z 10059410 f i pbr_dx9.obj
 0002:0000d550       ?SetUSEENVAMBIENT@pbr_ps30_Static_Index@@QAEXH@Z 10059550 f i pbr_dx9.obj
 0002:0000d690       ?SetEMISSIVE@pbr_ps30_Static_Index@@QAEXH@Z 10059690 f i pbr_dx9.obj
 0002:0000d7d0       ?SetSPECULAR@pbr_ps30_Static_Index@@QAEXH@Z 100597d0 f i pbr_dx9.obj
 0002:0000d910       ?SetPARALLAXOCCLUSION@pbr_ps30_Static_Index@@QAEXH@Z 10059910 f i pbr_dx9.obj
 0002:0000da50       ??0pbr_ps30_Static_Index@@QAE@PAVIShaderShadow@@PAPAVIMaterialVar@@@Z 10059a50 f i pbr_dx9.obj
 0002:0000db90       ?GetIndex@pbr_ps30_Static_Index@@QBEHXZ 10059b90 f i pbr_dx9.obj
 0002:0000deb0       ?SetWRITEWATERFOGTODESTALPHA@pbr_ps30_Dynamic_Index@@QAEXH@Z 10059eb0 f i pbr_dx9.obj
 0002:0000e000       ?SetPIXELFOGTYPE@pbr_ps30_Dynamic_Index@@QAEXH@Z 1005a000 f i pbr_dx9.obj
 0002:0000e150       ?SetNUM_LIGHTS@pbr_ps30_Dynamic_Index@@QAEXH@Z 1005a150 f i pbr_dx9.obj
 0002:0000e2a0       ?SetWRITE_DEPTH_TO_DESTALPHA@pbr_ps30_Dynamic_Index@@QAEXH@Z 1005a2a0 f i pbr_dx9.obj
 0002:0000e3f0       ?SetFLASHLIGHTSHADOWS@pbr_ps30_Dynamic_Index@@QAEXH@Z 1005a3f0 f i pbr_dx9.obj
 0002:0000e540       ??0pbr_ps30_Dynamic_Index@@QAE@PAVIShaderDynamicAPI@@@Z 1005a540 f i pbr_dx9.obj
 0002:0000e640       ?GetIndex@pbr_ps30_Dynamic_Index@@QBEHXZ 1005a640 f i pbr_dx9.obj
 0002:0000ec10       ??0pbr_vs20_Static_Index@@QAE@PAVIShaderShadow@@PAPAVIMaterialVar@@@Z 1005ac10 f i pbr_dx9.obj
 0002:0000ec50       ?GetIndex@pbr_vs20_Static_Index@@QBEHXZ 1005ac50 f i pbr_dx9.obj
 0002:0000ec90       ?SetCOMPRESSED_VERTS@pbr_vs20_Dynamic_Index@@QAEXH@Z 1005ac90 f i pbr_dx9.obj
 0002:0000edd0       ?SetDOWATERFOG@pbr_vs20_Dynamic_Index@@QAEXH@Z 1005add0 f i pbr_dx9.obj
 0002:0000ef10       ?SetSKINNING@pbr_vs20_Dynamic_Index@@QAEXH@Z 1005af10 f i pbr_dx9.obj
 0002:0000f050       ?SetLIGHTING_PREVIEW@pbr_vs20_Dynamic_Index@@QAEXH@Z 1005b050 f i pbr_dx9.obj
 0002:0000f190       ?SetNUM_LIGHTS@pbr_vs20_Dynamic_Index@@QAEXH@Z 1005b190 f i pbr_dx9.obj
 0002:0000f2d0       ??0pbr_vs20_Dynamic_Index@@QAE@PAVIShaderDynamicAPI@@@Z 1005b2d0 f i pbr_dx9.obj
 0002:0000f3d0       ?GetIndex@pbr_vs20_Dynamic_Index@@QBEHXZ 1005b3d0 f i pbr_dx9.obj
 0002:0000f590       ?SetFLASHLIGHT@pbr_ps20b_Static_Index@@QAEXH@Z 1005b590 f i pbr_dx9.obj
 0002:0000f6d0       ?SetFLASHLIGHTDEPTHFILTERMODE@pbr_ps20b_Static_Index@@QAEXH@Z 1005b6d0 f i pbr_dx9.obj
 0002:0000f810       ?SetLIGHTMAPPED@pbr_ps20b_Static_Index@@QAEXH@Z 1005b810 f i pbr_dx9.obj
 0002:0000f950       ?SetEMISSIVE@pbr_ps20b_Static_Index@@QAEXH@Z 1005b950 f i pbr_dx9.obj
 0002:0000fa90       ?SetSPECULAR@pbr_ps20b_Static_Index@@QAEXH@Z 1005ba90 f i pbr_dx9.obj
 0002:0000fbd0       ??0pbr_ps20b_Static_Index@@QAE@PAVIShaderShadow@@PAPAVIMaterialVar@@@Z 1005bbd0 f i pbr_dx9.obj
 0002:0000fcd0       ?GetIndex@pbr_ps20b_Static_Index@@QBEHXZ 1005bcd0 f i pbr_dx9.obj
 0002:0000ff80       ?SetWRITEWATERFOGTODESTALPHA@pbr_ps20b_Dynamic_Index@@QAEXH@Z 1005bf80 f i pbr_dx9.obj
 0002:000100c0       ?SetPIXELFOGTYPE@pbr_ps20b_Dynamic_Index@@QAEXH@Z 1005c0c0 f i pbr_dx9.obj
 0002:00010210       ?SetNUM_LIGHTS@pbr_ps20b_Dynamic_Index@@QAEXH@Z 1005c210 f i pbr_dx9.obj
 0002:00010360       ?SetWRITE_DEPTH_TO_DESTALPHA@pbr_ps20b_Dynamic_Index@@QAEXH@Z 1005c360 f i pbr_dx9.obj
 0002:000104b0       ?SetFLASHLIGHTSHADOWS@pbr_ps20b_Dynamic_Index@@QAEXH@Z 1005c4b0 f i pbr_dx9.obj
 0002:00010600       ??0pbr_ps20b_Dynamic_Index@@QAE@PAVIShaderDynamicAPI@@@Z 1005c600 f i pbr_dx9.obj
 0002:00010700       ?GetIndex@pbr_ps20b_Dynamic_Index@@QBEHXZ 1005c700 f i pbr_dx9.obj
 0002:00010cd0       ??A?$CUtlVector@PAVCShaderParam@PBR@@V?$CUtlMemory@PAVCShaderParam@PBR@@H@@@@QAEAAPAVCShaderParam@PBR@@H@Z 1005ccd0 f i pbr_dx9.obj
 0002:00010e00       ??1?$CUtlVector@PAVCShaderParam@PBR@@V?$CUtlMemory@PAVCShaderParam@PBR@@H@@@@QAE@XZ 1005ce00 f i pbr_dx9.obj
 0002:00010e60       ?Purge@?$CUtlVector@PAVCShaderParam@PBR@@V?$CUtlMemory@PAVCShaderParam@PBR@@H@@@@QAEXXZ 1005ce60 f i pbr_dx9.obj
 0002:00010ed0       ??1?$CUtlMemory@PAVCShaderParam@PBR@@H@@QAE@XZ 1005ced0 f i pbr_dx9.obj
 0002:00010f20       ?RemoveAll@?$CUtlVector@PAVCShaderParam@PBR@@V?$CUtlMemory@PAVCShaderParam@PBR@@H@@@@QAEXXZ 1005cf20 f i pbr_dx9.obj
 0002:00010fb0       ?Purge@?$CUtlMemory@PAVCShaderParam@PBR@@H@@QAEXXZ 1005cfb0 f i pbr_dx9.obj
 0002:00011060       ??$Destruct@PAVCShaderParam@PBR@@@@YAXPAPAVCShaderParam@PBR@@@Z 1005d060 f i pbr_dx9.obj
 0002:000110c0       ??0CBaseShader@@QAE@XZ     1005d0c0 f   shaderlib:BaseShader.obj
 0002:00011160       ?GetFallbackShader@CBaseShader@@UBEPBDPAPAVIMaterialVar@@@Z 1005d160 f i shaderlib:BaseShader.obj
 0002:000111a0       ?OnInitShaderParams@CBaseShader@@UAEXPAPAVIMaterialVar@@PBD@Z 1005d1a0 f i shaderlib:BaseShader.obj
 0002:000111e0       ??0IShader@@QAE@XZ         1005d1e0 f i shaderlib:BaseShader.obj
 0002:00011230       ?GetParamCount@CBaseShader@@UBEHXZ 1005d230 f   shaderlib:BaseShader.obj
 0002:00011270       ?GetParamInfo@CBaseShader@@UBEABUShaderParamInfo_t@@H@Z 1005d270 f   shaderlib:BaseShader.obj
 0002:000112c0       ?InitShaderParams@CBaseShader@@UAEXPAPAVIMaterialVar@@PBD@Z 1005d2c0 f   shaderlib:BaseShader.obj
 0002:00011350       ?InitShaderInstance@CBaseShader@@UAEXPAPAVIMaterialVar@@PAVIShaderInit@@PBD2@Z 1005d350 f   shaderlib:BaseShader.obj
 0002:00011410       ?DrawElements@CBaseShader@@UAEXPAPAVIMaterialVar@@HPAVIShaderShadow@@PAVIShaderDynamicAPI@@W4VertexCompressionType_t@@PAPAVCBasePerMaterialContextData@@PAPAVCBasePerInstanceContextData@@@Z 1005d410 f   shaderlib:BaseShader.obj
 0002:00011540       ?SetInitialShadowState@CBaseShader@@QAEXXZ 1005d540 f   shaderlib:BaseShader.obj
 0002:00011730       ?Draw@CBaseShader@@QAEX_N@Z 1005d730 f   shaderlib:BaseShader.obj
 0002:00011940       ?GetShaderSystem@@YAPAVIShaderSystem@@XZ 1005d940 f i shaderlib:BaseShader.obj
 0002:00011980       ?CShader_IsFlag2Set@@YA_NPAPAVIMaterialVar@@W4MaterialVarFlags2_t@@@Z 1005d980 f i shaderlib:BaseShader.obj
 0002:000119e0       ?PI_BeginCommandBuffer@CBaseShader@@QAEXXZ 1005d9e0 f   shaderlib:BaseShader.obj
 0002:00011a40       ?PI_EndCommandBuffer@CBaseShader@@QAEXXZ 1005da40 f   shaderlib:BaseShader.obj
 0002:00011c50       ??0CPerInstanceContextData@@QAE@XZ 1005dc50 f i shaderlib:BaseShader.obj
 0002:00011cd0       ??_ECPerInstanceContextData@@UAEPAXI@Z 1005dcd0 f i shaderlib:BaseShader.obj
 0002:00011cd0       ??_GCPerInstanceContextData@@UAEPAXI@Z 1005dcd0 f i shaderlib:BaseShader.obj
 0002:00011d40       ??1CPerInstanceContextData@@UAE@XZ 1005dd40 f i shaderlib:BaseShader.obj
 0002:00011dd0       ??1CBasePerInstanceContextData@@UAE@XZ 1005ddd0 f i shaderlib:BaseShader.obj
 0002:00011e10       ??_ECBasePerInstanceContextData@@UAEPAXI@Z 1005de10 f i shaderlib:BaseShader.obj
 0002:00011e10       ??_GCBasePerInstanceContextData@@UAEPAXI@Z 1005de10 f i shaderlib:BaseShader.obj
 0002:00011e80       ??0CBasePerInstanceContextData@@QAE@XZ 1005de80 f i shaderlib:BaseShader.obj
 0002:00011ed0       ?PI_SetPixelShaderAmbientLightCube@CBaseShader@@QAEXH@Z 1005ded0 f   shaderlib:BaseShader.obj
 0002:00011f30       ?PI_SetPixelShaderLocalLighting@CBaseShader@@QAEXH@Z 1005df30 f   shaderlib:BaseShader.obj
 0002:00011f90       ?PI_SetVertexShaderAmbientLightCube@CBaseShader@@QAEXXZ 1005df90 f   shaderlib:BaseShader.obj
 0002:00011ff0       ?PI_SetVertexShaderLocalLighting@CBaseShader@@AAEXXZ 1005dff0 f   shaderlib:BaseShader.obj
 0002:00012050       ?PI_SetSkinningMatrices@CBaseShader@@AAEXXZ 1005e050 f   shaderlib:BaseShader.obj
 0002:000120b0       ?PI_SetPixelShaderAmbientLightCubeLuminance@CBaseShader@@QAEXH@Z 1005e0b0 f   shaderlib:BaseShader.obj
 0002:00012110       ?PI_SetPixelShaderGlintDamping@CBaseShader@@QAEXH@Z 1005e110 f   shaderlib:BaseShader.obj
 0002:00012170       ?PI_SetModulationPixelShaderDynamicState_LinearColorSpace_LinearScale@CBaseShader@@QAEXHM@Z 1005e170 f   shaderlib:BaseShader.obj
 0002:00012270       ?PI_SetModulationPixelShaderDynamicState_LinearScale@CBaseShader@@QAEXHM@Z 1005e270 f   shaderlib:BaseShader.obj
 0002:00012370       ?PI_SetModulationPixelShaderDynamicState_LinearScale_ScaleInW@CBaseShader@@QAEXHM@Z 1005e370 f   shaderlib:BaseShader.obj
 0002:00012470       ?PI_SetModulationPixelShaderDynamicState_LinearColorSpace@CBaseShader@@QAEXH@Z 1005e470 f   shaderlib:BaseShader.obj
 0002:00012560       ?PI_SetModulationPixelShaderDynamicState@CBaseShader@@QAEXH@Z 1005e560 f   shaderlib:BaseShader.obj
 0002:00012650       ?PI_SetModulationVertexShaderDynamicState@CBaseShader@@QAEXXZ 1005e650 f   shaderlib:BaseShader.obj
 0002:00012740       ?PI_SetModulationVertexShaderDynamicState_LinearScale@CBaseShader@@QAEXM@Z 1005e740 f   shaderlib:BaseShader.obj
 0002:00012840       ?PI_SetModulationPixelShaderDynamicState_Identity@CBaseShader@@QAEXH@Z 1005e840 f   shaderlib:BaseShader.obj
 0002:000128a0       ?FindParamIndex@CBaseShader@@QBEHPBD@Z 1005e8a0 f   shaderlib:BaseShader.obj
 0002:00012970       ?IsUsingGraphics@CBaseShader@@QAE_NXZ 1005e970 f   shaderlib:BaseShader.obj
 0002:000129f0       ?CanUseEditorMaterials@CBaseShader@@QBE_NXZ 1005e9f0 f   shaderlib:BaseShader.obj
 0002:00012a70       ?LoadTexture@CBaseShader@@QAEXH@Z 1005ea70 f   shaderlib:BaseShader.obj
 0002:00012b40       ?LoadBumpMap@CBaseShader@@QAEXH@Z 1005eb40 f   shaderlib:BaseShader.obj
 0002:00012c10       ?LoadCubeMap@CBaseShader@@QAEXH@Z 1005ec10 f   shaderlib:BaseShader.obj
 0002:00012ce0       ?GetShaderAPITextureBindHandle@CBaseShader@@QAEHHHH@Z 1005ece0 f   shaderlib:BaseShader.obj
 0002:00012e00       ?BindVertexTexture@CBaseShader@@QAEXW4VertexTextureSampler_t@@HH@Z 1005ee00 f   shaderlib:BaseShader.obj
 0002:00012ec0       ?GetShaderAPITextureBindHandle@CBaseShader@@QAEHPAVITexture@@HH@Z 1005eec0 f   shaderlib:BaseShader.obj
 0002:00012f50       ?BindTexture@CBaseShader@@QAEXW4Sampler_t@@HH@Z 1005ef50 f   shaderlib:BaseShader.obj
 0002:00012fc0       ?BindTexture@CBaseShader@@QAEXW4Sampler_t@@0HH@Z 1005efc0 f   shaderlib:BaseShader.obj
 0002:00013150       ?BindTexture@CBaseShader@@QAEXW4Sampler_t@@PAVITexture@@H@Z 1005f150 f   shaderlib:BaseShader.obj
 0002:000131c0       ?BindTexture@CBaseShader@@QAEXW4Sampler_t@@0PAVITexture@@H@Z 1005f1c0 f   shaderlib:BaseShader.obj
 0002:000132a0       ?TextureIsTranslucent@CBaseShader@@QAE_NH_N@Z 1005f2a0 f   shaderlib:BaseShader.obj
 0002:000134d0       ?GetType@IMaterialVar@@QBE?AW4MaterialVarType_t@@XZ 1005f4d0 f i shaderlib:BaseShader.obj
 0002:00013520       ?CurrentMaterialVarFlags@CBaseShader@@QBEHXZ 1005f520 f i shaderlib:BaseShader.obj
 0002:00013580       ?CurrentMaterialVarFlags2@CBaseShader@@QBEHXZ 1005f580 f i shaderlib:BaseShader.obj
 0002:000135e0       ?IsAlphaModulating@CBaseShader@@QAE_NXZ 1005f5e0 f   shaderlib:BaseShader.obj
 0002:00013630       ?ComputeModulationColor@CBaseShader@@UAEXPAM@Z 1005f630 f   shaderlib:BaseShader.obj
 0002:000137d0       ?ComputeModulationFlags@CBaseShader@@UAEHPAPAVIMaterialVar@@PAVIShaderDynamicAPI@@@Z 1005f7d0 f   shaderlib:BaseShader.obj
 0002:00013980       ?NeedsPowerOfTwoFrameBufferTexture@CBaseShader@@UBE_NPAPAVIMaterialVar@@_N@Z 1005f980 f   shaderlib:BaseShader.obj
 0002:000139e0       ?NeedsFullFrameBufferTexture@CBaseShader@@UBE_NPAPAVIMaterialVar@@_N@Z 1005f9e0 f   shaderlib:BaseShader.obj
 0002:00013a40       ?IsTranslucent@CBaseShader@@UBE_NPAPAVIMaterialVar@@@Z 1005fa40 f   shaderlib:BaseShader.obj
 0002:00013aa0       ?ApplyColor2Factor@CBaseShader@@QBEXPAM@Z 1005faa0 f   shaderlib:BaseShader.obj
 0002:00013cc0       ?EnableAlphaBlending@CBaseShader@@QAEXW4ShaderBlendFactor_t@@0@Z 1005fcc0 f   shaderlib:BaseShader.obj
 0002:00013d80       ?DisableAlphaBlending@CBaseShader@@QAEXXZ 1005fd80 f   shaderlib:BaseShader.obj
 0002:00013df0       ?SetNormalBlendingShadowState@CBaseShader@@QAEXH_N@Z 1005fdf0 f   shaderlib:BaseShader.obj
 0002:00013f10       ?SetAdditiveBlendingShadowState@CBaseShader@@QAEXH_N@Z 1005ff10 f   shaderlib:BaseShader.obj
 0002:00014040       ?SetDefaultBlendingShadowState@CBaseShader@@QAEXH_N@Z 10060040 f   shaderlib:BaseShader.obj
 0002:000140d0       ?SetBlendingShadowState@CBaseShader@@QAEXW4BlendType_t@@@Z 100600d0 f   shaderlib:BaseShader.obj
 0002:000141a0       ?SingleTextureLightmapBlendMode@CBaseShader@@QAEXXZ 100601a0 f   shaderlib:BaseShader.obj
 0002:00014230       ?FogToOOOverbright@CBaseShader@@QAEXXZ 10060230 f   shaderlib:BaseShader.obj
 0002:00014290       ?SetFogMode@CBaseShader@@AAEXW4ShaderFogMode_t@@@Z 10060290 f i shaderlib:BaseShader.obj
 0002:00014360       ?FogToWhite@CBaseShader@@QAEXXZ 10060360 f   shaderlib:BaseShader.obj
 0002:000143c0       ?FogToBlack@CBaseShader@@QAEXXZ 100603c0 f   shaderlib:BaseShader.obj
 0002:00014420       ?FogToGrey@CBaseShader@@QAEXXZ 10060420 f   shaderlib:BaseShader.obj
 0002:00014480       ?FogToFogColor@CBaseShader@@QAEXXZ 10060480 f   shaderlib:BaseShader.obj
 0002:000144e0       ?DisableFog@CBaseShader@@QAEXXZ 100604e0 f   shaderlib:BaseShader.obj
 0002:00014550       ?DefaultFog@CBaseShader@@QAEXXZ 10060550 f   shaderlib:BaseShader.obj
 0002:000145c0       ?UsingFlashlight@CBaseShader@@QBE_NPAPAVIMaterialVar@@@Z 100605c0 f   shaderlib:BaseShader.obj
 0002:00014660       ?UsingEditor@CBaseShader@@QBE_NPAPAVIMaterialVar@@@Z 10060660 f   shaderlib:BaseShader.obj
 0002:00014700       ?IsHDREnabled@CBaseShader@@QAE_NXZ 10060700 f   shaderlib:BaseShader.obj
 0002:000147a0       ?HashShadow2DJitter@CBaseShader@@QAEXMPAM0@Z 100607a0 f   shaderlib:BaseShader.obj
 0002:000148a0       ?fmod@@YAMMM@Z             100608a0 f i shaderlib:BaseShader.obj
 0002:00014910       _fmodf                     10060910 f i shaderlib:BaseShader.obj
 0002:00014990       ?EvaluateBlendRequirements@CBaseShader@@QAE?AW4BlendType_t@@H_NH@Z 10060990 f   shaderlib:BaseShader.obj
 0002:00014af0       ?SetVertexShaderTextureTransform@CBaseShader@@QAEXHH@Z 10060af0 f   shaderlib:BaseShader.obj
 0002:00014db0       ??0Vector4D@@QAE@XZ        10060db0 f i shaderlib:BaseShader.obj
 0002:00014e60       ?BitsToFloat@@YAMI@Z       10060e60 f i shaderlib:BaseShader.obj
 0002:00014ed0       ?Init@Vector4D@@QAEXMMMM@Z 10060ed0 f i shaderlib:BaseShader.obj
 0002:00014f50       ?Base@Vector4D@@QAEPAMXZ   10060f50 f i shaderlib:BaseShader.obj
 0002:00014f90       ??AVMatrix@@QBEPBMH@Z      10060f90 f i shaderlib:BaseShader.obj
 0002:00014fe0       ?End@?$CInstanceCommandBufferBuilder@V?$CFixedCommandStorageBuffer@$0CAA@@@@@QAEXXZ 10060fe0 f i shaderlib:BaseShader.obj
 0002:00015040       ?SetPixelShaderLocalLighting@?$CInstanceCommandBufferBuilder@V?$CFixedCommandStorageBuffer@$0CAA@@@@@QAEXH@Z 10061040 f i shaderlib:BaseShader.obj
 0002:000150b0       ?SetPixelShaderAmbientLightCube@?$CInstanceCommandBufferBuilder@V?$CFixedCommandStorageBuffer@$0CAA@@@@@QAEXH@Z 100610b0 f i shaderlib:BaseShader.obj
 0002:00015120       ?SetVertexShaderLocalLighting@?$CInstanceCommandBufferBuilder@V?$CFixedCommandStorageBuffer@$0CAA@@@@@QAEXXZ 10061120 f i shaderlib:BaseShader.obj
 0002:00015180       ?SetVertexShaderAmbientLightCube@?$CInstanceCommandBufferBuilder@V?$CFixedCommandStorageBuffer@$0CAA@@@@@QAEXXZ 10061180 f i shaderlib:BaseShader.obj
 0002:000151e0       ?SetSkinningMatrices@?$CInstanceCommandBufferBuilder@V?$CFixedCommandStorageBuffer@$0CAA@@@@@QAEXXZ 100611e0 f i shaderlib:BaseShader.obj
 0002:00015240       ?SetPixelShaderAmbientLightCubeLuminance@?$CInstanceCommandBufferBuilder@V?$CFixedCommandStorageBuffer@$0CAA@@@@@QAEXH@Z 10061240 f i shaderlib:BaseShader.obj
 0002:000152b0       ?SetPixelShaderGlintDamping@?$CInstanceCommandBufferBuilder@V?$CFixedCommandStorageBuffer@$0CAA@@@@@QAEXH@Z 100612b0 f i shaderlib:BaseShader.obj
 0002:00015320       ?SetModulationPixelShaderDynamicState_LinearColorSpace_LinearScale@?$CInstanceCommandBufferBuilder@V?$CFixedCommandStorageBuffer@$0CAA@@@@@QAEXHABVVector@@M@Z 10061320 f i shaderlib:BaseShader.obj
 0002:000153b0       ?SetModulationPixelShaderDynamicState_LinearScale@?$CInstanceCommandBufferBuilder@V?$CFixedCommandStorageBuffer@$0CAA@@@@@QAEXHABVVector@@M@Z 100613b0 f i shaderlib:BaseShader.obj
 0002:00015440       ?SetModulationPixelShaderDynamicState_LinearScale_ScaleInW@?$CInstanceCommandBufferBuilder@V?$CFixedCommandStorageBuffer@$0CAA@@@@@QAEXHABVVector@@M@Z 10061440 f i shaderlib:BaseShader.obj
 0002:000154d0       ?SetModulationPixelShaderDynamicState_LinearColorSpace@?$CInstanceCommandBufferBuilder@V?$CFixedCommandStorageBuffer@$0CAA@@@@@QAEXHABVVector@@@Z 100614d0 f i shaderlib:BaseShader.obj
 0002:00015550       ?SetModulationPixelShaderDynamicState@?$CInstanceCommandBufferBuilder@V?$CFixedCommandStorageBuffer@$0CAA@@@@@QAEXHABVVector@@@Z 10061550 f i shaderlib:BaseShader.obj
 0002:000155d0       ?SetModulationPixelShaderDynamicState_Identity@?$CInstanceCommandBufferBuilder@V?$CFixedCommandStorageBuffer@$0CAA@@@@@QAEXH@Z 100615d0 f i shaderlib:BaseShader.obj
 0002:00015640       ?SetModulationVertexShaderDynamicState@?$CInstanceCommandBufferBuilder@V?$CFixedCommandStorageBuffer@$0CAA@@@@@QAEXHABVVector@@@Z 10061640 f i shaderlib:BaseShader.obj
 0002:000156c0       ?SetModulationVertexShaderDynamicState_LinearScale@?$CInstanceCommandBufferBuilder@V?$CFixedCommandStorageBuffer@$0CAA@@@@@QAEXHABVVector@@M@Z 100616c0 f i shaderlib:BaseShader.obj
 0002:00015750       ?Reset@?$CBaseCommandBufferBuilder@V?$CFixedCommandStorageBuffer@$0CAA@@@@@QAEXXZ 10061750 f i shaderlib:BaseShader.obj
 0002:000157a0       ?Size@?$CBaseCommandBufferBuilder@V?$CFixedCommandStorageBuffer@$0CAA@@@@@QBEIXZ 100617a0 f i shaderlib:BaseShader.obj
 0002:000157f0       ?Base@?$CBaseCommandBufferBuilder@V?$CFixedCommandStorageBuffer@$0CAA@@@@@QAEPAEXZ 100617f0 f i shaderlib:BaseShader.obj
 0002:00015840       ?PutInt@?$CFixedCommandStorageBuffer@$0CAA@@@QAEXH@Z 10061840 f i shaderlib:BaseShader.obj
 0002:000158a0       ?PutFloat@?$CFixedCommandStorageBuffer@$0CAA@@@QAEXM@Z 100618a0 f i shaderlib:BaseShader.obj
 0002:00015900       ?Base@?$CFixedCommandStorageBuffer@$0CAA@@@QAEPAEXZ 10061900 f i shaderlib:BaseShader.obj
 0002:00015940       ?Reset@?$CFixedCommandStorageBuffer@$0CAA@@@QAEXXZ 10061940 f i shaderlib:BaseShader.obj
 0002:00015990       ?Size@?$CFixedCommandStorageBuffer@$0CAA@@@QBEIXZ 10061990 f i shaderlib:BaseShader.obj
 0002:000159e0       ??$Put@VVector@@@?$CFixedCommandStorageBuffer@$0CAA@@@QAEXABVVector@@@Z 100619e0 f i shaderlib:BaseShader.obj
 0002:00015a70       ??$Put@H@?$CFixedCommandStorageBuffer@$0CAA@@@QAEXABH@Z 10061a70 f i shaderlib:BaseShader.obj
 0002:00015b00       ??$Put@M@?$CFixedCommandStorageBuffer@$0CAA@@@QAEXABM@Z 10061b00 f i shaderlib:BaseShader.obj
 0002:00015b90       ?EnsureCapacity@?$CFixedCommandStorageBuffer@$0CAA@@@QAEXI@Z 10061b90 f i shaderlib:BaseShader.obj
 0002:00015bd0       ??0?$CInstanceCommandBufferBuilder@V?$CFixedCommandStorageBuffer@$0CAA@@@@@QAE@XZ 10061bd0 f i shaderlib:BaseShader.obj
 0002:00015c30       ??0?$CBaseCommandBufferBuilder@V?$CFixedCommandStorageBuffer@$0CAA@@@@@QAE@XZ 10061c30 f i shaderlib:BaseShader.obj
 0002:00015c90       ??0?$CFixedCommandStorageBuffer@$0CAA@@@QAE@XZ 10061c90 f i shaderlib:BaseShader.obj
 0002:00015ce0       ?GetShaderDLL@@YAPAVIShaderDLL@@XZ 10061ce0 f   shaderlib:ShaderDLL.obj
 0002:00015dd0       ?GetShaderDLLInternal@@YAPAVIShaderDLLInternal@@XZ 10061dd0 f   shaderlib:ShaderDLL.obj
 0002:00015e90       ??0CShaderDLL@@QAE@XZ      10061e90 f   shaderlib:ShaderDLL.obj
 0002:00015f70       ?ShaderComboSemanticsCount@CShaderDLL@@UAEFXZ 10061f70 f i shaderlib:ShaderDLL.obj
 0002:00015fd0       ?GetComboSemantics@CShaderDLL@@UAEPBUShaderComboSemantics_t@@H@Z 10061fd0 f i shaderlib:ShaderDLL.obj
 0002:00016060       ?AddShaderComboInformation@CShaderDLL@@UAEXPBUShaderComboSemantics_t@@@Z 10062060 f i shaderlib:ShaderDLL.obj
 0002:000160c0       ??0IShaderDLLInternal@@QAE@XZ 100620c0 f i shaderlib:ShaderDLL.obj
 0002:00016110       ??0IShaderDLL@@QAE@XZ      10062110 f i shaderlib:ShaderDLL.obj
 0002:00016160       ?Connect@CShaderDLL@@UAE_NP6APAXPBDPAH@Z_N@Z 10062160 f   shaderlib:ShaderDLL.obj
 0002:00016280       ?Disconnect@CShaderDLL@@UAEX_N@Z 10062280 f   shaderlib:ShaderDLL.obj
 0002:00016310       ?Connect@CShaderDLL@@UAE_NP6APAXPBDPAH@Z@Z 10062310 f   shaderlib:ShaderDLL.obj
 0002:00016380       ?Disconnect@CShaderDLL@@UAEXXZ 10062380 f   shaderlib:ShaderDLL.obj
 0002:000163f0       ?ShaderCount@CShaderDLL@@UBEHXZ 100623f0 f   shaderlib:ShaderDLL.obj
 0002:00016450       ?GetShader@CShaderDLL@@UAEPAVIShader@@H@Z 10062450 f   shaderlib:ShaderDLL.obj
 0002:000164d0       ?InsertShader@CShaderDLL@@UAEXPAVIShader@@@Z 100624d0 f   shaderlib:ShaderDLL.obj
 0002:00016530       ??A?$CUtlVector@PBUShaderComboSemantics_t@@V?$CUtlMemory@PBUShaderComboSemantics_t@@H@@@@QAEAAPBUShaderComboSemantics_t@@H@Z 10062530 f i shaderlib:ShaderDLL.obj
 0002:00016590       ?Count@?$CUtlVector@PBUShaderComboSemantics_t@@V?$CUtlMemory@PBUShaderComboSemantics_t@@H@@@@QBEHXZ 10062590 f i shaderlib:ShaderDLL.obj
 0002:000165d0       ?AddToTail@?$CUtlVector@PBUShaderComboSemantics_t@@V?$CUtlMemory@PBUShaderComboSemantics_t@@H@@@@QAEHABQBUShaderComboSemantics_t@@@Z 100625d0 f i shaderlib:ShaderDLL.obj
 0002:00016630       ??0?$CUtlVector@PAVIShader@@V?$CUtlMemory@PAVIShader@@H@@@@QAE@HH@Z 10062630 f i shaderlib:ShaderDLL.obj
 0002:000166b0       ??A?$CUtlVector@PAVIShader@@V?$CUtlMemory@PAVIShader@@H@@@@QAEAAPAVIShader@@H@Z 100626b0 f i shaderlib:ShaderDLL.obj
 0002:00016710       ?Count@?$CUtlVector@PAVIShader@@V?$CUtlMemory@PAVIShader@@H@@@@QBEHXZ 10062710 f i shaderlib:ShaderDLL.obj
 0002:00016750       ?AddToTail@?$CUtlVector@PAVIShader@@V?$CUtlMemory@PAVIShader@@H@@@@QAEHABQAVIShader@@@Z 10062750 f i shaderlib:ShaderDLL.obj
 0002:000167b0       ?ResetDbgInfo@?$CUtlVector@PAVIShader@@V?$CUtlMemory@PAVIShader@@H@@@@IAEXXZ 100627b0 f i shaderlib:ShaderDLL.obj
 0002:00016810       ?Base@?$CUtlVector@PAVIShader@@V?$CUtlMemory@PAVIShader@@H@@@@QAEPAPAVIShader@@XZ 10062810 f i shaderlib:ShaderDLL.obj
 0002:00016860       ?InsertBefore@?$CUtlVector@PBUShaderComboSemantics_t@@V?$CUtlMemory@PBUShaderComboSemantics_t@@H@@@@QAEHHABQBUShaderComboSemantics_t@@@Z 10062860 f i shaderlib:ShaderDLL.obj
 0002:000168f0       ??A?$CUtlMemory@PBUShaderComboSemantics_t@@H@@QAEAAPBUShaderComboSemantics_t@@H@Z 100628f0 f i shaderlib:ShaderDLL.obj
 0002:00016940       ?InsertBefore@?$CUtlVector@PAVIShader@@V?$CUtlMemory@PAVIShader@@H@@@@QAEHHABQAVIShader@@@Z 10062940 f i shaderlib:ShaderDLL.obj
 0002:000169d0       ??0?$CUtlMemory@PAVIShader@@H@@QAE@HH@Z 100629d0 f i shaderlib:ShaderDLL.obj
 0002:00016b00       ??A?$CUtlMemory@PAVIShader@@H@@QAEAAPAVIShader@@H@Z 10062b00 f i shaderlib:ShaderDLL.obj
 0002:00016b50       ?Base@?$CUtlMemory@PAVIShader@@H@@QAEPAPAVIShader@@XZ 10062b50 f i shaderlib:ShaderDLL.obj
 0002:00016b90       ?ValidateGrowSize@?$CUtlMemory@PAVIShader@@H@@IAEXXZ 10062b90 f i shaderlib:ShaderDLL.obj
 0002:00016bd0       ?Element@?$CUtlVector@PBUShaderComboSemantics_t@@V?$CUtlMemory@PBUShaderComboSemantics_t@@H@@@@QAEAAPBUShaderComboSemantics_t@@H@Z 10062bd0 f i shaderlib:ShaderDLL.obj
 0002:00016c30       ?GrowVector@?$CUtlVector@PBUShaderComboSemantics_t@@V?$CUtlMemory@PBUShaderComboSemantics_t@@H@@@@IAEXH@Z 10062c30 f i shaderlib:ShaderDLL.obj
 0002:00016d50       ?ResetDbgInfo@?$CUtlVector@PBUShaderComboSemantics_t@@V?$CUtlMemory@PBUShaderComboSemantics_t@@H@@@@IAEXXZ 10062d50 f i shaderlib:ShaderDLL.obj
 0002:00016db0       ?Base@?$CUtlVector@PBUShaderComboSemantics_t@@V?$CUtlMemory@PBUShaderComboSemantics_t@@H@@@@QAEPAPBUShaderComboSemantics_t@@XZ 10062db0 f i shaderlib:ShaderDLL.obj
 0002:00016e00       ?Base@?$CUtlMemory@PBUShaderComboSemantics_t@@H@@QAEPAPBUShaderComboSemantics_t@@XZ 10062e00 f i shaderlib:ShaderDLL.obj
 0002:00016e40       ?ShiftElementsRight@?$CUtlVector@PBUShaderComboSemantics_t@@V?$CUtlMemory@PBUShaderComboSemantics_t@@H@@@@IAEXHH@Z 10062e40 f i shaderlib:ShaderDLL.obj
 0002:00016ee0       ??$CopyConstruct@PBUShaderComboSemantics_t@@@@YAPAPBUShaderComboSemantics_t@@PAPBU0@ABQBU0@@Z 10062ee0 f i shaderlib:ShaderDLL.obj
 0002:00016f80       ?Element@?$CUtlVector@PAVIShader@@V?$CUtlMemory@PAVIShader@@H@@@@QAEAAPAVIShader@@H@Z 10062f80 f i shaderlib:ShaderDLL.obj
 0002:00016fe0       ?GrowVector@?$CUtlVector@PAVIShader@@V?$CUtlMemory@PAVIShader@@H@@@@IAEXH@Z 10062fe0 f i shaderlib:ShaderDLL.obj
 0002:00017100       ?ShiftElementsRight@?$CUtlVector@PAVIShader@@V?$CUtlMemory@PAVIShader@@H@@@@IAEXHH@Z 10063100 f i shaderlib:ShaderDLL.obj
 0002:000171a0       ??$CopyConstruct@PAVIShader@@@@YAPAPAVIShader@@PAPAV0@ABQAV0@@Z 100631a0 f i shaderlib:ShaderDLL.obj
 0002:00017240       ??$MemAllocClassName@V?$CUtlMemory@PAVIShader@@H@@@@YAPBDPAV?$CUtlMemory@PAVIShader@@H@@@Z 10063240 f i shaderlib:ShaderDLL.obj
 0002:000172c0       ?NumAllocated@?$CUtlMemory@PBUShaderComboSemantics_t@@H@@QBEHXZ 100632c0 f i shaderlib:ShaderDLL.obj
 0002:00017300       ?Grow@?$CUtlMemory@PBUShaderComboSemantics_t@@H@@QAEXH@Z 10063300 f i shaderlib:ShaderDLL.obj
 0002:00017560       ??$MemAllocClassName@V?$CUtlMemory@PBUShaderComboSemantics_t@@H@@@@YAPBDPAV?$CUtlMemory@PBUShaderComboSemantics_t@@H@@@Z 10063560 f i shaderlib:ShaderDLL.obj
 0002:000175e0       ?IsExternallyAllocated@?$CUtlMemory@PBUShaderComboSemantics_t@@H@@QBE_NXZ 100635e0 f i shaderlib:ShaderDLL.obj
 0002:00017630       ??$MemAllocClassName@V?$CUtlVector@PBUShaderComboSemantics_t@@V?$CUtlMemory@PBUShaderComboSemantics_t@@H@@@@@@YAPBDPAV?$CUtlVector@PBUShaderComboSemantics_t@@V?$CUtlMemory@PBUShaderComboSemantics_t@@H@@@@@Z 10063630 f i shaderlib:ShaderDLL.obj
 0002:000176b0       ?NumAllocated@?$CUtlMemory@PAVIShader@@H@@QBEHXZ 100636b0 f i shaderlib:ShaderDLL.obj
 0002:000176f0       ?Grow@?$CUtlMemory@PAVIShader@@H@@QAEXH@Z 100636f0 f i shaderlib:ShaderDLL.obj
 0002:00017950       ?IsExternallyAllocated@?$CUtlMemory@PAVIShader@@H@@QBE_NXZ 10063950 f i shaderlib:ShaderDLL.obj
 0002:000179a0       ??$MemAllocClassName@V?$CUtlVector@PAVIShader@@V?$CUtlMemory@PAVIShader@@H@@@@@@YAPBDPAV?$CUtlVector@PAVIShader@@V?$CUtlMemory@PAVIShader@@H@@@@@Z 100639a0 f i shaderlib:ShaderDLL.obj
 0002:00017a20       ??0?$CUtlVector@PBUShaderComboSemantics_t@@V?$CUtlMemory@PBUShaderComboSemantics_t@@H@@@@QAE@HH@Z 10063a20 f i shaderlib:ShaderDLL.obj
 0002:00017aa0       ??0?$CUtlMemory@PBUShaderComboSemantics_t@@H@@QAE@HH@Z 10063aa0 f i shaderlib:ShaderDLL.obj
 0002:00017bd0       ?ValidateGrowSize@?$CUtlMemory@PBUShaderComboSemantics_t@@H@@IAEXXZ 10063bd0 f i shaderlib:ShaderDLL.obj
 0002:00017c10       ??1?$CUtlVector@PBUShaderComboSemantics_t@@V?$CUtlMemory@PBUShaderComboSemantics_t@@H@@@@QAE@XZ 10063c10 f i shaderlib:ShaderDLL.obj
 0002:00017c70       ?Purge@?$CUtlVector@PBUShaderComboSemantics_t@@V?$CUtlMemory@PBUShaderComboSemantics_t@@H@@@@QAEXXZ 10063c70 f i shaderlib:ShaderDLL.obj
 0002:00017ce0       ??1?$CUtlMemory@PBUShaderComboSemantics_t@@H@@QAE@XZ 10063ce0 f i shaderlib:ShaderDLL.obj
 0002:00017d30       ?RemoveAll@?$CUtlVector@PBUShaderComboSemantics_t@@V?$CUtlMemory@PBUShaderComboSemantics_t@@H@@@@QAEXXZ 10063d30 f i shaderlib:ShaderDLL.obj
 0002:00017dc0       ?Purge@?$CUtlMemory@PBUShaderComboSemantics_t@@H@@QAEXXZ 10063dc0 f i shaderlib:ShaderDLL.obj
 0002:00017e70       ??$Destruct@PBUShaderComboSemantics_t@@@@YAXPAPBUShaderComboSemantics_t@@@Z 10063e70 f i shaderlib:ShaderDLL.obj
 0002:00017ed0       ?InitShaderLibCVars@@YAXP6APAXPBDPAH@Z@Z 10063ed0 f   shaderlib:shaderlib_cvar.obj
 0002:00017f30       ??0CShaderLibConVarAccessor@@QAE@XZ 10063f30 f i shaderlib:shaderlib_cvar.obj
 0002:00017f90       ?RegisterConCommandBase@CShaderLibConVarAccessor@@UAE_NPAVConCommandBase@@@Z 10063f90 f i shaderlib:shaderlib_cvar.obj
 0002:000180a0       ??0IConCommandBaseAccessor@@QAE@XZ 100640a0 f i shaderlib:shaderlib_cvar.obj
 0002:000180e4       __ExitOnFatalAssert        100640e4 f   tier0:tier0.dll
 0002:000180ea       _DoNewAssertDialog         100640ea f   tier0:tier0.dll
 0002:000180f0       _ShouldUseNewAssertDialog  100640f0 f   tier0:tier0.dll
 0002:000180f6       _LoggingSystem_LogAssert   100640f6 f   tier0:tier0.dll
 0002:000180fc       _g_pMemAlloc               100640fc f   tier0:tier0.dll
 0002:00018110       ??0Color@@QAE@XZ           10064110 f i tier1:convar.obj
 0002:00018120       ??AColor@@QAEAAEH@Z        10064120 f i tier1:convar.obj
 0002:00018130       _fabsf                     10064130 f i tier1:convar.obj
 0002:00018140       ?fabs@@YAMM@Z              10064140 f i tier1:convar.obj
 0002:00018150       ?IndirectAlloc@IMemAlloc@@QAEPAXI@Z 10064150 f i tier1:convar.obj
 0002:00018160       ?MemAlloc_Alloc@@YAPAXI@Z  10064160 f i tier1:convar.obj
 0002:00018180       ?ArgC@CCommand@@QBEHXZ     10064180 f i tier1:convar.obj
 0002:00018190       ?Arg@CCommand@@QBEPBDH@Z   10064190 f i tier1:convar.obj
 0002:000181c0       ?GetFloat@ConVar@@QBEMXZ   100641c0 f i tier1:convar.obj
 0002:000181d0       ?GetString@ConVar@@QBEPBDXZ 100641d0 f i tier1:convar.obj
 0002:00018200       ?TellGet@CUtlBuffer@@QBEHXZ 10064200 f i tier1:convar.obj
 0002:00018210       ?IsValid@CUtlBuffer@@QBE_NXZ 10064210 f i tier1:convar.obj
 0002:00018220       ?ConVar_Register@@YAXHPAVIConCommandBaseAccessor@@@Z 10064220 f   tier1:convar.obj
 0002:00018300       ?ConVar_Unregister@@YAXXZ  10064300 f   tier1:convar.obj
 0002:00018360       ??0ConCommandBase@@QAE@XZ  10064360 f   tier1:convar.obj
 0002:00018380       ??1ConCommandBase@@UAE@XZ  10064380 f   tier1:convar.obj
 0002:00018390       ?IsCommand@ConCommandBase@@UBE_NXZ 10064390 f   tier1:convar.obj
 0002:000183a0       ?GetDLLIdentifier@ConCommandBase@@UBEHXZ 100643a0 f   tier1:convar.obj
 0002:000183b0       ?Create@ConCommandBase@@MAEXPBD0H@Z 100643b0 f   tier1:convar.obj
 0002:00018410       ?Init@ConCommandBase@@MAEXXZ 10064410 f   tier1:convar.obj
 0002:00018430       ?Shutdown@ConCommandBase@@IAEXXZ 10064430 f   tier1:convar.obj
 0002:00018450       ?GetName@ConCommandBase@@UBEPBDXZ 10064450 f   tier1:convar.obj
 0002:00018460       ?IsFlagSet@ConCommandBase@@UBE_NH@Z 10064460 f   tier1:convar.obj
 0002:00018470       ?AddFlags@ConCommandBase@@UAEXH@Z 10064470 f   tier1:convar.obj
 0002:00018480       ?RemoveFlags@ConCommandBase@@UAEXH@Z 10064480 f   tier1:convar.obj
 0002:00018490       ?GetFlags@ConCommandBase@@UBEHXZ 10064490 f   tier1:convar.obj
 0002:000184a0       ?GetNext@ConCommandBase@@QBEPBV1@XZ 100644a0 f   tier1:convar.obj
 0002:000184b0       ?GetNext@ConCommandBase@@QAEPAV1@XZ 100644b0 f   tier1:convar.obj
 0002:000184c0       ?CopyString@ConCommandBase@@IAEPADPBD@Z 100644c0 f   tier1:convar.obj
 0002:00018530       ?GetHelpText@ConCommandBase@@UBEPBDXZ 10064530 f   tier1:convar.obj
 0002:00018540       ?IsRegistered@ConCommandBase@@UBE_NXZ 10064540 f   tier1:convar.obj
 0002:00018550       ?Reset@CCommand@@QAEXXZ    10064550 f   tier1:convar.obj
 0002:00018560       ?DefaultBreakSet@CCommand@@SAPAUcharacterset_t@@XZ 10064560 f   tier1:convar.obj
 0002:00018570       ?FindArg@CCommand@@QBEPBDPBD@Z 10064570 f   tier1:convar.obj
 0002:00018610       ?FindArgInt@CCommand@@QBEHPBDH@Z 10064610 f   tier1:convar.obj
 0002:00018640       ?DefaultCompletionFunc@@YAHPBDQAY0EA@D@Z 10064640 f   tier1:convar.obj
 0002:00018650       ??0ConCommand@@QAE@PBDP6AXXZ0HP6AH0QAY0EA@D@Z@Z 10064650 f   tier1:convar.obj
 0002:00018710       ??0ConCommand@@QAE@PBDP6AXABVCCommand@@@Z0HP6AH0QAY0EA@D@Z@Z 10064710 f   tier1:convar.obj
 0002:000187d0       ??0ConCommand@@QAE@PBDPAVICommandCallback@@0HPAVICommandCompletionCallback@@@Z 100647d0 f   tier1:convar.obj
 0002:00018880       ??1ConCommand@@UAE@XZ      10064880 f   tier1:convar.obj
 0002:00018890       ?IsCommand@ConCommand@@UBE_NXZ 10064890 f   tier1:convar.obj
 0002:000188a0       ?Dispatch@ConCommand@@UAEXABVCCommand@@@Z 100648a0 f   tier1:convar.obj
 0002:000188f0       ?CanAutoComplete@ConCommand@@UAE_NXZ 100648f0 f   tier1:convar.obj
 0002:00018900       ??0IConVar@@QAE@XZ         10064900 f i tier1:convar.obj
 0002:00018910       ?IsFlagSet@ConVar@@UBE_NH@Z 10064910 f   tier1:convar.obj
 0002:00018930       ?GetFlags@ConVar@@UBEHXZ   10064930 f   tier1:convar.obj
 0002:00018940       ?GetHelpText@ConVar@@UBEPBDXZ 10064940 f   tier1:convar.obj
 0002:00018950       ?AddFlags@ConVar@@UAEXH@Z  10064950 f   tier1:convar.obj
 0002:00018960       ?IsRegistered@ConVar@@UBE_NXZ 10064960 f   tier1:convar.obj
 0002:00018970       ?GetName@ConVar@@UBEPBDXZ  10064970 f   tier1:convar.obj
 0002:00018980       ?GetBaseName@ConVar@@UBEPBDXZ 10064980 f   tier1:convar.obj
 0002:00018990       ?GetSplitScreenPlayerSlot@ConVar@@UBEHXZ 10064990 f   tier1:convar.obj
 0002:000189a0       ?IsCommand@ConVar@@UBE_NXZ 100649a0 f   tier1:convar.obj
 0002:000189b0       ?Init@ConVar@@EAEXXZ       100649b0 f   tier1:convar.obj
 0002:000189d0       ?InternalSetColorFromString@ConVar@@AAE_NPBD@Z 100649d0 f   tier1:convar.obj
 0002:00018aa0       ?InternalSetValue@ConVar@@EAEXPBD@Z 10064aa0 f   tier1:convar.obj
 0002:00018c10       ?ClampValue@ConVar@@EAE_NAAM@Z 10064c10 f   tier1:convar.obj
 0002:00018c60       ?InternalSetFloatValue@ConVar@@EAEXM@Z 10064c60 f   tier1:convar.obj
 0002:00018d70       ?InternalSetIntValue@ConVar@@EAEXH@Z 10064d70 f   tier1:convar.obj
 0002:00018e70       ?InternalSetColorValue@ConVar@@EAEXVColor@@@Z 10064e70 f   tier1:convar.obj
 0002:00018eb0       ?SetValue@ConVar@@UAEXPBD@Z 10064eb0 f   tier1:convar.obj
 0002:00018ec0       ?SetValue@ConVar@@UAEXM@Z  10064ec0 f   tier1:convar.obj
 0002:00018ee0       ?SetValue@ConVar@@UAEXH@Z  10064ee0 f   tier1:convar.obj
 0002:00018ef0       ?SetValue@ConVar@@UAEXVColor@@@Z 10064ef0 f   tier1:convar.obj
 0002:00018f00       ?Revert@ConVar@@QAEXXZ     10064f00 f   tier1:convar.obj
 0002:00018f20       ?GetMin@ConVar@@QBE_NAAM@Z 10064f20 f   tier1:convar.obj
 0002:00018f40       ?GetMax@ConVar@@QBE_NAAM@Z 10064f40 f   tier1:convar.obj
 0002:00018f60       ?GetMinValue@ConVar@@QBEMXZ 10064f60 f   tier1:convar.obj
 0002:00018f70       ?GetMaxValue@ConVar@@QBEMXZ 10064f70 f   tier1:convar.obj
 0002:00018f80       ?HasMin@ConVar@@QBE_NXZ    10064f80 f   tier1:convar.obj
 0002:00018f90       ?HasMax@ConVar@@QBE_NXZ    10064f90 f   tier1:convar.obj
 0002:00018fa0       ?GetDefault@ConVar@@QBEPBDXZ 10064fa0 f   tier1:convar.obj
 0002:00018fb0       ??0ConVarRef@@QAE@PAVIConVar@@@Z 10064fb0 f   tier1:convar.obj
 0002:00018fe0       ?IsValid@ConVarRef@@QBE_NXZ 10064fe0 f   tier1:convar.obj
 0002:00018ff0       ??0SplitScreenConVarRef@@QAE@PAVIConVar@@@Z 10064ff0 f   tier1:convar.obj
 0002:00019110       ?IsValid@SplitScreenConVarRef@@QBE_NXZ 10065110 f   tier1:convar.obj
 0002:00019120       ?ConVar_AppendFlags@@YAXPBVConCommandBase@@PADI@Z 10065120 f   tier1:convar.obj
 0002:00019230       ?ConVar_PrintDescription@@YAXPBVConCommandBase@@@Z 10065230 f   tier1:convar.obj
 0002:000195d0       ?IsExternallyAllocated@?$CUtlMemory@EH@@QBE_NXZ 100655d0 f i tier1:convar.obj
 0002:000195e0       ?Count@?$CUtlVector@P6AXPAVIConVar@@PBDM@ZV?$CUtlMemory@P6AXPAVIConVar@@PBDM@ZH@@@@QBEHXZ 100655e0 f i tier1:convar.obj
 0002:000195f0       ?InvalidIndex@?$CUtlVector@P6AXPAVIConVar@@PBDM@ZV?$CUtlMemory@P6AXPAVIConVar@@PBDM@ZH@@@@SAHXZ 100655f0 f i tier1:convar.obj
 0002:00019600       ??A?$CUtlMemory@P6AXPAVIConVar@@PBDM@ZH@@QAEAAP6AXPAVIConVar@@PBDM@ZH@Z 10065600 f i tier1:convar.obj
 0002:00019610       ?Base@?$CUtlMemory@P6AXPAVIConVar@@PBDM@ZH@@QAEPAP6AXPAVIConVar@@PBDM@ZXZ 10065610 f i tier1:convar.obj
 0002:00019620       ?ValidateGrowSize@?$CUtlMemory@P6AXPAVIConVar@@PBDM@ZH@@IAEXXZ 10065620 f i tier1:convar.obj
 0002:00019630       ?Element@?$CUtlVector@P6AXPAVIConVar@@PBDM@ZV?$CUtlMemory@P6AXPAVIConVar@@PBDM@ZH@@@@QAEAAP6AXPAVIConVar@@PBDM@ZH@Z 10065630 f i tier1:convar.obj
 0002:00019640       ?ShiftElementsRight@?$CUtlVector@P6AXPAVIConVar@@PBDM@ZV?$CUtlMemory@P6AXPAVIConVar@@PBDM@ZH@@@@IAEXHH@Z 10065640 f i tier1:convar.obj
 0002:00019690       ?ShiftElementsLeft@?$CUtlVector@P6AXPAVIConVar@@PBDM@ZV?$CUtlMemory@P6AXPAVIConVar@@PBDM@ZH@@@@IAEXHH@Z 10065690 f i tier1:convar.obj
 0002:000196e0       ??A?$CUtlMemory@P6AXPAVIConVar@@PBDM@ZH@@QBEABQ6AXPAVIConVar@@PBDM@ZH@Z 100656e0 f i tier1:convar.obj
 0002:000196f0       ??$CopyConstruct@P6AXPAVIConVar@@PBDM@Z@@YAPAP6AXPAVIConVar@@PBDM@ZPAP6AX01M@ZABQ6AX01M@Z@Z 100656f0 f i tier1:convar.obj
 0002:00019710       ??$Destruct@P6AXPAVIConVar@@PBDM@Z@@YAXPAP6AXPAVIConVar@@PBDM@Z@Z 10065710 f i tier1:convar.obj
 0002:00019720       ??$CopyConstruct@VCUtlString@@@@YAPAVCUtlString@@PAV0@ABV0@@Z 10065720 f i tier1:convar.obj
 0002:00019740       ?NumAllocated@?$CUtlMemory@P6AXPAVIConVar@@PBDM@ZH@@QBEHXZ 10065740 f i tier1:convar.obj
 0002:00019750       ?IsExternallyAllocated@?$CUtlMemory@P6AXPAVIConVar@@PBDM@ZH@@QBE_NXZ 10065750 f i tier1:convar.obj
 0002:00019760       ??A?$CUtlMemory@VCUtlString@@H@@QAEAAVCUtlString@@H@Z 10065760 f i tier1:convar.obj
 0002:00019770       ?Base@?$CUtlMemory@VCUtlString@@H@@QAEPAVCUtlString@@XZ 10065770 f i tier1:convar.obj
 0002:00019780       ?NumAllocated@?$CUtlMemory@VCUtlString@@H@@QBEHXZ 10065780 f i tier1:convar.obj
 0002:00019790       ?IsExternallyAllocated@?$CUtlMemory@VCUtlString@@H@@QBE_NXZ 10065790 f i tier1:convar.obj
 0002:000197a0       ??0CDefaultAccessor@@QAE@XZ 100657a0 f i tier1:convar.obj
 0002:000197b0       ?RegisterConCommandBase@CDefaultAccessor@@UAE_NPAVConCommandBase@@@Z 100657b0 f i tier1:convar.obj
 0002:000197d0       ??_EConCommandBase@@UAEPAXI@Z 100657d0 f i tier1:convar.obj
 0002:000197d0       ??_GConCommandBase@@UAEPAXI@Z 100657d0 f i tier1:convar.obj
 0002:00019800       ??0ConCommandBase@@QAE@PBD0H@Z 10065800 f   tier1:convar.obj
 0002:00019880       ??0CCommand@@QAE@XZ        10065880 f   tier1:convar.obj
 0002:000198d0       ??0CCommand@@QAE@HPAPBD@Z  100658d0 f   tier1:convar.obj
 0002:00019a40       ??_EConCommand@@UAEPAXI@Z  10065a40 f i tier1:convar.obj
 0002:00019a40       ??_GConCommand@@UAEPAXI@Z  10065a40 f i tier1:convar.obj
 0002:00019a70       ?Init@ConVarRef@@QAEXPBD_N@Z 10065a70 f   tier1:convar.obj
 0002:00019b10       ?Init@SplitScreenConVarRef@@QAEXPBD_N@Z 10065b10 f   tier1:convar.obj
 0002:00019c40       ?Purge@?$CUtlMemory@EH@@QAEXXZ 10065c40 f i tier1:convar.obj
 0002:00019c80       ??A?$CUtlVector@P6AXPAVIConVar@@PBDM@ZV?$CUtlMemory@P6AXPAVIConVar@@PBDM@ZH@@@@QAEAAP6AXPAVIConVar@@PBDM@ZH@Z 10065c80 f i tier1:convar.obj
 0002:00019c90       ?Base@?$CUtlVector@P6AXPAVIConVar@@PBDM@ZV?$CUtlMemory@P6AXPAVIConVar@@PBDM@ZH@@@@QAEPAP6AXPAVIConVar@@PBDM@ZXZ 10065c90 f i tier1:convar.obj
 0002:00019ca0       ?Element@?$CUtlVector@P6AXPAVIConVar@@PBDM@ZV?$CUtlMemory@P6AXPAVIConVar@@PBDM@ZH@@@@QBEABQ6AXPAVIConVar@@PBDM@ZH@Z 10065ca0 f i tier1:convar.obj
 0002:00019cb0       ?Remove@?$CUtlVector@P6AXPAVIConVar@@PBDM@ZV?$CUtlMemory@P6AXPAVIConVar@@PBDM@ZH@@@@QAEXH@Z 10065cb0 f i tier1:convar.obj
 0002:00019cf0       ??0?$CUtlMemory@P6AXPAVIConVar@@PBDM@ZH@@QAE@HH@Z 10065cf0 f i tier1:convar.obj
 0002:00019d40       ?RemoveAll@?$CUtlVector@P6AXPAVIConVar@@PBDM@ZV?$CUtlMemory@P6AXPAVIConVar@@PBDM@ZH@@@@QAEXXZ 10065d40 f i tier1:convar.obj
 0002:00019d50       ?Purge@?$CUtlMemory@P6AXPAVIConVar@@PBDM@ZH@@QAEXXZ 10065d50 f i tier1:convar.obj
 0002:00019d90       ?Element@?$CUtlVector@VCUtlString@@V?$CUtlMemory@VCUtlString@@H@@@@QAEAAVCUtlString@@H@Z 10065d90 f i tier1:convar.obj
 0002:00019da0       ?ShiftElementsRight@?$CUtlVector@VCUtlString@@V?$CUtlMemory@VCUtlString@@H@@@@IAEXHH@Z 10065da0 f i tier1:convar.obj
 0002:00019df0       ?Base@?$CUtlVector@VCUtlString@@V?$CUtlMemory@VCUtlString@@H@@@@QAEPAVCUtlString@@XZ 10065df0 f i tier1:convar.obj
 0002:00019e00       ?Grow@?$CUtlMemory@P6AXPAVIConVar@@PBDM@ZH@@QAEXH@Z 10065e00 f i tier1:convar.obj
 0002:00019ec0       ?Grow@?$CUtlMemory@VCUtlString@@H@@QAEXH@Z 10065ec0 f i tier1:convar.obj
 0002:00019f70       ?ChangeStringValue@ConVar@@EAEXPBDM@Z 10065f70 f   tier1:convar.obj
 0002:0001a050       ??0ConVarRef@@QAE@PBD@Z    10066050 f   tier1:convar.obj
 0002:0001a070       ??0ConVarRef@@QAE@PBD_N@Z  10066070 f   tier1:convar.obj
 0002:0001a090       ??0SplitScreenConVarRef@@QAE@PBD@Z 10066090 f   tier1:convar.obj
 0002:0001a0b0       ??0SplitScreenConVarRef@@QAE@PBD_N@Z 100660b0 f   tier1:convar.obj
 0002:0001a0d0       ??1?$CUtlMemory@EH@@QAE@XZ 100660d0 f i tier1:convar.obj
 0002:0001a110       ?Find@?$CUtlVector@P6AXPAVIConVar@@PBDM@ZV?$CUtlMemory@P6AXPAVIConVar@@PBDM@ZH@@@@QBEHABQ6AXPAVIConVar@@PBDM@Z@Z 10066110 f i tier1:convar.obj
 0002:0001a140       ?FindAndRemove@?$CUtlVector@P6AXPAVIConVar@@PBDM@ZV?$CUtlMemory@P6AXPAVIConVar@@PBDM@ZH@@@@QAE_NABQ6AXPAVIConVar@@PBDM@Z@Z 10066140 f i tier1:convar.obj
 0002:0001a1c0       ?ResetDbgInfo@?$CUtlVector@P6AXPAVIConVar@@PBDM@ZV?$CUtlMemory@P6AXPAVIConVar@@PBDM@ZH@@@@IAEXXZ 100661c0 f i tier1:convar.obj
 0002:0001a1d0       ?Purge@?$CUtlVector@P6AXPAVIConVar@@PBDM@ZV?$CUtlMemory@P6AXPAVIConVar@@PBDM@ZH@@@@QAEXXZ 100661d0 f i tier1:convar.obj
 0002:0001a230       ??1?$CUtlMemory@P6AXPAVIConVar@@PBDM@ZH@@QAE@XZ 10066230 f i tier1:convar.obj
 0002:0001a270       ?GrowVector@?$CUtlVector@P6AXPAVIConVar@@PBDM@ZV?$CUtlMemory@P6AXPAVIConVar@@PBDM@ZH@@@@IAEXH@Z 10066270 f i tier1:convar.obj
 0002:0001a2b0       ?ResetDbgInfo@?$CUtlVector@VCUtlString@@V?$CUtlMemory@VCUtlString@@H@@@@IAEXXZ 100662b0 f i tier1:convar.obj
 0002:0001a2c0       ??1CUtlBuffer@@QAE@XZ      100662c0 f i tier1:convar.obj
 0002:0001a300       ??1CUtlBinaryBlock@@QAE@XZ 10066300 f i tier1:convar.obj
 0002:0001a340       ?RemoveChangeCallback@ConVar@@QAEXP6AXPAVIConVar@@PBDM@Z@Z 10066340 f   tier1:convar.obj
 0002:0001a360       ??0?$CUtlVector@P6AXPAVIConVar@@PBDM@ZV?$CUtlMemory@P6AXPAVIConVar@@PBDM@ZH@@@@QAE@HH@Z 10066360 f i tier1:convar.obj
 0002:0001a3c0       ??1?$CUtlVector@P6AXPAVIConVar@@PBDM@ZV?$CUtlMemory@P6AXPAVIConVar@@PBDM@ZH@@@@QAE@XZ 100663c0 f i tier1:convar.obj
 0002:0001a440       ?InsertBefore@?$CUtlVector@P6AXPAVIConVar@@PBDM@ZV?$CUtlMemory@P6AXPAVIConVar@@PBDM@ZH@@@@QAEHHABQ6AXPAVIConVar@@PBDM@Z@Z 10066440 f i tier1:convar.obj
 0002:0001a4c0       ?GrowVector@?$CUtlVector@VCUtlString@@V?$CUtlMemory@VCUtlString@@H@@@@IAEXH@Z 100664c0 f i tier1:convar.obj
 0002:0001a500       ?Tokenize@CCommand@@QAE_NPBDPAUcharacterset_t@@@Z 10066500 f   tier1:convar.obj
 0002:0001a700       ??1CUtlString@@QAE@XZ      10066700 f i tier1:convar.obj
 0002:0001a740       ??1ConVar@@UAE@XZ          10066740 f   tier1:convar.obj
 0002:0001a790       ?GetName@ConVar@@WBI@BEPBDXZ 10066790 f i tier1:convar.obj
 0002:0001a7a0       ?IsFlagSet@ConVar@@WBI@BE_NH@Z 100667a0 f i tier1:convar.obj
 0002:0001a7b0       ??1CEmptyConVar@@UAE@XZ    100667b0 f i tier1:convar.obj
 0002:0001a800       ?AddToTail@?$CUtlVector@P6AXPAVIConVar@@PBDM@ZV?$CUtlMemory@P6AXPAVIConVar@@PBDM@ZH@@@@QAEHABQ6AXPAVIConVar@@PBDM@Z@Z 10066800 f i tier1:convar.obj
 0002:0001a820       ?InsertBefore@?$CUtlVector@VCUtlString@@V?$CUtlMemory@VCUtlString@@H@@@@QAEHHABVCUtlString@@@Z 10066820 f i tier1:convar.obj
 0002:0001a8b0       ??_EConVar@@UAEPAXI@Z      100668b0 f i tier1:convar.obj
 0002:0001a8b0       ??_GConVar@@UAEPAXI@Z      100668b0 f i tier1:convar.obj
 0002:0001a910       ?InstallChangeCallback@ConVar@@QAEXP6AXPAVIConVar@@PBDM@Z_N@Z 10066910 f   tier1:convar.obj
 0002:0001a9c0       ?Create@ConVar@@EAEXPBD0H0_NM1MP6AXPAVIConVar@@0M@Z@Z 100669c0 f   tier1:convar.obj
 0002:0001ab50       ?AddToTail@?$CUtlVector@VCUtlString@@V?$CUtlMemory@VCUtlString@@H@@@@QAEHABVCUtlString@@@Z 10066b50 f i tier1:convar.obj
 0002:0001ab70       ?AutoCompleteSuggest@ConCommand@@UAEHPBDAAV?$CUtlVector@VCUtlString@@V?$CUtlMemory@VCUtlString@@H@@@@@Z 10066b70 f   tier1:convar.obj
 0002:0001ac80       ??0ConVar@@QAE@PBD0H@Z     10066c80 f   tier1:convar.obj
 0002:0001ad00       ??0ConVar@@QAE@PBD0H0@Z    10066d00 f   tier1:convar.obj
 0002:0001ad80       ??0ConVar@@QAE@PBD0H0_NM1M@Z 10066d80 f   tier1:convar.obj
 0002:0001ae10       ??0ConVar@@QAE@PBD0H0P6AXPAVIConVar@@0M@Z@Z 10066e10 f   tier1:convar.obj
 0002:0001aea0       ??0ConVar@@QAE@PBD0H0_NM1MP6AXPAVIConVar@@0M@Z@Z 10066ea0 f   tier1:convar.obj
 0002:0001af40       ??0CEmptyConVar@@QAE@XZ    10066f40 f i tier1:convar.obj
 0002:0001af70       ?SetValue@CEmptyConVar@@UAEXPBD@Z 10066f70 f i tier1:convar.obj
 0002:0001af80       ?SetValue@CEmptyConVar@@UAEXM@Z 10066f80 f i tier1:convar.obj
 0002:0001af90       ?SetValue@CEmptyConVar@@UAEXH@Z 10066f90 f i tier1:convar.obj
 0002:0001afa0       ?GetName@CEmptyConVar@@UBEPBDXZ 10066fa0 f i tier1:convar.obj
 0002:0001afb0       ?IsFlagSet@CEmptyConVar@@UBE_NH@Z 10066fb0 f i tier1:convar.obj
 0002:0001afc0       ?GetName@CEmptyConVar@@WBI@BEPBDXZ 10066fc0 f i tier1:convar.obj
 0002:0001afd0       ?IsFlagSet@CEmptyConVar@@WBI@BE_NH@Z 10066fd0 f i tier1:convar.obj
 0002:0001afe0       ??_GCEmptyConVar@@UAEPAXI@Z 10066fe0 f i tier1:convar.obj
 0002:0001afe0       ??_ECEmptyConVar@@UAEPAXI@Z 10066fe0 f i tier1:convar.obj
 0002:0001b040       ?strchr@@YAPADPADH@Z       10067040 f i tier1:strtools.obj
 0002:0001b050       ?strstr@@YAPADPADPBD@Z     10067050 f i tier1:strtools.obj
 0002:0001b060       ?FloatMakePositive@@YAMM@Z 10067060 f i tier1:strtools.obj
 0002:0001b070       ?_V_strlen@@YAHPBD@Z       10067070 f   tier1:strtools.obj
 0002:0001b0b0       ?_V_wcslen@@YAHPB_W@Z      100670b0 f   tier1:strtools.obj
 0002:0001b0d0       ?_V_strrchr@@YAPADPBDD@Z   100670d0 f   tier1:strtools.obj
 0002:0001b140       ?_V_strcmp@@YAHPBD0@Z      10067140 f   tier1:strtools.obj
 0002:0001b1b0       ?_V_wcscmp@@YAHPB_W0@Z     100671b0 f   tier1:strtools.obj
 0002:0001b1f0       ?_V_stricmp@@YAHPBD0@Z     100671f0 f   tier1:strtools.obj
 0002:0001b290       ?_V_stricmp_NegativeForUnequal@@YAHPBD0@Z 10067290 f   tier1:strtools.obj
 0002:0001b350       ?_V_strstr@@YAPADPBD0@Z    10067350 f   tier1:strtools.obj
 0002:0001b390       ?_V_strupr@@YAPADPAD@Z     10067390 f   tier1:strtools.obj
 0002:0001b3c0       ?_V_strlower@@YAPADPAD@Z   100673c0 f   tier1:strtools.obj
 0002:0001b3f0       ?V_strncmp@@YAHPBD0H@Z     100673f0 f   tier1:strtools.obj
 0002:0001b460       ?V_strnlwr@@YAPADPADI@Z    10067460 f   tier1:strtools.obj
 0002:0001b4c0       ?V_strncasecmp@@YAHPBD0H@Z 100674c0 f   tier1:strtools.obj
 0002:0001b560       ?V_strcasecmp@@YAHPBD0@Z   10067560 f   tier1:strtools.obj
 0002:0001b5a0       ?V_strnicmp@@YAHPBD0H@Z    100675a0 f   tier1:strtools.obj
 0002:0001b5f0       ?StringAfterPrefix@@YAPBDPBD0@Z 100675f0 f   tier1:strtools.obj
 0002:0001b660       ?StringAfterPrefixCaseSensitive@@YAPBDPBD0@Z 10067660 f   tier1:strtools.obj
 0002:0001b6c0       ?V_atoi64@@YA_JPBD@Z       100676c0 f   tier1:strtools.obj
 0002:0001b8d0       ?V_atoui64@@YA_KPBD@Z      100678d0 f   tier1:strtools.obj
 0002:0001ba70       ?V_atoi@@YAHPBD@Z          10067a70 f   tier1:strtools.obj
 0002:0001ba80       ?V_normalizeFloatString@@YAXPAD@Z 10067a80 f   tier1:strtools.obj
 0002:0001bb10       ?tolower_fast@@YAEE@Z      10067b10 f i tier1:strtools.obj
 0002:0001bb30       ?V_stristr@@YAPBDPBD0@Z    10067b30 f   tier1:strtools.obj
 0002:0001bc40       ?V_stristr@@YAPADPADPBD@Z  10067c40 f   tier1:strtools.obj
 0002:0001bc80       ?V_strnistr@@YAPBDPBD0H@Z  10067c80 f   tier1:strtools.obj
 0002:0001bdb0       ?V_strnchr@@YAPBDPBDDH@Z   10067db0 f   tier1:strtools.obj
 0002:0001bdf0       ?V_strncat@@YAPADPADPBDIH@Z 10067df0 f   tier1:strtools.obj
 0002:0001bee0       ?V_hextobinary@@YAXPBDHPAEH@Z 10067ee0 f   tier1:strtools.obj
 0002:0001c010       ?V_StripTrailingSlash@@YAXPAD@Z 10068010 f   tier1:strtools.obj
 0002:0001c070       ?V_StripFilename@@YAXPAD@Z 10068070 f   tier1:strtools.obj
 0002:0001c0d0       ?V_FixSlashes@@YAXPADD@Z   100680d0 f   tier1:strtools.obj
 0002:0001c100       ?V_UnqualifiedFileName@@YAPBDPBD@Z 10068100 f   tier1:strtools.obj
 0002:0001c150       ?V_ExtractFilePath@@YA_NPBDPADH@Z 10068150 f   tier1:strtools.obj
 0002:0001c1f0       ?V_GetFileExtension@@YAPBDPBD@Z 100681f0 f   tier1:strtools.obj
 0002:0001c250       ?V_RemoveDotSlashes@@YA_NPADD@Z 10068250 f   tier1:strtools.obj
 0002:0001c400       ?V_AppendSlash@@YAXPADH@Z  10068400 f   tier1:strtools.obj
 0002:0001c480       ?V_MakeRelativePath@@YA_NPBD0PADH@Z 10068480 f   tier1:strtools.obj
 0002:0001c610       ?V_IsAbsolutePath@@YA_NPBD@Z 10068610 f   tier1:strtools.obj
 0002:0001c6b0       ?V_GetCurrentDirectory@@YA_NPADH@Z 100686b0 f   tier1:strtools.obj
 0002:0001c6e0       ?V_SetCurrentDirectory@@YA_NPBD@Z 100686e0 f   tier1:strtools.obj
 0002:0001c700       ?V_StrSlice@@YAXPBDHHPADH@Z 10068700 f   tier1:strtools.obj
 0002:0001c7e0       ?V_StrLeft@@YAXPBDHPADH@Z  100687e0 f   tier1:strtools.obj
 0002:0001c820       ?V_strtowcs@@YAXPBDHPA_WH@Z 10068820 f   tier1:strtools.obj
 0002:0001c860       ?V_wcstostr@@YAXPB_WHPADH@Z 10068860 f   tier1:strtools.obj
 0002:0001c8a0       ?V_AddBackSlashesToSpecialChars@@YAPADPBD@Z 100688a0 f   tier1:strtools.obj
 0002:0001c970       ?CopyMemory3D@@YAXPAXPBXHHHHHHH@Z 10068970 f   tier1:strtools.obj
 0002:0001caa0       ?V_TranslateLineFeedsToUnix@@YAXPAD@Z 10068aa0 f   tier1:strtools.obj
 0002:0001cae0       ?HexToValue@@YAHD@Z        10068ae0 f   tier1:strtools.obj
 0002:0001cb30       ?V_StringToBin@@YA_NPBDPAXI@Z 10068b30 f   tier1:strtools.obj
 0002:0001cc60       ?V_BinToString@@YA_NPADPAXI@Z 10068c60 f   tier1:strtools.obj
 0002:0001cce0       ??$_Pow_int@N@@YANNH@Z     10068ce0 f i tier1:strtools.obj
 0002:0001cd60       ??$AssertValidWritePtr@X@@YAXPAXH@Z 10068d60 f i tier1:strtools.obj
 0002:0001cd70       ??$AssertValidReadPtr@$$CBX@@YAXPBXH@Z 10068d70 f i tier1:strtools.obj
 0002:0001cd80       ??$AssertValidWritePtr@D@@YAXPADH@Z 10068d80 f i tier1:strtools.obj
 0002:0001cd90       ??$AssertValidWritePtr@_W@@YAXPA_WH@Z 10068d90 f i tier1:strtools.obj
 0002:0001cda0       ??$AssertValidReadPtr@$$CB_W@@YAXPB_WH@Z 10068da0 f i tier1:strtools.obj
 0002:0001cdb0       ??A?$CUtlMemory@PADH@@QAEAAPADH@Z 10068db0 f i tier1:strtools.obj
 0002:0001cdc0       ?Base@?$CUtlMemory@PADH@@QAEPAPADXZ 10068dc0 f i tier1:strtools.obj
 0002:0001cdd0       ?Element@?$CUtlVector@PADV?$CUtlMemory@PADH@@@@QAEAAPADH@Z 10068dd0 f i tier1:strtools.obj
 0002:0001cde0       ??$CopyConstruct@PAD@@YAPAPADPAPADABQAD@Z 10068de0 f i tier1:strtools.obj
 0002:0001ce00       ??$Destruct@PAD@@YAXPAPAD@Z 10068e00 f i tier1:strtools.obj
 0002:0001ce10       ?IsExternallyAllocated@?$CUtlMemory@PADH@@QBE_NXZ 10068e10 f i tier1:strtools.obj
 0002:0001ce20       ?NumAllocated@?$CUtlMemory@PADH@@QBEHXZ 10068e20 f i tier1:strtools.obj
 0002:0001ce30       ?Grow@?$CUtlMemory@PADH@@QAEXH@Z 10068e30 f i tier1:strtools.obj
 0002:0001cef0       ?pow@@YANNH@Z              10068ef0 f i tier1:strtools.obj
 0002:0001cf10       ?_V_memset@@YAXPAXHH@Z     10068f10 f   tier1:strtools.obj
 0002:0001cf40       ?_V_memcpy@@YAXPAXPBXH@Z   10068f40 f   tier1:strtools.obj
 0002:0001cf80       ?_V_memmove@@YAXPAXPBXH@Z  10068f80 f   tier1:strtools.obj
 0002:0001cfc0       ?_V_memcmp@@YAHPBX0H@Z     10068fc0 f   tier1:strtools.obj
 0002:0001d0a0       ?_V_strcpy@@YAXPADPBD@Z    100690a0 f   tier1:strtools.obj
 0002:0001d0f0       ?V_atof@@YAMPBD@Z          100690f0 f   tier1:strtools.obj
 0002:0001d360       ?V_strncpy@@YAXPADPBDH@Z   10069360 f   tier1:strtools.obj
 0002:0001d3b0       ?V_wcsncpy@@YAXPA_WPB_WH@Z 100693b0 f   tier1:strtools.obj
 0002:0001d400       ?V_snwprintf@@YAHPA_WHPB_WZZ 10069400 f   tier1:strtools.obj
 0002:0001d460       ?V_snprintf@@YAHPADHPBDZZ  10069460 f   tier1:strtools.obj
 0002:0001d4c0       ?V_vsnprintf@@YAHPADHPBD0@Z 100694c0 f   tier1:strtools.obj
 0002:0001d520       ?V_pretifymem@@YAPADMH_N@Z 10069520 f   tier1:strtools.obj
 0002:0001d740       ?V_pretifynum@@YAPAD_J@Z   10069740 f   tier1:strtools.obj
 0002:0001daf0       ?V_UTF8ToUnicode@@YAHPBDPA_WH@Z 10069af0 f   tier1:strtools.obj
 0002:0001db60       ?V_UnicodeToUTF8@@YAHPB_WPADH@Z 10069b60 f   tier1:strtools.obj
 0002:0001dbc0       ?V_UCS2ToUnicode@@YAHPB_WPA_WH@Z 10069bc0 f   tier1:strtools.obj
 0002:0001dc50       ?V_UCS2ToUTF8@@YAHPB_WPADH@Z 10069c50 f   tier1:strtools.obj
 0002:0001dcb0       ?V_binarytohex@@YAXPBEHPADH@Z 10069cb0 f   tier1:strtools.obj
 0002:0001dd90       ?V_FileBase@@YAXPBDPADH@Z  10069d90 f   tier1:strtools.obj
 0002:0001de90       ?V_StripExtension@@YAXPBDPADH@Z 10069e90 f   tier1:strtools.obj
 0002:0001df80       ?V_DefaultExtension@@YAXPADPBDH@Z 10069f80 f   tier1:strtools.obj
 0002:0001e0e0       ?V_SetExtension@@YAXPADPBDH@Z 1006a0e0 f   tier1:strtools.obj
 0002:0001e110       ?V_FixDoubleSlashes@@YAXPAD@Z 1006a110 f   tier1:strtools.obj
 0002:0001e1f0       ?V_StripLastDir@@YA_NPADH@Z 1006a1f0 f   tier1:strtools.obj
 0002:0001e2c0       ?V_ComposeFileName@@YAXPBD0PADH@Z 1006a2c0 f   tier1:strtools.obj
 0002:0001e3e0       ?V_ExtractFileExtension@@YAXPBDPADH@Z 1006a3e0 f   tier1:strtools.obj
 0002:0001e440       ?V_MakeAbsolutePath@@YAXPADHPBD1@Z 1006a440 f   tier1:strtools.obj
 0002:0001e5a0       ?V_FixupPathName@@YAXPADIPBD@Z 1006a5a0 f   tier1:strtools.obj
 0002:0001e640       ?V_StrSubst@@YA_NPBD00PADH_N@Z 1006a640 f   tier1:strtools.obj
 0002:0001e780       ?AllocString@@YAPADPBDH@Z  1006a780 f   tier1:strtools.obj
 0002:0001e820       ?V_StrRight@@YAXPBDHPADH@Z 1006a820 f   tier1:strtools.obj
 0002:0001e8d0       ?V_StringToIntArray@@YAXPAHHPBD@Z 1006a8d0 f   tier1:strtools.obj
 0002:0001e9b0       ?V_StringToColor32@@YAXPAUcolor32_s@@PBD@Z 1006a9b0 f   tier1:strtools.obj
 0002:0001ea00       ?Base@?$CUtlVector@PADV?$CUtlMemory@PADH@@@@QAEPAPADXZ 1006aa00 f i tier1:strtools.obj
 0002:0001ea10       ?RemoveAll@?$CUtlVector@PADV?$CUtlMemory@PADH@@@@QAEXXZ 1006aa10 f i tier1:strtools.obj
 0002:0001ea20       ?Purge@?$CUtlMemory@PADH@@QAEXXZ 1006aa20 f i tier1:strtools.obj
 0002:0001ea60       ?ShiftElementsRight@?$CUtlVector@PADV?$CUtlMemory@PADH@@@@IAEXHH@Z 1006aa60 f i tier1:strtools.obj
 0002:0001eac0       ?ResetDbgInfo@?$CUtlVector@PADV?$CUtlMemory@PADH@@@@IAEXXZ 1006aac0 f i tier1:strtools.obj
 0002:0001ead0       ?GrowVector@?$CUtlVector@PADV?$CUtlMemory@PADH@@@@IAEXH@Z 1006aad0 f i tier1:strtools.obj
 0002:0001eb10       ?Purge@?$CUtlVector@PADV?$CUtlMemory@PADH@@@@QAEXXZ 1006ab10 f i tier1:strtools.obj
 0002:0001eb70       ?InsertBefore@?$CUtlVector@PADV?$CUtlMemory@PADH@@@@QAEHHABQAD@Z 1006ab70 f i tier1:strtools.obj
 0002:0001ec20       ?AddToTail@?$CUtlVector@PADV?$CUtlMemory@PADH@@@@QAEHABQAD@Z 1006ac20 f i tier1:strtools.obj
 0002:0001ec40       ?V_SplitString2@@YAXPBDPAPBDHAAV?$CUtlVector@PADV?$CUtlMemory@PADH@@@@@Z 1006ac40 f   tier1:strtools.obj
 0002:0001edc0       ?V_SplitString@@YAXPBD0AAV?$CUtlVector@PADV?$CUtlMemory@PADH@@@@@Z 1006adc0 f   tier1:strtools.obj
 0002:0001ede0       ?ConnectTier1Libraries@@YAXPAP6APAXPBDPAH@ZH@Z 1006ade0 f   tier1:tier1.obj
 0002:0001edf0       ?DisconnectTier1Libraries@@YAXXZ 1006adf0 f   tier1:tier1.obj
 0002:0001ee00       ??0InterfaceReg@@QAE@P6APAXXZPBD@Z 1006ae00 f   tier1:interface.obj
 0002:0001ee30       ?CreateInterfaceInternal@@YAPAXPBDPAH@Z 1006ae30 f   tier1:interface.obj
 0002:0001eec0       _CreateInterface           1006aec0 f   tier1:interface.obj
 0002:0001ef00       ?Sys_IsDebuggerPresent@@YA_NXZ 1006af00 f   tier1:interface.obj
 0002:0001ef10       ??0ThreadedLoadLibaryContext_t@@QAE@XZ 1006af10 f i tier1:interface.obj
 0002:0001ef30       ?ThreadedLoadLibraryFunc@@YAIPAX@Z 1006af30 f   tier1:interface.obj
 0002:0001f1d0       ?Sys_LoadModule@@YAPAVCSysModule@@PBD@Z 1006b1d0 f   tier1:interface.obj
 0002:0001f410       ?Sys_RunningWithDebugModules@@YA_NXZ 1006b410 f   tier1:interface.obj
 0002:0001f490       ?Sys_UnloadModule@@YAXPAVCSysModule@@@Z 1006b490 f   tier1:interface.obj
 0002:0001f4b0       ?Sys_GetFactory@@YAP6APAXPBDPAH@ZPAVCSysModule@@@Z 1006b4b0 f   tier1:interface.obj
 0002:0001f4d0       ?Sys_GetFactoryThis@@YAP6APAXPBDPAH@ZXZ 1006b4d0 f   tier1:interface.obj
 0002:0001f4e0       ?Sys_GetFactory@@YAP6APAXPBDPAH@Z0@Z 1006b4e0 f   tier1:interface.obj
 0002:0001f500       ?Sys_LoadInterface@@YA_NPBD0PAPAVCSysModule@@PAPAX@Z 1006b500 f   tier1:interface.obj
 0002:0001f570       ??0CDllDemandLoader@@QAE@PBD@Z 1006b570 f   tier1:interface.obj
 0002:0001f590       ?GetFactory@CDllDemandLoader@@QAEP6APAXPBDPAH@ZXZ 1006b590 f   tier1:interface.obj
 0002:0001f5e0       ?Unload@CDllDemandLoader@@QAEXXZ 1006b5e0 f   tier1:interface.obj
 0002:0001f600       ??1CDllDemandLoader@@UAE@XZ 1006b600 f   tier1:interface.obj
 0002:0001f630       ??_GCDllDemandLoader@@UAEPAXI@Z 1006b630 f i tier1:interface.obj
 0002:0001f630       ??_ECDllDemandLoader@@UAEPAXI@Z 1006b630 f i tier1:interface.obj
 0002:0001f680       ?Length@CUtlBinaryBlock@@QBEHXZ 1006b680 f i tier1:utlstring.obj
 0002:0001f690       ?Length@CUtlString@@QBEHXZ 1006b690 f   tier1:utlstring.obj
 0002:0001f6b0       ??0?$CUtlMemory@EH@@QAE@PBEH@Z 1006b6b0 f i tier1:utlstring.obj
 0002:0001f6d0       ??0?$CUtlMemory@EH@@QAE@PAEH@Z 1006b6d0 f i tier1:utlstring.obj
 0002:0001f6f0       ??A?$CUtlMemory@EH@@QAEAAEH@Z 1006b6f0 f i tier1:utlstring.obj
 0002:0001f700       ?Base@?$CUtlMemory@EH@@QBEPBEXZ 1006b700 f i tier1:utlstring.obj
 0002:0001f710       ?Base@?$CUtlMemory@EH@@QAEPAEXZ 1006b710 f i tier1:utlstring.obj
 0002:0001f720       ?NumAllocated@?$CUtlMemory@EH@@QBEHXZ 1006b720 f i tier1:utlstring.obj
 0002:0001f730       ?ValidateGrowSize@?$CUtlMemory@EH@@IAEXXZ 1006b730 f i tier1:utlstring.obj
 0002:0001f740       ?Get@CUtlBinaryBlock@@QBEPBXXZ 1006b740 f i tier1:utlstring.obj
 0002:0001f750       ?Get@CUtlBinaryBlock@@QAEPAXXZ 1006b750 f i tier1:utlstring.obj
 0002:0001f760       ??ACUtlBinaryBlock@@QAEAAEH@Z 1006b760 f i tier1:utlstring.obj
 0002:0001f770       ?IsEmpty@CUtlString@@QBE_NXZ 1006b770 f i tier1:utlstring.obj
 0002:0001f7a0       ?Get@CUtlBinaryBlock@@QBEXPAXH@Z 1006b7a0 f   tier1:utlstring.obj
 0002:0001f7d0       ??8CUtlBinaryBlock@@QBE_NABV0@@Z 1006b7d0 f   tier1:utlstring.obj
 0002:0001f8b0       ?Get@CUtlString@@QBEPBDXZ  1006b8b0 f   tier1:utlstring.obj
 0002:0001f8d0       ??BCUtlString@@QBEPBDXZ    1006b8d0 f   tier1:utlstring.obj
 0002:0001f8f0       ??8CUtlString@@QBE_NABV0@@Z 1006b8f0 f   tier1:utlstring.obj
 0002:0001f900       ??8CUtlString@@QBE_NPBD@Z  1006b900 f   tier1:utlstring.obj
 0002:0001f960       ??0?$CUtlMemory@EH@@QAE@HH@Z 1006b960 f i tier1:utlstring.obj
 0002:0001f9a0       ?Grow@?$CUtlMemory@EH@@QAEXH@Z 1006b9a0 f i tier1:utlstring.obj
 0002:0001fa50       ?String@CUtlString@@QBEPBDXZ 1006ba50 f i tier1:utlstring.obj
 0002:0001fa70       ?SetLength@CUtlBinaryBlock@@QAEXH@Z 1006ba70 f   tier1:utlstring.obj
 0002:0001fab0       ?Set@CUtlBinaryBlock@@QAEXPBXH@Z 1006bab0 f   tier1:utlstring.obj
 0002:0001fb40       ??4CUtlBinaryBlock@@QAEAAV0@ABV0@@Z 1006bb40 f   tier1:utlstring.obj
 0002:0001fb70       ?SetDirect@CUtlString@@QAEXPBDH@Z 1006bb70 f   tier1:utlstring.obj
 0002:0001fc00       ?Set@CUtlString@@QAEXPBD@Z 1006bc00 f   tier1:utlstring.obj
 0002:0001fc50       ?SetLength@CUtlString@@QAEXH@Z 1006bc50 f   tier1:utlstring.obj
 0002:0001fca0       ?Get@CUtlString@@QAEPADXZ  1006bca0 f   tier1:utlstring.obj
 0002:0001fcf0       ??4CUtlString@@QAEAAV0@ABV0@@Z 1006bcf0 f   tier1:utlstring.obj
 0002:0001fd20       ??4CUtlString@@QAEAAV0@PBD@Z 1006bd20 f   tier1:utlstring.obj
 0002:0001fd70       ??YCUtlString@@QAEAAV0@ABV0@@Z 1006bd70 f   tier1:utlstring.obj
 0002:0001fe80       ??YCUtlString@@QAEAAV0@PBD@Z 1006be80 f   tier1:utlstring.obj
 0002:0001ff70       ??YCUtlString@@QAEAAV0@D@Z 1006bf70 f   tier1:utlstring.obj
 0002:0001ffe0       ??YCUtlString@@QAEAAV0@H@Z 1006bfe0 f   tier1:utlstring.obj
 0002:00020030       ??YCUtlString@@QAEAAV0@N@Z 1006c030 f   tier1:utlstring.obj
 0002:00020090       ?Format@CUtlString@@QAAHPBDZZ 1006c090 f   tier1:utlstring.obj
 0002:00020120       ?StripTrailingSlash@CUtlString@@QAEXXZ 1006c120 f   tier1:utlstring.obj
 0002:00020190       ?Clear@CUtlBinaryBlock@@QAEXXZ 1006c190 f i tier1:utlstring.obj
 0002:000201c0       ?Purge@CUtlBinaryBlock@@QAEXXZ 1006c1c0 f i tier1:utlstring.obj
 0002:00020230       ??0CUtlBinaryBlock@@QAE@HH@Z 1006c230 f   tier1:utlstring.obj
 0002:00020280       ??0CUtlBinaryBlock@@QAE@PAXHH@Z 1006c280 f   tier1:utlstring.obj
 0002:000202b0       ??0CUtlBinaryBlock@@QAE@PBXH@Z 1006c2b0 f   tier1:utlstring.obj
 0002:000202e0       ??0CUtlBinaryBlock@@QAE@ABV0@@Z 1006c2e0 f   tier1:utlstring.obj
 0002:00020310       ??0CUtlString@@QAE@PBD@Z   1006c310 f   tier1:utlstring.obj
 0002:00020360       ??0CUtlString@@QAE@ABV0@@Z 1006c360 f   tier1:utlstring.obj
 0002:000203c0       ??0CUtlString@@QAE@PAXHH@Z 1006c3c0 f   tier1:utlstring.obj
 0002:000203f0       ??0CUtlString@@QAE@PBXH@Z  1006c3f0 f   tier1:utlstring.obj
 0002:00020420       ?Clear@CUtlString@@QAEXXZ  1006c420 f   tier1:utlstring.obj
 0002:00020450       ?Purge@CUtlString@@QAEXXZ  1006c450 f   tier1:utlstring.obj
 0002:00020460       ?Replace@CUtlString@@QAE?AV1@DD@Z 1006c460 f   tier1:utlstring.obj
 0002:00020520       ?AbsPath@CUtlString@@QAE?AV1@PBD@Z 1006c520 f   tier1:utlstring.obj
 0002:000205c0       ?UnqualifiedFilename@CUtlString@@QAE?AV1@XZ 1006c5c0 f   tier1:utlstring.obj
 0002:00020650       ?DirName@CUtlString@@QAE?AV1@XZ 1006c650 f   tier1:utlstring.obj
 0002:000206c0       ?PathJoin@CUtlString@@SA?AV1@PBD0@Z 1006c6c0 f   tier1:utlstring.obj
 0002:00020740       ??HCUtlString@@QAE?AV0@PBD@Z 1006c740 f   tier1:utlstring.obj
 0002:000207a0       ??0CUtlString@@QAE@XZ      1006c7a0 f   tier1:utlstring.obj
 0002:000207c0       ??HCUtlString@@QAE?AV0@H@Z 1006c7c0 f   tier1:utlstring.obj
 0002:00020870       ?Slice@CUtlString@@QAE?AV1@HH@Z 1006c870 f   tier1:utlstring.obj
 0002:00020ae0       ?Left@CUtlString@@QAE?AV1@H@Z 1006cae0 f   tier1:utlstring.obj
 0002:00020b00       ?Right@CUtlString@@QAE?AV1@H@Z 1006cb00 f   tier1:utlstring.obj
 0002:00020b30       ?CharacterSetBuild@@YAXPAUcharacterset_t@@PBD@Z 1006cb30 f   tier1:characterset.obj
 0002:00020b90       ?V_isspace@@YA_NH@Z        1006cb90 f i tier1:utlbuffer.obj
 0002:00020bb0       ?IsMachineBigEndian@CByteswap@@SA_NXZ 1006cbb0 f i tier1:utlbuffer.obj
 0002:00020bc0       ?SetTargetBigEndian@CByteswap@@QAEX_N@Z 1006cbc0 f i tier1:utlbuffer.obj
 0002:00020bf0       ?ActivateByteSwapping@CByteswap@@QAEX_N@Z 1006cbf0 f i tier1:utlbuffer.obj
 0002:00020c20       ?IsSwappingBytes@CByteswap@@QAE_NXZ 1006cc20 f i tier1:utlbuffer.obj
 0002:00020c30       ?IsTargetBigEndian@CByteswap@@QAE_NXZ 1006cc30 f i tier1:utlbuffer.obj
 0002:00020c40       ??$StringToNumber@F@@YAFPADPAPADH@Z 1006cc40 f i tier1:utlbuffer.obj
 0002:00020c50       ??$StringToNumber@G@@YAGPADPAPADH@Z 1006cc50 f i tier1:utlbuffer.obj
 0002:00020c60       ??$StringToNumber@H@@YAHPADPAPADH@Z 1006cc60 f i tier1:utlbuffer.obj
 0002:00020c70       ??$StringToNumber@I@@YAIPADPAPADH@Z 1006cc70 f i tier1:utlbuffer.obj
 0002:00020c80       ??$StringToNumber@_J@@YA_JPADPAPADH@Z 1006cc80 f i tier1:utlbuffer.obj
 0002:00020c90       ??$StringToNumber@M@@YAMPADPAPADH@Z 1006cc90 f i tier1:utlbuffer.obj
 0002:00020cb0       ??$StringToNumber@N@@YANPADPAPADH@Z 1006ccb0 f i tier1:utlbuffer.obj
 0002:00020cd0       ?TellPut@CUtlBuffer@@QBEHXZ 1006ccd0 f i tier1:utlbuffer.obj
 0002:00020ce0       ?TellMaxPut@CUtlBuffer@@QBEHXZ 1006cce0 f i tier1:utlbuffer.obj
 0002:00020cf0       ?IsText@CUtlBuffer@@QBE_NXZ 1006ccf0 f i tier1:utlbuffer.obj
 0002:00020d00       ?IsGrowable@CUtlBuffer@@QBE_NXZ 1006cd00 f i tier1:utlbuffer.obj
 0002:00020d10       ?ContainsCRLF@CUtlBuffer@@QBE_NXZ 1006cd10 f i tier1:utlbuffer.obj
 0002:00020d30       ?IsReadOnly@CUtlBuffer@@QBE_NXZ 1006cd30 f i tier1:utlbuffer.obj
 0002:00020d40       ?GetCStringCharConversion@@YAPAVCUtlCharConversion@@XZ 1006cd40 f   tier1:utlbuffer.obj
 0002:00020d50       ?GetNoEscCharConversion@@YAPAVCUtlCharConversion@@XZ 1006cd50 f   tier1:utlbuffer.obj
 0002:00020d60       ?FindConversion@CUtlCStringConversion@@UAEDPBDPAH@Z 1006cd60 f   tier1:utlbuffer.obj
 0002:00020d90       ??0CUtlCharConversion@@QAE@DPBDHPAUConversionArray_t@0@@Z 1006cd90 f   tier1:utlbuffer.obj
 0002:00020e50       ?GetEscapeChar@CUtlCharConversion@@QBEDXZ 1006ce50 f   tier1:utlbuffer.obj
 0002:00020e60       ?GetDelimiter@CUtlCharConversion@@QBEPBDXZ 1006ce60 f   tier1:utlbuffer.obj
 0002:00020e70       ?GetDelimiterLength@CUtlCharConversion@@QBEHXZ 1006ce70 f   tier1:utlbuffer.obj
 0002:00020e80       ?GetConversionString@CUtlCharConversion@@QBEPBDD@Z 1006ce80 f   tier1:utlbuffer.obj
 0002:00020ea0       ?GetConversionLength@CUtlCharConversion@@QBEHD@Z 1006cea0 f   tier1:utlbuffer.obj
 0002:00020ec0       ?MaxConversionLength@CUtlCharConversion@@QBEHXZ 1006cec0 f   tier1:utlbuffer.obj
 0002:00020ed0       ?FindConversion@CUtlCharConversion@@UAEDPBDPAH@Z 1006ced0 f   tier1:utlbuffer.obj
 0002:00020f50       ?SetBufferType@CUtlBuffer@@QAEX_N0@Z 1006cf50 f   tier1:utlbuffer.obj
 0002:00020f80       ?SetOverflowFuncs@CUtlBuffer@@IAEXP81@AE_NH@Z0@Z 1006cf80 f   tier1:utlbuffer.obj
 0002:00020fa0       ?OnPutOverflow@CUtlBuffer@@IAE_NH@Z 1006cfa0 f   tier1:utlbuffer.obj
 0002:00020fb0       ?OnGetOverflow@CUtlBuffer@@IAE_NH@Z 1006cfb0 f   tier1:utlbuffer.obj
 0002:00020fc0       ?GetOverflow@CUtlBuffer@@IAE_NH@Z 1006cfc0 f   tier1:utlbuffer.obj
 0002:00020fd0       ?ActivateByteSwapping@CUtlBuffer@@QAEX_N@Z 1006cfd0 f   tier1:utlbuffer.obj
 0002:00021000       ?SetBigEndian@CUtlBuffer@@QAEX_N@Z 1006d000 f   tier1:utlbuffer.obj
 0002:00021030       ?IsBigEndian@CUtlBuffer@@QAE_NXZ 1006d030 f   tier1:utlbuffer.obj
 0002:00021040       ??A?$CUtlMemory@EH@@QBEABEH@Z 1006d040 f i tier1:utlbuffer.obj
 0002:00021050       ??$LowLevelByteSwap@D@CByteswap@@CAXPAD0@Z 1006d050 f i tier1:utlbuffer.obj
 0002:00021080       ??0CByteswap@@QAE@XZ       1006d080 f i tier1:utlbuffer.obj
 0002:00021090       ?PeekGet@CUtlBuffer@@QBEPBXH@Z 1006d090 f i tier1:utlbuffer.obj
 0002:000210b0       ?PeekPut@CUtlBuffer@@QAEPAXH@Z 1006d0b0 f i tier1:utlbuffer.obj
 0002:000210d0       ?WasLastCharacterCR@CUtlBuffer@@IAE_NXZ 1006d0d0 f i tier1:utlbuffer.obj
 0002:00021100       ?Base@CUtlBuffer@@QAEPAXXZ 1006d100 f i tier1:utlbuffer.obj
 0002:00021110       ?Size@CUtlBuffer@@QBEHXZ   1006d110 f i tier1:utlbuffer.obj
 0002:00021120       ??0CUtlNoEscConversion@@QAE@DPBDHPAUConversionArray_t@CUtlCharConversion@@@Z 1006d120 f i tier1:utlbuffer.obj
 0002:00021160       ?FindConversion@CUtlNoEscConversion@@UAEDPBDPAH@Z 1006d160 f i tier1:utlbuffer.obj
 0002:00021180       ??0CUtlCStringConversion@@QAE@DPBDHPAUConversionArray_t@CUtlCharConversion@@@Z 1006d180 f   tier1:utlbuffer.obj
 0002:00021200       ?CheckGet@CUtlBuffer@@IAE_NH@Z 1006d200 f   tier1:utlbuffer.obj
 0002:00021270       ?CheckPeekGet@CUtlBuffer@@IAE_NHH@Z 1006d270 f   tier1:utlbuffer.obj
 0002:000212b0       ?CheckArbitraryPeekGet@CUtlBuffer@@IAE_NHAAH@Z 1006d2b0 f   tier1:utlbuffer.obj
 0002:00021340       ?PeekGet@CUtlBuffer@@QAEPBXHH@Z 1006d340 f   tier1:utlbuffer.obj
 0002:00021390       ?SeekGet@CUtlBuffer@@QAEXW4SeekType_t@1@H@Z 1006d390 f   tier1:utlbuffer.obj
 0002:00021410       ?GetToken@CUtlBuffer@@QAE_NPBD@Z 1006d410 f   tier1:utlbuffer.obj
 0002:00021610       ?CheckPut@CUtlBuffer@@IAE_NH@Z 1006d610 f   tier1:utlbuffer.obj
 0002:00021670       ?AddNullTermination@CUtlBuffer@@IAEXXZ 1006d670 f   tier1:utlbuffer.obj
 0002:000216d0       ?DetachMemory@?$CUtlMemory@EH@@QAEPAXXZ 1006d6d0 f i tier1:utlbuffer.obj
 0002:000216f0       ?ConvertToGrowableMemory@?$CUtlMemory@EH@@QAEXH@Z 1006d6f0 f i tier1:utlbuffer.obj
 0002:00021750       ?EnsureCapacity@?$CUtlMemory@EH@@QAEXH@Z 1006d750 f i tier1:utlbuffer.obj
 0002:000217b0       ??$GetTypeText@I@CUtlBuffer@@IAE_NAAIH@Z 1006d7b0 f i tier1:utlbuffer.obj
 0002:00021840       ??$GetTypeText@F@CUtlBuffer@@IAE_NAAFH@Z 1006d840 f i tier1:utlbuffer.obj
 0002:000218d0       ??$GetTypeText@G@CUtlBuffer@@IAE_NAAGH@Z 1006d8d0 f i tier1:utlbuffer.obj
 0002:00021960       ??$GetTypeText@_J@CUtlBuffer@@IAE_NAA_JH@Z 1006d960 f i tier1:utlbuffer.obj
 0002:00021a00       ??$GetTypeText@H@CUtlBuffer@@IAE_NAAHH@Z 1006da00 f i tier1:utlbuffer.obj
 0002:00021a90       ??$GetTypeText@N@CUtlBuffer@@IAE_NAANH@Z 1006da90 f i tier1:utlbuffer.obj
 0002:00021b20       ??$GetTypeText@M@CUtlBuffer@@IAE_NAAMH@Z 1006db20 f i tier1:utlbuffer.obj
 0002:00021bb0       ??$SwapBufferToTargetEndian@D@CByteswap@@QAEXPAD0H@Z 1006dbb0 f i tier1:utlbuffer.obj
 0002:00021bf0       ?Purge@CUtlBuffer@@QAEXXZ  1006dbf0 f i tier1:utlbuffer.obj
 0002:00021c40       ?DetachMemory@CUtlBuffer@@QAEPAXXZ 1006dc40 f   tier1:utlbuffer.obj
 0002:00021c70       ?EnsureCapacity@CUtlBuffer@@QAEXH@Z 1006dc70 f   tier1:utlbuffer.obj
 0002:00021cf0       ?Get@CUtlBuffer@@QAEXPAXH@Z 1006dcf0 f   tier1:utlbuffer.obj
 0002:00021d40       ?GetUpTo@CUtlBuffer@@QAEHPAXH@Z 1006dd40 f   tier1:utlbuffer.obj
 0002:00021d90       ?EatWhiteSpace@CUtlBuffer@@QAEXXZ 1006dd90 f   tier1:utlbuffer.obj
[...]
 0004:00004c6c       _gpFlsAlloc                1011cc6c     LIBCMTD:tidtable.obj
 0004:00004c70       _gpFlsGetValue             1011cc70     LIBCMTD:tidtable.obj
 0004:00004c74       _gpFlsSetValue             1011cc74     LIBCMTD:tidtable.obj
 0004:00004c78       _gpFlsFree                 1011cc78     LIBCMTD:tidtable.obj
 0004:00004dbc       __crtheap                  1011cdbc     LIBCMTD:heapinit.obj
 0004:00005524       ___pPurecall               1011d524     LIBCMTD:inithelp.obj
 0004:000056d8       ?_pnhHeap@@3P6AHI@ZA       1011d6d8     LIBCMTD:handler.obj
 0004:000056e0       ___mbulinfo                1011d6e0     LIBCMTD:mbctype.obj
 0004:000056ec       ___mbcodepage              1011d6ec     LIBCMTD:mbctype.obj
 0004:000056f0       ___ismbcodepage            1011d6f0     LIBCMTD:mbctype.obj
 0004:000056f4       ___mblcid                  1011d6f4     LIBCMTD:mbctype.obj
 0004:00005700       ___locale_changed          1011d700     LIBCMTD:setlocal.obj
 0004:0000570c       __outputformat             1011d70c     LIBCMTD:outputformat.obj
 0004:00005710       ?__pInconsistency@@3P6AXXZA 1011d710     LIBCMTD:hooks.obj
 0004:00005730       __newmode                  1011d730     LIBCMTD:_newmode.obj
 0004:00005748       ?pArgList@UnDecorator@@0PAVReplicator@@A 1011d748     LIBCMTD:undname.obj
 0004:0000574c       ?pZNameList@UnDecorator@@0PAVReplicator@@A 1011d74c     LIBCMTD:undname.obj
 0004:00005750       ?pTemplateArgList@UnDecorator@@0PAVReplicator@@A 1011d750     LIBCMTD:undname.obj
 0004:00005754       ?gName@UnDecorator@@0PBDB  1011d754     LIBCMTD:undname.obj
 0004:00005758       ?name@UnDecorator@@0PBDB   1011d758     LIBCMTD:undname.obj
 0004:0000575c       ?outputString@UnDecorator@@0PADA 1011d75c     LIBCMTD:undname.obj
 0004:00005760       ?maxStringLength@UnDecorator@@0HA 1011d760     LIBCMTD:undname.obj
 0004:00005764       ?disableFlags@UnDecorator@@0KA 1011d764     LIBCMTD:undname.obj
 0004:00005768       ?m_pGetParameter@UnDecorator@@0P6APADJ@ZA 1011d768     LIBCMTD:undname.obj
 0004:0000576c       ?fExplicitTemplateParams@UnDecorator@@0_NA 1011d76c     LIBCMTD:undname.obj
 0004:0000576d       ?fGetTemplateArgumentList@UnDecorator@@0_NA 1011d76d     LIBCMTD:undname.obj
 0004:000057e0       ?nodes@?1??make@DNameStatusNode@@SAPAV2@W4DNameStatus@@@Z@4PAV2@A 1011d7e0     LIBCMTD:undname.obj
 0004:0000581c       ??_B?1??make@DNameStatusNode@@SAPAV1@W4DNameStatus@@@Z@51 1011d81c     LIBCMTD:undname.obj
 0004:00005bfc       ___lconv_static_null       1011dbfc     LIBCMTD:lconv.obj
 0004:00005c00       ___lconv_static_W_null     1011dc00     LIBCMTD:lconv.obj
 0004:00005c20       ?g_pVGuiLocalize@@3PAVILocalize@vgui@@A 1011dc20     interfaces:interfaces.obj
 0004:00005c24       ?g_pSceneSystem@@3PAVISceneSystem@@A 1011dc24     interfaces:interfaces.obj
 0004:00005c28       ?g_pAsyncFileSystem@@3PAVIAsyncFileSystem@@A 1011dc28     interfaces:interfaces.obj
 0004:00005c2c       ?g_pStudioRender@@3PAVIStudioRender@@A 1011dc2c     interfaces:interfaces.obj
 0004:00005c30       ?g_pMatSystemSurface@@3PAVIMatSystemSurface@@A 1011dc30     interfaces:interfaces.obj
 0004:00005c34       ?g_pQueuedLoader@@3PAVIQueuedLoader@@A 1011dc34     interfaces:interfaces.obj
 0004:00005c38       ?g_pDataCache@@3PAVIDataCache@@A 1011dc38     interfaces:interfaces.obj
 0004:00005c3c       ?g_pBIK@@3PAVIBik@@A       1011dc3c     interfaces:interfaces.obj
 0004:00005df8       ?g_pPhysics2ActorManager@@3PAVIPhysics2ActorManager@@A 1011ddf8     interfaces:interfaces.obj
 0004:00005e00       ?g_pVGuiInput@@3PAVIInput@vgui@@A 1011de00     interfaces:interfaces.obj
 0004:00005e04       ?g_pSoundSystem@@3PAVISoundSystem@@A 1011de04     interfaces:interfaces.obj
 0004:00005e08       ?g_pMaterialSystemHardwareConfig@@3PAVIMaterialSystemHardwareConfig@@A 1011de08     interfaces:interfaces.obj
 0004:00005e0c       ?g_pVGuiSurface@@3PAVISurface@vgui@@A 1011de0c     interfaces:interfaces.obj
 0004:00005e10       ?g_pInputStackSystem@@3PAVIInputStackSystem@@A 1011de10     interfaces:interfaces.obj
 0004:00005e14       ?g_pGameUISystemMgr@@3PAVIGameUISystemMgr@@A 1011de14     interfaces:interfaces.obj
 0004:00005e18       ?g_pWorldRendererMgr@@3PAVIWorldRendererMgr@@A 1011de18     interfaces:interfaces.obj
 0004:00005e1c       ?g_pInputSystem@@3PAVIInputSystem@@A 1011de1c     interfaces:interfaces.obj
 0004:00005e20       ?g_pMaterialSystem@@3PAVIMaterialSystem@@A 1011de20     interfaces:interfaces.obj
 0004:00005e24       ?materials@@3PAVIMaterialSystem@@A 1011de24     interfaces:interfaces.obj
 0004:00005e28       ?g_pSoundEmitterSystem@@3PAVISoundEmitterSystemBase@@A 1011de28     interfaces:interfaces.obj
 0004:00005e2c       ?g_pVGuiRenderSurface@@3PAVIVGuiRenderSurface@@A 1011de2c     interfaces:interfaces.obj
 0004:00005e30       ?mdlcache@@3PAVIMDLCache@@A 1011de30     interfaces:interfaces.obj
 0004:00005e34       ?colorcorrection@@3PAVIColorCorrectionSystem@@A 1011de34     interfaces:interfaces.obj
 0004:00005e3c       ?g_VBAllocTracker@@3PAVIVBAllocTracker@@A 1011de3c     interfaces:interfaces.obj
 0004:00005e40       ?g_pAVI@@3PAVIAvi@@A       1011de40     interfaces:interfaces.obj
 0004:00005e44       ?g_pCVar@@3PAVICvar@@A     1011de44     interfaces:interfaces.obj
 0004:00005e48       ?g_pMaterialSystem2@@3PAVIMaterialSystem2@@A 1011de48     interfaces:interfaces.obj
 0004:00005e4c       ?cvar@@3PAVICvar@@A        1011de4c     interfaces:interfaces.obj
 0004:00005e50       ?g_pPhysicsCollision@@3PAVIPhysicsCollision@@A 1011de50     interfaces:interfaces.obj
 0004:00005e54       ?g_pProcessUtils@@3PAVIProcessUtils@@A 1011de54     interfaces:interfaces.obj
 0004:00005e58       ?g_pNetworkSystem@@3PAVINetworkSystem@@A 1011de58     interfaces:interfaces.obj
 0004:00005e5c       ?g_pVGuiSystem@@3PAVISystem@vgui@@A 1011de5c     interfaces:interfaces.obj
 0004:00005e60       ?g_pPrecacheSystem@@3PAVIPrecacheSystem@@A 1011de60     interfaces:interfaces.obj
 0004:00005e64       ?g_pVGui@@3PAVIVGui@vgui@@A 1011de64     interfaces:interfaces.obj
 0004:00005e68       ?g_pVGuiPanel@@3PAVIPanel@vgui@@A 1011de68     interfaces:interfaces.obj
 0004:00005e6c       ?g_pResourceSystem@@3PAVIResourceSystem@@A 1011de6c     interfaces:interfaces.obj
 0004:00005e70       ?g_pFullFileSystem@@3PAVIFileSystem@@A 1011de70     interfaces:interfaces.obj
 0004:00005e74       ?g_pResourceAccessControl@@3PAVIResourceAccessControl@@A 1011de74     interfaces:interfaces.obj
 0004:00005e78       ?studiorender@@3PAVIStudioRender@@A 1011de78     interfaces:interfaces.obj
 0004:00005e7c       ?g_pMaterialSystemDebugTextureInfo@@3PAVIDebugTextureInfo@@A 1011de7c     interfaces:interfaces.obj
 0004:00005e80       ?g_pEventSystem@@3PAVIEventSystem@@A 1011de80     interfaces:interfaces.obj
 0004:00005e84       ?g_pDmeMakefileUtils@@3PAVIDmeMakefileUtils@@A 1011de84     interfaces:interfaces.obj
 0004:00005e88       ?g_pRenderDevice@@3PAVIRenderDevice@@A 1011de88     interfaces:interfaces.obj
 0004:00005e8c       ?g_pRenderDeviceMgr@@3PAVIRenderDeviceMgr@@A 1011de8c     interfaces:interfaces.obj
 0004:00005e90       ?g_pMeshSystem@@3PAVIMeshSystem@@A 1011de90     interfaces:interfaces.obj
 0004:00005e94       ?g_pPhysics2ResourceManager@@3PAVIPhysics2ResourceManager@@A 1011de94     interfaces:interfaces.obj
 0004:00005e98       ?g_pPhysics2@@3PAVIPhysics2@@A 1011de98     interfaces:interfaces.obj
 0004:00005e9c       ?g_pVGuiSchemeManager@@3PAVISchemeManager@vgui@@A 1011de9c     interfaces:interfaces.obj
 0004:00005ea0       ?g_pRenderHardwareConfig@@3PAVIRenderHardwareConfig@@A 1011dea0     interfaces:interfaces.obj
 0004:00005ea4       ?g_pMatchFramework@@3PAVIMatchFramework@@A 1011dea4     interfaces:interfaces.obj
 0004:00005ea8       ?mdllib@@3PAVIMdlLib@@A    1011dea8     interfaces:interfaces.obj
 0004:00005eac       ?g_pLocalize@@3PAVILocalize@@A 1011deac     interfaces:interfaces.obj
 0004:00005eb0       ?p4@@3PAVIP4@@A            1011deb0     interfaces:interfaces.obj
 0004:00005eb4       ?g_pMDLCache@@3PAVIMDLCache@@A 1011deb4     interfaces:interfaces.obj
 0004:00005f48       ?SinCosTable@@3PAMA        1011df48     mathlib:mathlib_base.obj
 0004:00006348       ?s_bMathlibInitialized@@3_NA 1011e348     mathlib:mathlib_base.obj
 0004:00006354       ?vec3_origin@@3VVector@@B  1011e354     mathlib:mathlib_base.obj
 0004:00006360       ?vec3_angle@@3VQAngle@@B   1011e360     mathlib:mathlib_base.obj
 0004:0000ef70       ?lineartolightmap@@3PAEA   10126f70     mathlib:color_conversion.obj
 0004:00012770       ?lineartovertex@@3PAMA     1012a770     mathlib:color_conversion.obj
 0004:00018184       __pmatherr                 10130184     <common>
 0004:00018190       ___use_sse2_mathfcns       10130190     <common>
 0004:0001819c       __pfnReportHook            1013019c     <common>
 0004:000181ac       __pReportHookListW         101301ac     <common>
 0004:000181b0       __pReportHookList          101301b0     <common>
 0004:000181b4       __debugger_hook_dummy      101301b4     <common>
 0004:000181c0       ___setlc_active            101301c0     <common>
 0004:000181d0       ___unguarded_readlc_active 101301d0     <common>
 0004:000181d4       __nhandle                  101301d4     <common>
 0004:00018220       ___pioinfo                 10130220     <common>
 0004:00018320       ___piob                    10130320     <common>
 0004:00018660       __bufin                    10130660     <common>
 0004:00019660       __nstream                  10131660     <common>
 0004:00019664       ___sse2_available          10131664     <common>
 0004:00019670       ___env_initialized         10131670     <common>
 0004:00019680       ___onexitend               10131680     <common>
 0004:00019684       ___onexitbegin             10131684     <common>
 0004:00019688       ___mbctype_initialized     10131688     <common>
 0004:0001968c       ___dyn_tls_init_callback   1013168c     <common>
 0004:00019690       __acmdln                   10131690     <common>
 0005:00000000       __IMPORT_DESCRIPTOR_tier0  10132000     tier0:tier0.dll
 0005:00000014       __IMPORT_DESCRIPTOR_KERNEL32 10132014     kernel32:KERNEL32.dll
 0005:00000028       __NULL_IMPORT_DESCRIPTOR   10132028     tier0:tier0.dll
 0005:000002b4       __imp__FreeEnvironmentStringsW@4 101322b4     kernel32:KERNEL32.dll
 0005:000002b8       __imp__CreateFileW@28      101322b8     kernel32:KERNEL32.dll
 0005:000002bc       __imp__SetStdHandle@8      101322bc     kernel32:KERNEL32.dll
 0005:000002c0       __imp__ReadFile@20         101322c0     kernel32:KERNEL32.dll
 0005:000002c4       __imp__FlushFileBuffers@4  101322c4     kernel32:KERNEL32.dll
 0005:000002c8       __imp__GetUserDefaultLCID@0 101322c8     kernel32:KERNEL32.dll
 0005:000002cc       __imp__MultiByteToWideChar@24 101322cc     kernel32:KERNEL32.dll
 0005:000002d0       __imp__WideCharToMultiByte@32 101322d0     kernel32:KERNEL32.dll
 0005:000002d4       __imp__GetProcAddress@8    101322d4     kernel32:KERNEL32.dll
 0005:000002d8       __imp__GetModuleHandleA@4  101322d8     kernel32:KERNEL32.dll
 0005:000002dc       __imp__LoadLibraryExA@12   101322dc     kernel32:KERNEL32.dll
 0005:000002e0       __imp__WaitForSingleObject@8 101322e0     kernel32:KERNEL32.dll
 0005:000002e4       __imp__GetCurrentProcessId@0 101322e4     kernel32:KERNEL32.dll
 0005:000002e8       __imp__CreateFileMappingA@24 101322e8     kernel32:KERNEL32.dll
 0005:000002ec       __imp__CloseHandle@4       101322ec     kernel32:KERNEL32.dll
 0005:000002f0       __imp__OpenFileMappingA@12 101322f0     kernel32:KERNEL32.dll
 0005:000002f4       __imp__FreeLibrary@4       101322f4     kernel32:KERNEL32.dll
 0005:000002f8       __imp__EncodePointer@4     101322f8     kernel32:KERNEL32.dll
 0005:000002fc       __imp__DecodePointer@4     101322fc     kernel32:KERNEL32.dll
 0005:00000300       __imp__GetCurrentThreadId@0 10132300     kernel32:KERNEL32.dll
 0005:00000304       __imp__GetCommandLineA@0   10132304     kernel32:KERNEL32.dll
 0005:00000308       __imp__GetLastError@0      10132308     kernel32:KERNEL32.dll
 0005:0000030c       __imp__GetFullPathNameA@16 1013230c     kernel32:KERNEL32.dll
 0005:00000310       __imp__GetDriveTypeW@4     10132310     kernel32:KERNEL32.dll
 0005:00000314       __imp__SetEnvironmentVariableA@8 10132314     kernel32:KERNEL32.dll
 0005:00000318       __imp__GetCurrentDirectoryA@8 10132318     kernel32:KERNEL32.dll
 0005:0000031c       __imp__SetCurrentDirectoryA@4 1013231c     kernel32:KERNEL32.dll
 0005:00000320       __imp__IsDebuggerPresent@0 10132320     kernel32:KERNEL32.dll
 0005:00000324       __imp__RaiseException@16   10132324     kernel32:KERNEL32.dll
 0005:00000328       __imp__lstrlenA@4          10132328     kernel32:KERNEL32.dll
 0005:0000032c       __imp__LoadLibraryW@4      1013232c     kernel32:KERNEL32.dll
 0005:00000330       __imp__InterlockedIncrement@4 10132330     kernel32:KERNEL32.dll
 0005:00000334       __imp__InterlockedDecrement@4 10132334     kernel32:KERNEL32.dll
 0005:00000338       __imp__GetModuleHandleW@4  10132338     kernel32:KERNEL32.dll
 0005:0000033c       __imp__ExitProcess@4       1013233c     kernel32:KERNEL32.dll
 0005:00000340       __imp__HeapValidate@12     10132340     kernel32:KERNEL32.dll
 0005:00000344       __imp__IsBadReadPtr@8      10132344     kernel32:KERNEL32.dll
 0005:00000348       __imp__IsProcessorFeaturePresent@4 10132348     kernel32:KERNEL32.dll
 0005:0000034c       __imp__EnterCriticalSection@4 1013234c     kernel32:KERNEL32.dll
 0005:00000350       __imp__LeaveCriticalSection@4 10132350     kernel32:KERNEL32.dll
 0005:00000354       __imp__TerminateProcess@8  10132354     kernel32:KERNEL32.dll
 0005:00000358       __imp__GetCurrentProcess@0 10132358     kernel32:KERNEL32.dll
 0005:0000035c       __imp__UnhandledExceptionFilter@4 1013235c     kernel32:KERNEL32.dll
 0005:00000360       __imp__SetUnhandledExceptionFilter@4 10132360     kernel32:KERNEL32.dll
 0005:00000364       __imp__GetModuleFileNameW@12 10132364     kernel32:KERNEL32.dll
 0005:00000368       __imp__TlsAlloc@0          10132368     kernel32:KERNEL32.dll
 0005:0000036c       __imp__TlsGetValue@4       1013236c     kernel32:KERNEL32.dll
 0005:00000370       __imp__TlsSetValue@8       10132370     kernel32:KERNEL32.dll
 0005:00000374       __imp__TlsFree@4           10132374     kernel32:KERNEL32.dll
 0005:00000378       __imp__SetLastError@4      10132378     kernel32:KERNEL32.dll
 0005:0000037c       __imp__GetCurrentThread@0  1013237c     kernel32:KERNEL32.dll
 0005:00000380       __imp__SetHandleCount@4    10132380     kernel32:KERNEL32.dll
 0005:00000384       __imp__GetStdHandle@4      10132384     kernel32:KERNEL32.dll
 0005:00000388       __imp__InitializeCriticalSectionAndSpinCount@8 10132388     kernel32:KERNEL32.dll
 0005:0000038c       __imp__GetFileType@4       1013238c     kernel32:KERNEL32.dll
 0005:00000390       __imp__GetStartupInfoW@4   10132390     kernel32:KERNEL32.dll
 0005:00000394       __imp__DeleteCriticalSection@4 10132394     kernel32:KERNEL32.dll
 0005:00000398       __imp__GetModuleFileNameA@12 10132398     kernel32:KERNEL32.dll
 0005:0000039c       __imp__EnumSystemLocalesA@8 1013239c     kernel32:KERNEL32.dll
 0005:000003a0       __imp__GetEnvironmentStringsW@0 101323a0     kernel32:KERNEL32.dll
 0005:000003a4       __imp__HeapCreate@12       101323a4     kernel32:KERNEL32.dll
 0005:000003a8       __imp__HeapDestroy@4       101323a8     kernel32:KERNEL32.dll
 0005:000003ac       __imp__QueryPerformanceCounter@4 101323ac     kernel32:KERNEL32.dll
 0005:000003b0       __imp__GetTickCount@0      101323b0     kernel32:KERNEL32.dll
 0005:000003b4       __imp__GetSystemTimeAsFileTime@4 101323b4     kernel32:KERNEL32.dll
 0005:000003b8       __imp__WriteFile@20        101323b8     kernel32:KERNEL32.dll
 0005:000003bc       __imp__GetLocaleInfoW@16   101323bc     kernel32:KERNEL32.dll
 0005:000003c0       __imp__FatalAppExitA@8     101323c0     kernel32:KERNEL32.dll
 0005:000003c4       __imp__GetACP@0            101323c4     kernel32:KERNEL32.dll
 0005:000003c8       __imp__GetOEMCP@0          101323c8     kernel32:KERNEL32.dll
 0005:000003cc       __imp__GetCPInfo@8         101323cc     kernel32:KERNEL32.dll
 0005:000003d0       __imp__IsValidCodePage@4   101323d0     kernel32:KERNEL32.dll
 0005:000003d4       __imp__LCMapStringW@24     101323d4     kernel32:KERNEL32.dll
 0005:000003d8       __imp__GetCurrentDirectoryW@8 101323d8     kernel32:KERNEL32.dll
 0005:000003dc       __imp__SetCurrentDirectoryW@4 101323dc     kernel32:KERNEL32.dll
 0005:000003e0       __imp__RtlUnwind@16        101323e0     kernel32:KERNEL32.dll
 0005:000003e4       __imp__HeapFree@12         101323e4     kernel32:KERNEL32.dll
 0005:000003e8       __imp__HeapAlloc@12        101323e8     kernel32:KERNEL32.dll
 0005:000003ec       __imp__GetProcessHeap@0    101323ec     kernel32:KERNEL32.dll
 0005:000003f0       __imp__VirtualQuery@12     101323f0     kernel32:KERNEL32.dll
 0005:000003f4       __imp__SetConsoleCtrlHandler@8 101323f4     kernel32:KERNEL32.dll
 0005:000003f8       __imp__InterlockedExchange@8 101323f8     kernel32:KERNEL32.dll
 0005:000003fc       __imp__HeapReAlloc@16      101323fc     kernel32:KERNEL32.dll
 0005:00000400       __imp__HeapSize@12         10132400     kernel32:KERNEL32.dll
 0005:00000404       __imp__HeapQueryInformation@20 10132404     kernel32:KERNEL32.dll
 0005:00000408       __imp__OutputDebugStringA@4 10132408     kernel32:KERNEL32.dll
 0005:0000040c       __imp__WriteConsoleW@20    1013240c     kernel32:KERNEL32.dll
 0005:00000410       __imp__OutputDebugStringW@4 10132410     kernel32:KERNEL32.dll
 0005:00000414       __imp__GetStringTypeW@16   10132414     kernel32:KERNEL32.dll
 0005:00000418       __imp__SetFilePointer@16   10132418     kernel32:KERNEL32.dll
 0005:0000041c       __imp__GetConsoleCP@0      1013241c     kernel32:KERNEL32.dll
 0005:00000420       __imp__GetConsoleMode@8    10132420     kernel32:KERNEL32.dll
 0005:00000424       __imp__GetLocaleInfoA@16   10132424     kernel32:KERNEL32.dll
 0005:00000428       __imp__IsValidLocale@8     10132428     kernel32:KERNEL32.dll
 0005:0000042c       \177KERNEL32_NULL_THUNK_DATA 1013242c     kernel32:KERNEL32.dll
 0005:000004a0       __imp__g_pMemAlloc         101324a0     tier0:tier0.dll
 0005:000004a4       __imp__LoggingSystem_LogAssert 101324a4     tier0:tier0.dll
 0005:000004a8       __imp__ShouldUseNewAssertDialog 101324a8     tier0:tier0.dll
 0005:000004ac       __imp__DoNewAssertDialog   101324ac     tier0:tier0.dll
 0005:000004b0       __imp___ExitOnFatalAssert  101324b0     tier0:tier0.dll
 0005:000004b4       __imp__Warning             101324b4     tier0:tier0.dll
 0005:000004b8       __imp_?ConMsg@@YAXPBDZZ    101324b8     tier0:tier0.dll
 0005:000004bc       __imp___AssertValidStringPtr 101324bc     tier0:tier0.dll
 0005:000004c0       __imp__Error               101324c0     tier0:tier0.dll
 0005:000004c4       __imp___AssertValidWritePtr 101324c4     tier0:tier0.dll
 0005:000004c8       __imp___AssertValidReadPtr 101324c8     tier0:tier0.dll
 0005:000004cc       __imp__Plat_IsInDebugSession 101324cc     tier0:tier0.dll
 0005:000004d0       __imp__ReleaseThreadHandle 101324d0     tier0:tier0.dll
 0005:000004d4       __imp__CreateSimpleThread  101324d4     tier0:tier0.dll
 0005:000004d8       __imp__StackToolsNotify_LoadedLibrary 101324d8     tier0:tier0.dll
 0005:000004dc       __imp__GetThreadedLoadLibraryFunc 101324dc     tier0:tier0.dll
 0005:000004e0       __imp__CommandLine         101324e0     tier0:tier0.dll
 0005:000004e4       __imp_?DevWarning@@YAXPBDZZ 101324e4     tier0:tier0.dll
 0005:000004e8       __imp__GetCPUInformation   101324e8     tier0:tier0.dll
 0005:000004ec       __imp__ThreadSleep         101324ec     tier0:tier0.dll
 0005:000004f0       \177tier0_NULL_THUNK_DATA  101324f0     tier0:tier0.dll

 entry point at        0002:0000109f

