 game_shader_dx9

 Timestamp is 6667a204 (Mon Jun 10 21:01:56 2024)

 Preferred load address is 10000000

 Start         Length     Name                   Class
 0001:00000000 00051132H .textbss                DATA
 0002:00000000 000a638cH .text                   CODE
 0002:000a6390 0000112dH .text$x                 CODE
 0002:000a74c0 00002c43H .text$yc                CODE
 0002:000aa110 000014bbH .text$yd                CODE
 0003:00000000 00000104H .CRT$XCA                DATA
 0003:00000104 00000233H .CRT$XCU                DATA
 0003:00000338 00000104H .CRT$XCZ                DATA
 0003:0000043c 00000104H .CRT$XIA                DATA
 0003:00000540 00000118H .CRT$XIC                DATA
 0003:00000658 00000104H .CRT$XIZ                DATA
 0003:0000075c 00000104H .CRT$XPA                DATA
 0003:00000860 00000109H .CRT$XPX                DATA
 0003:0000096c 00000104H .CRT$XPXA               DATA
 0003:00000a70 00000104H .CRT$XPZ                DATA
 0003:00000b74 00000104H .CRT$XTA                DATA
 0003:00000c78 00000104H .CRT$XTZ                DATA
 0003:00000d80 0002a8b2H .rdata                  DATA
 0003:0002b634 00000184H .rdata$debug            DATA
 0003:0002b7b8 00000c8eH .rdata$r                DATA
 0003:0002c448 00000104H .rtc$IAA                DATA
 0003:0002c54c 0000010eH .rtc$IMZ                DATA
 0003:0002c65c 00000104H .rtc$IZZ                DATA
 0003:0002c760 00000104H .rtc$TAA                DATA
 0003:0002c864 0000010eH .rtc$TMZ                DATA
 0003:0002c974 00000104H .rtc$TZZ                DATA
 0003:0002ca78 0000105aH .xdata$x                DATA
 0003:0002dae0 0000017bH .edata                  DATA
 0004:00000000 00002976H .data                   DATA
 0004:00002980 0001719cH .bss                    DATA
 0005:00000000 00000028H .idata$2                DATA
 0005:00000028 00000014H .idata$3                DATA
 0005:0000003c 00000278H .idata$4                DATA
 0005:000002b4 00000278H .idata$5                DATA
 0005:0000052c 00000a87H .idata$6                DATA

  Address         Publics by Value              Rva+Base       Lib:Object

 0000:00000000       ___safe_se_handler_table   00000000     <absolute>
 0000:00000000       ___safe_se_handler_count   00000000     <absolute>
 0000:00000000       __except_list              00000000     <absolute>
 0000:00000000       ___ImageBase               10000000     <linker-defined>
 0001:00000000       __enc$textbss$begin        10001000     <linker-defined>
 0001:00051132       __enc$textbss$end          10052132     <linker-defined>
 0002:00006070       _DllMain@12                10059070 f   shader_dll_verify.obj
 0002:000060c0       __ftol3                    100590c0 f   shader_dll_verify.obj
 0002:00006170       ?Function1@CShaderDLLVerification@@UAEKPAE@Z 10059170 f   shader_dll_verify.obj
 0002:000062a0       ?Function2@CShaderDLLVerification@@UAEXHHH@Z 100592a0 f   shader_dll_verify.obj
 0002:00006380       ?Function3@CShaderDLLVerification@@UAEXHHH@Z 10059380 f   shader_dll_verify.obj
 0002:000063d0       ?Function4@CShaderDLLVerification@@UAEXHHH@Z 100593d0 f   shader_dll_verify.obj
 0002:00006420       ?Function5@CShaderDLLVerification@@UAEKXZ 10059420 f   shader_dll_verify.obj
 0002:00006460       ??0CShaderDLLVerification@@QAE@XZ 10059460 f i shader_dll_verify.obj
 0002:000064c0       ??0IShaderDLLVerification@@QAE@XZ 100594c0 f i shader_dll_verify.obj
 0002:00006510       ??_H@YGXPAXIHP6EPAX0@Z@Z   10059510 f i BaseVSShader.obj
 0002:00006580       ?SetPixelShaderConstant@CBaseVSShader@@QAEXHHH@Z 10059580 f   BaseVSShader.obj
 0002:00006960       ?GetType@IMaterialVar@@QBE?AW4MaterialVarType_t@@XZ 10059960 f i BaseVSShader.obj
 0002:000069b0       ?GetFloatValue@IMaterialVar@@QBEMXZ 100599b0 f i BaseVSShader.obj
 0002:00006a00       ?GetFloatValueFast@IMaterialVar@@QBEMXZ 10059a00 f i BaseVSShader.obj
 0002:00006a60       ??AVector4D@@QBEMH@Z       10059a60 f i BaseVSShader.obj
 0002:00006ba0       ?GetVecValue@IMaterialVar@@QBEXPAMH@Z 10059ba0 f i BaseVSShader.obj
 0002:00006c00       ?GetVecValueFast@IMaterialVar@@QBEXPAMH@Z 10059c00 f i BaseVSShader.obj
 0002:00006d60       ?IsSnapshotting@CBaseShader@@QBE_NXZ 10059d60 f i BaseVSShader.obj
 0002:00006db0       ?SetPixelShaderConstantGammaToLinear@CBaseVSShader@@QAEXHHH@Z 10059db0 f   BaseVSShader.obj
 0002:00007290       ?SetPixelShaderConstant_W@CBaseVSShader@@QAEXHHM@Z 1005a290 f   BaseVSShader.obj
 0002:00007590       ?SetPixelShaderConstant@CBaseVSShader@@QAEXHH@Z 1005a590 f   BaseVSShader.obj
 0002:00007880       ?SetPixelShaderConstantGammaToLinear@CBaseVSShader@@QAEXHH@Z 1005a880 f   BaseVSShader.obj
 0002:00007c70       ?SetVertexShaderConstantGammaToLinear@CBaseVSShader@@QAEXHPBMH_N@Z 1005ac70 f   BaseVSShader.obj
 0002:00007ee0       ?SetPixelShaderConstantGammaToLinear@CBaseVSShader@@QAEXHPBMH_N@Z 1005aee0 f   BaseVSShader.obj
 0002:00008150       ?SetPixelShaderConstantFudge@CBaseVSShader@@QAEXHH@Z 1005b150 f   BaseVSShader.obj
 0002:000084d0       ?SetVertexShaderConstant@CBaseVSShader@@QAEXHH@Z 1005b4d0 f   BaseVSShader.obj
 0002:000087c0       ?SetVertexShaderTextureTranslation@CBaseVSShader@@QAEXHH@Z 1005b7c0 f   BaseVSShader.obj
 0002:000089c0       ??0Vector4D@@QAE@XZ        1005b9c0 f i BaseVSShader.obj
 0002:00008a70       ?BitsToFloat@@YAMI@Z       1005ba70 f i BaseVSShader.obj
 0002:00008ae0       ?Init@Vector4D@@QAEXMMMM@Z 1005bae0 f i BaseVSShader.obj
 0002:00008c50       ?Base@Vector4D@@QAEPAMXZ   1005bc50 f i BaseVSShader.obj
 0002:00008c90       ?IsValid@Vector4D@@QBE_NXZ 1005bc90 f i BaseVSShader.obj
 0002:00008d70       ?IsFinite@@YA_NABM@Z       1005bd70 f i BaseVSShader.obj
 0002:00008de0       ?FloatBits@@YA?BIABM@Z     1005bde0 f i BaseVSShader.obj
 0002:00008e60       ?SetVertexShaderTextureScale@CBaseVSShader@@QAEXHH@Z 1005be60 f   BaseVSShader.obj
 0002:00009090       ?SetVertexShaderTextureTransform@CBaseVSShader@@QAEXHH@Z 1005c090 f   BaseVSShader.obj
 0002:00009350       ??AVMatrix@@QBEPBMH@Z      1005c350 f i BaseVSShader.obj
 0002:000093a0       ?SetVertexShaderTextureScaledTransform@CBaseVSShader@@QAEXHHH@Z 1005c3a0 f   BaseVSShader.obj
 0002:000098d0       ??0Vector2D@@QAE@MM@Z      1005c8d0 f i BaseVSShader.obj
 0002:00009a20       ??AVector2D@@QAEAAMH@Z     1005ca20 f i BaseVSShader.obj
 0002:00009b60       ?Base@Vector2D@@QAEPAMXZ   1005cb60 f i BaseVSShader.obj
 0002:00009ba0       ?IsValid@Vector2D@@QBE_NXZ 1005cba0 f i BaseVSShader.obj
 0002:00009c40       ??AVector4D@@QAEAAMH@Z     1005cc40 f i BaseVSShader.obj
 0002:00009d80       ?SetPixelShaderTextureTranslation@CBaseVSShader@@QAEXHH@Z 1005cd80 f   BaseVSShader.obj
 0002:00009f80       ?SetPixelShaderTextureScale@CBaseVSShader@@QAEXHH@Z 1005cf80 f   BaseVSShader.obj
 0002:0000a1b0       ?SetPixelShaderTextureTransform@CBaseVSShader@@QAEXHH@Z 1005d1b0 f   BaseVSShader.obj
 0002:0000a470       ?SetPixelShaderTextureScaledTransform@CBaseVSShader@@QAEXHHH@Z 1005d470 f   BaseVSShader.obj
 0002:0000a9a0       ?SetVertexShaderMatrix3x4@CBaseVSShader@@QAEXHH@Z 1005d9a0 f   BaseVSShader.obj
 0002:0000aaf0       ??AVMatrix@@QAEPAMH@Z      1005daf0 f i BaseVSShader.obj
 0002:0000ab40       ??0VMatrix@@QAE@XZ         1005db40 f i BaseVSShader.obj
 0002:0000ab80       ?SetVertexShaderMatrix4x4@CBaseVSShader@@QAEXHH@Z 1005db80 f   BaseVSShader.obj
 0002:0000acd0       ?LoadViewMatrixIntoVertexShaderConstant@CBaseVSShader@@QAEXH@Z 1005dcd0 f   BaseVSShader.obj
 0002:0000ae00       ?LoadProjectionMatrixIntoVertexShaderConstant@CBaseVSShader@@QAEXH@Z 1005de00 f   BaseVSShader.obj
 0002:0000af30       ?LoadModelViewMatrixIntoVertexShaderConstant@CBaseVSShader@@QAEXH@Z 1005df30 f   BaseVSShader.obj
 0002:0000b120       ?LoadBumpLightmapCoordinateAxes_PixelShader@CBaseVSShader@@QAEXH@Z 1005e120 f   BaseVSShader.obj
 0002:0000b260       ?LoadBumpLightmapCoordinateAxes_VertexShader@CBaseVSShader@@QAEXH@Z 1005e260 f   BaseVSShader.obj
 0002:0000b4c0       ??ATableVector@@QBEMH@Z    1005e4c0 f i BaseVSShader.obj
 0002:0000b5f0       ?EnablePixelShaderOverbright@CBaseVSShader@@QAEXH_N0@Z 1005e5f0 f   BaseVSShader.obj
 0002:0000b780       ?ColorVarsToVector@CBaseVSShader@@AAEXHHAAVVector4D@@@Z 1005e780 f   BaseVSShader.obj
 0002:0000b980       ?SetEnvMapTintPixelShaderDynamicState@CBaseVSShader@@QAEXHHH_N@Z 1005e980 f   BaseVSShader.obj
 0002:0000bcf0       ?GetFloat@ConVar@@QBEMXZ   1005ecf0 f i BaseVSShader.obj
 0002:0000bd30       ?GetInt@ConVar@@QBEHXZ     1005ed30 f i BaseVSShader.obj
 0002:0000bd70       ?SetHWMorphVertexShaderState@CBaseVSShader@@QAEXHHW4VertexTextureSampler_t@@@Z 1005ed70 f   BaseVSShader.obj
 0002:0000c0c0       ?EvaluateBlendRequirements@CBaseVSShader@@QAE?AW4BlendType_t@@H_NH@Z 1005f0c0 f   BaseVSShader.obj
 0002:0000c220       ?CurrentMaterialVarFlags@CBaseShader@@QBEHXZ 1005f220 f i BaseVSShader.obj
 0002:0000c280       ?GetIntValue@IMaterialVar@@QBEHXZ 1005f280 f i BaseVSShader.obj
 0002:0000c2d0       ?GetIntValueFast@IMaterialVar@@QBEHXZ 1005f2d0 f i BaseVSShader.obj
 0002:0000c310       ?SetFlashlightVertexShaderConstants@CBaseVSShader@@QAEX_NH0H0@Z 1005f310 f   BaseVSShader.obj
 0002:0000c690       ??AVector@@QBEMH@Z         1005f690 f i BaseVSShader.obj
 0002:0000c7d0       ?Base@VMatrix@@QAEPAMXZ    1005f7d0 f i BaseVSShader.obj
 0002:0000c810       ?DrawFlashlight_dx90@CBaseVSShader@@QAEXPAPAVIMaterialVar@@PAVIShaderDynamicAPI@@PAVIShaderShadow@@AAUDrawFlashlight_dx90_Vars_t@1@@Z 1005f810 f   BaseVSShader.obj
 0002:0000c850       ?HashShadow2DJitter@CBaseVSShader@@QAEXMPAM0@Z 1005f850 f   BaseVSShader.obj
 0002:0000c9c0       ?fmod@@YAMMM@Z             1005f9c0 f i BaseVSShader.obj
 0002:0000ca30       _fmodf                     1005fa30 f i BaseVSShader.obj
 0002:0000cab0       ?DrawEqualDepthToDestAlpha@CBaseVSShader@@QAEXXZ 1005fab0 f   BaseVSShader.obj
 0002:0000ccf0       ?SupportsPixelShaders_2_b@IMaterialSystemHardwareConfig@@QBE_NXZ 1005fcf0 f i BaseVSShader.obj
 0002:0000cd60       ?ToolsEnabled@@YA_NXZ      1005fd60 f   BaseVSShader.obj
 0002:0000ce20       ??0Color@@QAE@HHHH@Z       1005fe20 f i BaseVSShader.obj
 0002:0000ce90       ?SetColor@Color@@QAEXHHHH@Z 1005fe90 f i BaseVSShader.obj
 0002:0000cf00       ??0Vector4D@@QAE@MMMM@Z    1005ff00 f i BaseVSShader.obj
 0002:0000d070       ??0?$CUtlVector@PAVCShaderParam@PBR@@V?$CUtlMemory@PAVCShaderParam@PBR@@H@@@@QAE@HH@Z 10060070 f i pbr_dx9.obj
 0002:0000d0f0       ?ResetDbgInfo@?$CUtlVector@PAVCShaderParam@PBR@@V?$CUtlMemory@PAVCShaderParam@PBR@@H@@@@IAEXXZ 100600f0 f i pbr_dx9.obj
 0002:0000d150       ?Base@?$CUtlVector@PAVCShaderParam@PBR@@V?$CUtlMemory@PAVCShaderParam@PBR@@H@@@@QAEPAPAVCShaderParam@PBR@@XZ 10060150 f i pbr_dx9.obj
 0002:0000d1a0       ??0?$CUtlMemory@PAVCShaderParam@PBR@@H@@QAE@HH@Z 100601a0 f i pbr_dx9.obj
 0002:0000d390       ?MemAlloc_Alloc@@YAPAXIPBDH@Z 10060390 f i pbr_dx9.obj
 0002:0000d3f0       ?IndirectAlloc@IMemAlloc@@QAEPAXIPBDH@Z 100603f0 f i pbr_dx9.obj
 0002:0000d460       ??0CMemAllocAttributeAlloction@@QAE@PBDH@Z 10060460 f i pbr_dx9.obj
 0002:0000d4e0       ??1CMemAllocAttributeAlloction@@QAE@XZ 100604e0 f i pbr_dx9.obj
 0002:0000d550       ?Base@?$CUtlMemory@PAVCShaderParam@PBR@@H@@QAEPAPAVCShaderParam@PBR@@XZ 10060550 f i pbr_dx9.obj
 0002:0000d670       ?ValidateGrowSize@?$CUtlMemory@PAVCShaderParam@PBR@@H@@IAEXXZ 10060670 f i pbr_dx9.obj
 0002:0000d6b0       ?IsReadOnly@?$CUtlMemory@PAVCShaderParam@PBR@@H@@QBE_NXZ 100606b0 f i pbr_dx9.obj
 0002:0000d700       ??$MemAllocClassName@V?$CUtlMemory@PAVCShaderParam@PBR@@H@@@@YAPBDPAV?$CUtlMemory@PAVCShaderParam@PBR@@H@@@Z 10060700 f i pbr_dx9.obj
 0002:0000d780       ??0CShaderParam@PBR@@QAE@PBDW4ShaderParamType_t@@00H@Z 10060780 f i pbr_dx9.obj
 0002:0000d840       ?Count@?$CUtlVector@PAVCShaderParam@PBR@@V?$CUtlMemory@PAVCShaderParam@PBR@@H@@@@QBEHXZ 10060840 f i pbr_dx9.obj
 0002:0000d880       ?AddToTail@?$CUtlVector@PAVCShaderParam@PBR@@V?$CUtlMemory@PAVCShaderParam@PBR@@H@@@@QAEHABQAVCShaderParam@PBR@@@Z 10060880 f i pbr_dx9.obj
 0002:0000d9f0       ?InsertBefore@?$CUtlVector@PAVCShaderParam@PBR@@V?$CUtlMemory@PAVCShaderParam@PBR@@H@@@@QAEHHABQAVCShaderParam@PBR@@@Z 100609f0 f i pbr_dx9.obj
 0002:0000dc70       ?Element@?$CUtlVector@PAVCShaderParam@PBR@@V?$CUtlMemory@PAVCShaderParam@PBR@@H@@@@QAEAAPAVCShaderParam@PBR@@H@Z 10060c70 f i pbr_dx9.obj
 0002:0000dda0       ??A?$CUtlMemory@PAVCShaderParam@PBR@@H@@QAEAAPAVCShaderParam@PBR@@H@Z 10060da0 f i pbr_dx9.obj
 0002:0000dfa0       ?IsValidIndex@?$CUtlVector@PAVCShaderParam@PBR@@V?$CUtlMemory@PAVCShaderParam@PBR@@H@@@@QBE_NH@Z 10060fa0 f i pbr_dx9.obj
 0002:0000e010       ?GrowVector@?$CUtlVector@PAVCShaderParam@PBR@@V?$CUtlMemory@PAVCShaderParam@PBR@@H@@@@IAEXH@Z 10061010 f i pbr_dx9.obj
 0002:0000e130       ?ShiftElementsRight@?$CUtlVector@PAVCShaderParam@PBR@@V?$CUtlMemory@PAVCShaderParam@PBR@@H@@@@IAEXHH@Z 10061130 f i pbr_dx9.obj
 0002:0000e2d0       ??$CopyConstruct@PAVCShaderParam@PBR@@@@YAPAPAVCShaderParam@PBR@@PAPAV01@ABQAV01@@Z 100612d0 f i pbr_dx9.obj
 0002:0000e370       ??2@YAPAXIPAX@Z            10061370 f i pbr_dx9.obj
 0002:0000e3b0       ?IsIdxValid@?$CUtlMemory@PAVCShaderParam@PBR@@H@@QBE_NH@Z 100613b0 f i pbr_dx9.obj
 0002:0000e430       ?NumAllocated@?$CUtlMemory@PAVCShaderParam@PBR@@H@@QBEHXZ 10061430 f i pbr_dx9.obj
 0002:0000e470       ?Grow@?$CUtlMemory@PAVCShaderParam@PBR@@H@@QAEXH@Z 10061470 f i pbr_dx9.obj
 0002:0000eae0       ?UtlMemory_CalcNewAllocationCount@@YAHHHHH@Z 10061ae0 f i pbr_dx9.obj
 0002:0000eb70       ?IsExternallyAllocated@?$CUtlMemory@PAVCShaderParam@PBR@@H@@QBE_NXZ 10061b70 f i pbr_dx9.obj
 0002:0000ebc0       ??$MemAllocClassName@V?$CUtlVector@PAVCShaderParam@PBR@@V?$CUtlMemory@PAVCShaderParam@PBR@@H@@@@@@YAPBDPAV?$CUtlVector@PAVCShaderParam@PBR@@V?$CUtlMemory@PAVCShaderParam@PBR@@H@@@@@Z 10061bc0 f i pbr_dx9.obj
 0002:0000ec40       ??0CShader@PBR@@QAE@XZ     10061c40 f i pbr_dx9.obj
 0002:0000eca0       ?OnInitShaderParams@CShader@PBR@@UAEXPAPAVIMaterialVar@@PBD@Z 10061ca0 f i pbr_dx9.obj
 0002:0000efe0       ??BCShaderParam@PBR@@QAEHXZ 10061fe0 f i pbr_dx9.obj
 0002:0000f020       ?GetFallbackShader@CShader@PBR@@UBEPBDPAPAVIMaterialVar@@@Z 10062020 f i pbr_dx9.obj
 0002:0000f060       ?GetName@CShader@PBR@@UBEPBDXZ 10062060 f i pbr_dx9.obj
 0002:0000f0a0       ?GetFlags@CShader@PBR@@UBEHXZ 100620a0 f i pbr_dx9.obj
 0002:0000f0e0       ?GetParamCount@CShader@PBR@@UBEHXZ 100620e0 f i pbr_dx9.obj
 0002:0000f140       ?GetParamInfo@CShader@PBR@@UBEABUShaderParamInfo_t@@H@Z 10062140 f i pbr_dx9.obj
 0002:0000f1e0       ?GetInfo@CShaderParam@PBR@@QBEABUShaderParamInfo_t@@XZ 100621e0 f i pbr_dx9.obj
 0002:0000f220       ?OnInitShaderInstance@CShader@PBR@@UAEXPAPAVIMaterialVar@@PAVIShaderInit@@PBD@Z 10062220 f i pbr_dx9.obj
 0002:0000f9a0       ?GetBool@ConVar@@QBE_NXZ   100629a0 f i pbr_dx9.obj
 0002:0000fa00       ?CShader_IsFlagSet@@YA_NPAPAVIMaterialVar@@W4MaterialVarFlags_t@@@Z 10062a00 f i pbr_dx9.obj
 0002:0000fa60       ?CShader_SetFlags2@@YAXPAPAVIMaterialVar@@W4MaterialVarFlags2_t@@@Z 10062a60 f i pbr_dx9.obj
 0002:0000fae0       ??0PBR_Vars_t@@QAE@XZ      10062ae0 f i pbr_dx9.obj
 0002:0000fb40       ?SetupVars@CShader@PBR@@QAEXAAUPBR_Vars_t@@@Z 10062b40 f i pbr_dx9.obj
 0002:0000fd20       ?OnDrawElements@CShader@PBR@@UAEXPAPAVIMaterialVar@@PAVIShaderShadow@@PAVIShaderDynamicAPI@@W4VertexCompressionType_t@@PAPAVCBasePerMaterialContextData@@@Z 10062d20 f i pbr_dx9.obj
 0002:00012f50       ??0Vector@@QAE@XZ          10065f50 f i pbr_dx9.obj
 0002:00012f90       ??0Vector@@QAE@MMM@Z       10065f90 f i pbr_dx9.obj
 0002:00013000       ??4Vector@@QAEAAV0@ABV0@@Z 10066000 f i pbr_dx9.obj
 0002:00013070       ?Base@Vector@@QAEPAMXZ     10066070 f i pbr_dx9.obj
 0002:000130b0       ?IsTexture@IMaterialVar@@QBE_NXZ 100660b0 f i pbr_dx9.obj
 0002:00013100       ?GetVecValue@IMaterialVar@@QBEPBMXZ 10066100 f i pbr_dx9.obj
 0002:00013150       ?GetVecValueFast@IMaterialVar@@QBEPBMXZ 10066150 f i pbr_dx9.obj
 0002:000131b0       ?Base@Vector4D@@QBEPBMXZ   100661b0 f i pbr_dx9.obj
 0002:000131f0       ?ShadowDepthTexture@MaterialSystem_Config_t@@QBE_NXZ 100661f0 f i pbr_dx9.obj
 0002:00013230       ?SetFlashLightColorFromState@@YAXABUFlashlightState_t@@PAVIShaderDynamicAPI@@_NH2@Z 10066230 f i pbr_dx9.obj
 0002:00013460       ?GetFloat@ConVarRef@@QBEMXZ 10066460 f i pbr_dx9.obj
 0002:000134a0       ?ShadowAttenFromState@@YAMABUFlashlightState_t@@@Z 100664a0 f i pbr_dx9.obj
 0002:00013530       ?ShadowFilterFromState@@YAMABUFlashlightState_t@@@Z 10066530 f i pbr_dx9.obj
 0002:00013570       ?GetFloatParam@@YAMHPAPAVIMaterialVar@@M@Z 10066570 f i pbr_dx9.obj
 0002:000135f0       ??0pbr_vs30_Static_Index@@QAE@PAVIShaderShadow@@PAPAVIMaterialVar@@@Z 100665f0 f i pbr_dx9.obj
 0002:00013630       ?GetIndex@pbr_vs30_Static_Index@@QBEHXZ 10066630 f i pbr_dx9.obj
 0002:00013670       ?SetCOMPRESSED_VERTS@pbr_vs30_Dynamic_Index@@QAEXH@Z 10066670 f i pbr_dx9.obj
 0002:000137b0       ?SetDOWATERFOG@pbr_vs30_Dynamic_Index@@QAEXH@Z 100667b0 f i pbr_dx9.obj
 0002:000138f0       ?SetSKINNING@pbr_vs30_Dynamic_Index@@QAEXH@Z 100668f0 f i pbr_dx9.obj
 0002:00013a30       ?SetLIGHTING_PREVIEW@pbr_vs30_Dynamic_Index@@QAEXH@Z 10066a30 f i pbr_dx9.obj
 0002:00013b70       ?SetNUM_LIGHTS@pbr_vs30_Dynamic_Index@@QAEXH@Z 10066b70 f i pbr_dx9.obj
 0002:00013cb0       ??0pbr_vs30_Dynamic_Index@@QAE@PAVIShaderDynamicAPI@@@Z 10066cb0 f i pbr_dx9.obj
 0002:00013db0       ?GetIndex@pbr_vs30_Dynamic_Index@@QBEHXZ 10066db0 f i pbr_dx9.obj
 0002:00013f70       ?SetFLASHLIGHT@pbr_ps30_Static_Index@@QAEXH@Z 10066f70 f i pbr_dx9.obj
 0002:000140b0       ?SetFLASHLIGHTDEPTHFILTERMODE@pbr_ps30_Static_Index@@QAEXH@Z 100670b0 f i pbr_dx9.obj
 0002:000141f0       ?SetLIGHTMAPPED@pbr_ps30_Static_Index@@QAEXH@Z 100671f0 f i pbr_dx9.obj
 0002:00014330       ?SetUSEENVAMBIENT@pbr_ps30_Static_Index@@QAEXH@Z 10067330 f i pbr_dx9.obj
 0002:00014470       ?SetEMISSIVE@pbr_ps30_Static_Index@@QAEXH@Z 10067470 f i pbr_dx9.obj
 0002:000145b0       ?SetSPECULAR@pbr_ps30_Static_Index@@QAEXH@Z 100675b0 f i pbr_dx9.obj
 0002:000146f0       ?SetPARALLAXCORRECT@pbr_ps30_Static_Index@@QAEXH@Z 100676f0 f i pbr_dx9.obj
 0002:00014830       ?SetPARALLAXOCCLUSION@pbr_ps30_Static_Index@@QAEXH@Z 10067830 f i pbr_dx9.obj
 0002:00014970       ??0pbr_ps30_Static_Index@@QAE@PAVIShaderShadow@@PAPAVIMaterialVar@@@Z 10067970 f i pbr_dx9.obj
 0002:00014ae0       ?GetIndex@pbr_ps30_Static_Index@@QBEHXZ 10067ae0 f i pbr_dx9.obj
 0002:00014f20       ?SetWRITEWATERFOGTODESTALPHA@pbr_ps30_Dynamic_Index@@QAEXH@Z 10067f20 f i pbr_dx9.obj
 0002:00015070       ?SetPIXELFOGTYPE@pbr_ps30_Dynamic_Index@@QAEXH@Z 10068070 f i pbr_dx9.obj
 0002:000151c0       ?SetNUM_LIGHTS@pbr_ps30_Dynamic_Index@@QAEXH@Z 100681c0 f i pbr_dx9.obj
 0002:00015310       ?SetWRITE_DEPTH_TO_DESTALPHA@pbr_ps30_Dynamic_Index@@QAEXH@Z 10068310 f i pbr_dx9.obj
 0002:00015460       ?SetFLASHLIGHTSHADOWS@pbr_ps30_Dynamic_Index@@QAEXH@Z 10068460 f i pbr_dx9.obj
 0002:000155b0       ??0pbr_ps30_Dynamic_Index@@QAE@PAVIShaderDynamicAPI@@@Z 100685b0 f i pbr_dx9.obj
 0002:000156b0       ?GetIndex@pbr_ps30_Dynamic_Index@@QBEHXZ 100686b0 f i pbr_dx9.obj
 0002:00015c80       ??0pbr_vs20_Static_Index@@QAE@PAVIShaderShadow@@PAPAVIMaterialVar@@@Z 10068c80 f i pbr_dx9.obj
 0002:00015cc0       ?GetIndex@pbr_vs20_Static_Index@@QBEHXZ 10068cc0 f i pbr_dx9.obj
 0002:00015d00       ?SetCOMPRESSED_VERTS@pbr_vs20_Dynamic_Index@@QAEXH@Z 10068d00 f i pbr_dx9.obj
 0002:00015e40       ?SetDOWATERFOG@pbr_vs20_Dynamic_Index@@QAEXH@Z 10068e40 f i pbr_dx9.obj
 0002:00015f80       ?SetSKINNING@pbr_vs20_Dynamic_Index@@QAEXH@Z 10068f80 f i pbr_dx9.obj
 0002:000160c0       ?SetLIGHTING_PREVIEW@pbr_vs20_Dynamic_Index@@QAEXH@Z 100690c0 f i pbr_dx9.obj
 0002:00016200       ?SetNUM_LIGHTS@pbr_vs20_Dynamic_Index@@QAEXH@Z 10069200 f i pbr_dx9.obj
 0002:00016340       ??0pbr_vs20_Dynamic_Index@@QAE@PAVIShaderDynamicAPI@@@Z 10069340 f i pbr_dx9.obj
 0002:00016440       ?GetIndex@pbr_vs20_Dynamic_Index@@QBEHXZ 10069440 f i pbr_dx9.obj
 0002:00016600       ?SetFLASHLIGHT@pbr_ps20b_Static_Index@@QAEXH@Z 10069600 f i pbr_dx9.obj
 0002:00016740       ?SetFLASHLIGHTDEPTHFILTERMODE@pbr_ps20b_Static_Index@@QAEXH@Z 10069740 f i pbr_dx9.obj
 0002:00016880       ?SetLIGHTMAPPED@pbr_ps20b_Static_Index@@QAEXH@Z 10069880 f i pbr_dx9.obj
 0002:000169c0       ?SetEMISSIVE@pbr_ps20b_Static_Index@@QAEXH@Z 100699c0 f i pbr_dx9.obj
 0002:00016b00       ?SetSPECULAR@pbr_ps20b_Static_Index@@QAEXH@Z 10069b00 f i pbr_dx9.obj
 0002:00016c40       ?SetPARALLAXCORRECT@pbr_ps20b_Static_Index@@QAEXH@Z 10069c40 f i pbr_dx9.obj
 0002:00016d80       ??0pbr_ps20b_Static_Index@@QAE@PAVIShaderShadow@@PAPAVIMaterialVar@@@Z 10069d80 f i pbr_dx9.obj
 0002:00016ea0       ?GetIndex@pbr_ps20b_Static_Index@@QBEHXZ 10069ea0 f i pbr_dx9.obj
 0002:00017260       ?SetWRITEWATERFOGTODESTALPHA@pbr_ps20b_Dynamic_Index@@QAEXH@Z 1006a260 f i pbr_dx9.obj
 0002:000173b0       ?SetPIXELFOGTYPE@pbr_ps20b_Dynamic_Index@@QAEXH@Z 1006a3b0 f i pbr_dx9.obj
 0002:00017500       ?SetNUM_LIGHTS@pbr_ps20b_Dynamic_Index@@QAEXH@Z 1006a500 f i pbr_dx9.obj
 0002:00017650       ?SetWRITE_DEPTH_TO_DESTALPHA@pbr_ps20b_Dynamic_Index@@QAEXH@Z 1006a650 f i pbr_dx9.obj
 0002:000177a0       ?SetFLASHLIGHTSHADOWS@pbr_ps20b_Dynamic_Index@@QAEXH@Z 1006a7a0 f i pbr_dx9.obj
 0002:000178f0       ??0pbr_ps20b_Dynamic_Index@@QAE@PAVIShaderDynamicAPI@@@Z 1006a8f0 f i pbr_dx9.obj
 0002:000179f0       ?GetIndex@pbr_ps20b_Dynamic_Index@@QBEHXZ 1006a9f0 f i pbr_dx9.obj
 0002:00017fc0       ??0CBaseVSShader@@QAE@XZ   1006afc0 f i pbr_dx9.obj
 0002:00018020       ?GetFallbackShader@CBaseShader@@UBEPBDPAPAVIMaterialVar@@@Z 1006b020 f i pbr_dx9.obj
 0002:00018060       ?OnInitShaderParams@CBaseShader@@UAEXPAPAVIMaterialVar@@PBD@Z 1006b060 f i pbr_dx9.obj
 0002:000180a0       ??A?$CUtlVector@PAVCShaderParam@PBR@@V?$CUtlMemory@PAVCShaderParam@PBR@@H@@@@QAEAAPAVCShaderParam@PBR@@H@Z 1006b0a0 f i pbr_dx9.obj
 0002:000181d0       ??1?$CUtlVector@PAVCShaderParam@PBR@@V?$CUtlMemory@PAVCShaderParam@PBR@@H@@@@QAE@XZ 1006b1d0 f i pbr_dx9.obj
 0002:00018230       ?Purge@?$CUtlVector@PAVCShaderParam@PBR@@V?$CUtlMemory@PAVCShaderParam@PBR@@H@@@@QAEXXZ 1006b230 f i pbr_dx9.obj
 0002:000182a0       ??1?$CUtlMemory@PAVCShaderParam@PBR@@H@@QAE@XZ 1006b2a0 f i pbr_dx9.obj
 0002:000182f0       ?RemoveAll@?$CUtlVector@PAVCShaderParam@PBR@@V?$CUtlMemory@PAVCShaderParam@PBR@@H@@@@QAEXXZ 1006b2f0 f i pbr_dx9.obj
 0002:00018380       ?Purge@?$CUtlMemory@PAVCShaderParam@PBR@@H@@QAEXXZ 1006b380 f i pbr_dx9.obj
 0002:00018430       ??$Destruct@PAVCShaderParam@PBR@@@@YAXPAPAVCShaderParam@PBR@@@Z 1006b430 f i pbr_dx9.obj
 0002:00018490       _floorf                    1006b490 f i mathlib:color_conversion.obj
 0002:000184b0       _powf                      1006b4b0 f i mathlib:color_conversion.obj
 0002:000184c0       ?floor@@YAMM@Z             1006b4c0 f i mathlib:color_conversion.obj
 0002:000184e0       ?pow@@YAMMM@Z              1006b4e0 f i mathlib:color_conversion.obj
 0002:000184f0       ?TexLightToLinear@@YAMHH@Z 1006b4f0 f i mathlib:color_conversion.obj
 0002:00018510       ?RoundFloatToInt@@YAHM@Z   1006b510 f i mathlib:color_conversion.obj
 0002:00018520       ?GammaToLinearFullRange@@YAMM@Z 1006b520 f   mathlib:color_conversion.obj
 0002:00018540       ?LinearToGammaFullRange@@YAMM@Z 1006b540 f   mathlib:color_conversion.obj
 0002:00018560       ?GammaToLinear@@YAMM@Z     1006b560 f   mathlib:color_conversion.obj
 0002:000185c0       ?LinearToGamma@@YAMM@Z     1006b5c0 f   mathlib:color_conversion.obj
 0002:00018620       ?SrgbGammaToLinear@@YAMM@Z 1006b620 f   mathlib:color_conversion.obj
 0002:000186b0       ?SrgbLinearToGamma@@YAMM@Z 1006b6b0 f   mathlib:color_conversion.obj
 0002:00018740       ?X360GammaToLinear@@YAMM@Z 1006b740 f   mathlib:color_conversion.obj
 0002:000188c0       ?X360LinearToGamma@@YAMM@Z 1006b8c0 f   mathlib:color_conversion.obj
 0002:000189b0       ?SrgbGammaTo360Gamma@@YAMM@Z 1006b9b0 f   mathlib:color_conversion.obj
 0002:00018a40       ?TextureToLinear@@YAMH@Z   1006ba40 f   mathlib:color_conversion.obj
 0002:00018a70       ?LinearToTexture@@YAHM@Z   1006ba70 f   mathlib:color_conversion.obj
 0002:00018ac0       ?LinearToScreenGamma@@YAHM@Z 1006bac0 f   mathlib:color_conversion.obj
 0002:00018b10       ?ColorRGBExp32ToVector@@YAXABUColorRGBExp32@@AAVVector@@@Z 1006bb10 f   mathlib:color_conversion.obj
 0002:00018bd0       ?VectorToColorRGBExp32@@YAXABVVector@@AAUColorRGBExp32@@@Z 1006bbd0 f   mathlib:color_conversion.obj
 0002:00018ca0       ?BuildGammaTable@@YAXMMMH@Z 1006bca0 f   mathlib:color_conversion.obj
 0002:000190d0       ?FloatMakePositive@@YAMM@Z 1006c0d0 f i mathlib:vmatrix.obj
 0002:000190e0       _acosf                     1006c0e0 f i mathlib:vmatrix.obj
 0002:000190f0       _atan2f                    1006c0f0 f i mathlib:vmatrix.obj
 0002:00019100       _cosf                      1006c100 f i mathlib:vmatrix.obj
 0002:00019110       _sinf                      1006c110 f i mathlib:vmatrix.obj
 0002:00019120       _sqrtf                     1006c120 f i mathlib:vmatrix.obj
 0002:00019130       _tanf                      1006c130 f i mathlib:vmatrix.obj
 0002:00019140       ?acos@@YAMM@Z              1006c140 f i mathlib:vmatrix.obj
 0002:00019150       ?cos@@YAMM@Z               1006c150 f i mathlib:vmatrix.obj
 0002:00019160       ?sin@@YAMM@Z               1006c160 f i mathlib:vmatrix.obj
 0002:00019170       ?sqrt@@YAMM@Z              1006c170 f i mathlib:vmatrix.obj
 0002:00019180       ?FastSqrt@@YAMM@Z          1006c180 f i mathlib:vmatrix.obj
 0002:000191b0       ?LengthSqr@Vector@@QBEMXZ  1006c1b0 f i mathlib:vmatrix.obj
 0002:000191d0       ?Init@Vector@@QAEXMMM@Z    1006c1d0 f i mathlib:vmatrix.obj
 0002:00019200       ??AVector@@QAEAAMH@Z       1006c200 f i mathlib:vmatrix.obj
 0002:00019210       ?VectorCopy@@YAXABVVector@@AAV1@@Z 1006c210 f i mathlib:vmatrix.obj
 0002:00019230       ??XVector@@QAEAAV0@M@Z     1006c230 f i mathlib:vmatrix.obj
 0002:00019270       ??_0Vector@@QAEAAV0@M@Z    1006c270 f i mathlib:vmatrix.obj
 0002:000192c0       ?VectorSubtract@@YAXABVVector@@0AAV1@@Z 1006c2c0 f i mathlib:vmatrix.obj
 0002:00019310       ?VectorMultiply@@YAXABVVector@@MAAV1@@Z 1006c310 f i mathlib:vmatrix.obj
 0002:00019360       ?DotProduct@@YAMABVVector@@0@Z 1006c360 f i mathlib:vmatrix.obj
 0002:00019390       ?Dot@Vector@@QBEMABV1@@Z   1006c390 f i mathlib:vmatrix.obj
 0002:000193c0       ?CrossProduct@@YAXABVVector@@0AAV1@@Z 1006c3c0 f i mathlib:vmatrix.obj
 0002:00019440       ?VectorLength@@YAMABVVector@@@Z 1006c440 f i mathlib:vmatrix.obj
 0002:000194a0       ?Length@Vector@@QBEMXZ     1006c4a0 f i mathlib:vmatrix.obj
 0002:00019500       ??GVector@@QBE?AV0@XZ      1006c500 f i mathlib:vmatrix.obj
 0002:00019540       ??DVector@@QBE?AV0@M@Z     1006c540 f i mathlib:vmatrix.obj
 0002:00019590       ?Cross@Vector@@QBE?AV1@ABV1@@Z 1006c590 f i mathlib:vmatrix.obj
 0002:00019610       ??AQAngle@@QAEAAMH@Z       1006c610 f i mathlib:vmatrix.obj
 0002:00019620       ??AQAngle@@QBEMH@Z         1006c620 f i mathlib:vmatrix.obj
 0002:00019630       ??0VPlane@@QAE@XZ          1006c630 f i mathlib:vmatrix.obj
 0002:00019640       ?GetPointOnPlane@VPlane@@QBE?AVVector@@XZ 1006c640 f i mathlib:vmatrix.obj
 0002:00019690       ?AsVector3D@Vector4D@@QAEAAVVector@@XZ 1006c690 f i mathlib:vmatrix.obj
 0002:000196a0       ?Vector4DCopy@@YAXABVVector4D@@AAV1@@Z 1006c6a0 f i mathlib:vmatrix.obj
 0002:000196d0       ?Base@matrix3x4_t@@QAEPAMXZ 1006c6d0 f i mathlib:vmatrix.obj
 0002:000196e0       ?Base@matrix3x4_t@@QBEPBMXZ 1006c6e0 f i mathlib:vmatrix.obj
 0002:000196f0       ?VectorMAInline@@YAXABVVector@@M0AAV1@@Z 1006c6f0 f i mathlib:vmatrix.obj
 0002:00019750       ?VectorMA@@YAXABVVector@@M0AAV1@@Z 1006c750 f i mathlib:vmatrix.obj
 0002:000197b0       ?SinCos@@YAXMPAM0@Z        1006c7b0 f i mathlib:vmatrix.obj
 0002:000197d0       ?Init@VMatrix@@QAEXMMMMMMMMMMMMMMMM@Z 1006c7d0 f i mathlib:vmatrix.obj
 0002:000198b0       ?SetForward@VMatrix@@QAEXABVVector@@@Z 1006c8b0 f i mathlib:vmatrix.obj
 0002:000198d0       ?SetLeft@VMatrix@@QAEXABVVector@@@Z 1006c8d0 f i mathlib:vmatrix.obj
 0002:000198f0       ?SetUp@VMatrix@@QAEXABVVector@@@Z 1006c8f0 f i mathlib:vmatrix.obj
 0002:00019910       ?GetBasisVectors@VMatrix@@QBEXAAVVector@@00@Z 1006c910 f i mathlib:vmatrix.obj
 0002:00019980       ?SetBasisVectors@VMatrix@@QAEXABVVector@@00@Z 1006c980 f i mathlib:vmatrix.obj
 0002:000199e0       ?GetTranslation@VMatrix@@QBEAAVVector@@AAV2@@Z 1006c9e0 f i mathlib:vmatrix.obj
 0002:00019a00       ?SetTranslation@VMatrix@@QAEXABVVector@@@Z 1006ca00 f i mathlib:vmatrix.obj
 0002:00019a20       ?As3x4@VMatrix@@QAEAAUmatrix3x4_t@@XZ 1006ca20 f i mathlib:vmatrix.obj
 0002:00019a30       ?CopyFrom3x4@VMatrix@@QAEXABUmatrix3x4_t@@@Z 1006ca30 f i mathlib:vmatrix.obj
 0002:00019ab0       ?Set3x4@VMatrix@@QBEXAAUmatrix3x4_t@@@Z 1006cab0 f i mathlib:vmatrix.obj
 0002:00019b10       ?MatrixSetColumn@@YAXAAVVMatrix@@HABVVector@@@Z 1006cb10 f i mathlib:vmatrix.obj
 0002:00019b40       ?SetupMatrixProjection@@YA?AVVMatrix@@ABVVector@@ABVVPlane@@@Z 1006cb40 f   mathlib:vmatrix.obj
 0002:00019d00       ??4VMatrix@@QAEAAV0@ABV0@@Z 1006cd00 f   mathlib:vmatrix.obj
 0002:00019d80       ??8VMatrix@@QBE_NABV0@@Z   1006cd80 f   mathlib:vmatrix.obj
 0002:00019e50       ?MatrixMul@VMatrix@@QBEXABV1@AAV1@@Z 1006ce50 f   mathlib:vmatrix.obj
 0002:0001a640       ??DVMatrix@@QBE?AV0@ABV0@@Z 1006d640 f   mathlib:vmatrix.obj
 0002:0001a660       ?MatrixInverseGeneral@@YA_NABVVMatrix@@AAV1@@Z 1006d660 f   mathlib:vmatrix.obj
 0002:0001aa40       ?GetScale@VMatrix@@QBE?AVVector@@XZ 1006da40 f   mathlib:vmatrix.obj
 0002:0001ab50       ?NormalizeBasisVectors@VMatrix@@QBE?AV1@XZ 1006db50 f   mathlib:vmatrix.obj
 0002:0001acb0       ?IsRotationMatrix@VMatrix@@QBE_NXZ 1006dcb0 f   mathlib:vmatrix.obj
 0002:0001aee0       ?SetupMatrixOrgAngles@VMatrix@@QAEXABVVector@@ABVQAngle@@@Z 1006dee0 f   mathlib:vmatrix.obj
 0002:0001b100       ?MatrixSetIdentity@@YAXAAVVMatrix@@@Z 1006e100 f   mathlib:vmatrix.obj
 0002:0001b180       ?MatrixFromAngles@@YAXABVQAngle@@AAVVMatrix@@@Z 1006e180 f   mathlib:vmatrix.obj
 0002:0001b1a0       ?MatrixToAngles@@YAXABVVMatrix@@AAVQAngle@@@Z 1006e1a0 f   mathlib:vmatrix.obj
 0002:0001b330       ?Swap@@YAXAAM0@Z           1006e330 f i mathlib:vmatrix.obj
 0002:0001b350       ?MatrixTranspose@@YAXABVVMatrix@@AAV1@@Z 1006e350 f   mathlib:vmatrix.obj
 0002:0001b450       ?MatrixCopy@@YAXABVVMatrix@@AAV1@@Z 1006e450 f   mathlib:vmatrix.obj
 0002:0001b470       ?MatrixMultiply@@YAXABVVMatrix@@0AAV1@@Z 1006e470 f   mathlib:vmatrix.obj
 0002:0001b970       ?Vector4DMultiply@@YAXABVVMatrix@@ABVVector4D@@AAV2@@Z 1006e970 f   mathlib:vmatrix.obj
 0002:0001bae0       ?Vector4DMultiplyPosition@@YAXABVVMatrix@@ABVVector@@AAVVector4D@@@Z 1006eae0 f   mathlib:vmatrix.obj
 0002:0001bc30       ?Vector3DMultiply@@YAXABVVMatrix@@ABVVector@@AAV2@@Z 1006ec30 f   mathlib:vmatrix.obj
 0002:0001bd30       ?Vector3DMultiplyPositionProjective@@YAXABVVMatrix@@ABVVector@@AAV2@@Z 1006ed30 f   mathlib:vmatrix.obj
 0002:0001bec0       ?Vector3DMultiplyProjective@@YAXABVVMatrix@@ABVVector@@AAV2@@Z 1006eec0 f   mathlib:vmatrix.obj
 0002:0001c070       ?Vector4DMultiplyTranspose@@YAXABVVMatrix@@ABVVector4D@@AAV2@@Z 1006f070 f   mathlib:vmatrix.obj
 0002:0001c1f0       ?Vector3DMultiplyTranspose@@YAXABVVMatrix@@ABVVector@@AAV2@@Z 1006f1f0 f   mathlib:vmatrix.obj
 0002:0001c2f0       ?MatrixTransformPlane@@YAXABVVMatrix@@ABUcplane_t@@AAU2@@Z 1006f2f0 f   mathlib:vmatrix.obj
 0002:0001c470       ?MatrixBuildTranslation@@YAXAAVVMatrix@@MMM@Z 1006f470 f   mathlib:vmatrix.obj
 0002:0001c500       ?MatrixBuildTranslation@@YAXAAVVMatrix@@ABVVector@@@Z 1006f500 f   mathlib:vmatrix.obj
 0002:0001c5a0       ?MatrixBuildRotationAboutAxis@@YAXAAVVMatrix@@ABVVector@@M@Z 1006f5a0 f   mathlib:vmatrix.obj
 0002:0001c5f0       ?MatrixBuildRotation@@YAXAAVVMatrix@@ABVVector@@1@Z 1006f5f0 f   mathlib:vmatrix.obj
 0002:0001c910       ?MatrixBuildRotateZ@@YAXAAVVMatrix@@M@Z 1006f910 f   mathlib:vmatrix.obj
 0002:0001c9f0       ?MatrixBuildScale@@YAXAAVVMatrix@@MMM@Z 1006f9f0 f   mathlib:vmatrix.obj
 0002:0001ca80       ?MatrixBuildScale@@YAXAAVVMatrix@@ABVVector@@@Z 1006fa80 f   mathlib:vmatrix.obj
 0002:0001cb70       ?CalculateAABBFromProjectionMatrixInverse@@YAXABVVMatrix@@PAVVector@@1@Z 1006fb70 f   mathlib:vmatrix.obj
 0002:0001cdd0       ?CalculateAABBFromProjectionMatrix@@YAXABVVMatrix@@PAVVector@@1@Z 1006fdd0 f   mathlib:vmatrix.obj
 0002:0001cf40       ?FrustumPlanesFromMatrix@@YAXABVVMatrix@@AAVFrustum_t@@@Z 1006ff40 f   mathlib:vmatrix.obj
 0002:0001d910       ?MatrixBuildOrtho@@YAXAAVVMatrix@@NNNNNN@Z 10070910 f   mathlib:vmatrix.obj
 0002:0001da40       ?MatrixBuildPerspectiveX@@YAXAAVVMatrix@@NNNN@Z 10070a40 f   mathlib:vmatrix.obj
 0002:0001db80       ?MatrixBuildPerspectiveOffCenterX@@YAXAAVVMatrix@@NNNNNNNN@Z 10070b80 f   mathlib:vmatrix.obj
 0002:0001ddd0       ?DistToSqr@Vector@@QBEMABV1@@Z 10070dd0 f i mathlib:vmatrix.obj
 0002:0001de00       ??0VMatrix@@QAE@MMMMMMMMMMMMMMMM@Z 10070e00 f i mathlib:vmatrix.obj
 0002:0001def0       ?TransformPlane@VMatrix@@QBEXABVVPlane@@AAV2@@Z 10070ef0 f i mathlib:vmatrix.obj
 0002:0001e070       ?Identity@VMatrix@@QAEXXZ  10071070 f i mathlib:vmatrix.obj
 0002:0001e0f0       ?SetupMatrixIdentity@@YA?AVVMatrix@@XZ 100710f0 f   mathlib:vmatrix.obj
 0002:0001e170       ?SetupMatrixTranslation@@YA?AVVMatrix@@ABVVector@@@Z 10071170 f   mathlib:vmatrix.obj
 0002:0001e1f0       ?SetupMatrixScale@@YA?AVVMatrix@@ABVVector@@@Z 100711f0 f   mathlib:vmatrix.obj
 0002:0001e270       ?SetupMatrixReflection@@YA?AVVMatrix@@ABVVPlane@@@Z 10071270 f   mathlib:vmatrix.obj
 0002:0001e570       ?SetupMatrixAxisRot@@YA?AVVMatrix@@ABVVector@@M@Z 10071570 f   mathlib:vmatrix.obj
 0002:0001e730       ?SetupMatrixAxisToAxisRot@@YA?AVVMatrix@@ABVVector@@0@Z 10071730 f   mathlib:vmatrix.obj
 0002:0001e9e0       ?SetupMatrixAngles@@YA?AVVMatrix@@ABVQAngle@@@Z 100719e0 f   mathlib:vmatrix.obj
 0002:0001ea00       ?SetupMatrixOrgAngles@@YA?AVVMatrix@@ABVVector@@ABVQAngle@@@Z 10071a00 f   mathlib:vmatrix.obj
 0002:0001ea20       ?InverseGeneral@VMatrix@@QBE_NAAV1@@Z 10071a20 f   mathlib:vmatrix.obj
 0002:0001ea40       ?MatrixInverseTR@@YAXABVVMatrix@@AAV1@@Z 10071a40 f   mathlib:vmatrix.obj
 0002:0001eb70       ?InverseTR@VMatrix@@QBEXAAV1@@Z 10071b70 f   mathlib:vmatrix.obj
 0002:0001eb90       ?MatrixInverseTranspose@@YAXABVVMatrix@@AAV1@@Z 10071b90 f   mathlib:vmatrix.obj
 0002:0001ebc0       ?MatrixInverseTranspose@@YAXABUmatrix3x4_t@@AAU1@@Z 10071bc0 f   mathlib:vmatrix.obj
 0002:0001ece0       ?InverseTR@VMatrix@@QBE?AV1@XZ 10071ce0 f   mathlib:vmatrix.obj
 0002:0001ed00       ?Scale@VMatrix@@QAE?AV1@ABVVector@@@Z 10071d00 f   mathlib:vmatrix.obj
 0002:0001ee20       ?Transpose@VMatrix@@QBE?AV1@XZ 10071e20 f   mathlib:vmatrix.obj
 0002:0001eea0       ?Transpose3x3@VMatrix@@QBE?AV1@XZ 10071ea0 f   mathlib:vmatrix.obj
 0002:0001ef20       ??DVMatrix@@QBE?AVVPlane@@ABV1@@Z 10071f20 f   mathlib:vmatrix.obj
 0002:0001ef40       ?MatrixBuildPerspective@@YAXAAVVMatrix@@MMMM@Z 10071f40 f   mathlib:vmatrix.obj
 0002:0001f210       ?CalculateSphereFromProjectionMatrixInverse@@YAXABVVMatrix@@PAVVector@@PAM@Z 10072210 f   mathlib:vmatrix.obj
 0002:0001f480       ?CalculateSphereFromProjectionMatrix@@YAXABVVMatrix@@PAVVector@@PAM@Z 10072480 f   mathlib:vmatrix.obj
 0002:0001f4c0       ?PlaneIntersection@@YA_NABVVPlane@@00AAVVector@@@Z 100724c0 f   mathlib:vmatrix.obj
 0002:0001f630       _fabsf                     10072630 f i mathlib:mathlib_base.obj
 0002:0001f640       _asinf                     10072640 f i mathlib:mathlib_base.obj
 0002:0001f650       _atanf                     10072650 f i mathlib:mathlib_base.obj
 0002:0001f660       _expf                      10072660 f i mathlib:mathlib_base.obj
 0002:0001f690       _logf                      10072690 f i mathlib:mathlib_base.obj
 0002:0001f6a0       ?asin@@YAMM@Z              100726a0 f i mathlib:mathlib_base.obj
 0002:0001f6b0       ?atan@@YAMM@Z              100726b0 f i mathlib:mathlib_base.obj
 0002:0001f6c0       ?atan2@@YAMMM@Z            100726c0 f i mathlib:mathlib_base.obj
 0002:0001f6d0       ?exp@@YAMM@Z               100726d0 f i mathlib:mathlib_base.obj
 0002:0001f700       ?fabs@@YAMM@Z              10072700 f i mathlib:mathlib_base.obj
 0002:0001f710       ?log@@YAMM@Z               10072710 f i mathlib:mathlib_base.obj
 0002:0001f720       ?tan@@YAMM@Z               10072720 f i mathlib:mathlib_base.obj
 0002:0001f730       ?FastRSqrtFast@@YAMM@Z     10072730 f i mathlib:mathlib_base.obj
 0002:0001f760       ?FastRSqrt@@YAMM@Z         10072760 f i mathlib:mathlib_base.obj
 0002:0001f7b0       ??0Vector2D@@QAE@XZ        100727b0 f i mathlib:mathlib_base.obj
 0002:0001f7c0       ?Vector2DSubtract@@YAXABVVector2D@@0AAV1@@Z 100727c0 f i mathlib:mathlib_base.obj
 0002:0001f800       ?MulAdd@Vector2D@@QAEXABV1@0M@Z 10072800 f i mathlib:mathlib_base.obj
 0002:0001f850       ?DotProduct2D@@YAMABVVector2D@@0@Z 10072850 f i mathlib:mathlib_base.obj
 0002:0001f870       ?Dot@Vector2D@@QBEMABV1@@Z 10072870 f i mathlib:mathlib_base.obj
 0002:0001f890       ?Vector2DLength@@YAMABVVector2D@@@Z 10072890 f i mathlib:mathlib_base.obj
 0002:0001f8e0       ?LengthSqr@Vector2D@@QBEMXZ 100728e0 f i mathlib:mathlib_base.obj
 0002:0001f900       ?Length@Vector2D@@QBEMXZ   10072900 f i mathlib:mathlib_base.obj
 0002:0001f950       ?DistTo@Vector2D@@QBEMABV1@@Z 10072950 f i mathlib:mathlib_base.obj
 0002:0001f9b0       ?DistToSqr@Vector2D@@QBEMABV1@@Z 100729b0 f i mathlib:mathlib_base.obj
 0002:0001f9d0       ??ZVector@@QAEAAV0@ABV0@@Z 100729d0 f i mathlib:mathlib_base.obj
 0002:0001fa10       ?VectorAdd@@YAXABVVector@@0AAV1@@Z 10072a10 f i mathlib:mathlib_base.obj
 0002:0001fa60       ?VectorScale@@YAXABVVector@@MAAV1@@Z 10072a60 f i mathlib:mathlib_base.obj
 0002:0001fab0       ?VectorDivide@@YAXABVVector@@MAAV1@@Z 10072ab0 f i mathlib:mathlib_base.obj
 0002:0001fb00       ?MulAdd@Vector@@QAEXABV1@0M@Z 10072b00 f i mathlib:mathlib_base.obj
 0002:0001fb60       ?VectorLerp@@YAXABVVector@@0MAAV1@@Z 10072b60 f i mathlib:mathlib_base.obj
 0002:0001fbe0       ?DotProductAbs@@YAMABVVector@@PBM@Z 10072be0 f i mathlib:mathlib_base.obj
 0002:0001fc10       ?DistTo@Vector@@QBEMABV1@@Z 10072c10 f i mathlib:mathlib_base.obj
 0002:0001fc80       ??HVector@@QBE?AV0@ABV0@@Z 10072c80 f i mathlib:mathlib_base.obj
 0002:0001fcd0       ??GVector@@QBE?AV0@ABV0@@Z 10072cd0 f i mathlib:mathlib_base.obj
 0002:0001fd20       ??KVector@@QBE?AV0@M@Z     10072d20 f i mathlib:mathlib_base.obj
 0002:0001fd70       ??D@YA?AVVector@@MABV0@@Z  10072d70 f i mathlib:mathlib_base.obj
 0002:0001fdc0       ?CrossProduct@@YA?AVVector@@ABV1@0@Z 10072dc0 f i mathlib:mathlib_base.obj
 0002:0001fe40       ??0Quaternion@@QAE@XZ      10072e40 f i mathlib:mathlib_base.obj
 0002:0001fe50       ??0Quaternion@@QAE@MMMM@Z  10072e50 f i mathlib:mathlib_base.obj
 0002:0001fe90       ?Init@Quaternion@@QAEXMMMM@Z 10072e90 f i mathlib:mathlib_base.obj
 0002:0001fed0       ??AQuaternion@@QAEAAMH@Z   10072ed0 f i mathlib:mathlib_base.obj
 0002:0001fee0       ??AQuaternion@@QBEMH@Z     10072ee0 f i mathlib:mathlib_base.obj
 0002:0001fef0       ?Init@RadianEuler@@QAEXMMM@Z 10072ef0 f i mathlib:mathlib_base.obj
 0002:0001ff20       ??0QAngle@@QAE@XZ          10072f20 f i mathlib:mathlib_base.obj
 0002:0001ff30       ??0QAngle@@QAE@MMM@Z       10072f30 f i mathlib:mathlib_base.obj
 0002:0001ff60       ??4QAngle@@QAEAAV0@ABV0@@Z 10072f60 f i mathlib:mathlib_base.obj
 0002:0001ff80       ?VectorNormalizeFast@@YAXAAVVector@@@Z 10072f80 f i mathlib:mathlib_base.obj
 0002:00020040       ??0matrix3x4_t@@QAE@XZ     10073040 f i mathlib:mathlib_base.obj
 0002:00020050       ??Amatrix3x4_t@@QAEPAMH@Z  10073050 f i mathlib:mathlib_base.obj
 0002:00020060       ??Amatrix3x4_t@@QBEPBMH@Z  10073060 f i mathlib:mathlib_base.obj
 0002:00020070       ?DotProduct@@YAMPBM0@Z     10073070 f i mathlib:mathlib_base.obj
 0002:000200a0       ?VectorScale@@YAXPBMMPAM@Z 100730a0 f i mathlib:mathlib_base.obj
 0002:000200f0       ?anglemod@@YAMM@Z          100730f0 f i mathlib:mathlib_base.obj
 0002:00020120       ?RemapVal@@YAMMMMMM@Z      10073120 f i mathlib:mathlib_base.obj
 0002:000201e0       ?Floor2Int@@YAHM@Z         100731e0 f i mathlib:mathlib_base.obj
 0002:00020220       ?Init@VPlane@@QAEXABVVector@@M@Z 10073220 f i mathlib:mathlib_base.obj
 0002:00020250       ?StoreAlignedSIMD@@YAXPIAMABT__m128@@@Z 10073250 f i mathlib:mathlib_base.obj
 0002:00020270       ?StoreUnalignedSIMD@@YAXPIAMABT__m128@@@Z 10073270 f i mathlib:mathlib_base.obj
 0002:00020290       ?LoadAlignedSIMD@@YA?AT__m128@@PBX@Z 10073290 f i mathlib:mathlib_base.obj
 0002:000202b0       ?AndSIMD@@YA?AT__m128@@ABT1@0@Z 100732b0 f i mathlib:mathlib_base.obj
 0002:000202d0       ?AndNotSIMD@@YA?AT__m128@@ABT1@0@Z 100732d0 f i mathlib:mathlib_base.obj
 0002:000202f0       ?OrSIMD@@YA?AT__m128@@ABT1@0@Z 100732f0 f i mathlib:mathlib_base.obj
 0002:00020310       ?LoadUnalignedSIMD@@YA?AT__m128@@PBX@Z 10073310 f i mathlib:mathlib_base.obj
 0002:00020330       ?SubFloat@@YAMABT__m128@@H@Z 10073330 f i mathlib:mathlib_base.obj
 0002:00020340       ?SubFloat@@YAAAMAAT__m128@@H@Z 10073340 f i mathlib:mathlib_base.obj
 0002:00020350       ?MaskedAssign@@YA?AT__m128@@ABT1@00@Z 10073350 f i mathlib:mathlib_base.obj
 0002:00020380       ?SplatXSIMD@@YA?AT__m128@@ABT1@@Z 10073380 f i mathlib:mathlib_base.obj
 0002:000203a0       ?SplatYSIMD@@YA?AT__m128@@ABT1@@Z 100733a0 f i mathlib:mathlib_base.obj
 0002:000203c0       ?SplatZSIMD@@YA?AT__m128@@ABT1@@Z 100733c0 f i mathlib:mathlib_base.obj
 0002:000203e0       ?AddSIMD@@YA?AT__m128@@ABT1@0@Z 100733e0 f i mathlib:mathlib_base.obj
 0002:00020400       ?MulSIMD@@YA?AT__m128@@ABT1@0@Z 10073400 f i mathlib:mathlib_base.obj
 0002:00020420       ?TestSignSIMD@@YAHABT__m128@@@Z 10073420 f i mathlib:mathlib_base.obj
 0002:00020440       ?IsAnyNegative@@YA_NABT__m128@@@Z 10073440 f i mathlib:mathlib_base.obj
 0002:00020460       ?CmpLtSIMD@@YA?AT__m128@@ABT1@0@Z 10073460 f i mathlib:mathlib_base.obj
 0002:00020480       ?TransposeSIMD@@YAXAAT__m128@@000@Z 10073480 f i mathlib:mathlib_base.obj
 0002:00020500       ?fabs@@YA?AT__m128@@ABT1@@Z 10073500 f i mathlib:mathlib_base.obj
 0002:00020520       ?_sqrtf@@YAMM@Z            10073520 f   mathlib:mathlib_base.obj
 0002:00020530       ?_rsqrtf@@YAMM@Z           10073530 f   mathlib:mathlib_base.obj
 0002:00020540       ?VectorNormalize@@YAMAAVVector@@@Z 10073540 f   mathlib:mathlib_base.obj
 0002:000205d0       ?_VectorNormalizeFast@@YIXAAVVector@@@Z 100735d0 f   mathlib:mathlib_base.obj
 0002:00020650       ?_InvRSquared@@YAMPBM@Z    10073650 f   mathlib:mathlib_base.obj
 0002:000206b0       ?InitSinCosTable@@YAXXZ    100736b0 f   mathlib:mathlib_base.obj
 0002:000206f0       ?VectorsEqual@@YAHPBM0@Z   100736f0 f   mathlib:mathlib_base.obj
 0002:00020740       ?MatrixAngles@@YAXABUmatrix3x4_t@@PAM@Z 10073740 f   mathlib:mathlib_base.obj
 0002:000208d0       ?VectorTransform@@YAXPBMABUmatrix3x4_t@@PAM@Z 100738d0 f   mathlib:mathlib_base.obj
 0002:000209a0       ?VectorITransform@@YAXPBMABUmatrix3x4_t@@PAM@Z 100739a0 f   mathlib:mathlib_base.obj
 0002:00020a70       ?VectorRotate@@YAXPBMABUmatrix3x4_t@@PAM@Z 10073a70 f   mathlib:mathlib_base.obj
 0002:00020b30       ?VectorIRotate@@YAXPBMABUmatrix3x4_t@@PAM@Z 10073b30 f   mathlib:mathlib_base.obj
 0002:00020bf0       ?MatrixCopy@@YAXABUmatrix3x4_t@@AAU1@@Z 10073bf0 f   mathlib:mathlib_base.obj
 0002:00020c50       ?MatricesAreEqual@@YA_NABUmatrix3x4_t@@0M@Z 10073c50 f   mathlib:mathlib_base.obj
 0002:00020cc0       ?MatrixGetColumn@@YAXABUmatrix3x4_t@@HAAVVector@@@Z 10073cc0 f   mathlib:mathlib_base.obj
 0002:00020cf0       ?MatrixSetColumn@@YAXABVVector@@HAAUmatrix3x4_t@@@Z 10073cf0 f   mathlib:mathlib_base.obj
 0002:00020d20       ?VectorCompare@@YAHPBM0@Z  10073d20 f   mathlib:mathlib_base.obj
 0002:00020d70       ?CrossProduct@@YAXPBM0PAM@Z 10073d70 f   mathlib:mathlib_base.obj
 0002:00020df0       ?Q_log2@@YAII@Z            10073df0 f   mathlib:mathlib_base.obj
 0002:00020e10       ?MatrixVectors@@YAXABUmatrix3x4_t@@PAVVector@@11@Z 10073e10 f   mathlib:mathlib_base.obj
 0002:00020ea0       ?VectorVectors@@YAXABVVector@@AAV1@1@Z 10073ea0 f   mathlib:mathlib_base.obj
 0002:000210e0       ?VectorMatrix@@YAXABVVector@@AAUmatrix3x4_t@@@Z 100740e0 f   mathlib:mathlib_base.obj
 0002:00021190       ?VectorAngles@@YAXPBMPAM@Z 10074190 f   mathlib:mathlib_base.obj
 0002:00021300       ?ConcatRotations@@YAXQAY02$$CBM0QAY02M@Z 10074300 f   mathlib:mathlib_base.obj
 0002:000214f0       ?ConcatTransforms_Aligned@@YAXABVmatrix3x4a_t@@0AAV1@@Z 100744f0 f   mathlib:mathlib_base.obj
 0002:000215f0       ?ConcatTransforms@@YAXABUmatrix3x4_t@@0AAU1@@Z 100745f0 f   mathlib:mathlib_base.obj
 0002:000216f0       ?FloorDivMod@@YAXNNPAH0@Z  100746f0 f   mathlib:mathlib_base.obj
 0002:000218e0       ?GreatestCommonDivisor@@YAHHH@Z 100748e0 f   mathlib:mathlib_base.obj
 0002:00021920       ?IsDenormal@@YA_NABM@Z     10074920 f   mathlib:mathlib_base.obj
 0002:00021950       ?SignbitsForPlane@@YAHPAUcplane_t@@@Z 10074950 f   mathlib:mathlib_base.obj
 0002:00021980       ?BoxOnPlaneSide@@YAHPBM0PBUcplane_t@@@Z 10074980 f   mathlib:mathlib_base.obj
 0002:00021d30       ?AngleVectors@@YAXABVQAngle@@PAVVector@@@Z 10074d30 f   mathlib:mathlib_base.obj
 0002:00021e00       ?AngleVectors@@YAXABVQAngle@@PAVVector@@11@Z 10074e00 f   mathlib:mathlib_base.obj
 0002:00022000       ?AngleVectorsTranspose@@YAXABVQAngle@@PAVVector@@11@Z 10075000 f   mathlib:mathlib_base.obj
 0002:000221f0       ?VectorAngles@@YAXABVVector@@AAVQAngle@@@Z 100751f0 f   mathlib:mathlib_base.obj
 0002:00022360       ?VectorAngles@@YAXABVVector@@0AAVQAngle@@@Z 10075360 f   mathlib:mathlib_base.obj
 0002:000225e0       ?SetIdentityMatrix@@YAXAAUmatrix3x4_t@@@Z 100755e0 f   mathlib:mathlib_base.obj
 0002:00022620       ?SetScaleMatrix@@YAXMMMAAUmatrix3x4_t@@@Z 10075620 f   mathlib:mathlib_base.obj
 0002:00022690       ?MatrixBuildRotationAboutAxis@@YAXABVVector@@MAAUmatrix3x4_t@@@Z 10075690 f   mathlib:mathlib_base.obj
 0002:00022860       ?MatrixTranspose@@YAXAAUmatrix3x4_t@@@Z 10075860 f   mathlib:mathlib_base.obj
 0002:000228b0       ?MatrixTranspose@@YAXABUmatrix3x4_t@@AAU1@@Z 100758b0 f   mathlib:mathlib_base.obj
 0002:00022920       ?AngleMatrix@@YAXABVQAngle@@AAUmatrix3x4_t@@@Z 10075920 f   mathlib:mathlib_base.obj
 0002:00022b00       ?AngleIMatrix@@YAXABVQAngle@@AAUmatrix3x4_t@@@Z 10075b00 f   mathlib:mathlib_base.obj
 0002:00022ce0       ?ClearBounds@@YAXAAVVector@@0@Z 10075ce0 f   mathlib:mathlib_base.obj
 0002:00022d30       ?AddPointToBounds@@YAXABVVector@@AAV1@1@Z 10075d30 f   mathlib:mathlib_base.obj
 0002:00022db0       ?AreBoundsValid@@YA_NABVVector@@0@Z 10075db0 f   mathlib:mathlib_base.obj
 0002:00022df0       ?IsPointInBounds@@YA_NABVVector@@00@Z 10075df0 f   mathlib:mathlib_base.obj
 0002:00022e40       ?SolveQuadratic@@YA_NMMMAAM0@Z 10075e40 f   mathlib:mathlib_base.obj
 0002:00022f50       ?SolveInverseQuadratic@@YA_NMMMMMMAAM00@Z 10075f50 f   mathlib:mathlib_base.obj
 0002:000230e0       ?SolveInverseReciprocalQuadratic@@YA_NMMMMMMAAM00@Z 100760e0 f   mathlib:mathlib_base.obj
 0002:000232c0       ?VectorYawRotate@@YAXABVVector@@MAAV1@@Z 100762c0 f   mathlib:mathlib_base.obj
 0002:000233c0       ?Bias@@YAMMM@Z             100763c0 f   mathlib:mathlib_base.obj
 0002:00023420       ?Gain@@YAMMM@Z             10076420 f   mathlib:mathlib_base.obj
 0002:00023500       ?SmoothCurve@@YAMM@Z       10076500 f   mathlib:mathlib_base.obj
 0002:00023520       ?MovePeak@@YAMMM@Z         10076520 f i mathlib:mathlib_base.obj
 0002:00023570       ?SmoothCurve_Tweak@@YAMMMM@Z 10076570 f   mathlib:mathlib_base.obj
 0002:00023610       ?QuaternionAlign@@YAXABVQuaternion@@0AAV1@@Z 10076610 f   mathlib:mathlib_base.obj
 0002:00023780       ?QuaternionSlerpNoAlign@@YAXABVQuaternion@@0MAAV1@@Z 10076780 f   mathlib:mathlib_base.obj
 0002:00023a50       ?QuaternionConjugate@@YAXABVQuaternion@@AAV1@@Z 10076a50 f   mathlib:mathlib_base.obj
 0002:00023aa0       ?QuaternionNormalize@@YAMAAVQuaternion@@@Z 10076aa0 f   mathlib:mathlib_base.obj
 0002:00023b70       ?QuaternionScale@@YAXABVQuaternion@@MAAV1@@Z 10076b70 f   mathlib:mathlib_base.obj
 0002:00023cb0       ?QuaternionAdd@@YAXABVQuaternion@@0AAV1@@Z 10076cb0 f   mathlib:mathlib_base.obj
 0002:00023d30       ?QuaternionDotProduct@@YAMABVQuaternion@@0@Z 10076d30 f   mathlib:mathlib_base.obj
 0002:00023d60       ?QuaternionMult@@YAXABVQuaternion@@0AAV1@@Z 10076d60 f   mathlib:mathlib_base.obj
 0002:00023ef0       ?QuaternionExp@@YAXABVQuaternion@@AAV1@@Z 10076ef0 f   mathlib:mathlib_base.obj
 0002:00023ff0       ?QuaternionLn@@YAXABVQuaternion@@AAV1@@Z 10076ff0 f   mathlib:mathlib_base.obj
 0002:00024120       ?QuaternionAverageExponential@@YAXAAVQuaternion@@HPBV1@PBM@Z 10077120 f   mathlib:mathlib_base.obj
 0002:000246b0       ?QuaternionMatrix@@YAXABVQuaternion@@AAUmatrix3x4_t@@@Z 100776b0 f   mathlib:mathlib_base.obj
 0002:000248d0       ?QuaternionAxisAngle@@YAXABVQuaternion@@AAVVector@@AAM@Z 100778d0 f   mathlib:mathlib_base.obj
 0002:000249c0       ?AxisAngleQuaternion@@YAXABVVector@@MAAVQuaternion@@@Z 100779c0 f   mathlib:mathlib_base.obj
 0002:00024a70       ?AngleQuaternion@@YAXABVRadianEuler@@AAVQuaternion@@@Z 10077a70 f   mathlib:mathlib_base.obj
 0002:00024bf0       ?AngleQuaternion@@YAXABVQAngle@@AAVQuaternion@@@Z 10077bf0 f   mathlib:mathlib_base.obj
 0002:00024d90       ?Spline_Normalize@@YAXABVVector@@000AAV1@1@Z 10077d90 f   mathlib:mathlib_base.obj
 0002:00024f00       ?Catmull_Rom_Spline@@YAXABVVector@@000MAAV1@@Z 10077f00 f   mathlib:mathlib_base.obj
 0002:000252b0       ?Catmull_Rom_Spline_Tangent@@YAXABVVector@@000MAAV1@@Z 100782b0 f   mathlib:mathlib_base.obj
 0002:00025620       ?Catmull_Rom_Spline_Integral@@YAXABVVector@@000MAAV1@@Z 10078620 f   mathlib:mathlib_base.obj
 0002:00025b20       ?Catmull_Rom_Spline_Integral@@YAXABVVector@@000AAV1@@Z 10078b20 f   mathlib:mathlib_base.obj
 0002:00025c70       ?Catmull_Rom_Spline_Normalize@@YAXABVVector@@000MAAV1@@Z 10078c70 f   mathlib:mathlib_base.obj
 0002:00025eb0       ?Catmull_Rom_Spline_Integral_Normalize@@YAXABVVector@@000MAAV1@@Z 10078eb0 f   mathlib:mathlib_base.obj
 0002:000260f0       ?Catmull_Rom_Spline_NormalizeX@@YAXABVVector@@000MAAV1@@Z 100790f0 f   mathlib:mathlib_base.obj
 0002:00026160       ?Hermite_Spline@@YAXABVVector@@000MAAV1@@Z 10079160 f   mathlib:mathlib_base.obj
 0002:000262f0       ?Hermite_Spline@@YAMMMMMM@Z 100792f0 f   mathlib:mathlib_base.obj
 0002:000263a0       ?Hermite_SplineBasis@@YAXMQAM@Z 100793a0 f   mathlib:mathlib_base.obj
 0002:00026430       ?Hermite_Spline@@YAXABVVector@@00MAAV1@@Z 10079430 f   mathlib:mathlib_base.obj
 0002:00026520       ?Hermite_Spline@@YAMMMMM@Z 10079520 f   mathlib:mathlib_base.obj
 0002:000265d0       ?Hermite_Spline@@YAXABVQuaternion@@00MAAV1@@Z 100795d0 f   mathlib:mathlib_base.obj
 0002:00026780       ?Kochanek_Bartels_Spline@@YAXMMMABVVector@@000MAAV1@@Z 10079780 f   mathlib:mathlib_base.obj
 0002:00026cb0       ?Kochanek_Bartels_Spline_NormalizeX@@YAXMMMABVVector@@000MAAV1@@Z 10079cb0 f   mathlib:mathlib_base.obj
 0002:00026d40       ?Cubic_Spline@@YAXABVVector@@000MAAV1@@Z 10079d40 f   mathlib:mathlib_base.obj
 0002:00026ed0       ?Cubic_Spline_NormalizeX@@YAXABVVector@@000MAAV1@@Z 10079ed0 f   mathlib:mathlib_base.obj
 0002:00027090       ?BSpline@@YAXABVVector@@000MAAV1@@Z 1007a090 f   mathlib:mathlib_base.obj
 0002:00027460       ?BSpline_NormalizeX@@YAXABVVector@@000MAAV1@@Z 1007a460 f   mathlib:mathlib_base.obj
 0002:000274d0       ?Parabolic_Spline@@YAXABVVector@@000MAAV1@@Z 1007a4d0 f   mathlib:mathlib_base.obj
 0002:00027710       ?Parabolic_Spline_NormalizeX@@YAXABVVector@@000MAAV1@@Z 1007a710 f   mathlib:mathlib_base.obj
 0002:000279a0       ?CubicBasis0@@YAMM@Z       1007a9a0 f   mathlib:mathlib_base.obj
 0002:000279b0       ?CubicBasis1@@YAMM@Z       1007a9b0 f   mathlib:mathlib_base.obj
 0002:000279d0       ?CubicBasis2@@YAMM@Z       1007a9d0 f   mathlib:mathlib_base.obj
 0002:000279f0       ?CubicBasis3@@YAMM@Z       1007a9f0 f   mathlib:mathlib_base.obj
 0002:00027a00       ?RangeCompressor@@YAMMMMM@Z 1007aa00 f   mathlib:mathlib_base.obj
 0002:00027b70       ?CalcSqrDistanceToAABB@@YAMABVVector@@00@Z 1007ab70 f   mathlib:mathlib_base.obj
 0002:00027c80       ?CalcClosestPointOnAABB@@YAXABVVector@@00AAV1@@Z 1007ac80 f   mathlib:mathlib_base.obj
 0002:00027d20       ?CalcSqrDistAndClosestPointOnAABB@@YAXABVVector@@00AAV1@AAM@Z 1007ad20 f   mathlib:mathlib_base.obj
 0002:00027e70       ?CalcClosestPointToLineT@@YAMABVVector@@00AAV1@@Z 1007ae70 f   mathlib:mathlib_base.obj
 0002:00027f70       ?CalcClosestPointOnLine@@YAXABVVector@@00AAV1@PAM@Z 1007af70 f   mathlib:mathlib_base.obj
 0002:00028010       ?CalcDistanceToLine@@YAMABVVector@@00PAM@Z 1007b010 f   mathlib:mathlib_base.obj
 0002:000280f0       ?CalcClosestPointOnLineSegment@@YAXABVVector@@00AAV1@PAM@Z 1007b0f0 f   mathlib:mathlib_base.obj
 0002:000281b0       ?CalcDistanceToLineSegment@@YAMABVVector@@00PAM@Z 1007b1b0 f   mathlib:mathlib_base.obj
 0002:00028250       ?CalcClosestPointToLineT2D@@YAMABVVector2D@@00AAV1@@Z 1007b250 f   mathlib:mathlib_base.obj
 0002:00028300       ?CalcClosestPointOnLine2D@@YAXABVVector2D@@00AAV1@PAM@Z 1007b300 f   mathlib:mathlib_base.obj
 0002:000283d0       ?CalcDistanceToLine2D@@YAMABVVector2D@@00PAM@Z 1007b3d0 f   mathlib:mathlib_base.obj
 0002:000284d0       ?CalcDistanceSqrToLine2D@@YAMABVVector2D@@00PAM@Z 1007b4d0 f   mathlib:mathlib_base.obj
 0002:000285c0       ?CalcClosestPointOnLineSegment2D@@YAXABVVector2D@@00AAV1@PAM@Z 1007b5c0 f   mathlib:mathlib_base.obj
 0002:000286b0       ?CalcDistanceToLineSegment2D@@YAMABVVector2D@@00PAM@Z 1007b6b0 f   mathlib:mathlib_base.obj
 0002:000287d0       ?CalcDistanceSqrToLineSegment2D@@YAMABVVector2D@@00PAM@Z 1007b7d0 f   mathlib:mathlib_base.obj
 0002:000288e0       ?CalcLineToLineIntersectionSegment@@YA_NABVVector@@000PAV1@1PAM2@Z 1007b8e0 f   mathlib:mathlib_base.obj
 0002:00028c90       ?MathLib_Init@@YAXMMMH_N000@Z 1007bc90 f   mathlib:mathlib_base.obj
 0002:00028d60       ?MathLib_MMXEnabled@@YA_NXZ 1007bd60 f   mathlib:mathlib_base.obj
 0002:00028d70       ?MathLib_SSEEnabled@@YA_NXZ 1007bd70 f   mathlib:mathlib_base.obj
 0002:00028d80       ?MathLib_SSE2Enabled@@YA_NXZ 1007bd80 f   mathlib:mathlib_base.obj
 0002:00028d90       ?ApproachAngle@@YAMMMM@Z   1007bd90 f   mathlib:mathlib_base.obj
 0002:00028e90       ?AngleDiff@@YAMMM@Z        1007be90 f   mathlib:mathlib_base.obj
 0002:00028f10       ?AngleDistance@@YAMMM@Z    1007bf10 f   mathlib:mathlib_base.obj
 0002:00028f80       ?AngleNormalize@@YAMM@Z    1007bf80 f   mathlib:mathlib_base.obj
 0002:00029000       ?AngleNormalizePositive@@YAMM@Z 1007c000 f   mathlib:mathlib_base.obj
 0002:00029050       ?AnglesAreEqual@@YA_NMMM@Z 1007c050 f   mathlib:mathlib_base.obj
 0002:000290e0       ?RotationDeltaAxisAngle@@YAXABVQAngle@@0AAVVector@@AAM@Z 1007c0e0 f   mathlib:mathlib_base.obj
 0002:000293d0       ?ClipLineSegmentToPlane@@YAXABVVector@@0PAV1@1M@Z 1007c3d0 f   mathlib:mathlib_base.obj
 0002:00029690       ?ComputeTrianglePlane@@YAXABVVector@@00AAV1@AAM@Z 1007c690 f   mathlib:mathlib_base.obj
 0002:000297c0       ?TetrahedronVolume@@YAMABVVector@@000@Z 1007c7c0 f   mathlib:mathlib_base.obj
 0002:000298e0       ?TriangleArea@@YAMABVVector@@00@Z 1007c8e0 f   mathlib:mathlib_base.obj
 0002:000299c0       ?PolyFromPlane@@YAHPAVVector@@ABV1@MM@Z 1007c9c0 f   mathlib:mathlib_base.obj
 0002:00029d70       ?ClipPolyToPlane@@YAHPAVVector@@H0ABV1@MM@Z 1007cd70 f   mathlib:mathlib_base.obj
 0002:0002a1a0       ?ClipPolyToPlane_Precise@@YAHPANH0PBNNN@Z 1007d1a0 f   mathlib:mathlib_base.obj
 0002:0002a4d0       ?CeilPow2@@YAHH@Z          1007d4d0 f   mathlib:mathlib_base.obj
 0002:0002a4f0       ?FloorPow2@@YAHH@Z         1007d4f0 f   mathlib:mathlib_base.obj
 0002:0002a510       ?CalcFovY@@YAMMM@Z         1007d510 f   mathlib:mathlib_base.obj
 0002:0002a580       ?CalcFovX@@YAMMM@Z         1007d580 f   mathlib:mathlib_base.obj
 0002:0002a5b0       ?GeneratePerspectiveFrustum@@YAXABVVector@@000MMMMPAVVPlane@@@Z 1007d5b0 f   mathlib:mathlib_base.obj
 0002:0002aa30       ?GenerateOrthoFrustum@@YAXABVVector@@000MMMMMMPAVVPlane@@@Z 1007da30 f   mathlib:mathlib_base.obj
 0002:0002ac30       ?ComputeSignbits@fourplanes_t@@QAEXXZ 1007dc30 f   mathlib:mathlib_base.obj
 0002:0002acc0       ?GetPlane@fourplanes_t@@QBEXHPAVVector@@PAM@Z 1007dcc0 f   mathlib:mathlib_base.obj
 0002:0002ad00       ?SetPlane@fourplanes_t@@QAEXHABVVector@@M@Z 1007dd00 f   mathlib:mathlib_base.obj
 0002:0002ad40       ?Set4Planes@fourplanes_t@@QAEXPBVVPlane@@@Z 1007dd40 f   mathlib:mathlib_base.obj
 0002:0002ade0       ?Set2Planes@fourplanes_t@@QAEXPBVVPlane@@@Z 1007dde0 f   mathlib:mathlib_base.obj
 0002:0002ae90       ?Get4Planes@fourplanes_t@@QAEXPAVVPlane@@@Z 1007de90 f   mathlib:mathlib_base.obj
 0002:0002af00       ?Get2Planes@fourplanes_t@@QAEXPAVVPlane@@@Z 1007df00 f   mathlib:mathlib_base.obj
 0002:0002af50       ??0Frustum_t@@QAE@XZ       1007df50 f   mathlib:mathlib_base.obj
 0002:0002af70       ?SetPlane@Frustum_t@@QAEXHABVVector@@M@Z 1007df70 f   mathlib:mathlib_base.obj
 0002:0002afe0       ?GetPlane@Frustum_t@@QBEXHPAVVector@@PAM@Z 1007dfe0 f   mathlib:mathlib_base.obj
 0002:0002b050       ?SetPlanes@Frustum_t@@QAEXPBVVPlane@@@Z 1007e050 f   mathlib:mathlib_base.obj
 0002:0002b080       ?GetPlanes@Frustum_t@@QAEXPAVVPlane@@@Z 1007e080 f   mathlib:mathlib_base.obj
 0002:0002b0f0       ?CullBox@Frustum_t@@QBE_NABVVector@@0@Z 1007e0f0 f   mathlib:mathlib_base.obj
 0002:0002b1f0       ?CullBox@Frustum_t@@QBE_NABT__m128@@0@Z 1007e1f0 f   mathlib:mathlib_base.obj
 0002:0002b2f0       ?CullBoxCenterExtents@Frustum_t@@QBE_NABVVector@@0@Z 1007e2f0 f   mathlib:mathlib_base.obj
 0002:0002b3c0       ?CullBoxCenterExtents@Frustum_t@@QBE_NABT__m128@@0@Z 1007e3c0 f   mathlib:mathlib_base.obj
 0002:0002b4a0       ?CalcTriangleTangentSpace@@YAXABVVector@@00ABVVector2D@@11AAV1@2@Z 1007e4a0 f   mathlib:mathlib_base.obj
 0002:0002b8a0       ?RGBtoHSV@@YAXABVVector@@AAV1@@Z 1007e8a0 f   mathlib:mathlib_base.obj
 0002:0002b9f0       ?HSVtoRGB@@YAXABVVector@@AAV1@@Z 1007e9f0 f   mathlib:mathlib_base.obj
 0002:0002bba0       ?GetInterpolationData@@YAXPBM0HHM_NPAM22@Z 1007eba0 f   mathlib:mathlib_base.obj
 0002:0002bd70       ?RandomVectorInUnitSphere@@YAMPAVVector@@@Z 1007ed70 f   mathlib:mathlib_base.obj
 0002:0002bef0       ?RandomVectorInUnitCircle@@YAMPAVVector2D@@@Z 1007eef0 f   mathlib:mathlib_base.obj
 0002:0002bfc0       ??$V_swap@M@@YAXAAM0@Z     1007efc0 f i mathlib:mathlib_base.obj
 0002:0002bfe0       ?NormalizeInPlace@Vector@@QAEMXZ 1007efe0 f i mathlib:mathlib_base.obj
 0002:0002c070       ?VectorRotate@@YAXABVVector@@ABUmatrix3x4_t@@AAV1@@Z 1007f070 f i mathlib:mathlib_base.obj
 0002:0002c120       ?VectorIRotate@@YAXABVVector@@ABUmatrix3x4_t@@AAV1@@Z 1007f120 f i mathlib:mathlib_base.obj
 0002:0002c1d0       ?MatrixAngles@@YAXABUmatrix3x4_t@@AAVQAngle@@@Z 1007f1d0 f i mathlib:mathlib_base.obj
 0002:0002c1e0       ?MatrixAngles@@YAXABUmatrix3x4_t@@AAVRadianEuler@@@Z 1007f1e0 f i mathlib:mathlib_base.obj
 0002:0002c240       ?VectorTransform@@YAXABVVector@@ABUmatrix3x4_t@@AAV1@@Z 1007f240 f i mathlib:mathlib_base.obj
 0002:0002c300       ?VectorITransform@@YAXABVVector@@ABUmatrix3x4_t@@AAV1@@Z 1007f300 f i mathlib:mathlib_base.obj
 0002:0002c3d0       ?MatrixAngles@@YAXABUmatrix3x4_t@@AAVRadianEuler@@AAVVector@@@Z 1007f3d0 f   mathlib:mathlib_base.obj
 0002:0002c440       ?MatrixAngles@@YAXABUmatrix3x4_t@@AAVQuaternion@@AAVVector@@@Z 1007f440 f   mathlib:mathlib_base.obj
 0002:0002c690       ?VectorRotate@@YAXABVVector@@ABVQAngle@@AAV1@@Z 1007f690 f   mathlib:mathlib_base.obj
 0002:0002c760       ?VectorRotate@@YAXABVVector@@ABVQuaternion@@AAV1@@Z 1007f760 f   mathlib:mathlib_base.obj
 0002:0002c990       ?TransformAnglesToWorldSpace@@YA?AVQAngle@@ABV1@ABUmatrix3x4_t@@@Z 1007f990 f   mathlib:mathlib_base.obj
 0002:0002c9e0       ?MatrixInitialize@@YAXAAUmatrix3x4_t@@ABVVector@@111@Z 1007f9e0 f   mathlib:mathlib_base.obj
 0002:0002ca50       ?MatrixInvert@@YAXABUmatrix3x4_t@@AAU1@@Z 1007fa50 f   mathlib:mathlib_base.obj
 0002:0002cbb0       ?VectorPerpendicularToVector@@YAXABVVector@@PAV1@@Z 1007fbb0 f   mathlib:mathlib_base.obj
 0002:0002cd40       ?AngleMatrix@@YAXABVRadianEuler@@AAUmatrix3x4_t@@@Z 1007fd40 f   mathlib:mathlib_base.obj
 0002:0002cda0       ?AngleMatrix@@YAXABVQAngle@@ABVVector@@AAUmatrix3x4_t@@@Z 1007fda0 f   mathlib:mathlib_base.obj
 0002:0002cde0       ?AngleIMatrix@@YAXABVRadianEuler@@AAUmatrix3x4_t@@@Z 1007fde0 f   mathlib:mathlib_base.obj
 0002:0002ce40       ?AngleIMatrix@@YAXABVQAngle@@ABVVector@@AAUmatrix3x4_t@@@Z 1007fe40 f   mathlib:mathlib_base.obj
 0002:0002cf20       ?SolveInverseQuadraticMonotonic@@YA_NMMMMMMAAM00@Z 1007ff20 f   mathlib:mathlib_base.obj
 0002:0002d260       ?QuaternionBlendNoAlign@@YAXABVQuaternion@@0MAAV1@@Z 10080260 f   mathlib:mathlib_base.obj
 0002:0002d3b0       ?QuaternionIdentityBlend@@YAXABVQuaternion@@MAAV1@@Z 100803b0 f   mathlib:mathlib_base.obj
 0002:0002d4d0       ?QuaternionSlerp@@YAXABVQuaternion@@0MAAV1@@Z 100804d0 f   mathlib:mathlib_base.obj
 0002:0002d520       ?QuaternionAngleDiff@@YAMABVQuaternion@@0@Z 10080520 f   mathlib:mathlib_base.obj
 0002:0002d620       ?QuaternionInvert@@YAXABVQuaternion@@AAV1@@Z 10080620 f   mathlib:mathlib_base.obj
 0002:0002d710       ?QuaternionLookAt@@YAXABVVector@@0AAVQuaternion@@@Z 10080710 f   mathlib:mathlib_base.obj
 0002:0002da00       ?QuaternionMatrix@@YAXABVQuaternion@@ABVVector@@AAUmatrix3x4_t@@@Z 10080a00 f   mathlib:mathlib_base.obj
 0002:0002dc40       ?QuaternionAngles@@YAXABVQuaternion@@AAVQAngle@@@Z 10080c40 f   mathlib:mathlib_base.obj
 0002:0002de20       ?BasisToQuaternion@@YAXABVVector@@00AAVQuaternion@@@Z 10080e20 f   mathlib:mathlib_base.obj
 0002:0002def0       ?MatrixQuaternion@@YAXABUmatrix3x4_t@@AAVQuaternion@@@Z 10080ef0 f   mathlib:mathlib_base.obj
 0002:0002df20       ?QuaternionAngles@@YAXABVQuaternion@@AAVRadianEuler@@@Z 10080f20 f   mathlib:mathlib_base.obj
 0002:0002e150       ?TransformAABB@@YAXABUmatrix3x4_t@@ABVVector@@1AAV2@2@Z 10081150 f   mathlib:mathlib_base.obj
 0002:0002e3b0       ?ITransformAABB@@YAXABUmatrix3x4_t@@ABVVector@@1AAV2@2@Z 100813b0 f   mathlib:mathlib_base.obj
 0002:0002e5e0       ?RotateAABB@@YAXABUmatrix3x4_t@@ABVVector@@1AAV2@2@Z 100815e0 f   mathlib:mathlib_base.obj
 0002:0002e830       ?IRotateAABB@@YAXABUmatrix3x4_t@@ABVVector@@1AAV2@2@Z 10081830 f   mathlib:mathlib_base.obj
 0002:0002ea50       ?CalcDistanceSqrToLine@@YAMABVVector@@00PAM@Z 10081a50 f   mathlib:mathlib_base.obj
 0002:0002eb30       ?CalcDistanceSqrToLineSegment@@YAMABVVector@@00PAM@Z 10081b30 f   mathlib:mathlib_base.obj
 0002:0002eb90       ?RotationDelta@@YAXABVQAngle@@0PAV1@@Z 10081b90 f   mathlib:mathlib_base.obj
 0002:0002ec50       ?GeneratePerspectiveFrustum@@YAXABVVector@@ABVQAngle@@MMMMAAVFrustum_t@@@Z 10081c50 f   mathlib:mathlib_base.obj
 0002:0002eda0       ?TransformAnglesToLocalSpace@@YA?AVQAngle@@ABV1@ABUmatrix3x4_t@@@Z 10081da0 f   mathlib:mathlib_base.obj
 0002:0002ee10       ?AngleMatrix@@YAXABVRadianEuler@@ABVVector@@AAUmatrix3x4_t@@@Z 10081e10 f   mathlib:mathlib_base.obj
 0002:0002ee90       ?QuaternionBlend@@YAXABVQuaternion@@0MAAV1@@Z 10081e90 f   mathlib:mathlib_base.obj
 0002:0002f000       ?ReplicateX4@@YA?AT__m128@@M@Z 10082000 f i mathlib:sseconst.obj
 0002:0002f020       ?SubSIMD@@YA?AT__m128@@ABT1@0@Z 10082020 f i mathlib:sseconst.obj
 0002:0002f040       ?DivSIMD@@YA?AT__m128@@ABT1@0@Z 10082040 f i mathlib:sseconst.obj
 0002:0002f060       ?MaddSIMD@@YA?AT__m128@@ABT1@00@Z 10082060 f i mathlib:sseconst.obj
 0002:0002f090       ??0FourVectors@@QAE@XZ     10082090 f i mathlib:sseconst.obj
 0002:0002f0a0       ??YFourVectors@@QAEXABV0@@Z 100820a0 f i mathlib:sseconst.obj
 0002:0002f0f0       ??ZFourVectors@@QAEXABV0@@Z 100820f0 f i mathlib:sseconst.obj
 0002:0002f140       ??XFourVectors@@QAEXABT__m128@@@Z 10082140 f i mathlib:sseconst.obj
 0002:0002f190       ??DFourVectors@@QBE?AT__m128@@ABV0@@Z 10082190 f i mathlib:sseconst.obj
 0002:0002f1e0       ??4FourVectors@@QAEXABV0@@Z 100821e0 f i mathlib:sseconst.obj
 0002:0002f210       ?RotateManyBy@FourVectors@@SAXPIAV1@IABUmatrix3x4_t@@@Z 10082210 f   mathlib:sseconst.obj
 0002:0002f380       ?CalcClosestPointToLineTSIMD@FourVectors@@SA?AT__m128@@ABV1@00AAV1@@Z 10082380 f   mathlib:sseconst.obj
 0002:0002f460       ?RotateManyBy@FourVectors@@SAXPIAV1@IABUmatrix3x4_t@@0@Z 10082460 f   mathlib:sseconst.obj
 0002:0002f5a0       ?CalcClosestPointOnLineSIMD@FourVectors@@SAXABV1@00AAV1@PAT__m128@@@Z 100825a0 f   mathlib:sseconst.obj
 0002:0002f630       ?ThreadInterlockedAssignIf@@YA_NPCHHH@Z 10082630 f i mathlib:randsse.obj
 0002:0002f660       ?CmpGeSIMD@@YA?AT__m128@@ABT1@0@Z 10082660 f i mathlib:randsse.obj
 0002:0002f690       ?Seed@SIMDRandStreamContext@@QAEXI@Z 10082690 f i mathlib:randsse.obj
 0002:0002f7b0       ?RandSIMD@SIMDRandStreamContext@@QAE?AT__m128@@XZ 100827b0 f i mathlib:randsse.obj
 0002:0002f850       ?SeedRandSIMD@@YAXI@Z      10082850 f   mathlib:randsse.obj
 0002:0002f890       ?RandSIMD@@YA?AT__m128@@H@Z 10082890 f   mathlib:randsse.obj
 0002:0002f8d0       ?GetSIMDRandContext@@YAHXZ 100828d0 f   mathlib:randsse.obj
 0002:0002f930       ?ReleaseSIMDRandContext@@YAXH@Z 10082930 f   mathlib:randsse.obj
 0002:0002f950       ?RandSIMD@@YA?AT__m128@@XZ 10082950 f   mathlib:randsse.obj
 0002:0002f980       ??0CBaseShader@@QAE@XZ     10082980 f   shaderlib:BaseShader.obj
 0002:0002fa20       ??0IShader@@QAE@XZ         10082a20 f i shaderlib:BaseShader.obj
 0002:0002fa70       ?GetParamCount@CBaseShader@@UBEHXZ 10082a70 f   shaderlib:BaseShader.obj
 0002:0002fab0       ?GetParamInfo@CBaseShader@@UBEABUShaderParamInfo_t@@H@Z 10082ab0 f   shaderlib:BaseShader.obj
 0002:0002fb00       ?InitShaderParams@CBaseShader@@UAEXPAPAVIMaterialVar@@PBD@Z 10082b00 f   shaderlib:BaseShader.obj
 0002:0002fb90       ?InitShaderInstance@CBaseShader@@UAEXPAPAVIMaterialVar@@PAVIShaderInit@@PBD2@Z 10082b90 f   shaderlib:BaseShader.obj
 0002:0002fc50       ?DrawElements@CBaseShader@@UAEXPAPAVIMaterialVar@@HPAVIShaderShadow@@PAVIShaderDynamicAPI@@W4VertexCompressionType_t@@PAPAVCBasePerMaterialContextData@@PAPAVCBasePerInstanceContextData@@@Z 10082c50 f   shaderlib:BaseShader.obj
 0002:0002fd80       ?SetInitialShadowState@CBaseShader@@QAEXXZ 10082d80 f   shaderlib:BaseShader.obj
 0002:0002ff70       ?Draw@CBaseShader@@QAEX_N@Z 10082f70 f   shaderlib:BaseShader.obj
 0002:00030180       ?GetShaderSystem@@YAPAVIShaderSystem@@XZ 10083180 f i shaderlib:BaseShader.obj
 0002:000301c0       ?CShader_IsFlag2Set@@YA_NPAPAVIMaterialVar@@W4MaterialVarFlags2_t@@@Z 100831c0 f i shaderlib:BaseShader.obj
 0002:00030220       ?PI_BeginCommandBuffer@CBaseShader@@QAEXXZ 10083220 f   shaderlib:BaseShader.obj
 0002:00030280       ?PI_EndCommandBuffer@CBaseShader@@QAEXXZ 10083280 f   shaderlib:BaseShader.obj
 0002:00030490       ??0CPerInstanceContextData@@QAE@XZ 10083490 f i shaderlib:BaseShader.obj
 0002:00030510       ??_ECPerInstanceContextData@@UAEPAXI@Z 10083510 f i shaderlib:BaseShader.obj
 0002:00030510       ??_GCPerInstanceContextData@@UAEPAXI@Z 10083510 f i shaderlib:BaseShader.obj
 0002:00030580       ??1CPerInstanceContextData@@UAE@XZ 10083580 f i shaderlib:BaseShader.obj
 0002:00030610       ??1CBasePerInstanceContextData@@UAE@XZ 10083610 f i shaderlib:BaseShader.obj
 0002:00030650       ??_ECBasePerInstanceContextData@@UAEPAXI@Z 10083650 f i shaderlib:BaseShader.obj
 0002:00030650       ??_GCBasePerInstanceContextData@@UAEPAXI@Z 10083650 f i shaderlib:BaseShader.obj
 0002:000306c0       ??0CBasePerInstanceContextData@@QAE@XZ 100836c0 f i shaderlib:BaseShader.obj
 0002:00030710       ?PI_SetPixelShaderAmbientLightCube@CBaseShader@@QAEXH@Z 10083710 f   shaderlib:BaseShader.obj
 0002:00030770       ?PI_SetPixelShaderLocalLighting@CBaseShader@@QAEXH@Z 10083770 f   shaderlib:BaseShader.obj
 0002:000307d0       ?PI_SetVertexShaderAmbientLightCube@CBaseShader@@QAEXXZ 100837d0 f   shaderlib:BaseShader.obj
 0002:00030830       ?PI_SetVertexShaderLocalLighting@CBaseShader@@AAEXXZ 10083830 f   shaderlib:BaseShader.obj
 0002:00030890       ?PI_SetSkinningMatrices@CBaseShader@@AAEXXZ 10083890 f   shaderlib:BaseShader.obj
 0002:000308f0       ?PI_SetPixelShaderAmbientLightCubeLuminance@CBaseShader@@QAEXH@Z 100838f0 f   shaderlib:BaseShader.obj
 0002:00030950       ?PI_SetPixelShaderGlintDamping@CBaseShader@@QAEXH@Z 10083950 f   shaderlib:BaseShader.obj
 0002:000309b0       ?PI_SetModulationPixelShaderDynamicState_LinearColorSpace_LinearScale@CBaseShader@@QAEXHM@Z 100839b0 f   shaderlib:BaseShader.obj
 0002:00030ab0       ?PI_SetModulationPixelShaderDynamicState_LinearScale@CBaseShader@@QAEXHM@Z 10083ab0 f   shaderlib:BaseShader.obj
 0002:00030bb0       ?PI_SetModulationPixelShaderDynamicState_LinearScale_ScaleInW@CBaseShader@@QAEXHM@Z 10083bb0 f   shaderlib:BaseShader.obj
 0002:00030cb0       ?PI_SetModulationPixelShaderDynamicState_LinearColorSpace@CBaseShader@@QAEXH@Z 10083cb0 f   shaderlib:BaseShader.obj
 0002:00030da0       ?PI_SetModulationPixelShaderDynamicState@CBaseShader@@QAEXH@Z 10083da0 f   shaderlib:BaseShader.obj
 0002:00030e90       ?PI_SetModulationVertexShaderDynamicState@CBaseShader@@QAEXXZ 10083e90 f   shaderlib:BaseShader.obj
 0002:00030f80       ?PI_SetModulationVertexShaderDynamicState_LinearScale@CBaseShader@@QAEXM@Z 10083f80 f   shaderlib:BaseShader.obj
 0002:00031080       ?PI_SetModulationPixelShaderDynamicState_Identity@CBaseShader@@QAEXH@Z 10084080 f   shaderlib:BaseShader.obj
 0002:000310e0       ?FindParamIndex@CBaseShader@@QBEHPBD@Z 100840e0 f   shaderlib:BaseShader.obj
 0002:000311b0       ?IsUsingGraphics@CBaseShader@@QAE_NXZ 100841b0 f   shaderlib:BaseShader.obj
 0002:00031230       ?CanUseEditorMaterials@CBaseShader@@QBE_NXZ 10084230 f   shaderlib:BaseShader.obj
 0002:000312b0       ?LoadTexture@CBaseShader@@QAEXHH@Z 100842b0 f   shaderlib:BaseShader.obj
 0002:00031380       ?LoadBumpMap@CBaseShader@@QAEXH@Z 10084380 f   shaderlib:BaseShader.obj
 0002:00031450       ?LoadCubeMap@CBaseShader@@QAEXHH@Z 10084450 f   shaderlib:BaseShader.obj
 0002:00031520       ?GetShaderAPITextureBindHandle@CBaseShader@@QAEHHHH@Z 10084520 f   shaderlib:BaseShader.obj
 0002:00031640       ?BindVertexTexture@CBaseShader@@QAEXW4VertexTextureSampler_t@@HH@Z 10084640 f   shaderlib:BaseShader.obj
 0002:00031700       ?GetShaderAPITextureBindHandle@CBaseShader@@QAEHPAVITexture@@HH@Z 10084700 f   shaderlib:BaseShader.obj
 0002:00031790       ?BindTexture@CBaseShader@@QAEXW4Sampler_t@@HH@Z 10084790 f   shaderlib:BaseShader.obj
 0002:00031800       ?BindTexture@CBaseShader@@QAEXW4Sampler_t@@0HH@Z 10084800 f   shaderlib:BaseShader.obj
 0002:000319a0       ?BindTexture@CBaseShader@@QAEXW4Sampler_t@@PAVITexture@@H@Z 100849a0 f   shaderlib:BaseShader.obj
 0002:00031a10       ?BindTexture@CBaseShader@@QAEXW4Sampler_t@@0PAVITexture@@H@Z 10084a10 f   shaderlib:BaseShader.obj
 0002:00031af0       ?TextureIsTranslucent@CBaseShader@@QAE_NH_N@Z 10084af0 f   shaderlib:BaseShader.obj
 0002:00031d20       ?CurrentMaterialVarFlags2@CBaseShader@@QBEHXZ 10084d20 f i shaderlib:BaseShader.obj
 0002:00031d80       ?IsAlphaModulating@CBaseShader@@QAE_NXZ 10084d80 f   shaderlib:BaseShader.obj
 0002:00031dd0       ?ComputeModulationColor@CBaseShader@@QAEXPAM@Z 10084dd0 f   shaderlib:BaseShader.obj
 0002:00031f70       ?ComputeModulationFlags@CBaseShader@@UAEHPAPAVIMaterialVar@@PAVIShaderDynamicAPI@@@Z 10084f70 f   shaderlib:BaseShader.obj
 0002:000320d0       ?NeedsPowerOfTwoFrameBufferTexture@CBaseShader@@UBE_NPAPAVIMaterialVar@@_N@Z 100850d0 f   shaderlib:BaseShader.obj
 0002:00032130       ?NeedsFullFrameBufferTexture@CBaseShader@@UBE_NPAPAVIMaterialVar@@_N@Z 10085130 f   shaderlib:BaseShader.obj
 0002:00032190       ?IsTranslucent@CBaseShader@@UBE_NPAPAVIMaterialVar@@@Z 10085190 f   shaderlib:BaseShader.obj
 0002:000321f0       ?ApplyColor2Factor@CBaseShader@@QBEXPAM@Z 100851f0 f   shaderlib:BaseShader.obj
 0002:00032410       ?EnableAlphaBlending@CBaseShader@@QAEXW4ShaderBlendFactor_t@@0@Z 10085410 f   shaderlib:BaseShader.obj
 0002:000324d0       ?DisableAlphaBlending@CBaseShader@@QAEXXZ 100854d0 f   shaderlib:BaseShader.obj
 0002:00032540       ?SetNormalBlendingShadowState@CBaseShader@@QAEXH_N@Z 10085540 f   shaderlib:BaseShader.obj
 0002:00032660       ?SetAdditiveBlendingShadowState@CBaseShader@@QAEXH_N@Z 10085660 f   shaderlib:BaseShader.obj
 0002:00032790       ?SetDefaultBlendingShadowState@CBaseShader@@QAEXH_N@Z 10085790 f   shaderlib:BaseShader.obj
 0002:00032820       ?SetBlendingShadowState@CBaseShader@@QAEXW4BlendType_t@@@Z 10085820 f   shaderlib:BaseShader.obj
 0002:000328f0       ?SingleTextureLightmapBlendMode@CBaseShader@@QAEXXZ 100858f0 f   shaderlib:BaseShader.obj
 0002:00032980       ?FogToOOOverbright@CBaseShader@@QAEXXZ 10085980 f   shaderlib:BaseShader.obj
 0002:000329e0       ?SetFogMode@CBaseShader@@AAEXW4ShaderFogMode_t@@@Z 100859e0 f i shaderlib:BaseShader.obj
 0002:00032ab0       ?FogToWhite@CBaseShader@@QAEXXZ 10085ab0 f   shaderlib:BaseShader.obj
 0002:00032b10       ?FogToBlack@CBaseShader@@QAEXXZ 10085b10 f   shaderlib:BaseShader.obj
 0002:00032b70       ?FogToGrey@CBaseShader@@QAEXXZ 10085b70 f   shaderlib:BaseShader.obj
 0002:00032bd0       ?FogToFogColor@CBaseShader@@QAEXXZ 10085bd0 f   shaderlib:BaseShader.obj
 0002:00032c30       ?DisableFog@CBaseShader@@QAEXXZ 10085c30 f   shaderlib:BaseShader.obj
 0002:00032ca0       ?DefaultFog@CBaseShader@@QAEXXZ 10085ca0 f   shaderlib:BaseShader.obj
 0002:00032d10       ?UsingFlashlight@CBaseShader@@QBE_NPAPAVIMaterialVar@@@Z 10085d10 f   shaderlib:BaseShader.obj
 0002:00032db0       ?UsingEditor@CBaseShader@@QBE_NPAPAVIMaterialVar@@@Z 10085db0 f   shaderlib:BaseShader.obj
 0002:00032e50       ?IsHDREnabled@CBaseShader@@QAE_NXZ 10085e50 f   shaderlib:BaseShader.obj
 0002:00032ef0       ?HashShadow2DJitter@CBaseShader@@QAEXMPAM0@Z 10085ef0 f   shaderlib:BaseShader.obj
 0002:00032ff0       ?EvaluateBlendRequirements@CBaseShader@@QAE?AW4BlendType_t@@H_NH@Z 10085ff0 f   shaderlib:BaseShader.obj
 0002:00033150       ?SetVertexShaderTextureTransform@CBaseShader@@QAEXHH@Z 10086150 f   shaderlib:BaseShader.obj
 0002:00033410       ?End@?$CInstanceCommandBufferBuilder@V?$CFixedCommandStorageBuffer@$0CAA@@@@@QAEXXZ 10086410 f i shaderlib:BaseShader.obj
 0002:00033470       ?SetPixelShaderLocalLighting@?$CInstanceCommandBufferBuilder@V?$CFixedCommandStorageBuffer@$0CAA@@@@@QAEXH@Z 10086470 f i shaderlib:BaseShader.obj
 0002:000334e0       ?SetPixelShaderAmbientLightCube@?$CInstanceCommandBufferBuilder@V?$CFixedCommandStorageBuffer@$0CAA@@@@@QAEXH@Z 100864e0 f i shaderlib:BaseShader.obj
 0002:00033550       ?SetVertexShaderLocalLighting@?$CInstanceCommandBufferBuilder@V?$CFixedCommandStorageBuffer@$0CAA@@@@@QAEXXZ 10086550 f i shaderlib:BaseShader.obj
 0002:000335b0       ?SetVertexShaderAmbientLightCube@?$CInstanceCommandBufferBuilder@V?$CFixedCommandStorageBuffer@$0CAA@@@@@QAEXXZ 100865b0 f i shaderlib:BaseShader.obj
 0002:00033610       ?SetSkinningMatrices@?$CInstanceCommandBufferBuilder@V?$CFixedCommandStorageBuffer@$0CAA@@@@@QAEXXZ 10086610 f i shaderlib:BaseShader.obj
 0002:00033670       ?SetPixelShaderAmbientLightCubeLuminance@?$CInstanceCommandBufferBuilder@V?$CFixedCommandStorageBuffer@$0CAA@@@@@QAEXH@Z 10086670 f i shaderlib:BaseShader.obj
 0002:000336e0       ?SetPixelShaderGlintDamping@?$CInstanceCommandBufferBuilder@V?$CFixedCommandStorageBuffer@$0CAA@@@@@QAEXH@Z 100866e0 f i shaderlib:BaseShader.obj
 0002:00033750       ?SetModulationPixelShaderDynamicState_LinearColorSpace_LinearScale@?$CInstanceCommandBufferBuilder@V?$CFixedCommandStorageBuffer@$0CAA@@@@@QAEXHABVVector@@M@Z 10086750 f i shaderlib:BaseShader.obj
 0002:000337e0       ?SetModulationPixelShaderDynamicState_LinearScale@?$CInstanceCommandBufferBuilder@V?$CFixedCommandStorageBuffer@$0CAA@@@@@QAEXHABVVector@@M@Z 100867e0 f i shaderlib:BaseShader.obj
 0002:00033870       ?SetModulationPixelShaderDynamicState_LinearScale_ScaleInW@?$CInstanceCommandBufferBuilder@V?$CFixedCommandStorageBuffer@$0CAA@@@@@QAEXHABVVector@@M@Z 10086870 f i shaderlib:BaseShader.obj
 0002:00033900       ?SetModulationPixelShaderDynamicState_LinearColorSpace@?$CInstanceCommandBufferBuilder@V?$CFixedCommandStorageBuffer@$0CAA@@@@@QAEXHABVVector@@@Z 10086900 f i shaderlib:BaseShader.obj
 0002:00033980       ?SetModulationPixelShaderDynamicState@?$CInstanceCommandBufferBuilder@V?$CFixedCommandStorageBuffer@$0CAA@@@@@QAEXHABVVector@@@Z 10086980 f i shaderlib:BaseShader.obj
 0002:00033a00       ?SetModulationPixelShaderDynamicState_Identity@?$CInstanceCommandBufferBuilder@V?$CFixedCommandStorageBuffer@$0CAA@@@@@QAEXH@Z 10086a00 f i shaderlib:BaseShader.obj
 0002:00033a70       ?SetModulationVertexShaderDynamicState@?$CInstanceCommandBufferBuilder@V?$CFixedCommandStorageBuffer@$0CAA@@@@@QAEXHABVVector@@@Z 10086a70 f i shaderlib:BaseShader.obj
 0002:00033af0       ?SetModulationVertexShaderDynamicState_LinearScale@?$CInstanceCommandBufferBuilder@V?$CFixedCommandStorageBuffer@$0CAA@@@@@QAEXHABVVector@@M@Z 10086af0 f i shaderlib:BaseShader.obj
 0002:00033b80       ?Reset@?$CBaseCommandBufferBuilder@V?$CFixedCommandStorageBuffer@$0CAA@@@@@QAEXXZ 10086b80 f i shaderlib:BaseShader.obj
 0002:00033bd0       ?Size@?$CBaseCommandBufferBuilder@V?$CFixedCommandStorageBuffer@$0CAA@@@@@QBEIXZ 10086bd0 f i shaderlib:BaseShader.obj
 0002:00033c20       ?Base@?$CBaseCommandBufferBuilder@V?$CFixedCommandStorageBuffer@$0CAA@@@@@QAEPAEXZ 10086c20 f i shaderlib:BaseShader.obj
 0002:00033c70       ?PutInt@?$CFixedCommandStorageBuffer@$0CAA@@@QAEXH@Z 10086c70 f i shaderlib:BaseShader.obj
 0002:00033cd0       ?PutFloat@?$CFixedCommandStorageBuffer@$0CAA@@@QAEXM@Z 10086cd0 f i shaderlib:BaseShader.obj
 0002:00033d30       ?Base@?$CFixedCommandStorageBuffer@$0CAA@@@QAEPAEXZ 10086d30 f i shaderlib:BaseShader.obj
 0002:00033d70       ?Reset@?$CFixedCommandStorageBuffer@$0CAA@@@QAEXXZ 10086d70 f i shaderlib:BaseShader.obj
 0002:00033dc0       ?Size@?$CFixedCommandStorageBuffer@$0CAA@@@QBEIXZ 10086dc0 f i shaderlib:BaseShader.obj
 0002:00033e10       ??$Put@VVector@@@?$CFixedCommandStorageBuffer@$0CAA@@@QAEXABVVector@@@Z 10086e10 f i shaderlib:BaseShader.obj
 0002:00033ea0       ??$Put@H@?$CFixedCommandStorageBuffer@$0CAA@@@QAEXABH@Z 10086ea0 f i shaderlib:BaseShader.obj
 0002:00033f30       ??$Put@M@?$CFixedCommandStorageBuffer@$0CAA@@@QAEXABM@Z 10086f30 f i shaderlib:BaseShader.obj
 0002:00033fc0       ?EnsureCapacity@?$CFixedCommandStorageBuffer@$0CAA@@@QAEXI@Z 10086fc0 f i shaderlib:BaseShader.obj
 0002:00034000       ??0?$CInstanceCommandBufferBuilder@V?$CFixedCommandStorageBuffer@$0CAA@@@@@QAE@XZ 10087000 f i shaderlib:BaseShader.obj
 0002:00034060       ??0?$CBaseCommandBufferBuilder@V?$CFixedCommandStorageBuffer@$0CAA@@@@@QAE@XZ 10087060 f i shaderlib:BaseShader.obj
 0002:000340c0       ??0?$CFixedCommandStorageBuffer@$0CAA@@@QAE@XZ 100870c0 f i shaderlib:BaseShader.obj
 0002:00034110       ?GetShaderDLL@@YAPAVIShaderDLL@@XZ 10087110 f   shaderlib:ShaderDLL.obj
 0002:00034200       ?GetShaderDLLInternal@@YAPAVIShaderDLLInternal@@XZ 10087200 f   shaderlib:ShaderDLL.obj
 0002:000342c0       ??0CShaderDLL@@QAE@XZ      100872c0 f   shaderlib:ShaderDLL.obj
 0002:000343a0       ?ShaderComboSemanticsCount@CShaderDLL@@UBEHXZ 100873a0 f i shaderlib:ShaderDLL.obj
 0002:00034400       ?GetComboSemantics@CShaderDLL@@UAEPBUShaderComboSemantics_t@@H@Z 10087400 f i shaderlib:ShaderDLL.obj
 0002:00034490       ?AddShaderComboInformation@CShaderDLL@@UAEXPBUShaderComboSemantics_t@@@Z 10087490 f i shaderlib:ShaderDLL.obj
 0002:000344f0       ??0IShaderDLLInternal@@QAE@XZ 100874f0 f i shaderlib:ShaderDLL.obj
 0002:00034540       ??0IShaderDLL@@QAE@XZ      10087540 f i shaderlib:ShaderDLL.obj
[...]
 0004:00017a30       __exitflag                 10144a30     LIBCMTD:crt0dat.obj
 0004:00017a34       __C_Termination_Done       10144a34     LIBCMTD:crt0dat.obj
 0004:00017a38       __C_Exit_Done              10144a38     LIBCMTD:crt0dat.obj
 0004:00017a60       ?_pfnDumpClient@@3P6AXPAXI@ZA 10144a60     LIBCMTD:dbgheap.obj
 0004:00017a68       ___crtDebugCheckCount      10144a68     LIBCMTD:dbgheap.obj
 0004:00017a78       __cflush                   10144a78     LIBCMTD:_file.obj
 0004:00017a7c       __stdbuf                   10144a7c     LIBCMTD:_sftbuf.obj
 0004:00017a88       ___pInvalidArgHandler      10144a88     LIBCMTD:invarg.obj
 0004:00017a8c       _gpFlsAlloc                10144a8c     LIBCMTD:tidtable.obj
 0004:00017a90       _gpFlsGetValue             10144a90     LIBCMTD:tidtable.obj
 0004:00017a94       _gpFlsSetValue             10144a94     LIBCMTD:tidtable.obj
 0004:00017a98       _gpFlsFree                 10144a98     LIBCMTD:tidtable.obj
 0004:00017bdc       __crtheap                  10144bdc     LIBCMTD:heapinit.obj
 0004:00017d98       ?_pnhHeap@@3P6AHI@ZA       10144d98     LIBCMTD:handler.obj
 0004:00017da0       ___mbulinfo                10144da0     LIBCMTD:mbctype.obj
 0004:00017dac       ___mbcodepage              10144dac     LIBCMTD:mbctype.obj
 0004:00017db0       ___ismbcodepage            10144db0     LIBCMTD:mbctype.obj
 0004:00017db4       ___mblcid                  10144db4     LIBCMTD:mbctype.obj
 0004:00017dc0       ___locale_changed          10144dc0     LIBCMTD:setlocal.obj
 0004:00017de0       ?pArgList@UnDecorator@@0PAVReplicator@@A 10144de0     LIBCMTD:undname.obj
 0004:00017de4       ?pZNameList@UnDecorator@@0PAVReplicator@@A 10144de4     LIBCMTD:undname.obj
 0004:00017de8       ?pTemplateArgList@UnDecorator@@0PAVReplicator@@A 10144de8     LIBCMTD:undname.obj
 0004:00017dec       ?gName@UnDecorator@@0PBDB  10144dec     LIBCMTD:undname.obj
 0004:00017df0       ?name@UnDecorator@@0PBDB   10144df0     LIBCMTD:undname.obj
 0004:00017df4       ?outputString@UnDecorator@@0PADA 10144df4     LIBCMTD:undname.obj
 0004:00017df8       ?maxStringLength@UnDecorator@@0HA 10144df8     LIBCMTD:undname.obj
 0004:00017dfc       ?disableFlags@UnDecorator@@0KA 10144dfc     LIBCMTD:undname.obj
 0004:00017e00       ?m_pGetParameter@UnDecorator@@0P6APADJ@ZA 10144e00     LIBCMTD:undname.obj
 0004:00017e04       ?fExplicitTemplateParams@UnDecorator@@0_NA 10144e04     LIBCMTD:undname.obj
 0004:00017e05       ?fGetTemplateArgumentList@UnDecorator@@0_NA 10144e05     LIBCMTD:undname.obj
 0004:00017e78       ?nodes@?1??make@DNameStatusNode@@SAPAV2@W4DNameStatus@@@Z@4PAV2@A 10144e78     LIBCMTD:undname.obj
 0004:00017eb4       ??_B?1??make@DNameStatusNode@@SAPAV1@W4DNameStatus@@@Z@51 10144eb4     LIBCMTD:undname.obj
 0004:00017ee8       __outputformat             10144ee8     LIBCMTD:outputformat.obj
 0004:00017eec       ?__pInconsistency@@3P6AXXZA 10144eec     LIBCMTD:hooks.obj
 0004:00017ef4       __newmode                  10144ef4     LIBCMTD:_newmode.obj
 0004:000182bc       ___lconv_static_null       101452bc     LIBCMTD:lconv.obj
 0004:000182c0       ___lconv_static_W_null     101452c0     LIBCMTD:lconv.obj
 0004:000182e0       ?g_pVGuiLocalize@@3PAVILocalize@vgui@@A 101452e0     interfaces:interfaces.obj
 0004:000182e4       ?g_pSceneSystem@@3PAVISceneSystem@@A 101452e4     interfaces:interfaces.obj
 0004:000182e8       ?g_pAsyncFileSystem@@3PAVIAsyncFileSystem@@A 101452e8     interfaces:interfaces.obj
 0004:000182ec       ?g_pStudioRender@@3PAVIStudioRender@@A 101452ec     interfaces:interfaces.obj
 0004:000182f0       ?g_pMatSystemSurface@@3PAVIMatSystemSurface@@A 101452f0     interfaces:interfaces.obj
 0004:000182f4       ?g_pQueuedLoader@@3PAVIQueuedLoader@@A 101452f4     interfaces:interfaces.obj
 0004:000182f8       ?g_pDataCache@@3PAVIDataCache@@A 101452f8     interfaces:interfaces.obj
 0004:000182fc       ?g_pBIK@@3PAVIBik@@A       101452fc     interfaces:interfaces.obj
 0004:000184b8       ?g_pPhysics2ActorManager@@3PAVIPhysics2ActorManager@@A 101454b8     interfaces:interfaces.obj
 0004:000184c0       ?g_pVGuiInput@@3PAVIInput@vgui@@A 101454c0     interfaces:interfaces.obj
 0004:000184c4       ?g_pSoundSystem@@3PAVISoundSystem@@A 101454c4     interfaces:interfaces.obj
 0004:000184c8       ?g_pMaterialSystemHardwareConfig@@3PAVIMaterialSystemHardwareConfig@@A 101454c8     interfaces:interfaces.obj
 0004:000184cc       ?g_pVGuiSurface@@3PAVISurface@vgui@@A 101454cc     interfaces:interfaces.obj
 0004:000184d0       ?g_pInputStackSystem@@3PAVIInputStackSystem@@A 101454d0     interfaces:interfaces.obj
 0004:000184d4       ?g_pGameUISystemMgr@@3PAVIGameUISystemMgr@@A 101454d4     interfaces:interfaces.obj
 0004:000184d8       ?g_pWorldRendererMgr@@3PAVIWorldRendererMgr@@A 101454d8     interfaces:interfaces.obj
 0004:000184dc       ?g_pInputSystem@@3PAVIInputSystem@@A 101454dc     interfaces:interfaces.obj
 0004:000184e0       ?g_pMaterialSystem@@3PAVIMaterialSystem@@A 101454e0     interfaces:interfaces.obj
 0004:000184e4       ?materials@@3PAVIMaterialSystem@@A 101454e4     interfaces:interfaces.obj
 0004:000184e8       ?g_pSoundEmitterSystem@@3PAVISoundEmitterSystemBase@@A 101454e8     interfaces:interfaces.obj
 0004:000184ec       ?g_pVGuiRenderSurface@@3PAVIVGuiRenderSurface@@A 101454ec     interfaces:interfaces.obj
 0004:000184f0       ?mdlcache@@3PAVIMDLCache@@A 101454f0     interfaces:interfaces.obj
 0004:000184f4       ?colorcorrection@@3PAVIColorCorrectionSystem@@A 101454f4     interfaces:interfaces.obj
 0004:000184fc       ?g_VBAllocTracker@@3PAVIVBAllocTracker@@A 101454fc     interfaces:interfaces.obj
 0004:00018500       ?g_pAVI@@3PAVIAvi@@A       10145500     interfaces:interfaces.obj
 0004:00018504       ?g_pCVar@@3PAVICvar@@A     10145504     interfaces:interfaces.obj
 0004:00018508       ?g_pMaterialSystem2@@3PAVIMaterialSystem2@@A 10145508     interfaces:interfaces.obj
 0004:0001850c       ?cvar@@3PAVICvar@@A        1014550c     interfaces:interfaces.obj
 0004:00018510       ?g_pPhysicsCollision@@3PAVIPhysicsCollision@@A 10145510     interfaces:interfaces.obj
 0004:00018514       ?g_pProcessUtils@@3PAVIProcessUtils@@A 10145514     interfaces:interfaces.obj
 0004:00018518       ?g_pNetworkSystem@@3PAVINetworkSystem@@A 10145518     interfaces:interfaces.obj
 0004:0001851c       ?g_pVGuiSystem@@3PAVISystem@vgui@@A 1014551c     interfaces:interfaces.obj
 0004:00018520       ?g_pPrecacheSystem@@3PAVIPrecacheSystem@@A 10145520     interfaces:interfaces.obj
 0004:00018524       ?g_pVGui@@3PAVIVGui@vgui@@A 10145524     interfaces:interfaces.obj
 0004:00018528       ?g_pVGuiPanel@@3PAVIPanel@vgui@@A 10145528     interfaces:interfaces.obj
 0004:0001852c       ?g_pResourceSystem@@3PAVIResourceSystem@@A 1014552c     interfaces:interfaces.obj
 0004:00018530       ?g_pFullFileSystem@@3PAVIFileSystem@@A 10145530     interfaces:interfaces.obj
 0004:00018534       ?g_pResourceAccessControl@@3PAVIResourceAccessControl@@A 10145534     interfaces:interfaces.obj
 0004:00018538       ?studiorender@@3PAVIStudioRender@@A 10145538     interfaces:interfaces.obj
 0004:0001853c       ?g_pMaterialSystemDebugTextureInfo@@3PAVIDebugTextureInfo@@A 1014553c     interfaces:interfaces.obj
 0004:00018540       ?g_pEventSystem@@3PAVIEventSystem@@A 10145540     interfaces:interfaces.obj
 0004:00018544       ?g_pDmeMakefileUtils@@3PAVIDmeMakefileUtils@@A 10145544     interfaces:interfaces.obj
 0004:00018548       ?g_pRenderDevice@@3PAVIRenderDevice@@A 10145548     interfaces:interfaces.obj
 0004:0001854c       ?g_pRenderDeviceMgr@@3PAVIRenderDeviceMgr@@A 1014554c     interfaces:interfaces.obj
 0004:00018550       ?g_pMeshSystem@@3PAVIMeshSystem@@A 10145550     interfaces:interfaces.obj
 0004:00018554       ?g_pPhysics2ResourceManager@@3PAVIPhysics2ResourceManager@@A 10145554     interfaces:interfaces.obj
 0004:00018558       ?g_pPhysics2@@3PAVIPhysics2@@A 10145558     interfaces:interfaces.obj
 0004:0001855c       ?g_pVGuiSchemeManager@@3PAVISchemeManager@vgui@@A 1014555c     interfaces:interfaces.obj
 0004:00018560       ?g_pRenderHardwareConfig@@3PAVIRenderHardwareConfig@@A 10145560     interfaces:interfaces.obj
 0004:00018564       ?g_pMatchFramework@@3PAVIMatchFramework@@A 10145564     interfaces:interfaces.obj
 0004:00018568       ?mdllib@@3PAVIMdlLib@@A    10145568     interfaces:interfaces.obj
 0004:0001856c       ?g_pLocalize@@3PAVILocalize@@A 1014556c     interfaces:interfaces.obj
 0004:00018570       ?p4@@3PAVIP4@@A            10145570     interfaces:interfaces.obj
 0004:00018574       ?g_pMDLCache@@3PAVIMDLCache@@A 10145574     interfaces:interfaces.obj
 0004:00018604       __pfnReportHook            10145604     <common>
 0004:00018614       __pReportHookListW         10145614     <common>
 0004:00018618       __pReportHookList          10145618     <common>
 0004:0001861c       __debugger_hook_dummy      1014561c     <common>
 0004:00018628       ___setlc_active            10145628     <common>
 0004:00018638       ___unguarded_readlc_active 10145638     <common>
 0004:0001863c       ___use_sse2_mathfcns       1014563c     <common>
 0004:00018648       __pmatherr                 10145648     <common>
 0004:00018654       __nhandle                  10145654     <common>
 0004:000186a0       ___pioinfo                 101456a0     <common>
 0004:000187a0       ___piob                    101457a0     <common>
 0004:00018ae0       __bufin                    10145ae0     <common>
 0004:00019ae0       __nstream                  10146ae0     <common>
 0004:00019ae4       ___env_initialized         10146ae4     <common>
 0004:00019af4       ___onexitend               10146af4     <common>
 0004:00019af8       ___onexitbegin             10146af8     <common>
 0004:00019afc       ___mbctype_initialized     10146afc     <common>
 0004:00019b00       ___dyn_tls_init_callback   10146b00     <common>
 0004:00019b04       ___sse2_available          10146b04     <common>
 0004:00019b10       __acmdln                   10146b10     <common>
 0005:00000000       __IMPORT_DESCRIPTOR_tier0  10147000     tier0:tier0.dll
 0005:00000014       __IMPORT_DESCRIPTOR_KERNEL32 10147014     kernel32:KERNEL32.dll
 0005:00000028       __NULL_IMPORT_DESCRIPTOR   10147028     tier0:tier0.dll
 0005:000002b4       __imp__SetHandleCount@4    101472b4     kernel32:KERNEL32.dll
 0005:000002b8       __imp__CreateFileW@28      101472b8     kernel32:KERNEL32.dll
 0005:000002bc       __imp__SetStdHandle@8      101472bc     kernel32:KERNEL32.dll
 0005:000002c0       __imp__ReadFile@20         101472c0     kernel32:KERNEL32.dll
 0005:000002c4       __imp__FlushFileBuffers@4  101472c4     kernel32:KERNEL32.dll
 0005:000002c8       __imp__GetUserDefaultLCID@0 101472c8     kernel32:KERNEL32.dll
 0005:000002cc       __imp__EnumSystemLocalesA@8 101472cc     kernel32:KERNEL32.dll
 0005:000002d0       __imp__IsValidLocale@8     101472d0     kernel32:KERNEL32.dll
 0005:000002d4       __imp__GetLocaleInfoA@16   101472d4     kernel32:KERNEL32.dll
 0005:000002d8       __imp__GetConsoleMode@8    101472d8     kernel32:KERNEL32.dll
 0005:000002dc       __imp__MultiByteToWideChar@24 101472dc     kernel32:KERNEL32.dll
 0005:000002e0       __imp__WideCharToMultiByte@32 101472e0     kernel32:KERNEL32.dll
 0005:000002e4       __imp__GetProcAddress@8    101472e4     kernel32:KERNEL32.dll
 0005:000002e8       __imp__GetModuleHandleA@4  101472e8     kernel32:KERNEL32.dll
 0005:000002ec       __imp__LoadLibraryExA@12   101472ec     kernel32:KERNEL32.dll
 0005:000002f0       __imp__WaitForSingleObject@8 101472f0     kernel32:KERNEL32.dll
 0005:000002f4       __imp__GetCurrentProcessId@0 101472f4     kernel32:KERNEL32.dll
 0005:000002f8       __imp__CreateFileMappingA@24 101472f8     kernel32:KERNEL32.dll
 0005:000002fc       __imp__CloseHandle@4       101472fc     kernel32:KERNEL32.dll
 0005:00000300       __imp__OpenFileMappingA@12 10147300     kernel32:KERNEL32.dll
 0005:00000304       __imp__FreeLibrary@4       10147304     kernel32:KERNEL32.dll
 0005:00000308       __imp__DecodePointer@4     10147308     kernel32:KERNEL32.dll
 0005:0000030c       __imp__EncodePointer@4     1014730c     kernel32:KERNEL32.dll
 0005:00000310       __imp__GetCurrentThreadId@0 10147310     kernel32:KERNEL32.dll
 0005:00000314       __imp__GetCommandLineA@0   10147314     kernel32:KERNEL32.dll
 0005:00000318       __imp__GetLastError@0      10147318     kernel32:KERNEL32.dll
 0005:0000031c       __imp__GetFullPathNameA@16 1014731c     kernel32:KERNEL32.dll
 0005:00000320       __imp__GetDriveTypeW@4     10147320     kernel32:KERNEL32.dll
 0005:00000324       __imp__SetEnvironmentVariableA@8 10147324     kernel32:KERNEL32.dll
 0005:00000328       __imp__GetCurrentDirectoryA@8 10147328     kernel32:KERNEL32.dll
 0005:0000032c       __imp__SetCurrentDirectoryA@4 1014732c     kernel32:KERNEL32.dll
 0005:00000330       __imp__IsProcessorFeaturePresent@4 10147330     kernel32:KERNEL32.dll
 0005:00000334       __imp__IsDebuggerPresent@0 10147334     kernel32:KERNEL32.dll
 0005:00000338       __imp__RaiseException@16   10147338     kernel32:KERNEL32.dll
 0005:0000033c       __imp__lstrlenA@4          1014733c     kernel32:KERNEL32.dll
 0005:00000340       __imp__LoadLibraryW@4      10147340     kernel32:KERNEL32.dll
 0005:00000344       __imp__GetModuleFileNameW@12 10147344     kernel32:KERNEL32.dll
 0005:00000348       __imp__WriteFile@20        10147348     kernel32:KERNEL32.dll
 0005:0000034c       __imp__GetStdHandle@4      1014734c     kernel32:KERNEL32.dll
 0005:00000350       __imp__GetLocaleInfoW@16   10147350     kernel32:KERNEL32.dll
 0005:00000354       __imp__InterlockedIncrement@4 10147354     kernel32:KERNEL32.dll
 0005:00000358       __imp__InterlockedDecrement@4 10147358     kernel32:KERNEL32.dll
 0005:0000035c       __imp__GetModuleHandleW@4  1014735c     kernel32:KERNEL32.dll
 0005:00000360       __imp__ExitProcess@4       10147360     kernel32:KERNEL32.dll
 0005:00000364       __imp__HeapValidate@12     10147364     kernel32:KERNEL32.dll
 0005:00000368       __imp__IsBadReadPtr@8      10147368     kernel32:KERNEL32.dll
 0005:0000036c       __imp__EnterCriticalSection@4 1014736c     kernel32:KERNEL32.dll
 0005:00000370       __imp__LeaveCriticalSection@4 10147370     kernel32:KERNEL32.dll
 0005:00000374       __imp__TerminateProcess@8  10147374     kernel32:KERNEL32.dll
 0005:00000378       __imp__GetCurrentProcess@0 10147378     kernel32:KERNEL32.dll
 0005:0000037c       __imp__UnhandledExceptionFilter@4 1014737c     kernel32:KERNEL32.dll
 0005:00000380       __imp__SetUnhandledExceptionFilter@4 10147380     kernel32:KERNEL32.dll
 0005:00000384       __imp__TlsAlloc@0          10147384     kernel32:KERNEL32.dll
 0005:00000388       __imp__TlsGetValue@4       10147388     kernel32:KERNEL32.dll
 0005:0000038c       __imp__TlsSetValue@8       1014738c     kernel32:KERNEL32.dll
 0005:00000390       __imp__TlsFree@4           10147390     kernel32:KERNEL32.dll
 0005:00000394       __imp__SetLastError@4      10147394     kernel32:KERNEL32.dll
 0005:00000398       __imp__GetCurrentThread@0  10147398     kernel32:KERNEL32.dll
 0005:0000039c       __imp__GetConsoleCP@0      1014739c     kernel32:KERNEL32.dll
 0005:000003a0       __imp__InitializeCriticalSectionAndSpinCount@8 101473a0     kernel32:KERNEL32.dll
 0005:000003a4       __imp__GetFileType@4       101473a4     kernel32:KERNEL32.dll
 0005:000003a8       __imp__GetStartupInfoW@4   101473a8     kernel32:KERNEL32.dll
 0005:000003ac       __imp__DeleteCriticalSection@4 101473ac     kernel32:KERNEL32.dll
 0005:000003b0       __imp__GetModuleFileNameA@12 101473b0     kernel32:KERNEL32.dll
 0005:000003b4       __imp__FreeEnvironmentStringsW@4 101473b4     kernel32:KERNEL32.dll
 0005:000003b8       __imp__GetEnvironmentStringsW@0 101473b8     kernel32:KERNEL32.dll
 0005:000003bc       __imp__HeapCreate@12       101473bc     kernel32:KERNEL32.dll
 0005:000003c0       __imp__HeapDestroy@4       101473c0     kernel32:KERNEL32.dll
 0005:000003c4       __imp__QueryPerformanceCounter@4 101473c4     kernel32:KERNEL32.dll
 0005:000003c8       __imp__GetTickCount@0      101473c8     kernel32:KERNEL32.dll
 0005:000003cc       __imp__GetSystemTimeAsFileTime@4 101473cc     kernel32:KERNEL32.dll
 0005:000003d0       __imp__FatalAppExitA@8     101473d0     kernel32:KERNEL32.dll
 0005:000003d4       __imp__GetACP@0            101473d4     kernel32:KERNEL32.dll
 0005:000003d8       __imp__GetOEMCP@0          101473d8     kernel32:KERNEL32.dll
 0005:000003dc       __imp__GetCPInfo@8         101473dc     kernel32:KERNEL32.dll
 0005:000003e0       __imp__IsValidCodePage@4   101473e0     kernel32:KERNEL32.dll
 0005:000003e4       __imp__LCMapStringW@24     101473e4     kernel32:KERNEL32.dll
 0005:000003e8       __imp__GetCurrentDirectoryW@8 101473e8     kernel32:KERNEL32.dll
 0005:000003ec       __imp__SetCurrentDirectoryW@4 101473ec     kernel32:KERNEL32.dll
 0005:000003f0       __imp__RtlUnwind@16        101473f0     kernel32:KERNEL32.dll
 0005:000003f4       __imp__HeapFree@12         101473f4     kernel32:KERNEL32.dll
 0005:000003f8       __imp__HeapAlloc@12        101473f8     kernel32:KERNEL32.dll
 0005:000003fc       __imp__GetProcessHeap@0    101473fc     kernel32:KERNEL32.dll
 0005:00000400       __imp__VirtualQuery@12     10147400     kernel32:KERNEL32.dll
 0005:00000404       __imp__SetConsoleCtrlHandler@8 10147404     kernel32:KERNEL32.dll
 0005:00000408       __imp__InterlockedExchange@8 10147408     kernel32:KERNEL32.dll
 0005:0000040c       __imp__HeapReAlloc@16      1014740c     kernel32:KERNEL32.dll
 0005:00000410       __imp__HeapSize@12         10147410     kernel32:KERNEL32.dll
 0005:00000414       __imp__HeapQueryInformation@20 10147414     kernel32:KERNEL32.dll
 0005:00000418       __imp__OutputDebugStringA@4 10147418     kernel32:KERNEL32.dll
 0005:0000041c       __imp__WriteConsoleW@20    1014741c     kernel32:KERNEL32.dll
 0005:00000420       __imp__OutputDebugStringW@4 10147420     kernel32:KERNEL32.dll
 0005:00000424       __imp__GetStringTypeW@16   10147424     kernel32:KERNEL32.dll
 0005:00000428       __imp__SetFilePointer@16   10147428     kernel32:KERNEL32.dll
 0005:0000042c       \177KERNEL32_NULL_THUNK_DATA 1014742c     kernel32:KERNEL32.dll
 0005:000004a0       __imp__ThreadSleep         101474a0     tier0:tier0.dll
 0005:000004a4       __imp__GetCPUInformation   101474a4     tier0:tier0.dll
 0005:000004a8       __imp__Error               101474a8     tier0:tier0.dll
 0005:000004ac       __imp__g_pMemAlloc         101474ac     tier0:tier0.dll
 0005:000004b0       __imp__CommandLine         101474b0     tier0:tier0.dll
 0005:000004b4       __imp__LoggingSystem_LogAssert 101474b4     tier0:tier0.dll
 0005:000004b8       __imp__ShouldUseNewAssertDialog 101474b8     tier0:tier0.dll
 0005:000004bc       __imp__DoNewAssertDialog   101474bc     tier0:tier0.dll
 0005:000004c0       __imp___ExitOnFatalAssert  101474c0     tier0:tier0.dll
 0005:000004c4       __imp__Warning             101474c4     tier0:tier0.dll
 0005:000004c8       __imp_?ConMsg@@YAXPBDZZ    101474c8     tier0:tier0.dll
 0005:000004cc       __imp___AssertValidStringPtr 101474cc     tier0:tier0.dll
 0005:000004d0       __imp___AssertValidWritePtr 101474d0     tier0:tier0.dll
 0005:000004d4       __imp___AssertValidReadPtr 101474d4     tier0:tier0.dll
 0005:000004d8       __imp__Plat_IsInDebugSession 101474d8     tier0:tier0.dll
 0005:000004dc       __imp__ReleaseThreadHandle 101474dc     tier0:tier0.dll
 0005:000004e0       __imp__CreateSimpleThread  101474e0     tier0:tier0.dll
 0005:000004e4       __imp__StackToolsNotify_LoadedLibrary 101474e4     tier0:tier0.dll
 0005:000004e8       __imp__GetThreadedLoadLibraryFunc 101474e8     tier0:tier0.dll
 0005:000004ec       __imp_?DevWarning@@YAXPBDZZ 101474ec     tier0:tier0.dll
 0005:000004f0       \177tier0_NULL_THUNK_DATA  101474f0     tier0:tier0.dll

 entry point at        0002:00000fc3

